STDOUT

[RUN] baseline

[RUN] higher_quality_wave

[RUN] pullback_conservative

[RUN] faster_rotation

[RUN] tighter_quality

[RUN] auto_006

[RUN] auto_007

[RUN] auto_008

[RUN] auto_009

[RUN] auto_010

[RUN] auto_011

[RUN] auto_012

[RUN] auto_013

[RUN] auto_014

[RUN] auto_015

[RUN] auto_016

[RUN] auto_017

[RUN] auto_018

[RUN] auto_019

[RUN] auto_020

[RUN] auto_021

[RUN] auto_022

[RUN] auto_023

[RUN] auto_024

[RUN] auto_025

[RUN] auto_026

[RUN] auto_027

[RUN] auto_028

[RUN] auto_029

[RUN] auto_030

[DONE]
Summary: output\p3_edge_research\overnight\batch_025\summary.csv
Details: output\p3_edge_research\overnight\batch_025\details.json


STDERR

Extract:   0%|          | 0/60 [00:00<?, ?it/s]
Extract:   2%|1         | 1/60 [00:00<00:17,  3.47it/s]
Extract:   3%|3         | 2/60 [00:00<00:12,  4.75it/s]
Extract:   5%|5         | 3/60 [00:00<00:15,  3.79it/s]
Extract:   7%|6         | 4/60 [00:01<00:18,  3.01it/s]
Extract:   8%|8         | 5/60 [00:01<00:16,  3.28it/s]
Extract:  10%|#         | 6/60 [00:01<00:15,  3.58it/s]
Extract:  12%|#1        | 7/60 [00:02<00:16,  3.12it/s]
Extract:  13%|#3        | 8/60 [00:02<00:19,  2.69it/s]
Extract:  15%|#5        | 9/60 [00:03<00:20,  2.49it/s]
Extract:  17%|#6        | 10/60 [00:03<00:18,  2.70it/s]
Extract:  18%|#8        | 11/60 [00:03<00:17,  2.74it/s]
Extract:  20%|##        | 12/60 [00:04<00:23,  2.08it/s]
Extract:  22%|##1       | 13/60 [00:04<00:18,  2.50it/s]
Extract:  23%|##3       | 14/60 [00:05<00:21,  2.11it/s]
Extract:  25%|##5       | 15/60 [00:06<00:24,  1.83it/s]
Extract:  27%|##6       | 16/60 [00:06<00:20,  2.13it/s]
Extract:  30%|###       | 18/60 [00:06<00:11,  3.51it/s]
Extract:  33%|###3      | 20/60 [00:06<00:08,  4.74it/s]
Extract:  35%|###5      | 21/60 [00:07<00:13,  2.93it/s]
Extract:  37%|###6      | 22/60 [00:07<00:13,  2.79it/s]
Extract:  38%|###8      | 23/60 [00:08<00:14,  2.56it/s]
Extract:  40%|####      | 24/60 [00:08<00:12,  2.79it/s]
Extract:  43%|####3     | 26/60 [00:08<00:08,  3.85it/s]
Extract:  45%|####5     | 27/60 [00:09<00:12,  2.54it/s]
Extract:  47%|####6     | 28/60 [00:09<00:10,  2.96it/s]
Extract:  48%|####8     | 29/60 [00:10<00:09,  3.26it/s]
Extract:  50%|#####     | 30/60 [00:10<00:09,  3.24it/s]
Extract:  52%|#####1    | 31/60 [00:10<00:10,  2.85it/s]
Extract:  53%|#####3    | 32/60 [00:11<00:08,  3.36it/s]
Extract:  57%|#####6    | 34/60 [00:11<00:05,  4.95it/s]
Extract:  58%|#####8    | 35/60 [00:11<00:04,  5.29it/s]
Extract:  60%|######    | 36/60 [00:11<00:04,  5.05it/s]
Extract:  62%|######1   | 37/60 [00:11<00:05,  4.14it/s]
Extract:  63%|######3   | 38/60 [00:12<00:05,  4.35it/s]
Extract:  67%|######6   | 40/60 [00:12<00:03,  5.12it/s]
Extract:  68%|######8   | 41/60 [00:12<00:03,  4.99it/s]
Extract:  70%|#######   | 42/60 [00:13<00:06,  2.74it/s]
Extract:  72%|#######1  | 43/60 [00:14<00:07,  2.19it/s]
Extract:  75%|#######5  | 45/60 [00:14<00:04,  3.32it/s]
Extract:  77%|#######6  | 46/60 [00:14<00:03,  3.75it/s]
Extract:  78%|#######8  | 47/60 [00:14<00:03,  3.44it/s]
Extract:  82%|########1 | 49/60 [00:15<00:02,  4.09it/s]
Extract:  83%|########3 | 50/60 [00:16<00:03,  2.75it/s]
Extract:  85%|########5 | 51/60 [00:16<00:03,  2.43it/s]
Extract:  87%|########6 | 52/60 [00:17<00:03,  2.10it/s]
Extract:  88%|########8 | 53/60 [00:17<00:02,  2.68it/s]
Extract:  90%|######### | 54/60 [00:17<00:02,  2.45it/s]
Extract:  92%|#########1| 55/60 [00:18<00:02,  2.34it/s]
Extract:  93%|#########3| 56/60 [00:18<00:01,  2.83it/s]
Extract:  95%|#########5| 57/60 [00:18<00:00,  3.47it/s]
Extract:  97%|#########6| 58/60 [00:19<00:00,  2.73it/s]
Extract:  98%|#########8| 59/60 [00:19<00:00,  2.70it/s]
Extract: 100%|##########| 60/60 [00:20<00:00,  2.20it/s]
Extract: 100%|##########| 60/60 [00:20<00:00,  2.97it/s]

Extract:   0%|          | 0/60 [00:00<?, ?it/s]
Extract:   3%|3         | 2/60 [00:00<00:05, 11.20it/s]
Extract:   7%|6         | 4/60 [00:00<00:11,  5.07it/s]
Extract:   8%|8         | 5/60 [00:00<00:11,  4.60it/s]
Extract:  10%|#         | 6/60 [00:01<00:18,  2.86it/s]
Extract:  12%|#1        | 7/60 [00:02<00:27,  1.93it/s]
Extract:  13%|#3        | 8/60 [00:03<00:27,  1.88it/s]
Extract:  15%|#5        | 9/60 [00:03<00:25,  2.02it/s]
Extract:  17%|#6        | 10/60 [00:03<00:23,  2.14it/s]
Extract:  18%|#8        | 11/60 [00:04<00:21,  2.28it/s]
Extract:  20%|##        | 12/60 [00:05<00:25,  1.92it/s]
Extract:  22%|##1       | 13/60 [00:05<00:20,  2.28it/s]
Extract:  23%|##3       | 14/60 [00:05<00:22,  2.06it/s]
Extract:  25%|##5       | 15/60 [00:06<00:29,  1.55it/s]
Extract:  27%|##6       | 16/60 [00:07<00:23,  1.85it/s]
Extract:  30%|###       | 18/60 [00:07<00:13,  3.06it/s]
Extract:  33%|###3      | 20/60 [00:07<00:09,  4.30it/s]
Extract:  35%|###5      | 21/60 [00:08<00:13,  2.83it/s]
Extract:  37%|###6      | 22/60 [00:08<00:13,  2.77it/s]
Extract:  38%|###8      | 23/60 [00:09<00:14,  2.56it/s]
Extract:  40%|####      | 24/60 [00:09<00:12,  2.81it/s]
Extract:  43%|####3     | 26/60 [00:09<00:08,  3.87it/s]
Extract:  45%|####5     | 27/60 [00:10<00:16,  2.05it/s]
Extract:  47%|####6     | 28/60 [00:11<00:12,  2.50it/s]
Extract:  48%|####8     | 29/60 [00:11<00:11,  2.79it/s]
Extract:  50%|#####     | 30/60 [00:11<00:10,  2.88it/s]
Extract:  52%|#####1    | 31/60 [00:11<00:10,  2.80it/s]
Extract:  53%|#####3    | 32/60 [00:12<00:08,  3.32it/s]
Extract:  57%|#####6    | 34/60 [00:12<00:05,  5.16it/s]
Extract:  58%|#####8    | 35/60 [00:12<00:04,  5.55it/s]
Extract:  62%|######1   | 37/60 [00:12<00:04,  5.29it/s]
Extract:  63%|######3   | 38/60 [00:13<00:04,  4.90it/s]
Extract:  65%|######5   | 39/60 [00:13<00:03,  5.52it/s]
Extract:  67%|######6   | 40/60 [00:13<00:03,  5.25it/s]
Extract:  68%|######8   | 41/60 [00:13<00:03,  5.34it/s]
Extract:  70%|#######   | 42/60 [00:14<00:06,  2.79it/s]
Extract:  72%|#######1  | 43/60 [00:15<00:08,  2.09it/s]
Extract:  75%|#######5  | 45/60 [00:15<00:04,  3.26it/s]
Extract:  77%|#######6  | 46/60 [00:15<00:03,  3.71it/s]
Extract:  78%|#######8  | 47/60 [00:15<00:03,  3.43it/s]
Extract:  82%|########1 | 49/60 [00:16<00:02,  4.43it/s]
Extract:  83%|########3 | 50/60 [00:16<00:03,  2.95it/s]
Extract:  85%|########5 | 51/60 [00:17<00:03,  2.38it/s]
Extract:  87%|########6 | 52/60 [00:18<00:03,  2.21it/s]
Extract:  88%|########8 | 53/60 [00:18<00:02,  2.67it/s]
Extract:  90%|######### | 54/60 [00:18<00:02,  2.12it/s]
Extract:  92%|#########1| 55/60 [00:19<00:02,  2.21it/s]
Extract:  93%|#########3| 56/60 [00:19<00:01,  2.43it/s]
Extract:  95%|#########5| 57/60 [00:20<00:01,  2.42it/s]
Extract:  97%|#########6| 58/60 [00:20<00:00,  2.36it/s]
Extract:  98%|#########8| 59/60 [00:20<00:00,  2.63it/s]
Extract: 100%|##########| 60/60 [00:21<00:00,  2.25it/s]
Extract: 100%|##########| 60/60 [00:21<00:00,  2.80it/s]

Extract:   0%|          | 0/60 [00:00<?, ?it/s]
Extract:   2%|1         | 1/60 [00:00<00:06,  8.97it/s]
Extract:   3%|3         | 2/60 [00:00<00:08,  6.84it/s]
Extract:   5%|5         | 3/60 [00:00<00:14,  3.80it/s]
Extract:   7%|6         | 4/60 [00:01<00:20,  2.70it/s]
Extract:   8%|8         | 5/60 [00:01<00:19,  2.87it/s]
Extract:  10%|#         | 6/60 [00:01<00:16,  3.26it/s]
Extract:  12%|#1        | 7/60 [00:02<00:19,  2.71it/s]
Extract:  13%|#3        | 8/60 [00:02<00:25,  2.07it/s]
Extract:  15%|#5        | 9/60 [00:03<00:31,  1.61it/s]
Extract:  17%|#6        | 10/60 [00:05<00:47,  1.06it/s]
Extract:  18%|#8        | 11/60 [00:06<00:42,  1.16it/s]
Extract:  20%|##        | 12/60 [00:07<00:50,  1.06s/it]
Extract:  22%|##1       | 13/60 [00:08<00:38,  1.21it/s]
Extract:  23%|##3       | 14/60 [00:08<00:36,  1.27it/s]
Extract:  25%|##5       | 15/60 [00:10<00:52,  1.16s/it]
Extract:  27%|##6       | 16/60 [00:11<00:42,  1.02it/s]
Extract:  28%|##8       | 17/60 [00:11<00:32,  1.32it/s]
Extract:  32%|###1      | 19/60 [00:11<00:19,  2.11it/s]
Extract:  33%|###3      | 20/60 [00:12<00:18,  2.16it/s]
Extract:  35%|###5      | 21/60 [00:13<00:28,  1.35it/s]
Extract:  37%|###6      | 22/60 [00:14<00:31,  1.20it/s]
Extract:  38%|###8      | 23/60 [00:15<00:28,  1.28it/s]
Extract:  40%|####      | 24/60 [00:15<00:22,  1.60it/s]
Extract:  43%|####3     | 26/60 [00:16<00:13,  2.50it/s]
Extract:  45%|####5     | 27/60 [00:17<00:20,  1.62it/s]
Extract:  47%|####6     | 28/60 [00:17<00:16,  1.92it/s]
Extract:  48%|####8     | 29/60 [00:17<00:14,  2.20it/s]
Extract:  50%|#####     | 30/60 [00:18<00:12,  2.38it/s]
Extract:  52%|#####1    | 31/60 [00:18<00:12,  2.38it/s]
Extract:  53%|#####3    | 32/60 [00:18<00:10,  2.71it/s]
Extract:  57%|#####6    | 34/60 [00:19<00:06,  3.85it/s]
Extract:  58%|#####8    | 35/60 [00:19<00:05,  4.18it/s]
Extract:  60%|######    | 36/60 [00:19<00:04,  4.82it/s]
Extract:  62%|######1   | 37/60 [00:20<00:07,  3.07it/s]
Extract:  63%|######3   | 38/60 [00:20<00:06,  3.28it/s]
Extract:  65%|######5   | 39/60 [00:20<00:05,  3.90it/s]
Extract:  67%|######6   | 40/60 [00:20<00:05,  3.72it/s]
Extract:  68%|######8   | 41/60 [00:20<00:05,  3.67it/s]
Extract:  70%|#######   | 42/60 [00:22<00:11,  1.58it/s]
Extract:  72%|#######1  | 43/60 [00:24<00:18,  1.09s/it]
Extract:  73%|#######3  | 44/60 [00:25<00:15,  1.06it/s]
Extract:  75%|#######5  | 45/60 [00:25<00:11,  1.33it/s]
Extract:  77%|#######6  | 46/60 [00:25<00:08,  1.67it/s]
Extract:  78%|#######8  | 47/60 [00:26<00:07,  1.81it/s]
Extract:  80%|########  | 48/60 [00:26<00:05,  2.28it/s]
Extract:  82%|########1 | 49/60 [00:26<00:04,  2.38it/s]
Extract:  83%|########3 | 50/60 [00:27<00:06,  1.56it/s]
Extract:  85%|########5 | 51/60 [00:28<00:06,  1.48it/s]
Extract:  87%|########6 | 52/60 [00:30<00:07,  1.03it/s]
Extract:  88%|########8 | 53/60 [00:31<00:06,  1.10it/s]
Extract:  90%|######### | 54/60 [00:32<00:06,  1.09s/it]
Extract:  92%|#########1| 55/60 [00:34<00:05,  1.19s/it]
Extract:  93%|#########3| 56/60 [00:34<00:04,  1.10s/it]
Extract:  95%|#########5| 57/60 [00:35<00:02,  1.07it/s]
Extract:  97%|#########6| 58/60 [00:36<00:02,  1.08s/it]
Extract:  98%|#########8| 59/60 [00:40<00:01,  1.71s/it]
Extract: 100%|##########| 60/60 [00:41<00:00,  1.64s/it]
Extract: 100%|##########| 60/60 [00:41<00:00,  1.44it/s]

Extract:   0%|          | 0/60 [00:00<?, ?it/s]
Extract:   2%|1         | 1/60 [00:00<00:07,  7.54it/s]
Extract:   3%|3         | 2/60 [00:00<00:09,  6.09it/s]
Extract:   5%|5         | 3/60 [00:00<00:13,  4.11it/s]
Extract:   7%|6         | 4/60 [00:01<00:24,  2.28it/s]
Extract:   8%|8         | 5/60 [00:01<00:23,  2.33it/s]
Extract:  10%|#         | 6/60 [00:02<00:20,  2.65it/s]
Extract:  12%|#1        | 7/60 [00:03<00:30,  1.73it/s]
Extract:  13%|#3        | 8/60 [00:04<00:36,  1.43it/s]
Extract:  15%|#5        | 9/60 [00:04<00:35,  1.44it/s]
Extract:  17%|#6        | 10/60 [00:05<00:30,  1.62it/s]
Extract:  18%|#8        | 11/60 [00:05<00:27,  1.80it/s]
Extract:  20%|##        | 12/60 [00:06<00:32,  1.49it/s]
Extract:  22%|##1       | 13/60 [00:06<00:26,  1.80it/s]
Extract:  23%|##3       | 14/60 [00:07<00:30,  1.51it/s]
Extract:  25%|##5       | 15/60 [00:08<00:33,  1.33it/s]
Extract:  27%|##6       | 16/60 [00:08<00:27,  1.61it/s]
Extract:  28%|##8       | 17/60 [00:09<00:21,  2.04it/s]
Extract:  30%|###       | 18/60 [00:09<00:16,  2.61it/s]
Extract:  32%|###1      | 19/60 [00:09<00:12,  3.17it/s]
Extract:  33%|###3      | 20/60 [00:09<00:10,  3.70it/s]
Extract:  35%|###5      | 21/60 [00:10<00:23,  1.68it/s]
Extract:  37%|###6      | 22/60 [00:11<00:22,  1.68it/s]
Extract:  38%|###8      | 23/60 [00:12<00:23,  1.57it/s]
Extract:  40%|####      | 24/60 [00:12<00:19,  1.82it/s]
Extract:  43%|####3     | 26/60 [00:13<00:12,  2.64it/s]
Extract:  45%|####5     | 27/60 [00:13<00:17,  1.91it/s]
Extract:  47%|####6     | 28/60 [00:14<00:14,  2.21it/s]
Extract:  48%|####8     | 29/60 [00:14<00:12,  2.49it/s]
Extract:  50%|#####     | 30/60 [00:15<00:12,  2.33it/s]
Extract:  52%|#####1    | 31/60 [00:15<00:14,  2.05it/s]
Extract:  53%|#####3    | 32/60 [00:15<00:12,  2.28it/s]
Extract:  57%|#####6    | 34/60 [00:16<00:08,  3.24it/s]
Extract:  58%|#####8    | 35/60 [00:16<00:06,  3.59it/s]
Extract:  60%|######    | 36/60 [00:16<00:05,  4.14it/s]
Extract:  62%|######1   | 37/60 [00:17<00:07,  2.90it/s]
Extract:  63%|######3   | 38/60 [00:17<00:07,  2.96it/s]
Extract:  65%|######5   | 39/60 [00:17<00:05,  3.68it/s]
Extract:  67%|######6   | 40/60 [00:17<00:05,  3.77it/s]
Extract:  68%|######8   | 41/60 [00:18<00:05,  3.63it/s]
Extract:  70%|#######   | 42/60 [00:19<00:09,  1.91it/s]
Extract:  72%|#######1  | 43/60 [00:20<00:11,  1.54it/s]
Extract:  75%|#######5  | 45/60 [00:20<00:06,  2.43it/s]
Extract:  77%|#######6  | 46/60 [00:20<00:05,  2.74it/s]
Extract:  78%|#######8  | 47/60 [00:21<00:04,  2.71it/s]
Extract:  82%|########1 | 49/60 [00:21<00:03,  3.28it/s]
Extract:  83%|########3 | 50/60 [00:22<00:04,  2.21it/s]
Extract:  85%|########5 | 51/60 [00:23<00:04,  1.90it/s]
Extract:  87%|########6 | 52/60 [00:23<00:04,  1.71it/s]
Extract:  90%|######### | 54/60 [00:24<00:03,  1.99it/s]
Extract:  92%|#########1| 55/60 [00:25<00:02,  1.80it/s]
Extract:  93%|#########3| 56/60 [00:25<00:02,  1.95it/s]
Extract:  95%|#########5| 57/60 [00:26<00:01,  2.43it/s]
Extract:  97%|#########6| 58/60 [00:26<00:00,  2.37it/s]
Extract:  98%|#########8| 59/60 [00:26<00:00,  2.27it/s]
Extract: 100%|##########| 60/60 [00:27<00:00,  1.86it/s]
Extract: 100%|##########| 60/60 [00:27<00:00,  2.16it/s]

Extract:   0%|          | 0/60 [00:00<?, ?it/s]
Extract:   3%|3         | 2/60 [00:00<00:05,  9.99it/s]
Extract:   5%|5         | 3/60 [00:00<00:08,  6.90it/s]
Extract:   7%|6         | 4/60 [00:00<00:16,  3.41it/s]
Extract:   8%|8         | 5/60 [00:01<00:13,  4.00it/s]
Extract:  10%|#         | 6/60 [00:01<00:11,  4.63it/s]
Extract:  12%|#1        | 7/60 [00:01<00:13,  4.06it/s]
Extract:  13%|#3        | 8/60 [00:01<00:14,  3.51it/s]
Extract:  15%|#5        | 9/60 [00:02<00:16,  3.08it/s]
Extract:  17%|#6        | 10/60 [00:02<00:15,  3.19it/s]
Extract:  18%|#8        | 11/60 [00:02<00:14,  3.47it/s]
Extract:  20%|##        | 12/60 [00:03<00:17,  2.76it/s]
Extract:  22%|##1       | 13/60 [00:03<00:15,  3.09it/s]
Extract:  23%|##3       | 14/60 [00:04<00:16,  2.73it/s]
Extract:  25%|##5       | 15/60 [00:04<00:19,  2.33it/s]
Extract:  27%|##6       | 16/60 [00:04<00:15,  2.83it/s]
Extract:  30%|###       | 18/60 [00:04<00:09,  4.60it/s]
Extract:  33%|###3      | 20/60 [00:05<00:06,  6.07it/s]
Extract:  35%|###5      | 21/60 [00:05<00:09,  3.90it/s]
Extract:  37%|###6      | 22/60 [00:05<00:09,  3.95it/s]
Extract:  38%|###8      | 23/60 [00:06<00:10,  3.60it/s]
Extract:  40%|####      | 24/60 [00:06<00:09,  3.72it/s]
Extract:  43%|####3     | 26/60 [00:06<00:06,  5.07it/s]
Extract:  45%|####5     | 27/60 [00:07<00:09,  3.41it/s]
Extract:  47%|####6     | 28/60 [00:07<00:07,  4.01it/s]
Extract:  48%|####8     | 29/60 [00:07<00:07,  4.38it/s]
Extract:  50%|#####     | 30/60 [00:07<00:06,  4.39it/s]
Extract:  52%|#####1    | 31/60 [00:08<00:07,  4.06it/s]
Extract:  53%|#####3    | 32/60 [00:08<00:05,  4.81it/s]
Extract:  57%|#####6    | 34/60 [00:08<00:03,  6.99it/s]
Extract:  58%|#####8    | 35/60 [00:08<00:03,  7.44it/s]
Extract:  62%|######1   | 37/60 [00:08<00:03,  6.24it/s]
Extract:  63%|######3   | 38/60 [00:09<00:03,  6.18it/s]
Extract:  67%|######6   | 40/60 [00:09<00:02,  6.99it/s]
Extract:  68%|######8   | 41/60 [00:09<00:03,  5.89it/s]
Extract:  70%|#######   | 42/60 [00:10<00:04,  3.71it/s]
Extract:  72%|#######1  | 43/60 [00:10<00:05,  2.97it/s]
Extract:  75%|#######5  | 45/60 [00:10<00:03,  4.29it/s]
Extract:  77%|#######6  | 46/60 [00:11<00:03,  4.19it/s]
Extract:  78%|#######8  | 47/60 [00:11<00:03,  4.07it/s]
Extract:  82%|########1 | 49/60 [00:11<00:02,  5.37it/s]
Extract:  83%|########3 | 50/60 [00:12<00:02,  3.48it/s]
Extract:  85%|########5 | 51/60 [00:12<00:03,  2.81it/s]
Extract:  87%|########6 | 52/60 [00:13<00:03,  2.65it/s]
Extract:  90%|######### | 54/60 [00:13<00:02,  2.77it/s]
Extract:  92%|#########1| 55/60 [00:14<00:01,  2.59it/s]
Extract:  93%|#########3| 56/60 [00:14<00:01,  3.00it/s]
Extract:  97%|#########6| 58/60 [00:14<00:00,  3.63it/s]
Extract:  98%|#########8| 59/60 [00:15<00:00,  3.52it/s]
Extract: 100%|##########| 60/60 [00:15<00:00,  3.06it/s]
Extract: 100%|##########| 60/60 [00:15<00:00,  3.81it/s]

Extract:   0%|          | 0/60 [00:00<?, ?it/s]
Extract:   3%|3         | 2/60 [00:00<00:15,  3.73it/s]
Extract:   5%|5         | 3/60 [00:00<00:16,  3.42it/s]
Extract:   7%|6         | 4/60 [00:01<00:18,  2.97it/s]
Extract:   8%|8         | 5/60 [00:01<00:17,  3.21it/s]
Extract:  10%|#         | 6/60 [00:02<00:26,  2.05it/s]
Extract:  12%|#1        | 7/60 [00:02<00:27,  1.90it/s]
Extract:  13%|#3        | 8/60 [00:04<00:35,  1.45it/s]
Extract:  15%|#5        | 9/60 [00:04<00:31,  1.62it/s]
Extract:  17%|#6        | 10/60 [00:04<00:27,  1.82it/s]
Extract:  18%|#8        | 11/60 [00:05<00:25,  1.91it/s]
Extract:  20%|##        | 12/60 [00:06<00:29,  1.63it/s]
Extract:  22%|##1       | 13/60 [00:06<00:23,  2.03it/s]
Extract:  23%|##3       | 14/60 [00:06<00:23,  1.96it/s]
Extract:  25%|##5       | 15/60 [00:07<00:26,  1.70it/s]
Extract:  27%|##6       | 16/60 [00:07<00:21,  2.04it/s]
Extract:  28%|##8       | 17/60 [00:08<00:16,  2.66it/s]
Extract:  32%|###1      | 19/60 [00:08<00:09,  4.24it/s]
Extract:  33%|###3      | 20/60 [00:08<00:08,  4.86it/s]
Extract:  35%|###5      | 21/60 [00:09<00:14,  2.71it/s]
Extract:  37%|###6      | 22/60 [00:09<00:13,  2.81it/s]
Extract:  38%|###8      | 23/60 [00:09<00:14,  2.64it/s]
Extract:  40%|####      | 24/60 [00:10<00:13,  2.76it/s]
Extract:  43%|####3     | 26/60 [00:10<00:08,  3.86it/s]
Extract:  45%|####5     | 27/60 [00:11<00:13,  2.52it/s]
Extract:  47%|####6     | 28/60 [00:11<00:10,  3.01it/s]
Extract:  48%|####8     | 29/60 [00:11<00:09,  3.39it/s]
Extract:  50%|#####     | 30/60 [00:11<00:08,  3.42it/s]
Extract:  52%|#####1    | 31/60 [00:12<00:08,  3.23it/s]
Extract:  53%|#####3    | 32/60 [00:12<00:07,  3.60it/s]
Extract:  55%|#####5    | 33/60 [00:12<00:06,  4.24it/s]
Extract:  57%|#####6    | 34/60 [00:12<00:05,  4.92it/s]
Extract:  58%|#####8    | 35/60 [00:12<00:04,  5.49it/s]
Extract:  62%|######1   | 37/60 [00:13<00:04,  5.48it/s]
Extract:  63%|######3   | 38/60 [00:13<00:04,  5.37it/s]
Extract:  65%|######5   | 39/60 [00:13<00:03,  6.01it/s]
Extract:  67%|######6   | 40/60 [00:13<00:03,  5.68it/s]
Extract:  68%|######8   | 41/60 [00:13<00:03,  5.40it/s]
Extract:  70%|#######   | 42/60 [00:14<00:06,  2.84it/s]
Extract:  72%|#######1  | 43/60 [00:15<00:07,  2.30it/s]
Extract:  75%|#######5  | 45/60 [00:15<00:04,  3.49it/s]
Extract:  77%|#######6  | 46/60 [00:15<00:03,  4.05it/s]
Extract:  78%|#######8  | 47/60 [00:16<00:03,  4.01it/s]
Extract:  82%|########1 | 49/60 [00:16<00:02,  5.40it/s]
Extract:  83%|########3 | 50/60 [00:16<00:02,  3.44it/s]
Extract:  85%|########5 | 51/60 [00:17<00:03,  2.84it/s]
Extract:  87%|########6 | 52/60 [00:17<00:03,  2.47it/s]
Extract:  88%|########8 | 53/60 [00:18<00:02,  2.88it/s]
Extract:  90%|######### | 54/60 [00:18<00:02,  2.64it/s]
Extract:  92%|#########1| 55/60 [00:19<00:02,  2.29it/s]
Extract:  93%|#########3| 56/60 [00:19<00:01,  2.65it/s]
Extract:  95%|#########5| 57/60 [00:19<00:00,  3.01it/s]
Extract:  97%|#########6| 58/60 [00:19<00:00,  2.90it/s]
Extract:  98%|#########8| 59/60 [00:20<00:00,  2.81it/s]
Extract: 100%|##########| 60/60 [00:21<00:00,  2.27it/s]
Extract: 100%|##########| 60/60 [00:21<00:00,  2.86it/s]

Extract:   0%|          | 0/60 [00:00<?, ?it/s]
Extract:   3%|3         | 2/60 [00:00<00:05, 10.48it/s]
Extract:   7%|6         | 4/60 [00:00<00:11,  5.07it/s]
Extract:   8%|8         | 5/60 [00:01<00:12,  4.45it/s]
Extract:  10%|#         | 6/60 [00:01<00:11,  4.61it/s]
Extract:  12%|#1        | 7/60 [00:01<00:14,  3.69it/s]
Extract:  13%|#3        | 8/60 [00:02<00:16,  3.19it/s]
Extract:  15%|#5        | 9/60 [00:02<00:17,  2.99it/s]
Extract:  17%|#6        | 10/60 [00:02<00:15,  3.15it/s]
Extract:  18%|#8        | 11/60 [00:03<00:15,  3.15it/s]
Extract:  20%|##        | 12/60 [00:03<00:22,  2.13it/s]
Extract:  22%|##1       | 13/60 [00:03<00:17,  2.65it/s]
Extract:  23%|##3       | 14/60 [00:04<00:19,  2.38it/s]
Extract:  25%|##5       | 15/60 [00:05<00:22,  2.00it/s]
Extract:  27%|##6       | 16/60 [00:05<00:17,  2.46it/s]
Extract:  32%|###1      | 19/60 [00:05<00:08,  4.80it/s]
Extract:  35%|###5      | 21/60 [00:06<00:11,  3.43it/s]
Extract:  37%|###6      | 22/60 [00:06<00:11,  3.34it/s]
Extract:  38%|###8      | 23/60 [00:07<00:11,  3.14it/s]
Extract:  40%|####      | 24/60 [00:07<00:10,  3.46it/s]
Extract:  43%|####3     | 26/60 [00:07<00:07,  4.65it/s]
Extract:  45%|####5     | 27/60 [00:08<00:11,  2.87it/s]
Extract:  47%|####6     | 28/60 [00:08<00:09,  3.42it/s]
Extract:  48%|####8     | 29/60 [00:08<00:08,  3.86it/s]
Extract:  50%|#####     | 30/60 [00:08<00:07,  3.86it/s]
Extract:  52%|#####1    | 31/60 [00:09<00:07,  3.83it/s]
Extract:  53%|#####3    | 32/60 [00:09<00:06,  4.61it/s]
Extract:  57%|#####6    | 34/60 [00:09<00:03,  6.89it/s]
Extract:  58%|#####8    | 35/60 [00:09<00:03,  7.28it/s]
Extract:  62%|######1   | 37/60 [00:09<00:03,  6.78it/s]
Extract:  63%|######3   | 38/60 [00:10<00:03,  6.65it/s]
Extract:  67%|######6   | 40/60 [00:10<00:02,  7.32it/s]
Extract:  68%|######8   | 41/60 [00:10<00:02,  7.26it/s]
Extract:  70%|#######   | 42/60 [00:11<00:04,  3.65it/s]
Extract:  72%|#######1  | 43/60 [00:11<00:05,  2.84it/s]
Extract:  75%|#######5  | 45/60 [00:11<00:03,  4.39it/s]
Extract:  78%|#######8  | 47/60 [00:12<00:02,  4.98it/s]
Extract:  82%|########1 | 49/60 [00:12<00:01,  6.35it/s]
Extract:  83%|########3 | 50/60 [00:12<00:02,  4.51it/s]
Extract:  85%|########5 | 51/60 [00:13<00:02,  3.77it/s]
Extract:  87%|########6 | 52/60 [00:13<00:02,  3.26it/s]
Extract:  90%|######### | 54/60 [00:13<00:01,  3.81it/s]
Extract:  92%|#########1| 55/60 [00:14<00:01,  3.43it/s]
Extract:  93%|#########3| 56/60 [00:14<00:01,  3.95it/s]
Extract:  97%|#########6| 58/60 [00:14<00:00,  4.54it/s]
Extract:  98%|#########8| 59/60 [00:15<00:00,  4.48it/s]
Extract: 100%|##########| 60/60 [00:15<00:00,  3.74it/s]
Extract: 100%|##########| 60/60 [00:15<00:00,  3.87it/s]

Extract:   0%|          | 0/60 [00:00<?, ?it/s]
Extract:   3%|3         | 2/60 [00:00<00:06,  9.07it/s]
Extract:   5%|5         | 3/60 [00:00<00:07,  8.04it/s]
Extract:   7%|6         | 4/60 [00:00<00:09,  5.87it/s]
Extract:   8%|8         | 5/60 [00:00<00:09,  5.69it/s]
Extract:  10%|#         | 6/60 [00:01<00:12,  4.23it/s]
Extract:  12%|#1        | 7/60 [00:01<00:15,  3.48it/s]
Extract:  13%|#3        | 8/60 [00:01<00:17,  3.05it/s]
Extract:  15%|#5        | 9/60 [00:02<00:17,  2.90it/s]
Extract:  17%|#6        | 10/60 [00:02<00:16,  3.09it/s]
Extract:  18%|#8        | 11/60 [00:02<00:14,  3.47it/s]
Extract:  20%|##        | 12/60 [00:03<00:17,  2.71it/s]
Extract:  22%|##1       | 13/60 [00:03<00:15,  3.05it/s]
Extract:  23%|##3       | 14/60 [00:04<00:16,  2.73it/s]
Extract:  25%|##5       | 15/60 [00:04<00:18,  2.37it/s]
Extract:  27%|##6       | 16/60 [00:04<00:15,  2.86it/s]
Extract:  30%|###       | 18/60 [00:04<00:09,  4.65it/s]
Extract:  33%|###3      | 20/60 [00:05<00:06,  6.26it/s]
Extract:  35%|###5      | 21/60 [00:05<00:08,  4.39it/s]
Extract:  37%|###6      | 22/60 [00:05<00:09,  4.12it/s]
Extract:  38%|###8      | 23/60 [00:06<00:09,  3.86it/s]
Extract:  40%|####      | 24/60 [00:06<00:08,  4.27it/s]
Extract:  43%|####3     | 26/60 [00:06<00:05,  5.80it/s]
Extract:  45%|####5     | 27/60 [00:07<00:09,  3.56it/s]
Extract:  48%|####8     | 29/60 [00:07<00:06,  4.61it/s]
Extract:  50%|#####     | 30/60 [00:07<00:06,  4.55it/s]
Extract:  52%|#####1    | 31/60 [00:08<00:07,  3.78it/s]
Extract:  53%|#####3    | 32/60 [00:08<00:06,  4.45it/s]
Extract:  57%|#####6    | 34/60 [00:08<00:04,  6.49it/s]
Extract:  58%|#####8    | 35/60 [00:08<00:03,  6.92it/s]
Extract:  62%|######1   | 37/60 [00:08<00:03,  6.33it/s]
Extract:  63%|######3   | 38/60 [00:08<00:03,  6.28it/s]
Extract:  67%|######6   | 40/60 [00:09<00:02,  7.08it/s]
Extract:  68%|######8   | 41/60 [00:09<00:02,  7.00it/s]
Extract:  70%|#######   | 42/60 [00:09<00:04,  3.84it/s]
Extract:  72%|#######1  | 43/60 [00:10<00:06,  2.66it/s]
Extract:  75%|#######5  | 45/60 [00:10<00:03,  4.00it/s]
Extract:  77%|#######6  | 46/60 [00:10<00:03,  4.62it/s]
Extract:  78%|#######8  | 47/60 [00:11<00:02,  4.52it/s]
Extract:  82%|########1 | 49/60 [00:11<00:01,  6.04it/s]
Extract:  83%|########3 | 50/60 [00:11<00:02,  4.02it/s]
Extract:  85%|########5 | 51/60 [00:12<00:02,  3.18it/s]
Extract:  87%|########6 | 52/60 [00:12<00:02,  2.95it/s]
Extract:  90%|######### | 54/60 [00:13<00:01,  3.00it/s]
Extract:  92%|#########1| 55/60 [00:13<00:01,  3.02it/s]
Extract:  93%|#########3| 56/60 [00:13<00:01,  3.51it/s]
Extract:  97%|#########6| 58/60 [00:14<00:00,  4.25it/s]
Extract:  98%|#########8| 59/60 [00:14<00:00,  4.12it/s]
Extract: 100%|##########| 60/60 [00:14<00:00,  3.48it/s]
Extract: 100%|##########| 60/60 [00:14<00:00,  4.04it/s]

Extract:   0%|          | 0/60 [00:00<?, ?it/s]
Extract:   3%|3         | 2/60 [00:00<00:04, 13.83it/s]
Extract:   7%|6         | 4/60 [00:00<00:09,  5.66it/s]
Extract:   8%|8         | 5/60 [00:00<00:09,  5.52it/s]
Extract:  10%|#         | 6/60 [00:01<00:09,  5.41it/s]
Extract:  12%|#1        | 7/60 [00:01<00:13,  3.93it/s]
Extract:  13%|#3        | 8/60 [00:01<00:15,  3.29it/s]
Extract:  15%|#5        | 9/60 [00:02<00:16,  3.13it/s]
Extract:  17%|#6        | 10/60 [00:02<00:15,  3.31it/s]
Extract:  18%|#8        | 11/60 [00:02<00:15,  3.12it/s]
Extract:  20%|##        | 12/60 [00:03<00:24,  1.98it/s]
Extract:  22%|##1       | 13/60 [00:03<00:18,  2.49it/s]
Extract:  23%|##3       | 14/60 [00:04<00:21,  2.15it/s]
Extract:  25%|##5       | 15/60 [00:05<00:25,  1.78it/s]
Extract:  27%|##6       | 16/60 [00:05<00:20,  2.14it/s]
Extract:  30%|###       | 18/60 [00:05<00:11,  3.56it/s]
Extract:  33%|###3      | 20/60 [00:05<00:07,  5.20it/s]
Extract:  37%|###6      | 22/60 [00:06<00:11,  3.24it/s]
Extract:  38%|###8      | 23/60 [00:07<00:11,  3.11it/s]
Extract:  40%|####      | 24/60 [00:07<00:10,  3.44it/s]
Extract:  43%|####3     | 26/60 [00:07<00:07,  4.51it/s]
Extract:  45%|####5     | 27/60 [00:08<00:12,  2.66it/s]
Extract:  48%|####8     | 29/60 [00:08<00:08,  3.53it/s]
Extract:  50%|#####     | 30/60 [00:09<00:08,  3.49it/s]
Extract:  52%|#####1    | 31/60 [00:09<00:08,  3.29it/s]
Extract:  53%|#####3    | 32/60 [00:09<00:07,  3.84it/s]
Extract:  57%|#####6    | 34/60 [00:09<00:04,  5.51it/s]
Extract:  58%|#####8    | 35/60 [00:09<00:04,  5.76it/s]
Extract:  60%|######    | 36/60 [00:10<00:03,  6.39it/s]
Extract:  62%|######1   | 37/60 [00:10<00:04,  4.73it/s]
Extract:  63%|######3   | 38/60 [00:10<00:04,  4.91it/s]
Extract:  67%|######6   | 40/60 [00:10<00:03,  5.70it/s]
Extract:  68%|######8   | 41/60 [00:10<00:03,  6.10it/s]
Extract:  70%|#######   | 42/60 [00:11<00:05,  3.47it/s]
Extract:  72%|#######1  | 43/60 [00:12<00:06,  2.68it/s]
Extract:  75%|#######5  | 45/60 [00:12<00:03,  3.98it/s]
Extract:  77%|#######6  | 46/60 [00:12<00:03,  4.47it/s]
Extract:  78%|#######8  | 47/60 [00:13<00:03,  3.60it/s]
Extract:  82%|########1 | 49/60 [00:13<00:02,  5.00it/s]
Extract:  83%|########3 | 50/60 [00:13<00:02,  3.41it/s]
Extract:  85%|########5 | 51/60 [00:14<00:03,  2.99it/s]
Extract:  87%|########6 | 52/60 [00:14<00:02,  2.69it/s]
Extract:  90%|######### | 54/60 [00:15<00:01,  3.18it/s]
Extract:  92%|#########1| 55/60 [00:15<00:01,  2.72it/s]
Extract:  93%|#########3| 56/60 [00:15<00:01,  3.17it/s]
Extract:  97%|#########6| 58/60 [00:16<00:00,  3.69it/s]
Extract:  98%|#########8| 59/60 [00:16<00:00,  3.13it/s]
Extract: 100%|##########| 60/60 [00:17<00:00,  2.57it/s]
Extract: 100%|##########| 60/60 [00:17<00:00,  3.45it/s]

Extract:   0%|          | 0/60 [00:00<?, ?it/s]
Extract:   3%|3         | 2/60 [00:00<00:03, 15.62it/s]
Extract:   7%|6         | 4/60 [00:00<00:09,  6.08it/s]
Extract:   8%|8         | 5/60 [00:00<00:08,  6.68it/s]
Extract:  10%|#         | 6/60 [00:00<00:07,  6.79it/s]
Extract:  12%|#1        | 7/60 [00:01<00:10,  5.17it/s]
Extract:  13%|#3        | 8/60 [00:01<00:12,  4.07it/s]
Extract:  15%|#5        | 9/60 [00:01<00:12,  4.12it/s]
Extract:  17%|#6        | 10/60 [00:01<00:11,  4.30it/s]
Extract:  18%|#8        | 11/60 [00:02<00:11,  4.38it/s]
Extract:  20%|##        | 12/60 [00:02<00:13,  3.49it/s]
Extract:  22%|##1       | 13/60 [00:02<00:11,  4.08it/s]
Extract:  23%|##3       | 14/60 [00:03<00:16,  2.77it/s]
Extract:  25%|##5       | 15/60 [00:03<00:18,  2.47it/s]
Extract:  27%|##6       | 16/60 [00:04<00:15,  2.91it/s]
Extract:  30%|###       | 18/60 [00:04<00:08,  4.75it/s]
Extract:  33%|###3      | 20/60 [00:04<00:06,  6.50it/s]
Extract:  37%|###6      | 22/60 [00:05<00:08,  4.48it/s]
Extract:  38%|###8      | 23/60 [00:05<00:08,  4.30it/s]
Extract:  40%|####      | 24/60 [00:05<00:07,  4.70it/s]
Extract:  43%|####3     | 26/60 [00:05<00:05,  6.25it/s]
Extract:  45%|####5     | 27/60 [00:06<00:08,  4.04it/s]
Extract:  48%|####8     | 29/60 [00:06<00:06,  5.14it/s]
Extract:  50%|#####     | 30/60 [00:06<00:05,  5.23it/s]
Extract:  52%|#####1    | 31/60 [00:06<00:05,  4.97it/s]
Extract:  53%|#####3    | 32/60 [00:06<00:04,  5.65it/s]
Extract:  57%|#####6    | 34/60 [00:07<00:03,  7.72it/s]
Extract:  58%|#####8    | 35/60 [00:07<00:03,  7.76it/s]
Extract:  62%|######1   | 37/60 [00:07<00:03,  7.06it/s]
Extract:  63%|######3   | 38/60 [00:07<00:02,  7.39it/s]
Extract:  67%|######6   | 40/60 [00:07<00:02,  8.37it/s]
Extract:  68%|######8   | 41/60 [00:07<00:02,  8.12it/s]
Extract:  70%|#######   | 42/60 [00:08<00:03,  4.55it/s]
Extract:  72%|#######1  | 43/60 [00:09<00:05,  3.26it/s]
Extract:  75%|#######5  | 45/60 [00:09<00:03,  4.85it/s]
Extract:  78%|#######8  | 47/60 [00:09<00:02,  5.53it/s]
Extract:  82%|########1 | 49/60 [00:09<00:01,  6.92it/s]
Extract:  83%|########3 | 50/60 [00:09<00:01,  5.12it/s]
Extract:  85%|########5 | 51/60 [00:10<00:02,  4.15it/s]
Extract:  87%|########6 | 52/60 [00:10<00:02,  3.74it/s]
Extract:  90%|######### | 54/60 [00:11<00:01,  4.22it/s]
Extract:  92%|#########1| 55/60 [00:11<00:01,  3.98it/s]
Extract:  93%|#########3| 56/60 [00:11<00:00,  4.04it/s]
Extract:  97%|#########6| 58/60 [00:12<00:00,  4.57it/s]
Extract:  98%|#########8| 59/60 [00:12<00:00,  4.56it/s]
Extract: 100%|##########| 60/60 [00:12<00:00,  3.88it/s]
Extract: 100%|##########| 60/60 [00:12<00:00,  4.76it/s]

Extract:   0%|          | 0/60 [00:00<?, ?it/s]
Extract:   3%|3         | 2/60 [00:00<00:04, 12.90it/s]
Extract:   7%|6         | 4/60 [00:00<00:08,  6.49it/s]
Extract:   8%|8         | 5/60 [00:00<00:08,  6.22it/s]
Extract:  10%|#         | 6/60 [00:00<00:08,  6.26it/s]
Extract:  12%|#1        | 7/60 [00:01<00:10,  4.99it/s]
Extract:  13%|#3        | 8/60 [00:01<00:15,  3.30it/s]
Extract:  15%|#5        | 9/60 [00:02<00:15,  3.37it/s]
Extract:  17%|#6        | 10/60 [00:02<00:13,  3.67it/s]
Extract:  18%|#8        | 11/60 [00:02<00:12,  3.83it/s]
Extract:  20%|##        | 12/60 [00:02<00:15,  3.12it/s]
Extract:  22%|##1       | 13/60 [00:03<00:13,  3.55it/s]
Extract:  23%|##3       | 14/60 [00:03<00:16,  2.76it/s]
Extract:  25%|##5       | 15/60 [00:04<00:16,  2.70it/s]
Extract:  27%|##6       | 16/60 [00:04<00:14,  3.14it/s]
Extract:  32%|###1      | 19/60 [00:04<00:06,  6.10it/s]
Extract:  35%|###5      | 21/60 [00:05<00:09,  4.33it/s]
Extract:  37%|###6      | 22/60 [00:05<00:08,  4.30it/s]
Extract:  38%|###8      | 23/60 [00:05<00:08,  4.15it/s]
Extract:  40%|####      | 24/60 [00:05<00:07,  4.57it/s]
Extract:  43%|####3     | 26/60 [00:05<00:05,  6.34it/s]
Extract:  45%|####5     | 27/60 [00:06<00:08,  4.04it/s]
Extract:  48%|####8     | 29/60 [00:06<00:05,  5.27it/s]
Extract:  50%|#####     | 30/60 [00:06<00:06,  4.93it/s]
Extract:  52%|#####1    | 31/60 [00:07<00:06,  4.78it/s]
Extract:  53%|#####3    | 32/60 [00:07<00:05,  4.98it/s]
Extract:  58%|#####8    | 35/60 [00:07<00:03,  7.68it/s]
Extract:  62%|######1   | 37/60 [00:07<00:03,  7.21it/s]
Extract:  65%|######5   | 39/60 [00:07<00:02,  8.70it/s]
Extract:  68%|######8   | 41/60 [00:08<00:02,  8.77it/s]
Extract:  70%|#######   | 42/60 [00:08<00:03,  5.37it/s]
Extract:  72%|#######1  | 43/60 [00:09<00:04,  4.18it/s]
Extract:  77%|#######6  | 46/60 [00:09<00:02,  6.52it/s]
Extract:  78%|#######8  | 47/60 [00:09<00:02,  6.16it/s]
Extract:  82%|########1 | 49/60 [00:09<00:01,  7.72it/s]
Extract:  85%|########5 | 51/60 [00:10<00:02,  4.42it/s]
Extract:  87%|########6 | 52/60 [00:10<00:02,  3.85it/s]
Extract:  90%|######### | 54/60 [00:11<00:01,  4.37it/s]
Extract:  92%|#########1| 55/60 [00:11<00:01,  4.01it/s]
Extract:  93%|#########3| 56/60 [00:11<00:00,  4.59it/s]
Extract:  97%|#########6| 58/60 [00:11<00:00,  5.23it/s]
Extract:  98%|#########8| 59/60 [00:12<00:00,  5.21it/s]
Extract: 100%|##########| 60/60 [00:12<00:00,  3.74it/s]
Extract: 100%|##########| 60/60 [00:12<00:00,  4.74it/s]

Extract:   0%|          | 0/60 [00:00<?, ?it/s]
Extract:   5%|5         | 3/60 [00:00<00:05, 11.12it/s]
Extract:   8%|8         | 5/60 [00:00<00:07,  7.83it/s]
Extract:  10%|#         | 6/60 [00:00<00:07,  7.68it/s]
Extract:  12%|#1        | 7/60 [00:00<00:08,  6.36it/s]
Extract:  13%|#3        | 8/60 [00:01<00:10,  4.83it/s]
Extract:  15%|#5        | 9/60 [00:01<00:11,  4.63it/s]
Extract:  17%|#6        | 10/60 [00:01<00:11,  4.29it/s]
Extract:  18%|#8        | 11/60 [00:02<00:12,  4.08it/s]
Extract:  20%|##        | 12/60 [00:02<00:14,  3.38it/s]
Extract:  22%|##1       | 13/60 [00:02<00:11,  4.00it/s]
Extract:  23%|##3       | 14/60 [00:03<00:19,  2.41it/s]
Extract:  25%|##5       | 15/60 [00:04<00:21,  2.07it/s]
Extract:  27%|##6       | 16/60 [00:04<00:16,  2.62it/s]
Extract:  32%|###1      | 19/60 [00:04<00:08,  5.08it/s]
Extract:  35%|###5      | 21/60 [00:05<00:09,  4.15it/s]
Extract:  37%|###6      | 22/60 [00:05<00:09,  4.20it/s]
Extract:  38%|###8      | 23/60 [00:05<00:09,  3.84it/s]
Extract:  40%|####      | 24/60 [00:05<00:08,  4.16it/s]
Extract:  43%|####3     | 26/60 [00:05<00:06,  5.62it/s]
Extract:  45%|####5     | 27/60 [00:06<00:08,  3.73it/s]
Extract:  48%|####8     | 29/60 [00:06<00:06,  4.60it/s]
Extract:  50%|#####     | 30/60 [00:07<00:06,  4.67it/s]
Extract:  52%|#####1    | 31/60 [00:07<00:06,  4.45it/s]
Extract:  55%|#####5    | 33/60 [00:07<00:04,  6.31it/s]
Extract:  58%|#####8    | 35/60 [00:07<00:03,  7.18it/s]
Extract:  62%|######1   | 37/60 [00:08<00:03,  6.16it/s]
Extract:  63%|######3   | 38/60 [00:08<00:03,  6.21it/s]
Extract:  67%|######6   | 40/60 [00:08<00:02,  7.15it/s]
Extract:  68%|######8   | 41/60 [00:08<00:02,  7.29it/s]
Extract:  70%|#######   | 42/60 [00:09<00:03,  4.59it/s]
Extract:  72%|#######1  | 43/60 [00:09<00:04,  3.70it/s]
Extract:  75%|#######5  | 45/60 [00:09<00:02,  5.56it/s]
Extract:  77%|#######6  | 46/60 [00:09<00:02,  6.15it/s]
Extract:  78%|#######8  | 47/60 [00:09<00:02,  5.51it/s]
Extract:  82%|########1 | 49/60 [00:10<00:01,  7.30it/s]
Extract:  83%|########3 | 50/60 [00:10<00:02,  3.91it/s]
Extract:  85%|########5 | 51/60 [00:11<00:02,  3.45it/s]
Extract:  87%|########6 | 52/60 [00:11<00:02,  3.39it/s]
Extract:  90%|######### | 54/60 [00:11<00:01,  4.11it/s]
Extract:  92%|#########1| 55/60 [00:12<00:01,  4.00it/s]
Extract:  93%|#########3| 56/60 [00:12<00:00,  4.60it/s]
Extract:  97%|#########6| 58/60 [00:12<00:00,  5.45it/s]
Extract:  98%|#########8| 59/60 [00:12<00:00,  5.11it/s]
Extract: 100%|##########| 60/60 [00:13<00:00,  3.69it/s]
Extract: 100%|##########| 60/60 [00:13<00:00,  4.56it/s]

Extract:   0%|          | 0/60 [00:00<?, ?it/s]
Extract:   3%|3         | 2/60 [00:00<00:04, 13.60it/s]
Extract:   7%|6         | 4/60 [00:00<00:07,  7.13it/s]
Extract:   8%|8         | 5/60 [00:00<00:07,  6.92it/s]
Extract:  10%|#         | 6/60 [00:00<00:08,  6.57it/s]
Extract:  12%|#1        | 7/60 [00:01<00:11,  4.60it/s]
Extract:  13%|#3        | 8/60 [00:01<00:13,  3.95it/s]
Extract:  15%|#5        | 9/60 [00:01<00:13,  3.73it/s]
Extract:  17%|#6        | 10/60 [00:02<00:12,  3.96it/s]
Extract:  18%|#8        | 11/60 [00:02<00:12,  3.89it/s]
Extract:  20%|##        | 12/60 [00:03<00:26,  1.80it/s]
Extract:  22%|##1       | 13/60 [00:03<00:21,  2.20it/s]
Extract:  23%|##3       | 14/60 [00:04<00:26,  1.74it/s]
Extract:  25%|##5       | 15/60 [00:05<00:25,  1.74it/s]
Extract:  27%|##6       | 16/60 [00:05<00:21,  2.07it/s]
Extract:  30%|###       | 18/60 [00:05<00:12,  3.49it/s]
Extract:  33%|###3      | 20/60 [00:05<00:08,  4.91it/s]
Extract:  35%|###5      | 21/60 [00:06<00:11,  3.30it/s]
Extract:  37%|###6      | 22/60 [00:06<00:11,  3.32it/s]
Extract:  38%|###8      | 23/60 [00:07<00:13,  2.79it/s]
Extract:  40%|####      | 24/60 [00:07<00:11,  3.19it/s]
Extract:  43%|####3     | 26/60 [00:07<00:07,  4.39it/s]
Extract:  45%|####5     | 27/60 [00:08<00:13,  2.42it/s]
Extract:  47%|####6     | 28/60 [00:08<00:11,  2.87it/s]
Extract:  48%|####8     | 29/60 [00:09<00:09,  3.28it/s]
Extract:  50%|#####     | 30/60 [00:09<00:08,  3.39it/s]
Extract:  52%|#####1    | 31/60 [00:09<00:09,  2.92it/s]
Extract:  53%|#####3    | 32/60 [00:09<00:07,  3.57it/s]
Extract:  57%|#####6    | 34/60 [00:10<00:04,  5.40it/s]
Extract:  58%|#####8    | 35/60 [00:10<00:04,  5.81it/s]
Extract:  62%|######1   | 37/60 [00:10<00:04,  5.37it/s]
Extract:  63%|######3   | 38/60 [00:10<00:03,  5.52it/s]
Extract:  67%|######6   | 40/60 [00:10<00:03,  6.31it/s]
Extract:  68%|######8   | 41/60 [00:11<00:03,  5.54it/s]
Extract:  70%|#######   | 42/60 [00:11<00:05,  3.52it/s]
Extract:  72%|#######1  | 43/60 [00:12<00:05,  2.94it/s]
Extract:  75%|#######5  | 45/60 [00:12<00:03,  4.42it/s]
Extract:  78%|#######8  | 47/60 [00:12<00:02,  4.78it/s]
Extract:  82%|########1 | 49/60 [00:13<00:01,  6.06it/s]
Extract:  83%|########3 | 50/60 [00:13<00:02,  4.25it/s]
Extract:  85%|########5 | 51/60 [00:14<00:02,  3.40it/s]
Extract:  87%|########6 | 52/60 [00:14<00:02,  2.90it/s]
Extract:  90%|######### | 54/60 [00:14<00:01,  3.75it/s]
Extract:  92%|#########1| 55/60 [00:15<00:01,  3.79it/s]
Extract:  93%|#########3| 56/60 [00:15<00:00,  4.17it/s]
Extract:  97%|#########6| 58/60 [00:15<00:00,  4.75it/s]
Extract:  98%|#########8| 59/60 [00:15<00:00,  4.81it/s]
Extract: 100%|##########| 60/60 [00:16<00:00,  3.76it/s]
Extract: 100%|##########| 60/60 [00:16<00:00,  3.69it/s]

Extract:   0%|          | 0/60 [00:00<?, ?it/s]
Extract:   3%|3         | 2/60 [00:00<00:03, 15.18it/s]
Extract:   7%|6         | 4/60 [00:00<00:08,  6.74it/s]
Extract:   8%|8         | 5/60 [00:00<00:08,  6.24it/s]
Extract:  10%|#         | 6/60 [00:00<00:08,  6.34it/s]
Extract:  12%|#1        | 7/60 [00:01<00:10,  4.86it/s]
Extract:  13%|#3        | 8/60 [00:01<00:15,  3.43it/s]
Extract:  15%|#5        | 9/60 [00:02<00:15,  3.31it/s]
Extract:  17%|#6        | 10/60 [00:02<00:14,  3.50it/s]
Extract:  18%|#8        | 11/60 [00:02<00:13,  3.65it/s]
Extract:  20%|##        | 12/60 [00:03<00:17,  2.75it/s]
Extract:  22%|##1       | 13/60 [00:03<00:14,  3.16it/s]
Extract:  23%|##3       | 14/60 [00:03<00:18,  2.46it/s]
Extract:  25%|##5       | 15/60 [00:04<00:20,  2.19it/s]
Extract:  27%|##6       | 16/60 [00:04<00:17,  2.54it/s]
Extract:  32%|###1      | 19/60 [00:04<00:08,  5.11it/s]
Extract:  35%|###5      | 21/60 [00:05<00:10,  3.86it/s]
Extract:  37%|###6      | 22/60 [00:05<00:09,  3.92it/s]
Extract:  38%|###8      | 23/60 [00:06<00:09,  3.73it/s]
Extract:  40%|####      | 24/60 [00:06<00:08,  4.20it/s]
Extract:  43%|####3     | 26/60 [00:06<00:05,  5.92it/s]
Extract:  45%|####5     | 27/60 [00:07<00:09,  3.65it/s]
Extract:  47%|####6     | 28/60 [00:07<00:07,  4.22it/s]
Extract:  48%|####8     | 29/60 [00:07<00:06,  4.62it/s]
Extract:  50%|#####     | 30/60 [00:07<00:07,  4.27it/s]
Extract:  52%|#####1    | 31/60 [00:07<00:07,  4.01it/s]
Extract:  53%|#####3    | 32/60 [00:08<00:05,  4.82it/s]
Extract:  57%|#####6    | 34/60 [00:08<00:03,  7.25it/s]
Extract:  60%|######    | 36/60 [00:08<00:02,  8.35it/s]
Extract:  63%|######3   | 38/60 [00:08<00:03,  6.82it/s]
Extract:  67%|######6   | 40/60 [00:08<00:02,  7.25it/s]
Extract:  68%|######8   | 41/60 [00:09<00:02,  6.82it/s]
Extract:  70%|#######   | 42/60 [00:09<00:04,  4.48it/s]
Extract:  72%|#######1  | 43/60 [00:10<00:05,  3.06it/s]
Extract:  75%|#######5  | 45/60 [00:10<00:03,  4.46it/s]
Extract:  78%|#######8  | 47/60 [00:10<00:02,  5.24it/s]
Extract:  82%|########1 | 49/60 [00:10<00:01,  6.59it/s]
Extract:  83%|########3 | 50/60 [00:11<00:02,  4.23it/s]
Extract:  85%|########5 | 51/60 [00:11<00:02,  3.87it/s]
Extract:  87%|########6 | 52/60 [00:12<00:02,  3.17it/s]
Extract:  90%|######### | 54/60 [00:12<00:01,  3.63it/s]
Extract:  92%|#########1| 55/60 [00:13<00:01,  3.21it/s]
Extract:  93%|#########3| 56/60 [00:13<00:01,  3.65it/s]
Extract:  97%|#########6| 58/60 [00:13<00:00,  4.14it/s]
Extract:  98%|#########8| 59/60 [00:13<00:00,  4.07it/s]
Extract: 100%|##########| 60/60 [00:14<00:00,  3.56it/s]
Extract: 100%|##########| 60/60 [00:14<00:00,  4.18it/s]

Extract:   0%|          | 0/60 [00:00<?, ?it/s]
Extract:   3%|3         | 2/60 [00:00<00:05, 10.96it/s]
Extract:   7%|6         | 4/60 [00:00<00:09,  5.82it/s]
Extract:   8%|8         | 5/60 [00:00<00:09,  5.94it/s]
Extract:  10%|#         | 6/60 [00:00<00:09,  5.87it/s]
Extract:  12%|#1        | 7/60 [00:01<00:12,  4.08it/s]
Extract:  13%|#3        | 8/60 [00:01<00:14,  3.50it/s]
Extract:  15%|#5        | 9/60 [00:02<00:14,  3.49it/s]
Extract:  17%|#6        | 10/60 [00:02<00:13,  3.61it/s]
Extract:  18%|#8        | 11/60 [00:02<00:12,  3.90it/s]
Extract:  20%|##        | 12/60 [00:03<00:16,  2.91it/s]
Extract:  22%|##1       | 13/60 [00:03<00:13,  3.53it/s]
Extract:  23%|##3       | 14/60 [00:03<00:17,  2.66it/s]
Extract:  25%|##5       | 15/60 [00:04<00:17,  2.55it/s]
Extract:  27%|##6       | 16/60 [00:04<00:14,  3.14it/s]
Extract:  30%|###       | 18/60 [00:04<00:08,  5.07it/s]
Extract:  33%|###3      | 20/60 [00:04<00:05,  6.77it/s]
Extract:  37%|###6      | 22/60 [00:05<00:08,  4.35it/s]
Extract:  38%|###8      | 23/60 [00:05<00:10,  3.65it/s]
Extract:  40%|####      | 24/60 [00:05<00:08,  4.12it/s]
Extract:  43%|####3     | 26/60 [00:06<00:06,  5.58it/s]
Extract:  45%|####5     | 27/60 [00:06<00:09,  3.65it/s]
Extract:  47%|####6     | 28/60 [00:06<00:07,  4.28it/s]
Extract:  48%|####8     | 29/60 [00:07<00:06,  4.62it/s]
Extract:  50%|#####     | 30/60 [00:07<00:06,  4.67it/s]
Extract:  52%|#####1    | 31/60 [00:07<00:06,  4.70it/s]
Extract:  53%|#####3    | 32/60 [00:07<00:05,  5.32it/s]
Extract:  57%|#####6    | 34/60 [00:07<00:03,  7.80it/s]
Extract:  60%|######    | 36/60 [00:07<00:02,  8.77it/s]
Extract:  63%|######3   | 38/60 [00:08<00:03,  6.37it/s]
Extract:  67%|######6   | 40/60 [00:08<00:02,  7.06it/s]
Extract:  68%|######8   | 41/60 [00:08<00:02,  7.05it/s]
Extract:  70%|#######   | 42/60 [00:09<00:04,  4.10it/s]
Extract:  72%|#######1  | 43/60 [00:09<00:05,  3.26it/s]
Extract:  75%|#######5  | 45/60 [00:09<00:03,  4.83it/s]
Extract:  77%|#######6  | 46/60 [00:10<00:02,  5.39it/s]
Extract:  78%|#######8  | 47/60 [00:10<00:02,  5.00it/s]
Extract:  82%|########1 | 49/60 [00:10<00:01,  6.17it/s]
Extract:  83%|########3 | 50/60 [00:11<00:03,  3.32it/s]
Extract:  85%|########5 | 51/60 [00:11<00:03,  2.97it/s]
Extract:  87%|########6 | 52/60 [00:12<00:02,  2.85it/s]
Extract:  90%|######### | 54/60 [00:12<00:01,  3.60it/s]
Extract:  92%|#########1| 55/60 [00:12<00:01,  3.60it/s]
Extract:  93%|#########3| 56/60 [00:12<00:00,  4.12it/s]
Extract:  97%|#########6| 58/60 [00:13<00:00,  4.83it/s]
Extract:  98%|#########8| 59/60 [00:13<00:00,  4.76it/s]
Extract: 100%|##########| 60/60 [00:14<00:00,  3.31it/s]
Extract: 100%|##########| 60/60 [00:14<00:00,  4.28it/s]

Extract:   0%|          | 0/60 [00:00<?, ?it/s]
Extract:   3%|3         | 2/60 [00:00<00:05, 10.16it/s]
Extract:   7%|6         | 4/60 [00:00<00:10,  5.50it/s]
Extract:   8%|8         | 5/60 [00:00<00:10,  5.38it/s]
Extract:  10%|#         | 6/60 [00:01<00:10,  5.36it/s]
Extract:  12%|#1        | 7/60 [00:01<00:14,  3.76it/s]
Extract:  13%|#3        | 8/60 [00:02<00:17,  2.95it/s]
Extract:  15%|#5        | 9/60 [00:02<00:16,  3.02it/s]
Extract:  17%|#6        | 10/60 [00:02<00:15,  3.20it/s]
Extract:  18%|#8        | 11/60 [00:02<00:14,  3.34it/s]
Extract:  20%|##        | 12/60 [00:03<00:19,  2.52it/s]
Extract:  22%|##1       | 13/60 [00:03<00:15,  3.08it/s]
Extract:  23%|##3       | 14/60 [00:04<00:16,  2.75it/s]
Extract:  25%|##5       | 15/60 [00:04<00:20,  2.21it/s]
Extract:  27%|##6       | 16/60 [00:05<00:18,  2.43it/s]
Extract:  30%|###       | 18/60 [00:05<00:10,  4.07it/s]
Extract:  33%|###3      | 20/60 [00:05<00:06,  5.75it/s]
Extract:  37%|###6      | 22/60 [00:06<00:10,  3.59it/s]
Extract:  38%|###8      | 23/60 [00:06<00:13,  2.83it/s]
Extract:  40%|####      | 24/60 [00:07<00:11,  3.17it/s]
Extract:  43%|####3     | 26/60 [00:07<00:08,  3.92it/s]
Extract:  45%|####5     | 27/60 [00:08<00:14,  2.27it/s]
Extract:  47%|####6     | 28/60 [00:08<00:11,  2.68it/s]
Extract:  48%|####8     | 29/60 [00:08<00:10,  2.95it/s]
Extract:  50%|#####     | 30/60 [00:09<00:10,  2.97it/s]
Extract:  52%|#####1    | 31/60 [00:09<00:10,  2.80it/s]
Extract:  53%|#####3    | 32/60 [00:09<00:08,  3.39it/s]
Extract:  57%|#####6    | 34/60 [00:09<00:05,  4.93it/s]
Extract:  58%|#####8    | 35/60 [00:10<00:06,  4.13it/s]
Extract:  62%|######1   | 37/60 [00:10<00:05,  4.35it/s]
Extract:  63%|######3   | 38/60 [00:10<00:04,  4.41it/s]
Extract:  67%|######6   | 40/60 [00:11<00:04,  4.95it/s]
Extract:  68%|######8   | 41/60 [00:11<00:03,  4.90it/s]
Extract:  70%|#######   | 42/60 [00:12<00:06,  2.99it/s]
Extract:  72%|#######1  | 43/60 [00:12<00:06,  2.45it/s]
Extract:  73%|#######3  | 44/60 [00:13<00:05,  2.72it/s]
Extract:  77%|#######6  | 46/60 [00:13<00:04,  3.40it/s]
Extract:  78%|#######8  | 47/60 [00:13<00:03,  3.44it/s]
Extract:  82%|########1 | 49/60 [00:13<00:02,  4.89it/s]
Extract:  83%|########3 | 50/60 [00:14<00:03,  3.06it/s]
Extract:  85%|########5 | 51/60 [00:15<00:03,  2.61it/s]
Extract:  87%|########6 | 52/60 [00:15<00:03,  2.29it/s]
Extract:  90%|######### | 54/60 [00:16<00:02,  2.59it/s]
Extract:  92%|#########1| 55/60 [00:16<00:02,  2.46it/s]
Extract:  93%|#########3| 56/60 [00:17<00:01,  2.69it/s]
Extract:  95%|#########5| 57/60 [00:17<00:00,  3.26it/s]
Extract:  97%|#########6| 58/60 [00:17<00:00,  2.69it/s]
Extract:  98%|#########8| 59/60 [00:18<00:00,  2.50it/s]
Extract: 100%|##########| 60/60 [00:19<00:00,  1.94it/s]
Extract: 100%|##########| 60/60 [00:19<00:00,  3.13it/s]

Extract:   0%|          | 0/60 [00:00<?, ?it/s]
Extract:   3%|3         | 2/60 [00:00<00:05, 11.16it/s]
Extract:   7%|6         | 4/60 [00:00<00:09,  5.95it/s]
Extract:   8%|8         | 5/60 [00:00<00:11,  4.92it/s]
Extract:  10%|#         | 6/60 [00:01<00:10,  5.17it/s]
Extract:  12%|#1        | 7/60 [00:01<00:14,  3.54it/s]
Extract:  13%|#3        | 8/60 [00:02<00:18,  2.84it/s]
Extract:  15%|#5        | 9/60 [00:02<00:18,  2.83it/s]
Extract:  17%|#6        | 10/60 [00:02<00:16,  3.12it/s]
Extract:  18%|#8        | 11/60 [00:02<00:14,  3.31it/s]
Extract:  20%|##        | 12/60 [00:03<00:22,  2.12it/s]
Extract:  22%|##1       | 13/60 [00:04<00:18,  2.57it/s]
Extract:  23%|##3       | 14/60 [00:04<00:20,  2.20it/s]
Extract:  25%|##5       | 15/60 [00:05<00:20,  2.20it/s]
Extract:  27%|##6       | 16/60 [00:05<00:16,  2.74it/s]
Extract:  30%|###       | 18/60 [00:05<00:09,  4.53it/s]
Extract:  33%|###3      | 20/60 [00:05<00:06,  6.30it/s]
Extract:  37%|###6      | 22/60 [00:06<00:09,  3.87it/s]
Extract:  38%|###8      | 23/60 [00:06<00:10,  3.58it/s]
Extract:  40%|####      | 24/60 [00:06<00:08,  4.03it/s]
Extract:  43%|####3     | 26/60 [00:07<00:07,  4.76it/s]
Extract:  45%|####5     | 27/60 [00:07<00:09,  3.66it/s]
Extract:  47%|####6     | 28/60 [00:07<00:07,  4.25it/s]
Extract:  48%|####8     | 29/60 [00:07<00:06,  4.72it/s]
Extract:  50%|#####     | 30/60 [00:08<00:06,  4.81it/s]
Extract:  52%|#####1    | 31/60 [00:08<00:06,  4.50it/s]
Extract:  53%|#####3    | 32/60 [00:08<00:05,  5.03it/s]
Extract:  57%|#####6    | 34/60 [00:08<00:03,  6.64it/s]
Extract:  58%|#####8    | 35/60 [00:08<00:03,  6.92it/s]
Extract:  62%|######1   | 37/60 [00:09<00:03,  6.24it/s]
Extract:  63%|######3   | 38/60 [00:09<00:04,  5.30it/s]
Extract:  67%|######6   | 40/60 [00:09<00:03,  6.03it/s]
Extract:  68%|######8   | 41/60 [00:09<00:03,  6.10it/s]
Extract:  70%|#######   | 42/60 [00:10<00:04,  3.71it/s]
Extract:  72%|#######1  | 43/60 [00:10<00:05,  3.12it/s]
Extract:  77%|#######6  | 46/60 [00:11<00:02,  5.15it/s]
Extract:  78%|#######8  | 47/60 [00:11<00:02,  5.00it/s]
Extract:  82%|########1 | 49/60 [00:11<00:01,  6.44it/s]
Extract:  83%|########3 | 50/60 [00:12<00:02,  3.99it/s]
Extract:  85%|########5 | 51/60 [00:12<00:02,  3.70it/s]
Extract:  87%|########6 | 52/60 [00:12<00:02,  3.54it/s]
Extract:  90%|######### | 54/60 [00:13<00:01,  4.43it/s]
Extract:  92%|#########1| 55/60 [00:13<00:01,  4.25it/s]
Extract:  93%|#########3| 56/60 [00:13<00:00,  4.65it/s]
Extract:  95%|#########5| 57/60 [00:13<00:00,  5.39it/s]
Extract:  97%|#########6| 58/60 [00:13<00:00,  4.69it/s]
Extract:  98%|#########8| 59/60 [00:14<00:00,  4.33it/s]
Extract: 100%|##########| 60/60 [00:14<00:00,  2.95it/s]
Extract: 100%|##########| 60/60 [00:14<00:00,  4.05it/s]

Extract:   0%|          | 0/60 [00:00<?, ?it/s]
Extract:   3%|3         | 2/60 [00:00<00:06,  9.10it/s]
Extract:   5%|5         | 3/60 [00:00<00:07,  7.98it/s]
Extract:   7%|6         | 4/60 [00:00<00:10,  5.13it/s]
Extract:   8%|8         | 5/60 [00:00<00:11,  4.81it/s]
Extract:  10%|#         | 6/60 [00:01<00:11,  4.53it/s]
Extract:  12%|#1        | 7/60 [00:01<00:14,  3.69it/s]
Extract:  13%|#3        | 8/60 [00:01<00:15,  3.27it/s]
Extract:  15%|#5        | 9/60 [00:02<00:18,  2.76it/s]
Extract:  17%|#6        | 10/60 [00:02<00:16,  2.99it/s]
Extract:  18%|#8        | 11/60 [00:02<00:16,  3.05it/s]
Extract:  20%|##        | 12/60 [00:03<00:20,  2.30it/s]
Extract:  22%|##1       | 13/60 [00:03<00:16,  2.89it/s]
Extract:  23%|##3       | 14/60 [00:04<00:16,  2.79it/s]
Extract:  25%|##5       | 15/60 [00:04<00:19,  2.25it/s]
Extract:  27%|##6       | 16/60 [00:05<00:16,  2.73it/s]
Extract:  30%|###       | 18/60 [00:05<00:09,  4.41it/s]
Extract:  33%|###3      | 20/60 [00:05<00:06,  5.83it/s]
Extract:  35%|###5      | 21/60 [00:05<00:10,  3.75it/s]
Extract:  37%|###6      | 22/60 [00:06<00:09,  3.84it/s]
Extract:  38%|###8      | 23/60 [00:06<00:10,  3.56it/s]
Extract:  40%|####      | 24/60 [00:06<00:09,  3.88it/s]
Extract:  43%|####3     | 26/60 [00:06<00:06,  4.89it/s]
Extract:  45%|####5     | 27/60 [00:07<00:11,  2.82it/s]
Extract:  47%|####6     | 28/60 [00:07<00:09,  3.42it/s]
Extract:  48%|####8     | 29/60 [00:08<00:08,  3.85it/s]
Extract:  50%|#####     | 30/60 [00:08<00:07,  3.97it/s]
Extract:  52%|#####1    | 31/60 [00:08<00:07,  3.95it/s]
Extract:  53%|#####3    | 32/60 [00:08<00:05,  4.74it/s]
Extract:  58%|#####8    | 35/60 [00:08<00:03,  7.69it/s]
Extract:  62%|######1   | 37/60 [00:09<00:03,  7.43it/s]
Extract:  63%|######3   | 38/60 [00:09<00:03,  7.14it/s]
Extract:  67%|######6   | 40/60 [00:09<00:02,  8.14it/s]
Extract:  68%|######8   | 41/60 [00:09<00:02,  6.84it/s]
Extract:  70%|#######   | 42/60 [00:10<00:04,  4.13it/s]
Extract:  72%|#######1  | 43/60 [00:10<00:04,  3.40it/s]
Extract:  75%|#######5  | 45/60 [00:10<00:03,  4.96it/s]
Extract:  77%|#######6  | 46/60 [00:11<00:02,  5.46it/s]
Extract:  78%|#######8  | 47/60 [00:11<00:02,  5.10it/s]
Extract:  82%|########1 | 49/60 [00:11<00:01,  6.58it/s]
Extract:  83%|########3 | 50/60 [00:12<00:02,  3.75it/s]
Extract:  85%|########5 | 51/60 [00:12<00:02,  3.21it/s]
Extract:  87%|########6 | 52/60 [00:12<00:02,  2.90it/s]
Extract:  90%|######### | 54/60 [00:13<00:01,  3.57it/s]
Extract:  92%|#########1| 55/60 [00:13<00:01,  3.32it/s]
Extract:  93%|#########3| 56/60 [00:13<00:01,  3.81it/s]
Extract:  97%|#########6| 58/60 [00:14<00:00,  4.01it/s]
Extract:  98%|#########8| 59/60 [00:14<00:00,  3.32it/s]
Extract: 100%|##########| 60/60 [00:15<00:00,  2.78it/s]
Extract: 100%|##########| 60/60 [00:15<00:00,  3.90it/s]

Extract:   0%|          | 0/60 [00:00<?, ?it/s]
Extract:   2%|1         | 1/60 [00:00<00:09,  5.92it/s]
Extract:   3%|3         | 2/60 [00:00<00:09,  6.30it/s]
Extract:   5%|5         | 3/60 [00:00<00:12,  4.72it/s]
Extract:   7%|6         | 4/60 [00:01<00:17,  3.29it/s]
Extract:   8%|8         | 5/60 [00:01<00:20,  2.73it/s]
Extract:  10%|#         | 6/60 [00:01<00:18,  2.98it/s]
Extract:  12%|#1        | 7/60 [00:02<00:21,  2.48it/s]
Extract:  13%|#3        | 8/60 [00:03<00:34,  1.52it/s]
Extract:  15%|#5        | 9/60 [00:04<00:34,  1.47it/s]
Extract:  17%|#6        | 10/60 [00:04<00:33,  1.48it/s]
Extract:  18%|#8        | 11/60 [00:05<00:31,  1.56it/s]
Extract:  20%|##        | 12/60 [00:07<00:48,  1.02s/it]
Extract:  22%|##1       | 13/60 [00:07<00:38,  1.21it/s]
Extract:  23%|##3       | 14/60 [00:08<00:36,  1.27it/s]
Extract:  25%|##5       | 15/60 [00:09<00:35,  1.25it/s]
Extract:  27%|##6       | 16/60 [00:09<00:27,  1.59it/s]
Extract:  30%|###       | 18/60 [00:09<00:15,  2.68it/s]
Extract:  33%|###3      | 20/60 [00:09<00:10,  3.72it/s]
Extract:  35%|###5      | 21/60 [00:10<00:16,  2.40it/s]
Extract:  37%|###6      | 22/60 [00:11<00:15,  2.40it/s]
Extract:  38%|###8      | 23/60 [00:11<00:16,  2.18it/s]
Extract:  40%|####      | 24/60 [00:12<00:14,  2.43it/s]
Extract:  43%|####3     | 26/60 [00:12<00:10,  3.16it/s]
Extract:  45%|####5     | 27/60 [00:13<00:14,  2.24it/s]
Extract:  47%|####6     | 28/60 [00:13<00:11,  2.69it/s]
Extract:  48%|####8     | 29/60 [00:13<00:10,  3.07it/s]
Extract:  50%|#####     | 30/60 [00:14<00:09,  3.07it/s]
Extract:  52%|#####1    | 31/60 [00:14<00:09,  2.98it/s]
Extract:  53%|#####3    | 32/60 [00:14<00:08,  3.44it/s]
Extract:  57%|#####6    | 34/60 [00:14<00:05,  5.05it/s]
Extract:  58%|#####8    | 35/60 [00:14<00:04,  5.51it/s]
Extract:  62%|######1   | 37/60 [00:15<00:04,  5.38it/s]
Extract:  63%|######3   | 38/60 [00:15<00:04,  4.58it/s]
Extract:  67%|######6   | 40/60 [00:15<00:03,  5.22it/s]
Extract:  68%|######8   | 41/60 [00:16<00:04,  3.81it/s]
Extract:  70%|#######   | 42/60 [00:17<00:08,  2.03it/s]
Extract:  72%|#######1  | 43/60 [00:18<00:09,  1.84it/s]
Extract:  75%|#######5  | 45/60 [00:18<00:05,  2.84it/s]
Extract:  77%|#######6  | 46/60 [00:18<00:04,  3.30it/s]
Extract:  78%|#######8  | 47/60 [00:18<00:04,  3.24it/s]
Extract:  82%|########1 | 49/60 [00:19<00:02,  4.58it/s]
Extract:  83%|########3 | 50/60 [00:20<00:03,  2.73it/s]
Extract:  85%|########5 | 51/60 [00:20<00:03,  2.44it/s]
Extract:  87%|########6 | 52/60 [00:21<00:03,  2.17it/s]
Extract:  90%|######### | 54/60 [00:21<00:02,  2.59it/s]
Extract:  92%|#########1| 55/60 [00:22<00:02,  2.05it/s]
Extract:  93%|#########3| 56/60 [00:22<00:01,  2.28it/s]
Extract:  95%|#########5| 57/60 [00:22<00:01,  2.83it/s]
Extract:  97%|#########6| 58/60 [00:23<00:00,  2.03it/s]
Extract:  98%|#########8| 59/60 [00:24<00:00,  1.97it/s]
Extract: 100%|##########| 60/60 [00:25<00:00,  1.82it/s]
Extract: 100%|##########| 60/60 [00:25<00:00,  2.40it/s]

Extract:   0%|          | 0/60 [00:00<?, ?it/s]
Extract:   3%|3         | 2/60 [00:00<00:04, 12.01it/s]
Extract:   7%|6         | 4/60 [00:00<00:08,  6.77it/s]
Extract:   8%|8         | 5/60 [00:00<00:08,  6.66it/s]
Extract:  10%|#         | 6/60 [00:00<00:07,  6.84it/s]
Extract:  12%|#1        | 7/60 [00:01<00:10,  4.95it/s]
Extract:  13%|#3        | 8/60 [00:01<00:13,  3.83it/s]
Extract:  15%|#5        | 9/60 [00:01<00:15,  3.40it/s]
Extract:  17%|#6        | 10/60 [00:02<00:13,  3.70it/s]
Extract:  18%|#8        | 11/60 [00:02<00:12,  3.96it/s]
Extract:  20%|##        | 12/60 [00:02<00:14,  3.27it/s]
Extract:  22%|##1       | 13/60 [00:02<00:12,  3.91it/s]
Extract:  23%|##3       | 14/60 [00:03<00:17,  2.60it/s]
Extract:  25%|##5       | 15/60 [00:04<00:20,  2.16it/s]
Extract:  27%|##6       | 16/60 [00:04<00:16,  2.66it/s]
Extract:  32%|###1      | 19/60 [00:04<00:07,  5.20it/s]
Extract:  35%|###5      | 21/60 [00:05<00:09,  4.26it/s]
Extract:  37%|###6      | 22/60 [00:05<00:08,  4.38it/s]
Extract:  38%|###8      | 23/60 [00:05<00:09,  3.96it/s]
Extract:  40%|####      | 24/60 [00:05<00:08,  4.49it/s]
Extract:  43%|####3     | 26/60 [00:06<00:05,  6.06it/s]
Extract:  45%|####5     | 27/60 [00:06<00:08,  3.97it/s]
Extract:  48%|####8     | 29/60 [00:06<00:06,  4.92it/s]
Extract:  50%|#####     | 30/60 [00:07<00:06,  4.91it/s]
Extract:  52%|#####1    | 31/60 [00:07<00:06,  4.53it/s]
Extract:  55%|#####5    | 33/60 [00:07<00:04,  6.48it/s]
Extract:  57%|#####6    | 34/60 [00:07<00:04,  6.39it/s]
Extract:  60%|######    | 36/60 [00:07<00:03,  7.93it/s]
Extract:  62%|######1   | 37/60 [00:07<00:03,  6.82it/s]
Extract:  63%|######3   | 38/60 [00:08<00:03,  7.17it/s]
Extract:  67%|######6   | 40/60 [00:08<00:02,  8.38it/s]
Extract:  68%|######8   | 41/60 [00:08<00:02,  8.38it/s]
Extract:  70%|#######   | 42/60 [00:08<00:03,  4.54it/s]
Extract:  72%|#######1  | 43/60 [00:09<00:05,  3.18it/s]
Extract:  75%|#######5  | 45/60 [00:09<00:03,  4.81it/s]
Extract:  78%|#######8  | 47/60 [00:09<00:02,  5.18it/s]
Extract:  82%|########1 | 49/60 [00:10<00:01,  6.49it/s]
Extract:  83%|########3 | 50/60 [00:10<00:02,  4.01it/s]
Extract:  85%|########5 | 51/60 [00:11<00:02,  3.44it/s]
Extract:  87%|########6 | 52/60 [00:11<00:02,  2.98it/s]
Extract:  88%|########8 | 53/60 [00:11<00:01,  3.57it/s]
Extract:  90%|######### | 54/60 [00:12<00:01,  3.36it/s]
Extract:  92%|#########1| 55/60 [00:12<00:01,  3.57it/s]
Extract:  93%|#########3| 56/60 [00:12<00:00,  4.14it/s]
Extract:  97%|#########6| 58/60 [00:12<00:00,  5.15it/s]
Extract:  98%|#########8| 59/60 [00:13<00:00,  4.71it/s]
Extract: 100%|##########| 60/60 [00:13<00:00,  3.49it/s]
Extract: 100%|##########| 60/60 [00:13<00:00,  4.42it/s]

Extract:   0%|          | 0/60 [00:00<?, ?it/s]
Extract:   3%|3         | 2/60 [00:00<00:05,  9.71it/s]
Extract:   5%|5         | 3/60 [00:00<00:07,  7.26it/s]
Extract:   7%|6         | 4/60 [00:00<00:11,  5.03it/s]
Extract:   8%|8         | 5/60 [00:00<00:11,  4.84it/s]
Extract:  10%|#         | 6/60 [00:01<00:10,  4.97it/s]
Extract:  12%|#1        | 7/60 [00:01<00:14,  3.58it/s]
Extract:  13%|#3        | 8/60 [00:02<00:18,  2.77it/s]
Extract:  15%|#5        | 9/60 [00:02<00:18,  2.82it/s]
Extract:  17%|#6        | 10/60 [00:02<00:16,  3.03it/s]
Extract:  18%|#8        | 11/60 [00:03<00:16,  3.04it/s]
Extract:  20%|##        | 12/60 [00:03<00:22,  2.09it/s]
Extract:  22%|##1       | 13/60 [00:04<00:18,  2.55it/s]
Extract:  23%|##3       | 14/60 [00:04<00:21,  2.12it/s]
Extract:  25%|##5       | 15/60 [00:05<00:25,  1.79it/s]
Extract:  27%|##6       | 16/60 [00:05<00:20,  2.18it/s]
Extract:  30%|###       | 18/60 [00:05<00:11,  3.65it/s]
Extract:  33%|###3      | 20/60 [00:05<00:07,  5.15it/s]
Extract:  35%|###5      | 21/60 [00:06<00:12,  3.12it/s]
Extract:  37%|###6      | 22/60 [00:07<00:13,  2.85it/s]
Extract:  38%|###8      | 23/60 [00:07<00:13,  2.66it/s]
Extract:  40%|####      | 24/60 [00:07<00:11,  3.12it/s]
Extract:  43%|####3     | 26/60 [00:08<00:07,  4.34it/s]
Extract:  45%|####5     | 27/60 [00:08<00:12,  2.61it/s]
Extract:  47%|####6     | 28/60 [00:09<00:10,  3.06it/s]
Extract:  48%|####8     | 29/60 [00:09<00:09,  3.39it/s]
Extract:  50%|#####     | 30/60 [00:09<00:10,  2.83it/s]
Extract:  52%|#####1    | 31/60 [00:10<00:10,  2.79it/s]
Extract:  53%|#####3    | 32/60 [00:10<00:08,  3.27it/s]
Extract:  57%|#####6    | 34/60 [00:10<00:05,  4.62it/s]
Extract:  58%|#####8    | 35/60 [00:10<00:05,  4.96it/s]
Extract:  60%|######    | 36/60 [00:10<00:04,  5.67it/s]
Extract:  62%|######1   | 37/60 [00:11<00:05,  4.51it/s]
Extract:  63%|######3   | 38/60 [00:11<00:05,  4.36it/s]
Extract:  65%|######5   | 39/60 [00:11<00:04,  4.82it/s]
Extract:  67%|######6   | 40/60 [00:11<00:04,  4.20it/s]
Extract:  68%|######8   | 41/60 [00:12<00:04,  4.36it/s]
Extract:  70%|#######   | 42/60 [00:12<00:07,  2.37it/s]
Extract:  72%|#######1  | 43/60 [00:14<00:10,  1.60it/s]
Extract:  75%|#######5  | 45/60 [00:14<00:05,  2.67it/s]
Extract:  77%|#######6  | 46/60 [00:14<00:04,  3.13it/s]
Extract:  78%|#######8  | 47/60 [00:14<00:04,  3.25it/s]
Extract:  82%|########1 | 49/60 [00:14<00:02,  4.48it/s]
Extract:  83%|########3 | 50/60 [00:15<00:03,  2.57it/s]
Extract:  85%|########5 | 51/60 [00:16<00:04,  1.97it/s]
Extract:  87%|########6 | 52/60 [00:17<00:04,  1.68it/s]
Extract:  90%|######### | 54/60 [00:18<00:02,  2.19it/s]
Extract:  92%|#########1| 55/60 [00:18<00:02,  2.25it/s]
Extract:  93%|#########3| 56/60 [00:18<00:01,  2.65it/s]
Extract:  97%|#########6| 58/60 [00:19<00:00,  3.25it/s]
Extract:  98%|#########8| 59/60 [00:19<00:00,  3.35it/s]
Extract: 100%|##########| 60/60 [00:20<00:00,  2.35it/s]
Extract: 100%|##########| 60/60 [00:20<00:00,  2.98it/s]

Extract:   0%|          | 0/60 [00:00<?, ?it/s]
Extract:   3%|3         | 2/60 [00:00<00:05,  9.77it/s]
Extract:   5%|5         | 3/60 [00:00<00:08,  7.10it/s]
Extract:   7%|6         | 4/60 [00:00<00:10,  5.32it/s]
Extract:   8%|8         | 5/60 [00:00<00:10,  5.43it/s]
Extract:  10%|#         | 6/60 [00:00<00:09,  5.98it/s]
Extract:  12%|#1        | 7/60 [00:01<00:11,  4.45it/s]
Extract:  13%|#3        | 8/60 [00:01<00:15,  3.30it/s]
Extract:  15%|#5        | 9/60 [00:02<00:16,  3.12it/s]
Extract:  17%|#6        | 10/60 [00:02<00:15,  3.31it/s]
Extract:  18%|#8        | 11/60 [00:02<00:14,  3.38it/s]
Extract:  20%|##        | 12/60 [00:04<00:29,  1.64it/s]
Extract:  22%|##1       | 13/60 [00:04<00:23,  2.00it/s]
Extract:  23%|##3       | 14/60 [00:04<00:23,  1.93it/s]
Extract:  25%|##5       | 15/60 [00:05<00:25,  1.76it/s]
Extract:  27%|##6       | 16/60 [00:05<00:20,  2.13it/s]
Extract:  28%|##8       | 17/60 [00:05<00:15,  2.75it/s]
Extract:  32%|###1      | 19/60 [00:06<00:10,  3.94it/s]
Extract:  33%|###3      | 20/60 [00:06<00:09,  4.05it/s]
Extract:  35%|###5      | 21/60 [00:07<00:14,  2.73it/s]
Extract:  37%|###6      | 22/60 [00:07<00:13,  2.89it/s]
Extract:  38%|###8      | 23/60 [00:07<00:13,  2.71it/s]
Extract:  40%|####      | 24/60 [00:08<00:14,  2.42it/s]
Extract:  43%|####3     | 26/60 [00:08<00:10,  3.38it/s]
Extract:  45%|####5     | 27/60 [00:09<00:14,  2.32it/s]
Extract:  47%|####6     | 28/60 [00:09<00:11,  2.75it/s]
Extract:  48%|####8     | 29/60 [00:09<00:09,  3.22it/s]
Extract:  50%|#####     | 30/60 [00:10<00:09,  3.03it/s]
Extract:  52%|#####1    | 31/60 [00:10<00:09,  3.08it/s]
Extract:  53%|#####3    | 32/60 [00:10<00:07,  3.65it/s]
Extract:  57%|#####6    | 34/60 [00:10<00:05,  5.19it/s]
Extract:  58%|#####8    | 35/60 [00:11<00:04,  5.17it/s]
Extract:  62%|######1   | 37/60 [00:11<00:04,  5.37it/s]
Extract:  63%|######3   | 38/60 [00:11<00:03,  5.62it/s]
Extract:  67%|######6   | 40/60 [00:11<00:03,  6.18it/s]
Extract:  68%|######8   | 41/60 [00:11<00:03,  5.84it/s]
Extract:  70%|#######   | 42/60 [00:12<00:05,  3.40it/s]
Extract:  72%|#######1  | 43/60 [00:13<00:07,  2.35it/s]
Extract:  75%|#######5  | 45/60 [00:13<00:04,  3.52it/s]
Extract:  77%|#######6  | 46/60 [00:13<00:03,  3.87it/s]
Extract:  78%|#######8  | 47/60 [00:14<00:03,  3.80it/s]
Extract:  82%|########1 | 49/60 [00:14<00:02,  4.99it/s]
Extract:  83%|########3 | 50/60 [00:15<00:03,  2.80it/s]
Extract:  85%|########5 | 51/60 [00:16<00:04,  1.98it/s]
Extract:  87%|########6 | 52/60 [00:16<00:04,  1.76it/s]
Extract:  88%|########8 | 53/60 [00:17<00:03,  2.15it/s]
Extract:  90%|######### | 54/60 [00:18<00:03,  1.61it/s]
Extract:  92%|#########1| 55/60 [00:18<00:02,  1.79it/s]
Extract:  93%|#########3| 56/60 [00:18<00:01,  2.14it/s]
Extract:  95%|#########5| 57/60 [00:18<00:01,  2.74it/s]
Extract:  97%|#########6| 58/60 [00:19<00:00,  2.42it/s]
Extract:  98%|#########8| 59/60 [00:19<00:00,  2.53it/s]
Extract: 100%|##########| 60/60 [00:20<00:00,  2.17it/s]
Extract: 100%|##########| 60/60 [00:20<00:00,  2.94it/s]

Extract:   0%|          | 0/60 [00:00<?, ?it/s]
Extract:   3%|3         | 2/60 [00:00<00:05,  9.77it/s]
Extract:   5%|5         | 3/60 [00:00<00:08,  6.86it/s]
Extract:   7%|6         | 4/60 [00:00<00:12,  4.55it/s]
Extract:   8%|8         | 5/60 [00:01<00:14,  3.91it/s]
Extract:  10%|#         | 6/60 [00:01<00:12,  4.18it/s]
Extract:  12%|#1        | 7/60 [00:01<00:16,  3.12it/s]
Extract:  13%|#3        | 8/60 [00:02<00:20,  2.57it/s]
Extract:  15%|#5        | 9/60 [00:02<00:18,  2.73it/s]
Extract:  17%|#6        | 10/60 [00:02<00:17,  2.92it/s]
Extract:  18%|#8        | 11/60 [00:03<00:21,  2.30it/s]
Extract:  20%|##        | 12/60 [00:04<00:23,  2.09it/s]
Extract:  22%|##1       | 13/60 [00:04<00:17,  2.62it/s]
Extract:  23%|##3       | 14/60 [00:04<00:19,  2.31it/s]
Extract:  25%|##5       | 15/60 [00:05<00:19,  2.26it/s]
Extract:  27%|##6       | 16/60 [00:05<00:16,  2.70it/s]
Extract:  30%|###       | 18/60 [00:05<00:09,  4.36it/s]
Extract:  32%|###1      | 19/60 [00:05<00:08,  5.07it/s]
Extract:  35%|###5      | 21/60 [00:06<00:10,  3.67it/s]
Extract:  37%|###6      | 22/60 [00:06<00:11,  3.34it/s]
Extract:  38%|###8      | 23/60 [00:07<00:11,  3.24it/s]
Extract:  40%|####      | 24/60 [00:07<00:09,  3.69it/s]
Extract:  43%|####3     | 26/60 [00:07<00:06,  5.22it/s]
Extract:  45%|####5     | 27/60 [00:08<00:10,  3.29it/s]
Extract:  47%|####6     | 28/60 [00:08<00:08,  3.86it/s]
Extract:  48%|####8     | 29/60 [00:08<00:07,  4.19it/s]
Extract:  50%|#####     | 30/60 [00:08<00:06,  4.29it/s]
Extract:  52%|#####1    | 31/60 [00:09<00:07,  4.10it/s]
Extract:  55%|#####5    | 33/60 [00:09<00:04,  6.22it/s]
Extract:  58%|#####8    | 35/60 [00:09<00:03,  7.62it/s]
Extract:  62%|######1   | 37/60 [00:09<00:03,  7.53it/s]
Extract:  63%|######3   | 38/60 [00:09<00:03,  7.11it/s]
Extract:  67%|######6   | 40/60 [00:10<00:02,  7.54it/s]
Extract:  68%|######8   | 41/60 [00:10<00:02,  7.92it/s]
Extract:  70%|#######   | 42/60 [00:10<00:04,  3.95it/s]
Extract:  72%|#######1  | 43/60 [00:11<00:05,  3.16it/s]
Extract:  75%|#######5  | 45/60 [00:11<00:03,  4.74it/s]
Extract:  77%|#######6  | 46/60 [00:11<00:02,  5.35it/s]
Extract:  78%|#######8  | 47/60 [00:11<00:02,  4.77it/s]
Extract:  82%|########1 | 49/60 [00:11<00:01,  6.32it/s]
Extract:  83%|########3 | 50/60 [00:12<00:02,  3.71it/s]
Extract:  85%|########5 | 51/60 [00:13<00:02,  3.17it/s]
Extract:  87%|########6 | 52/60 [00:13<00:02,  2.88it/s]
Extract:  90%|######### | 54/60 [00:14<00:02,  2.96it/s]
Extract:  92%|#########1| 55/60 [00:14<00:01,  3.01it/s]
Extract:  93%|#########3| 56/60 [00:14<00:01,  3.47it/s]
Extract:  97%|#########6| 58/60 [00:15<00:00,  4.02it/s]
Extract:  98%|#########8| 59/60 [00:15<00:00,  3.86it/s]
Extract: 100%|##########| 60/60 [00:15<00:00,  3.13it/s]
Extract: 100%|##########| 60/60 [00:15<00:00,  3.79it/s]

Extract:   0%|          | 0/60 [00:00<?, ?it/s]
Extract:   3%|3         | 2/60 [00:00<00:05, 10.12it/s]
Extract:   7%|6         | 4/60 [00:00<00:15,  3.63it/s]
Extract:   8%|8         | 5/60 [00:01<00:14,  3.80it/s]
Extract:  10%|#         | 6/60 [00:01<00:13,  3.91it/s]
Extract:  12%|#1        | 7/60 [00:01<00:16,  3.27it/s]
Extract:  13%|#3        | 8/60 [00:02<00:18,  2.84it/s]
Extract:  15%|#5        | 9/60 [00:02<00:19,  2.67it/s]
Extract:  17%|#6        | 10/60 [00:03<00:18,  2.71it/s]
Extract:  18%|#8        | 11/60 [00:03<00:20,  2.38it/s]
Extract:  20%|##        | 12/60 [00:04<00:27,  1.77it/s]
Extract:  22%|##1       | 13/60 [00:04<00:21,  2.19it/s]
Extract:  23%|##3       | 14/60 [00:05<00:23,  1.99it/s]
Extract:  25%|##5       | 15/60 [00:06<00:24,  1.81it/s]
Extract:  27%|##6       | 16/60 [00:06<00:22,  1.92it/s]
Extract:  30%|###       | 18/60 [00:06<00:13,  3.19it/s]
Extract:  33%|###3      | 20/60 [00:06<00:09,  4.35it/s]
Extract:  35%|###5      | 21/60 [00:07<00:14,  2.67it/s]
Extract:  37%|###6      | 22/60 [00:08<00:14,  2.64it/s]
Extract:  38%|###8      | 23/60 [00:08<00:14,  2.49it/s]
Extract:  40%|####      | 24/60 [00:08<00:12,  2.87it/s]
Extract:  43%|####3     | 26/60 [00:09<00:08,  4.15it/s]
Extract:  45%|####5     | 27/60 [00:09<00:13,  2.43it/s]
Extract:  47%|####6     | 28/60 [00:10<00:11,  2.86it/s]
Extract:  48%|####8     | 29/60 [00:10<00:09,  3.17it/s]
Extract:  50%|#####     | 30/60 [00:10<00:09,  3.04it/s]
Extract:  52%|#####1    | 31/60 [00:11<00:11,  2.62it/s]
Extract:  53%|#####3    | 32/60 [00:11<00:08,  3.14it/s]
Extract:  57%|#####6    | 34/60 [00:11<00:05,  4.80it/s]
Extract:  58%|#####8    | 35/60 [00:11<00:04,  5.25it/s]
Extract:  60%|######    | 36/60 [00:11<00:04,  5.89it/s]
Extract:  62%|######1   | 37/60 [00:12<00:05,  4.41it/s]
Extract:  63%|######3   | 38/60 [00:12<00:04,  4.56it/s]
Extract:  67%|######6   | 40/60 [00:12<00:04,  4.74it/s]
Extract:  68%|######8   | 41/60 [00:12<00:03,  4.87it/s]
Extract:  70%|#######   | 42/60 [00:13<00:06,  2.71it/s]
Extract:  72%|#######1  | 43/60 [00:14<00:07,  2.28it/s]
Extract:  75%|#######5  | 45/60 [00:14<00:04,  3.58it/s]
Extract:  77%|#######6  | 46/60 [00:14<00:03,  3.80it/s]
Extract:  78%|#######8  | 47/60 [00:15<00:03,  3.45it/s]
Extract:  82%|########1 | 49/60 [00:15<00:02,  4.59it/s]
Extract:  83%|########3 | 50/60 [00:16<00:03,  2.80it/s]
Extract:  85%|########5 | 51/60 [00:16<00:03,  2.55it/s]
Extract:  87%|########6 | 52/60 [00:17<00:03,  2.06it/s]
Extract:  88%|########8 | 53/60 [00:17<00:02,  2.54it/s]
Extract:  90%|######### | 54/60 [00:18<00:02,  2.25it/s]
Extract:  92%|#########1| 55/60 [00:18<00:02,  2.04it/s]
Extract:  93%|#########3| 56/60 [00:18<00:01,  2.48it/s]
Extract:  95%|#########5| 57/60 [00:19<00:00,  3.12it/s]
Extract:  97%|#########6| 58/60 [00:19<00:00,  2.86it/s]
Extract:  98%|#########8| 59/60 [00:19<00:00,  2.90it/s]
Extract: 100%|##########| 60/60 [00:20<00:00,  2.53it/s]
Extract: 100%|##########| 60/60 [00:20<00:00,  2.95it/s]

Extract:   0%|          | 0/60 [00:00<?, ?it/s]
Extract:   3%|3         | 2/60 [00:00<00:05, 10.33it/s]
Extract:   7%|6         | 4/60 [00:00<00:11,  4.89it/s]
Extract:   8%|8         | 5/60 [00:00<00:11,  4.71it/s]
Extract:  10%|#         | 6/60 [00:01<00:10,  4.94it/s]
Extract:  12%|#1        | 7/60 [00:01<00:15,  3.50it/s]
Extract:  13%|#3        | 8/60 [00:02<00:17,  3.05it/s]
Extract:  15%|#5        | 9/60 [00:02<00:18,  2.83it/s]
Extract:  17%|#6        | 10/60 [00:02<00:16,  2.98it/s]
Extract:  18%|#8        | 11/60 [00:03<00:18,  2.66it/s]
Extract:  20%|##        | 12/60 [00:03<00:21,  2.22it/s]
Extract:  22%|##1       | 13/60 [00:04<00:17,  2.74it/s]
Extract:  23%|##3       | 14/60 [00:05<00:26,  1.73it/s]
Extract:  25%|##5       | 15/60 [00:06<00:33,  1.34it/s]
Extract:  27%|##6       | 16/60 [00:06<00:28,  1.55it/s]
Extract:  28%|##8       | 17/60 [00:06<00:23,  1.86it/s]
Extract:  30%|###       | 18/60 [00:07<00:17,  2.41it/s]
Extract:  32%|###1      | 19/60 [00:07<00:14,  2.91it/s]
Extract:  33%|###3      | 20/60 [00:07<00:10,  3.69it/s]
Extract:  35%|###5      | 21/60 [00:08<00:17,  2.23it/s]
Extract:  37%|###6      | 22/60 [00:08<00:15,  2.43it/s]
Extract:  38%|###8      | 23/60 [00:08<00:14,  2.57it/s]
Extract:  40%|####      | 24/60 [00:09<00:11,  3.04it/s]
Extract:  43%|####3     | 26/60 [00:09<00:07,  4.42it/s]
Extract:  45%|####5     | 27/60 [00:09<00:10,  3.05it/s]
Extract:  47%|####6     | 28/60 [00:10<00:08,  3.66it/s]
Extract:  48%|####8     | 29/60 [00:10<00:07,  3.91it/s]
Extract:  50%|#####     | 30/60 [00:10<00:08,  3.75it/s]
Extract:  52%|#####1    | 31/60 [00:10<00:08,  3.47it/s]
Extract:  53%|#####3    | 32/60 [00:11<00:06,  4.13it/s]
Extract:  55%|#####5    | 33/60 [00:11<00:05,  4.55it/s]
Extract:  57%|#####6    | 34/60 [00:11<00:04,  5.41it/s]
Extract:  58%|#####8    | 35/60 [00:11<00:04,  5.88it/s]
Extract:  60%|######    | 36/60 [00:11<00:04,  5.80it/s]
Extract:  62%|######1   | 37/60 [00:11<00:04,  4.81it/s]
Extract:  63%|######3   | 38/60 [00:12<00:04,  4.68it/s]
Extract:  67%|######6   | 40/60 [00:12<00:04,  4.53it/s]
Extract:  68%|######8   | 41/60 [00:12<00:04,  4.50it/s]
Extract:  70%|#######   | 42/60 [00:13<00:06,  2.83it/s]
Extract:  72%|#######1  | 43/60 [00:14<00:07,  2.31it/s]
Extract:  75%|#######5  | 45/60 [00:14<00:04,  3.58it/s]
Extract:  77%|#######6  | 46/60 [00:14<00:03,  3.96it/s]
Extract:  78%|#######8  | 47/60 [00:15<00:04,  3.16it/s]
Extract:  82%|########1 | 49/60 [00:15<00:02,  4.48it/s]
Extract:  83%|########3 | 50/60 [00:15<00:03,  3.09it/s]
Extract:  85%|########5 | 51/60 [00:16<00:03,  2.62it/s]
Extract:  87%|########6 | 52/60 [00:16<00:02,  2.72it/s]
Extract:  90%|######### | 54/60 [00:17<00:01,  3.30it/s]
Extract:  92%|#########1| 55/60 [00:17<00:01,  3.31it/s]
Extract:  93%|#########3| 56/60 [00:17<00:01,  3.71it/s]
Extract:  97%|#########6| 58/60 [00:18<00:00,  4.20it/s]
Extract:  98%|#########8| 59/60 [00:18<00:00,  4.18it/s]
Extract: 100%|##########| 60/60 [00:18<00:00,  3.78it/s]
Extract: 100%|##########| 60/60 [00:18<00:00,  3.22it/s]

Extract:   0%|          | 0/60 [00:00<?, ?it/s]
Extract:   3%|3         | 2/60 [00:00<00:06,  9.43it/s]
Extract:   5%|5         | 3/60 [00:00<00:07,  7.36it/s]
Extract:   7%|6         | 4/60 [00:00<00:11,  4.81it/s]
Extract:   8%|8         | 5/60 [00:00<00:11,  4.96it/s]
Extract:  10%|#         | 6/60 [00:01<00:10,  5.33it/s]
Extract:  12%|#1        | 7/60 [00:01<00:13,  3.94it/s]
Extract:  13%|#3        | 8/60 [00:01<00:15,  3.40it/s]
Extract:  15%|#5        | 9/60 [00:02<00:15,  3.20it/s]
Extract:  17%|#6        | 10/60 [00:02<00:15,  3.18it/s]
Extract:  18%|#8        | 11/60 [00:02<00:15,  3.21it/s]
Extract:  20%|##        | 12/60 [00:03<00:20,  2.32it/s]
Extract:  22%|##1       | 13/60 [00:03<00:17,  2.65it/s]
Extract:  23%|##3       | 14/60 [00:04<00:21,  2.12it/s]
Extract:  25%|##5       | 15/60 [00:05<00:22,  1.96it/s]
Extract:  27%|##6       | 16/60 [00:05<00:17,  2.49it/s]
Extract:  30%|###       | 18/60 [00:05<00:10,  4.09it/s]
Extract:  33%|###3      | 20/60 [00:05<00:07,  5.61it/s]
Extract:  35%|###5      | 21/60 [00:05<00:09,  4.05it/s]
Extract:  37%|###6      | 22/60 [00:06<00:11,  3.43it/s]
Extract:  38%|###8      | 23/60 [00:06<00:11,  3.21it/s]
Extract:  40%|####      | 24/60 [00:06<00:09,  3.76it/s]
Extract:  43%|####3     | 26/60 [00:07<00:06,  5.19it/s]
Extract:  45%|####5     | 27/60 [00:07<00:09,  3.32it/s]
Extract:  47%|####6     | 28/60 [00:07<00:08,  3.87it/s]
Extract:  48%|####8     | 29/60 [00:08<00:07,  4.25it/s]
Extract:  50%|#####     | 30/60 [00:08<00:07,  4.14it/s]
Extract:  52%|#####1    | 31/60 [00:08<00:08,  3.51it/s]
Extract:  53%|#####3    | 32/60 [00:08<00:07,  3.75it/s]
Extract:  57%|#####6    | 34/60 [00:09<00:04,  5.68it/s]
Extract:  58%|#####8    | 35/60 [00:09<00:04,  6.17it/s]
Extract:  62%|######1   | 37/60 [00:09<00:04,  5.72it/s]
Extract:  63%|######3   | 38/60 [00:09<00:03,  5.85it/s]
Extract:  67%|######6   | 40/60 [00:09<00:02,  7.06it/s]
Extract:  68%|######8   | 41/60 [00:10<00:02,  6.89it/s]
Extract:  70%|#######   | 42/60 [00:10<00:04,  3.99it/s]
Extract:  72%|#######1  | 43/60 [00:11<00:05,  2.91it/s]
Extract:  75%|#######5  | 45/60 [00:11<00:03,  4.48it/s]
Extract:  77%|#######6  | 46/60 [00:11<00:02,  5.02it/s]
Extract:  78%|#######8  | 47/60 [00:11<00:03,  4.33it/s]
Extract:  82%|########1 | 49/60 [00:12<00:01,  5.74it/s]
Extract:  83%|########3 | 50/60 [00:12<00:02,  3.86it/s]
Extract:  85%|########5 | 51/60 [00:13<00:02,  3.30it/s]
Extract:  87%|########6 | 52/60 [00:13<00:02,  3.02it/s]
Extract:  90%|######### | 54/60 [00:14<00:02,  2.97it/s]
Extract:  92%|#########1| 55/60 [00:14<00:01,  2.94it/s]
Extract:  93%|#########3| 56/60 [00:14<00:01,  3.41it/s]
Extract:  97%|#########6| 58/60 [00:15<00:00,  3.96it/s]
Extract:  98%|#########8| 59/60 [00:15<00:00,  3.84it/s]
Extract: 100%|##########| 60/60 [00:15<00:00,  3.07it/s]
Extract: 100%|##########| 60/60 [00:15<00:00,  3.79it/s]

Extract:   0%|          | 0/60 [00:00<?, ?it/s]
Extract:   3%|3         | 2/60 [00:00<00:03, 15.14it/s]
Extract:   7%|6         | 4/60 [00:00<00:09,  5.67it/s]
Extract:   8%|8         | 5/60 [00:00<00:10,  5.22it/s]
Extract:  10%|#         | 6/60 [00:01<00:12,  4.36it/s]
Extract:  12%|#1        | 7/60 [00:01<00:15,  3.53it/s]
Extract:  13%|#3        | 8/60 [00:02<00:17,  2.95it/s]
Extract:  15%|#5        | 9/60 [00:02<00:17,  2.99it/s]
Extract:  17%|#6        | 10/60 [00:02<00:15,  3.24it/s]
Extract:  18%|#8        | 11/60 [00:02<00:14,  3.34it/s]
Extract:  20%|##        | 12/60 [00:03<00:18,  2.62it/s]
Extract:  22%|##1       | 13/60 [00:03<00:14,  3.29it/s]
Extract:  23%|##3       | 14/60 [00:03<00:14,  3.07it/s]
Extract:  25%|##5       | 15/60 [00:04<00:18,  2.48it/s]
Extract:  27%|##6       | 16/60 [00:04<00:14,  3.04it/s]
Extract:  30%|###       | 18/60 [00:04<00:08,  4.91it/s]
Extract:  33%|###3      | 20/60 [00:04<00:05,  6.69it/s]
Extract:  37%|###6      | 22/60 [00:05<00:08,  4.51it/s]
Extract:  38%|###8      | 23/60 [00:05<00:08,  4.50it/s]
Extract:  40%|####      | 24/60 [00:06<00:07,  5.08it/s]
Extract:  43%|####3     | 26/60 [00:06<00:04,  7.08it/s]
Extract:  47%|####6     | 28/60 [00:06<00:07,  4.54it/s]
Extract:  48%|####8     | 29/60 [00:06<00:06,  4.97it/s]
Extract:  50%|#####     | 30/60 [00:07<00:05,  5.00it/s]
Extract:  52%|#####1    | 31/60 [00:07<00:05,  5.19it/s]
Extract:  53%|#####3    | 32/60 [00:07<00:04,  5.81it/s]
Extract:  57%|#####6    | 34/60 [00:07<00:03,  8.21it/s]
Extract:  60%|######    | 36/60 [00:07<00:02,  9.00it/s]
Extract:  63%|######3   | 38/60 [00:08<00:02,  7.69it/s]
Extract:  67%|######6   | 40/60 [00:08<00:02,  8.60it/s]
Extract:  68%|######8   | 41/60 [00:08<00:02,  8.75it/s]
Extract:  70%|#######   | 42/60 [00:08<00:03,  4.82it/s]
Extract:  72%|#######1  | 43/60 [00:09<00:04,  3.47it/s]
Extract:  75%|#######5  | 45/60 [00:09<00:02,  5.09it/s]
Extract:  77%|#######6  | 46/60 [00:09<00:02,  5.68it/s]
Extract:  78%|#######8  | 47/60 [00:09<00:02,  5.32it/s]
Extract:  82%|########1 | 49/60 [00:10<00:01,  7.32it/s]
Extract:  85%|########5 | 51/60 [00:11<00:02,  3.43it/s]
Extract:  87%|########6 | 52/60 [00:11<00:02,  3.24it/s]
Extract:  90%|######### | 54/60 [00:11<00:01,  4.08it/s]
Extract:  92%|#########1| 55/60 [00:12<00:01,  3.94it/s]
Extract:  95%|#########5| 57/60 [00:12<00:00,  5.42it/s]
Extract:  97%|#########6| 58/60 [00:12<00:00,  5.48it/s]
Extract:  98%|#########8| 59/60 [00:12<00:00,  5.92it/s]
Extract: 100%|##########| 60/60 [00:12<00:00,  5.43it/s]
Extract: 100%|##########| 60/60 [00:12<00:00,  4.71it/s]

Extract:   0%|          | 0/60 [00:00<?, ?it/s]
Extract:   3%|3         | 2/60 [00:00<00:04, 11.73it/s]
Extract:   7%|6         | 4/60 [00:00<00:09,  5.81it/s]
Extract:   8%|8         | 5/60 [00:00<00:08,  6.12it/s]
Extract:  10%|#         | 6/60 [00:00<00:09,  5.59it/s]
Extract:  12%|#1        | 7/60 [00:01<00:11,  4.44it/s]
Extract:  13%|#3        | 8/60 [00:01<00:13,  3.87it/s]
Extract:  15%|#5        | 9/60 [00:01<00:14,  3.56it/s]
Extract:  17%|#6        | 10/60 [00:02<00:14,  3.54it/s]
Extract:  18%|#8        | 11/60 [00:02<00:12,  3.83it/s]
Extract:  20%|##        | 12/60 [00:02<00:15,  3.10it/s]
Extract:  22%|##1       | 13/60 [00:03<00:13,  3.50it/s]
Extract:  23%|##3       | 14/60 [00:03<00:18,  2.51it/s]
Extract:  25%|##5       | 15/60 [00:04<00:20,  2.24it/s]
Extract:  27%|##6       | 16/60 [00:04<00:16,  2.73it/s]
Extract:  32%|###1      | 19/60 [00:04<00:07,  5.32it/s]
Extract:  35%|###5      | 21/60 [00:05<00:09,  4.26it/s]
Extract:  37%|###6      | 22/60 [00:05<00:08,  4.30it/s]
Extract:  38%|###8      | 23/60 [00:05<00:09,  3.97it/s]
Extract:  40%|####      | 24/60 [00:06<00:08,  4.33it/s]
Extract:  43%|####3     | 26/60 [00:06<00:06,  5.62it/s]
Extract:  45%|####5     | 27/60 [00:06<00:09,  3.60it/s]
Extract:  48%|####8     | 29/60 [00:07<00:06,  4.60it/s]
Extract:  50%|#####     | 30/60 [00:07<00:06,  4.45it/s]
Extract:  52%|#####1    | 31/60 [00:07<00:06,  4.20it/s]
Extract:  53%|#####3    | 32/60 [00:07<00:05,  4.85it/s]
Extract:  58%|#####8    | 35/60 [00:07<00:03,  7.66it/s]
Extract:  62%|######1   | 37/60 [00:08<00:03,  7.39it/s]
Extract:  63%|######3   | 38/60 [00:08<00:03,  6.84it/s]
Extract:  67%|######6   | 40/60 [00:08<00:02,  7.97it/s]
Extract:  68%|######8   | 41/60 [00:08<00:02,  7.91it/s]
Extract:  70%|#######   | 42/60 [00:09<00:03,  4.51it/s]
Extract:  72%|#######1  | 43/60 [00:09<00:05,  3.07it/s]
Extract:  75%|#######5  | 45/60 [00:10<00:03,  4.69it/s]
Extract:  78%|#######8  | 47/60 [00:10<00:02,  5.37it/s]
Extract:  82%|########1 | 49/60 [00:10<00:01,  6.75it/s]
Extract:  85%|########5 | 51/60 [00:11<00:02,  4.34it/s]
Extract:  87%|########6 | 52/60 [00:11<00:02,  3.92it/s]
Extract:  90%|######### | 54/60 [00:12<00:01,  3.86it/s]
Extract:  92%|#########1| 55/60 [00:12<00:01,  3.77it/s]
Extract:  93%|#########3| 56/60 [00:12<00:00,  4.14it/s]
Extract:  97%|#########6| 58/60 [00:13<00:00,  4.34it/s]
Extract:  98%|#########8| 59/60 [00:13<00:00,  4.19it/s]
Extract: 100%|##########| 60/60 [00:13<00:00,  3.39it/s]
Extract: 100%|##########| 60/60 [00:13<00:00,  4.35it/s]

Extract:   0%|          | 0/60 [00:00<?, ?it/s]
Extract:   3%|3         | 2/60 [00:00<00:05, 11.16it/s]
Extract:   7%|6         | 4/60 [00:00<00:07,  7.24it/s]
Extract:   8%|8         | 5/60 [00:00<00:09,  6.07it/s]
Extract:  10%|#         | 6/60 [00:00<00:08,  6.30it/s]
Extract:  12%|#1        | 7/60 [00:01<00:11,  4.81it/s]
Extract:  13%|#3        | 8/60 [00:01<00:12,  4.07it/s]
Extract:  15%|#5        | 9/60 [00:01<00:13,  3.78it/s]
Extract:  17%|#6        | 10/60 [00:02<00:12,  3.89it/s]
Extract:  18%|#8        | 11/60 [00:02<00:11,  4.42it/s]
Extract:  20%|##        | 12/60 [00:02<00:12,  3.73it/s]
Extract:  22%|##1       | 13/60 [00:02<00:10,  4.53it/s]
Extract:  23%|##3       | 14/60 [00:03<00:11,  3.87it/s]
Extract:  25%|##5       | 15/60 [00:03<00:17,  2.59it/s]
Extract:  27%|##6       | 16/60 [00:03<00:13,  3.25it/s]
Extract:  32%|###1      | 19/60 [00:04<00:06,  5.89it/s]
Extract:  33%|###3      | 20/60 [00:04<00:06,  6.42it/s]
Extract:  35%|###5      | 21/60 [00:04<00:09,  3.93it/s]
Extract:  37%|###6      | 22/60 [00:05<00:09,  3.92it/s]
Extract:  38%|###8      | 23/60 [00:05<00:09,  3.73it/s]
Extract:  40%|####      | 24/60 [00:05<00:08,  4.27it/s]
Extract:  43%|####3     | 26/60 [00:05<00:05,  6.49it/s]
Extract:  45%|####5     | 27/60 [00:06<00:08,  3.77it/s]
Extract:  47%|####6     | 28/60 [00:06<00:07,  4.39it/s]
Extract:  48%|####8     | 29/60 [00:06<00:06,  4.94it/s]
Extract:  50%|#####     | 30/60 [00:06<00:06,  4.98it/s]
Extract:  52%|#####1    | 31/60 [00:06<00:06,  4.36it/s]
Extract:  55%|#####5    | 33/60 [00:07<00:04,  6.64it/s]
Extract:  58%|#####8    | 35/60 [00:07<00:03,  8.22it/s]
Extract:  62%|######1   | 37/60 [00:07<00:02,  8.03it/s]
Extract:  63%|######3   | 38/60 [00:07<00:02,  8.09it/s]
Extract:  67%|######6   | 40/60 [00:07<00:02,  8.80it/s]
Extract:  68%|######8   | 41/60 [00:07<00:02,  8.45it/s]
Extract:  70%|#######   | 42/60 [00:08<00:03,  4.59it/s]
Extract:  72%|#######1  | 43/60 [00:09<00:05,  3.35it/s]
Extract:  75%|#######5  | 45/60 [00:09<00:03,  4.98it/s]
Extract:  78%|#######8  | 47/60 [00:09<00:02,  5.30it/s]
Extract:  82%|########1 | 49/60 [00:09<00:01,  6.91it/s]
Extract:  85%|########5 | 51/60 [00:10<00:02,  3.99it/s]
Extract:  87%|########6 | 52/60 [00:10<00:02,  3.56it/s]
Extract:  90%|######### | 54/60 [00:11<00:01,  3.86it/s]
Extract:  92%|#########1| 55/60 [00:11<00:01,  3.80it/s]
Extract:  93%|#########3| 56/60 [00:11<00:01,  3.90it/s]
Extract:  97%|#########6| 58/60 [00:12<00:00,  4.44it/s]
Extract:  98%|#########8| 59/60 [00:12<00:00,  4.37it/s]
Extract: 100%|##########| 60/60 [00:12<00:00,  3.80it/s]
Extract: 100%|##########| 60/60 [00:12<00:00,  4.67it/s]

Extract:   0%|          | 0/60 [00:00<?, ?it/s]
Extract:   3%|3         | 2/60 [00:00<00:04, 13.92it/s]
Extract:   7%|6         | 4/60 [00:00<00:08,  6.22it/s]
Extract:   8%|8         | 5/60 [00:00<00:08,  6.39it/s]
Extract:  10%|#         | 6/60 [00:00<00:08,  6.21it/s]
Extract:  12%|#1        | 7/60 [00:01<00:11,  4.70it/s]
Extract:  13%|#3        | 8/60 [00:01<00:12,  4.13it/s]
Extract:  15%|#5        | 9/60 [00:01<00:14,  3.57it/s]
Extract:  17%|#6        | 10/60 [00:02<00:14,  3.51it/s]
Extract:  18%|#8        | 11/60 [00:02<00:12,  3.78it/s]
Extract:  20%|##        | 12/60 [00:02<00:16,  2.98it/s]
Extract:  22%|##1       | 13/60 [00:03<00:14,  3.30it/s]
Extract:  23%|##3       | 14/60 [00:03<00:17,  2.65it/s]
Extract:  25%|##5       | 15/60 [00:04<00:18,  2.43it/s]
Extract:  27%|##6       | 16/60 [00:04<00:14,  2.94it/s]
Extract:  32%|###1      | 19/60 [00:04<00:07,  5.65it/s]
Extract:  35%|###5      | 21/60 [00:05<00:08,  4.35it/s]
Extract:  37%|###6      | 22/60 [00:05<00:08,  4.41it/s]
Extract:  38%|###8      | 23/60 [00:05<00:08,  4.25it/s]
Extract:  40%|####      | 24/60 [00:05<00:07,  4.60it/s]
Extract:  43%|####3     | 26/60 [00:06<00:05,  6.03it/s]
Extract:  45%|####5     | 27/60 [00:06<00:08,  4.10it/s]
Extract:  48%|####8     | 29/60 [00:06<00:05,  5.17it/s]
Extract:  50%|#####     | 30/60 [00:06<00:05,  5.18it/s]
Extract:  52%|#####1    | 31/60 [00:07<00:07,  3.72it/s]
Extract:  53%|#####3    | 32/60 [00:07<00:06,  4.34it/s]
Extract:  57%|#####6    | 34/60 [00:07<00:04,  6.08it/s]
Extract:  58%|#####8    | 35/60 [00:07<00:03,  6.64it/s]
Extract:  62%|######1   | 37/60 [00:08<00:03,  6.39it/s]
Extract:  63%|######3   | 38/60 [00:08<00:03,  6.02it/s]
Extract:  67%|######6   | 40/60 [00:08<00:03,  6.56it/s]
Extract:  68%|######8   | 41/60 [00:08<00:02,  6.63it/s]
Extract:  70%|#######   | 42/60 [00:09<00:04,  3.61it/s]
Extract:  72%|#######1  | 43/60 [00:09<00:05,  3.02it/s]
Extract:  75%|#######5  | 45/60 [00:10<00:03,  4.66it/s]
Extract:  78%|#######8  | 47/60 [00:10<00:02,  5.20it/s]
Extract:  82%|########1 | 49/60 [00:10<00:01,  6.75it/s]
Extract:  85%|########5 | 51/60 [00:11<00:02,  3.86it/s]
Extract:  87%|########6 | 52/60 [00:11<00:02,  3.56it/s]
Extract:  90%|######### | 54/60 [00:12<00:01,  3.88it/s]
Extract:  92%|#########1| 55/60 [00:12<00:01,  3.77it/s]
Extract:  93%|#########3| 56/60 [00:12<00:00,  4.19it/s]
Extract:  97%|#########6| 58/60 [00:13<00:00,  4.71it/s]
Extract:  98%|#########8| 59/60 [00:13<00:00,  4.60it/s]
Extract: 100%|##########| 60/60 [00:13<00:00,  3.60it/s]
Extract: 100%|##########| 60/60 [00:13<00:00,  4.37it/s]
