STDOUT

[RUN] baseline

[RUN] higher_quality_wave

[RUN] pullback_conservative

[RUN] faster_rotation

[RUN] tighter_quality

[RUN] auto_006

[RUN] auto_007

[RUN] auto_008

[RUN] auto_009

[RUN] auto_010

[RUN] auto_011

[RUN] auto_012

[RUN] auto_013

[RUN] auto_014

[RUN] auto_015

[RUN] auto_016

[RUN] auto_017

[RUN] auto_018

[RUN] auto_019

[RUN] auto_020

[RUN] auto_021

[RUN] auto_022

[RUN] auto_023

[RUN] auto_024

[RUN] auto_025

[RUN] auto_026

[RUN] auto_027

[RUN] auto_028

[RUN] auto_029

[RUN] auto_030

[DONE]
Summary: output\p3_edge_research\overnight\batch_024\summary.csv
Details: output\p3_edge_research\overnight\batch_024\details.json


STDERR

Extract:   0%|          | 0/60 [00:00<?, ?it/s]
Extract:   2%|1         | 1/60 [00:00<00:30,  1.96it/s]
Extract:   3%|3         | 2/60 [00:00<00:20,  2.87it/s]
Extract:   5%|5         | 3/60 [00:01<00:27,  2.10it/s]
Extract:   7%|6         | 4/60 [00:02<00:32,  1.70it/s]
Extract:   8%|8         | 5/60 [00:02<00:27,  2.02it/s]
Extract:  10%|#         | 6/60 [00:02<00:23,  2.33it/s]
Extract:  12%|#1        | 7/60 [00:03<00:24,  2.14it/s]
Extract:  13%|#3        | 8/60 [00:03<00:25,  2.06it/s]
Extract:  15%|#5        | 9/60 [00:04<00:25,  2.03it/s]
Extract:  17%|#6        | 10/60 [00:04<00:21,  2.28it/s]
Extract:  18%|#8        | 11/60 [00:05<00:21,  2.23it/s]
Extract:  20%|##        | 12/60 [00:06<00:33,  1.45it/s]
Extract:  22%|##1       | 13/60 [00:06<00:25,  1.82it/s]
Extract:  23%|##3       | 14/60 [00:07<00:28,  1.64it/s]
Extract:  25%|##5       | 15/60 [00:07<00:28,  1.61it/s]
Extract:  27%|##6       | 16/60 [00:08<00:21,  2.02it/s]
Extract:  28%|##8       | 17/60 [00:08<00:16,  2.61it/s]
Extract:  32%|###1      | 19/60 [00:08<00:10,  4.04it/s]
Extract:  33%|###3      | 20/60 [00:08<00:08,  4.57it/s]
Extract:  35%|###5      | 21/60 [00:09<00:18,  2.05it/s]
Extract:  37%|###6      | 22/60 [00:10<00:19,  1.98it/s]
Extract:  38%|###8      | 23/60 [00:10<00:18,  1.99it/s]
Extract:  40%|####      | 24/60 [00:11<00:15,  2.32it/s]
Extract:  43%|####3     | 26/60 [00:11<00:10,  3.26it/s]
Extract:  45%|####5     | 27/60 [00:12<00:17,  1.86it/s]
Extract:  47%|####6     | 28/60 [00:12<00:14,  2.19it/s]
Extract:  48%|####8     | 29/60 [00:13<00:13,  2.37it/s]
Extract:  50%|#####     | 30/60 [00:13<00:12,  2.43it/s]
Extract:  52%|#####1    | 31/60 [00:14<00:12,  2.34it/s]
Extract:  53%|#####3    | 32/60 [00:14<00:10,  2.78it/s]
Extract:  57%|#####6    | 34/60 [00:14<00:06,  4.10it/s]
Extract:  58%|#####8    | 35/60 [00:15<00:07,  3.20it/s]
Extract:  60%|######    | 36/60 [00:15<00:06,  3.87it/s]
Extract:  62%|######1   | 37/60 [00:15<00:06,  3.37it/s]
Extract:  63%|######3   | 38/60 [00:15<00:06,  3.57it/s]
Extract:  67%|######6   | 40/60 [00:16<00:04,  4.27it/s]
Extract:  68%|######8   | 41/60 [00:16<00:04,  4.28it/s]
Extract:  70%|#######   | 42/60 [00:17<00:07,  2.57it/s]
Extract:  72%|#######1  | 43/60 [00:18<00:09,  1.88it/s]
Extract:  73%|#######3  | 44/60 [00:18<00:07,  2.27it/s]
Extract:  77%|#######6  | 46/60 [00:18<00:04,  3.32it/s]
Extract:  78%|#######8  | 47/60 [00:18<00:04,  3.13it/s]
Extract:  82%|########1 | 49/60 [00:19<00:03,  3.64it/s]
Extract:  83%|########3 | 50/60 [00:20<00:04,  2.48it/s]
Extract:  85%|########5 | 51/60 [00:20<00:04,  2.17it/s]
Extract:  87%|########6 | 52/60 [00:21<00:04,  1.76it/s]
Extract:  88%|########8 | 53/60 [00:22<00:03,  2.05it/s]
Extract:  90%|######### | 54/60 [00:22<00:03,  1.91it/s]
Extract:  92%|#########1| 55/60 [00:23<00:02,  1.94it/s]
Extract:  93%|#########3| 56/60 [00:23<00:01,  2.26it/s]
Extract:  95%|#########5| 57/60 [00:24<00:01,  1.83it/s]
Extract:  97%|#########6| 58/60 [00:24<00:01,  1.90it/s]
Extract:  98%|#########8| 59/60 [00:25<00:00,  2.03it/s]
Extract: 100%|##########| 60/60 [00:25<00:00,  1.65it/s]
Extract: 100%|##########| 60/60 [00:25<00:00,  2.31it/s]

Extract:   0%|          | 0/60 [00:00<?, ?it/s]
Extract:   2%|1         | 1/60 [00:00<00:06,  8.62it/s]
Extract:   3%|3         | 2/60 [00:00<00:08,  6.79it/s]
Extract:   5%|5         | 3/60 [00:00<00:10,  5.52it/s]
Extract:   7%|6         | 4/60 [00:00<00:15,  3.65it/s]
Extract:   8%|8         | 5/60 [00:01<00:15,  3.62it/s]
Extract:  10%|#         | 6/60 [00:01<00:14,  3.76it/s]
Extract:  12%|#1        | 7/60 [00:02<00:19,  2.69it/s]
Extract:  13%|#3        | 8/60 [00:02<00:24,  2.16it/s]
Extract:  15%|#5        | 9/60 [00:03<00:22,  2.24it/s]
Extract:  17%|#6        | 10/60 [00:03<00:21,  2.28it/s]
Extract:  18%|#8        | 11/60 [00:03<00:20,  2.42it/s]
Extract:  20%|##        | 12/60 [00:04<00:24,  1.92it/s]
Extract:  22%|##1       | 13/60 [00:04<00:20,  2.34it/s]
Extract:  23%|##3       | 14/60 [00:05<00:22,  2.06it/s]
Extract:  25%|##5       | 15/60 [00:06<00:28,  1.56it/s]
Extract:  27%|##6       | 16/60 [00:06<00:23,  1.87it/s]
Extract:  30%|###       | 18/60 [00:06<00:13,  3.10it/s]
Extract:  33%|###3      | 20/60 [00:07<00:09,  4.29it/s]
Extract:  35%|###5      | 21/60 [00:07<00:14,  2.75it/s]
Extract:  37%|###6      | 22/60 [00:08<00:13,  2.72it/s]
Extract:  38%|###8      | 23/60 [00:08<00:14,  2.49it/s]
Extract:  40%|####      | 24/60 [00:09<00:12,  2.79it/s]
Extract:  43%|####3     | 26/60 [00:09<00:09,  3.76it/s]
Extract:  45%|####5     | 27/60 [00:10<00:14,  2.27it/s]
Extract:  47%|####6     | 28/60 [00:10<00:11,  2.67it/s]
Extract:  48%|####8     | 29/60 [00:10<00:10,  2.97it/s]
Extract:  50%|#####     | 30/60 [00:11<00:10,  2.91it/s]
Extract:  52%|#####1    | 31/60 [00:11<00:10,  2.74it/s]
Extract:  53%|#####3    | 32/60 [00:11<00:08,  3.26it/s]
Extract:  57%|#####6    | 34/60 [00:11<00:05,  4.81it/s]
Extract:  58%|#####8    | 35/60 [00:12<00:04,  5.05it/s]
Extract:  60%|######    | 36/60 [00:12<00:04,  5.61it/s]
Extract:  62%|######1   | 37/60 [00:12<00:05,  4.41it/s]
Extract:  63%|######3   | 38/60 [00:12<00:05,  4.35it/s]
Extract:  65%|######5   | 39/60 [00:12<00:04,  5.08it/s]
Extract:  67%|######6   | 40/60 [00:13<00:04,  4.87it/s]
Extract:  68%|######8   | 41/60 [00:13<00:03,  4.84it/s]
Extract:  70%|#######   | 42/60 [00:14<00:07,  2.42it/s]
Extract:  72%|#######1  | 43/60 [00:14<00:08,  1.96it/s]
Extract:  75%|#######5  | 45/60 [00:15<00:04,  3.17it/s]
Extract:  77%|#######6  | 46/60 [00:15<00:03,  3.62it/s]
Extract:  78%|#######8  | 47/60 [00:15<00:03,  3.29it/s]
Extract:  82%|########1 | 49/60 [00:15<00:02,  4.42it/s]
Extract:  83%|########3 | 50/60 [00:16<00:03,  2.86it/s]
Extract:  85%|########5 | 51/60 [00:17<00:03,  2.40it/s]
Extract:  87%|########6 | 52/60 [00:17<00:03,  2.11it/s]
Extract:  88%|########8 | 53/60 [00:18<00:02,  2.68it/s]
Extract:  90%|######### | 54/60 [00:18<00:02,  2.10it/s]
Extract:  92%|#########1| 55/60 [00:19<00:02,  2.11it/s]
Extract:  93%|#########3| 56/60 [00:19<00:01,  2.45it/s]
Extract:  95%|#########5| 57/60 [00:19<00:00,  3.05it/s]
Extract:  97%|#########6| 58/60 [00:20<00:00,  2.72it/s]
Extract:  98%|#########8| 59/60 [00:20<00:00,  2.58it/s]
Extract: 100%|##########| 60/60 [00:21<00:00,  2.04it/s]
Extract: 100%|##########| 60/60 [00:21<00:00,  2.82it/s]

Extract:   0%|          | 0/60 [00:00<?, ?it/s]
Extract:   2%|1         | 1/60 [00:00<00:06,  9.63it/s]
Extract:   3%|3         | 2/60 [00:00<00:08,  7.07it/s]
Extract:   5%|5         | 3/60 [00:00<00:14,  3.85it/s]
Extract:   7%|6         | 4/60 [00:01<00:19,  2.83it/s]
Extract:   8%|8         | 5/60 [00:01<00:18,  2.99it/s]
Extract:  10%|#         | 6/60 [00:01<00:16,  3.28it/s]
Extract:  12%|#1        | 7/60 [00:02<00:19,  2.74it/s]
Extract:  13%|#3        | 8/60 [00:02<00:22,  2.32it/s]
Extract:  15%|#5        | 9/60 [00:03<00:22,  2.22it/s]
Extract:  17%|#6        | 10/60 [00:03<00:24,  2.07it/s]
Extract:  18%|#8        | 11/60 [00:04<00:23,  2.08it/s]
Extract:  20%|##        | 12/60 [00:05<00:28,  1.69it/s]
Extract:  22%|##1       | 13/60 [00:05<00:22,  2.08it/s]
Extract:  23%|##3       | 14/60 [00:06<00:24,  1.90it/s]
Extract:  25%|##5       | 15/60 [00:06<00:28,  1.60it/s]
Extract:  27%|##6       | 16/60 [00:07<00:22,  1.95it/s]
Extract:  30%|###       | 18/60 [00:07<00:13,  3.19it/s]
Extract:  33%|###3      | 20/60 [00:07<00:09,  4.30it/s]
Extract:  35%|###5      | 21/60 [00:08<00:14,  2.68it/s]
Extract:  37%|###6      | 22/60 [00:08<00:15,  2.43it/s]
Extract:  38%|###8      | 23/60 [00:09<00:15,  2.34it/s]
Extract:  40%|####      | 24/60 [00:09<00:13,  2.58it/s]
Extract:  43%|####3     | 26/60 [00:09<00:09,  3.54it/s]
Extract:  45%|####5     | 27/60 [00:10<00:14,  2.26it/s]
Extract:  47%|####6     | 28/60 [00:11<00:11,  2.67it/s]
Extract:  48%|####8     | 29/60 [00:11<00:10,  2.90it/s]
Extract:  50%|#####     | 30/60 [00:11<00:11,  2.64it/s]
Extract:  52%|#####1    | 31/60 [00:12<00:11,  2.46it/s]
Extract:  53%|#####3    | 32/60 [00:12<00:09,  2.93it/s]
Extract:  57%|#####6    | 34/60 [00:12<00:05,  4.50it/s]
Extract:  58%|#####8    | 35/60 [00:12<00:05,  4.95it/s]
Extract:  60%|######    | 36/60 [00:12<00:05,  4.70it/s]
Extract:  62%|######1   | 37/60 [00:13<00:06,  3.74it/s]
Extract:  63%|######3   | 38/60 [00:13<00:05,  3.70it/s]
Extract:  65%|######5   | 39/60 [00:13<00:04,  4.42it/s]
Extract:  67%|######6   | 40/60 [00:14<00:04,  4.09it/s]
Extract:  68%|######8   | 41/60 [00:14<00:04,  3.86it/s]
Extract:  70%|#######   | 42/60 [00:15<00:08,  2.12it/s]
Extract:  72%|#######1  | 43/60 [00:16<00:09,  1.80it/s]
Extract:  75%|#######5  | 45/60 [00:16<00:05,  2.84it/s]
Extract:  77%|#######6  | 46/60 [00:16<00:04,  3.16it/s]
Extract:  78%|#######8  | 47/60 [00:16<00:04,  3.04it/s]
Extract:  82%|########1 | 49/60 [00:17<00:03,  3.35it/s]
Extract:  83%|########3 | 50/60 [00:18<00:04,  2.08it/s]
Extract:  85%|########5 | 51/60 [00:19<00:04,  1.88it/s]
Extract:  87%|########6 | 52/60 [00:20<00:04,  1.64it/s]
Extract:  88%|########8 | 53/60 [00:20<00:03,  1.99it/s]
Extract:  90%|######### | 54/60 [00:20<00:03,  1.92it/s]
Extract:  92%|#########1| 55/60 [00:21<00:02,  1.91it/s]
Extract:  93%|#########3| 56/60 [00:21<00:01,  2.23it/s]
Extract:  95%|#########5| 57/60 [00:21<00:01,  2.81it/s]
Extract:  97%|#########6| 58/60 [00:22<00:00,  2.27it/s]
Extract:  98%|#########8| 59/60 [00:22<00:00,  2.33it/s]
Extract: 100%|##########| 60/60 [00:23<00:00,  1.94it/s]
Extract: 100%|##########| 60/60 [00:23<00:00,  2.55it/s]

Extract:   0%|          | 0/60 [00:00<?, ?it/s]
Extract:   2%|1         | 1/60 [00:00<00:06,  9.40it/s]
Extract:   3%|3         | 2/60 [00:00<00:08,  7.02it/s]
Extract:   5%|5         | 3/60 [00:00<00:10,  5.19it/s]
Extract:   7%|6         | 4/60 [00:00<00:15,  3.55it/s]
Extract:   8%|8         | 5/60 [00:01<00:16,  3.33it/s]
Extract:  10%|#         | 6/60 [00:01<00:15,  3.38it/s]
Extract:  12%|#1        | 7/60 [00:02<00:20,  2.57it/s]
Extract:  13%|#3        | 8/60 [00:02<00:23,  2.19it/s]
Extract:  15%|#5        | 9/60 [00:03<00:23,  2.14it/s]
Extract:  17%|#6        | 10/60 [00:03<00:24,  2.06it/s]
Extract:  18%|#8        | 11/60 [00:04<00:22,  2.20it/s]
Extract:  20%|##        | 12/60 [00:04<00:26,  1.80it/s]
Extract:  22%|##1       | 13/60 [00:05<00:21,  2.16it/s]
Extract:  23%|##3       | 14/60 [00:06<00:27,  1.67it/s]
Extract:  25%|##5       | 15/60 [00:06<00:30,  1.49it/s]
Extract:  27%|##6       | 16/60 [00:07<00:24,  1.80it/s]
Extract:  28%|##8       | 17/60 [00:07<00:18,  2.36it/s]
Extract:  32%|###1      | 19/60 [00:07<00:10,  3.79it/s]
Extract:  33%|###3      | 20/60 [00:07<00:09,  4.27it/s]
Extract:  35%|###5      | 21/60 [00:08<00:16,  2.43it/s]
Extract:  37%|###6      | 22/60 [00:08<00:15,  2.43it/s]
Extract:  38%|###8      | 23/60 [00:09<00:16,  2.19it/s]
Extract:  40%|####      | 24/60 [00:09<00:15,  2.32it/s]
Extract:  43%|####3     | 26/60 [00:10<00:10,  3.31it/s]
Extract:  45%|####5     | 27/60 [00:11<00:14,  2.22it/s]
Extract:  47%|####6     | 28/60 [00:11<00:11,  2.67it/s]
Extract:  48%|####8     | 29/60 [00:11<00:10,  2.95it/s]
Extract:  50%|#####     | 30/60 [00:11<00:10,  2.90it/s]
Extract:  52%|#####1    | 31/60 [00:12<00:10,  2.75it/s]
Extract:  53%|#####3    | 32/60 [00:12<00:08,  3.27it/s]
Extract:  57%|#####6    | 34/60 [00:12<00:05,  4.86it/s]
Extract:  58%|#####8    | 35/60 [00:12<00:04,  5.07it/s]
Extract:  62%|######1   | 37/60 [00:13<00:05,  4.47it/s]
Extract:  63%|######3   | 38/60 [00:13<00:06,  3.62it/s]
Extract:  67%|######6   | 40/60 [00:14<00:04,  4.24it/s]
Extract:  68%|######8   | 41/60 [00:14<00:04,  4.12it/s]
Extract:  70%|#######   | 42/60 [00:15<00:07,  2.38it/s]
Extract:  72%|#######1  | 43/60 [00:16<00:09,  1.88it/s]
Extract:  75%|#######5  | 45/60 [00:16<00:05,  2.82it/s]
Extract:  77%|#######6  | 46/60 [00:16<00:04,  3.21it/s]
Extract:  78%|#######8  | 47/60 [00:17<00:04,  2.94it/s]
Extract:  82%|########1 | 49/60 [00:17<00:02,  4.01it/s]
Extract:  83%|########3 | 50/60 [00:18<00:04,  2.32it/s]
Extract:  85%|########5 | 51/60 [00:19<00:04,  1.99it/s]
Extract:  87%|########6 | 52/60 [00:19<00:04,  1.76it/s]
Extract:  88%|########8 | 53/60 [00:19<00:03,  2.25it/s]
Extract:  90%|######### | 54/60 [00:20<00:02,  2.08it/s]
Extract:  92%|#########1| 55/60 [00:20<00:02,  2.06it/s]
Extract:  93%|#########3| 56/60 [00:21<00:01,  2.43it/s]
Extract:  95%|#########5| 57/60 [00:21<00:01,  2.98it/s]
Extract:  97%|#########6| 58/60 [00:22<00:00,  2.26it/s]
Extract:  98%|#########8| 59/60 [00:22<00:00,  2.27it/s]
Extract: 100%|##########| 60/60 [00:23<00:00,  1.93it/s]
Extract: 100%|##########| 60/60 [00:23<00:00,  2.59it/s]

Extract:   0%|          | 0/60 [00:00<?, ?it/s]
Extract:   2%|1         | 1/60 [00:00<00:06,  8.78it/s]
Extract:   3%|3         | 2/60 [00:00<00:08,  6.93it/s]
Extract:   5%|5         | 3/60 [00:00<00:11,  5.02it/s]
Extract:   7%|6         | 4/60 [00:00<00:16,  3.48it/s]
Extract:   8%|8         | 5/60 [00:01<00:14,  3.68it/s]
Extract:  10%|#         | 6/60 [00:01<00:13,  3.95it/s]
Extract:  12%|#1        | 7/60 [00:01<00:18,  2.94it/s]
Extract:  13%|#3        | 8/60 [00:02<00:19,  2.64it/s]
Extract:  15%|#5        | 9/60 [00:02<00:20,  2.49it/s]
Extract:  17%|#6        | 10/60 [00:03<00:19,  2.55it/s]
Extract:  18%|#8        | 11/60 [00:03<00:19,  2.54it/s]
Extract:  20%|##        | 12/60 [00:04<00:24,  1.93it/s]
Extract:  22%|##1       | 13/60 [00:04<00:24,  1.89it/s]
Extract:  23%|##3       | 14/60 [00:05<00:25,  1.78it/s]
Extract:  25%|##5       | 15/60 [00:06<00:28,  1.58it/s]
Extract:  27%|##6       | 16/60 [00:06<00:22,  1.91it/s]
Extract:  28%|##8       | 17/60 [00:06<00:17,  2.52it/s]
Extract:  32%|###1      | 19/60 [00:06<00:10,  4.03it/s]
Extract:  33%|###3      | 20/60 [00:07<00:08,  4.73it/s]
Extract:  35%|###5      | 21/60 [00:07<00:14,  2.65it/s]
Extract:  37%|###6      | 22/60 [00:08<00:14,  2.71it/s]
Extract:  38%|###8      | 23/60 [00:08<00:14,  2.57it/s]
Extract:  40%|####      | 24/60 [00:08<00:12,  2.99it/s]
Extract:  43%|####3     | 26/60 [00:09<00:07,  4.29it/s]
Extract:  45%|####5     | 27/60 [00:10<00:13,  2.46it/s]
Extract:  47%|####6     | 28/60 [00:10<00:10,  2.99it/s]
Extract:  48%|####8     | 29/60 [00:10<00:09,  3.33it/s]
Extract:  50%|#####     | 30/60 [00:10<00:08,  3.39it/s]
Extract:  52%|#####1    | 31/60 [00:11<00:09,  3.12it/s]
Extract:  53%|#####3    | 32/60 [00:11<00:07,  3.75it/s]
Extract:  57%|#####6    | 34/60 [00:11<00:04,  5.72it/s]
Extract:  58%|#####8    | 35/60 [00:11<00:04,  6.03it/s]
Extract:  60%|######    | 36/60 [00:11<00:03,  6.53it/s]
Extract:  62%|######1   | 37/60 [00:11<00:04,  5.34it/s]
Extract:  63%|######3   | 38/60 [00:12<00:04,  5.26it/s]
Extract:  65%|######5   | 39/60 [00:12<00:03,  6.06it/s]
Extract:  67%|######6   | 40/60 [00:12<00:03,  5.58it/s]
Extract:  68%|######8   | 41/60 [00:12<00:03,  5.45it/s]
Extract:  70%|#######   | 42/60 [00:13<00:06,  2.76it/s]
Extract:  72%|#######1  | 43/60 [00:14<00:08,  1.96it/s]
Extract:  75%|#######5  | 45/60 [00:14<00:04,  3.16it/s]
Extract:  77%|#######6  | 46/60 [00:14<00:03,  3.62it/s]
Extract:  78%|#######8  | 47/60 [00:14<00:03,  3.39it/s]
Extract:  82%|########1 | 49/60 [00:15<00:02,  4.56it/s]
Extract:  83%|########3 | 50/60 [00:15<00:03,  2.88it/s]
Extract:  85%|########5 | 51/60 [00:16<00:03,  2.48it/s]
Extract:  87%|########6 | 52/60 [00:17<00:03,  2.21it/s]
Extract:  90%|######### | 54/60 [00:17<00:02,  2.64it/s]
Extract:  92%|#########1| 55/60 [00:18<00:01,  2.52it/s]
Extract:  93%|#########3| 56/60 [00:18<00:01,  2.57it/s]
Extract:  95%|#########5| 57/60 [00:18<00:00,  3.17it/s]
Extract:  97%|#########6| 58/60 [00:18<00:00,  2.91it/s]
Extract:  98%|#########8| 59/60 [00:19<00:00,  2.79it/s]
Extract: 100%|##########| 60/60 [00:20<00:00,  2.11it/s]
Extract: 100%|##########| 60/60 [00:20<00:00,  2.98it/s]

Extract:   0%|          | 0/60 [00:00<?, ?it/s]
Extract:   2%|1         | 1/60 [00:00<00:06,  8.51it/s]
Extract:   3%|3         | 2/60 [00:00<00:08,  6.75it/s]
Extract:   5%|5         | 3/60 [00:00<00:11,  5.06it/s]
Extract:   7%|6         | 4/60 [00:00<00:15,  3.55it/s]
Extract:   8%|8         | 5/60 [00:01<00:14,  3.76it/s]
Extract:  10%|#         | 6/60 [00:01<00:15,  3.59it/s]
Extract:  12%|#1        | 7/60 [00:02<00:19,  2.73it/s]
Extract:  13%|#3        | 8/60 [00:02<00:22,  2.35it/s]
Extract:  15%|#5        | 9/60 [00:03<00:21,  2.38it/s]
Extract:  17%|#6        | 10/60 [00:03<00:22,  2.27it/s]
Extract:  18%|#8        | 11/60 [00:03<00:19,  2.46it/s]
Extract:  20%|##        | 12/60 [00:04<00:20,  2.35it/s]
Extract:  22%|##1       | 13/60 [00:04<00:15,  2.96it/s]
Extract:  23%|##3       | 14/60 [00:04<00:15,  2.99it/s]
Extract:  25%|##5       | 15/60 [00:05<00:16,  2.72it/s]
Extract:  27%|##6       | 16/60 [00:05<00:13,  3.35it/s]
Extract:  32%|###1      | 19/60 [00:05<00:06,  6.48it/s]
Extract:  35%|###5      | 21/60 [00:05<00:06,  5.95it/s]
Extract:  37%|###6      | 22/60 [00:06<00:06,  5.88it/s]
Extract:  38%|###8      | 23/60 [00:06<00:06,  5.40it/s]
Extract:  40%|####      | 24/60 [00:06<00:06,  5.96it/s]
Extract:  43%|####3     | 26/60 [00:06<00:04,  8.03it/s]
Extract:  47%|####6     | 28/60 [00:07<00:05,  5.72it/s]
Extract:  48%|####8     | 29/60 [00:07<00:05,  6.06it/s]
Extract:  50%|#####     | 30/60 [00:07<00:04,  6.07it/s]
Extract:  52%|#####1    | 31/60 [00:07<00:05,  5.69it/s]
Extract:  57%|#####6    | 34/60 [00:07<00:02,  9.02it/s]
Extract:  60%|######    | 36/60 [00:07<00:02, 10.76it/s]
Extract:  63%|######3   | 38/60 [00:08<00:02,  9.28it/s]
Extract:  67%|######6   | 40/60 [00:08<00:01, 10.33it/s]
Extract:  70%|#######   | 42/60 [00:08<00:02,  7.48it/s]
Extract:  72%|#######1  | 43/60 [00:09<00:03,  5.10it/s]
Extract:  75%|#######5  | 45/60 [00:09<00:02,  6.81it/s]
Extract:  78%|#######8  | 47/60 [00:09<00:02,  6.23it/s]
Extract:  82%|########1 | 49/60 [00:09<00:01,  7.13it/s]
Extract:  83%|########3 | 50/60 [00:10<00:02,  4.90it/s]
Extract:  85%|########5 | 51/60 [00:10<00:02,  4.41it/s]
Extract:  87%|########6 | 52/60 [00:10<00:01,  4.07it/s]
Extract:  90%|######### | 54/60 [00:11<00:01,  4.16it/s]
Extract:  92%|#########1| 55/60 [00:11<00:01,  4.10it/s]
Extract:  95%|#########5| 57/60 [00:11<00:00,  5.62it/s]
Extract:  97%|#########6| 58/60 [00:11<00:00,  5.54it/s]
Extract:  98%|#########8| 59/60 [00:12<00:00,  5.39it/s]
Extract: 100%|##########| 60/60 [00:12<00:00,  4.64it/s]
Extract: 100%|##########| 60/60 [00:12<00:00,  4.81it/s]

Extract:   0%|          | 0/60 [00:00<?, ?it/s]
Extract:   2%|1         | 1/60 [00:00<00:06,  9.23it/s]
Extract:   3%|3         | 2/60 [00:00<00:08,  7.16it/s]
Extract:   5%|5         | 3/60 [00:00<00:10,  5.23it/s]
Extract:   7%|6         | 4/60 [00:01<00:17,  3.24it/s]
Extract:   8%|8         | 5/60 [00:01<00:16,  3.37it/s]
Extract:  10%|#         | 6/60 [00:01<00:15,  3.49it/s]
Extract:  12%|#1        | 7/60 [00:02<00:25,  2.10it/s]
Extract:  13%|#3        | 8/60 [00:03<00:27,  1.91it/s]
Extract:  15%|#5        | 9/60 [00:04<00:35,  1.42it/s]
Extract:  17%|#6        | 10/60 [00:04<00:31,  1.59it/s]
Extract:  18%|#8        | 11/60 [00:05<00:27,  1.80it/s]
Extract:  20%|##        | 12/60 [00:05<00:33,  1.45it/s]
Extract:  22%|##1       | 13/60 [00:06<00:26,  1.79it/s]
Extract:  23%|##3       | 14/60 [00:06<00:27,  1.66it/s]
Extract:  25%|##5       | 15/60 [00:07<00:29,  1.54it/s]
Extract:  27%|##6       | 16/60 [00:08<00:24,  1.82it/s]
Extract:  30%|###       | 18/60 [00:08<00:13,  3.03it/s]
Extract:  33%|###3      | 20/60 [00:08<00:09,  4.12it/s]
Extract:  35%|###5      | 21/60 [00:09<00:15,  2.52it/s]
Extract:  37%|###6      | 22/60 [00:09<00:16,  2.27it/s]
Extract:  38%|###8      | 23/60 [00:10<00:18,  2.02it/s]
Extract:  40%|####      | 24/60 [00:10<00:15,  2.38it/s]
Extract:  43%|####3     | 26/60 [00:11<00:10,  3.34it/s]
Extract:  45%|####5     | 27/60 [00:12<00:15,  2.14it/s]
Extract:  47%|####6     | 28/60 [00:12<00:12,  2.55it/s]
Extract:  48%|####8     | 29/60 [00:12<00:11,  2.80it/s]
Extract:  50%|#####     | 30/60 [00:12<00:10,  2.76it/s]
Extract:  52%|#####1    | 31/60 [00:13<00:11,  2.60it/s]
Extract:  53%|#####3    | 32/60 [00:13<00:08,  3.11it/s]
Extract:  57%|#####6    | 34/60 [00:13<00:05,  4.45it/s]
Extract:  58%|#####8    | 35/60 [00:13<00:05,  4.49it/s]
Extract:  60%|######    | 36/60 [00:14<00:05,  4.07it/s]
Extract:  62%|######1   | 37/60 [00:14<00:06,  3.41it/s]
Extract:  63%|######3   | 38/60 [00:14<00:06,  3.50it/s]
Extract:  65%|######5   | 39/60 [00:15<00:04,  4.26it/s]
Extract:  67%|######6   | 40/60 [00:15<00:04,  4.33it/s]
Extract:  68%|######8   | 41/60 [00:15<00:04,  4.20it/s]
Extract:  70%|#######   | 42/60 [00:16<00:08,  2.16it/s]
Extract:  72%|#######1  | 43/60 [00:17<00:09,  1.71it/s]
Extract:  75%|#######5  | 45/60 [00:17<00:05,  2.80it/s]
Extract:  77%|#######6  | 46/60 [00:17<00:04,  3.19it/s]
Extract:  78%|#######8  | 47/60 [00:18<00:04,  2.98it/s]
Extract:  82%|########1 | 49/60 [00:18<00:03,  3.55it/s]
Extract:  83%|########3 | 50/60 [00:19<00:04,  2.46it/s]
Extract:  85%|########5 | 51/60 [00:20<00:04,  2.13it/s]
Extract:  87%|########6 | 52/60 [00:20<00:04,  1.90it/s]
Extract:  90%|######### | 54/60 [00:21<00:02,  2.24it/s]
Extract:  92%|#########1| 55/60 [00:21<00:02,  2.21it/s]
Extract:  93%|#########3| 56/60 [00:22<00:01,  2.57it/s]
Extract:  95%|#########5| 57/60 [00:22<00:00,  3.15it/s]
Extract:  97%|#########6| 58/60 [00:22<00:00,  2.48it/s]
Extract:  98%|#########8| 59/60 [00:23<00:00,  2.45it/s]
Extract: 100%|##########| 60/60 [00:23<00:00,  2.04it/s]
Extract: 100%|##########| 60/60 [00:23<00:00,  2.51it/s]

Extract:   0%|          | 0/60 [00:00<?, ?it/s]
Extract:   3%|3         | 2/60 [00:00<00:06,  8.57it/s]
Extract:   5%|5         | 3/60 [00:00<00:08,  6.76it/s]
Extract:   7%|6         | 4/60 [00:00<00:12,  4.64it/s]
Extract:   8%|8         | 5/60 [00:00<00:11,  4.71it/s]
Extract:  10%|#         | 6/60 [00:01<00:11,  4.87it/s]
Extract:  12%|#1        | 7/60 [00:01<00:15,  3.41it/s]
Extract:  13%|#3        | 8/60 [00:02<00:17,  2.89it/s]
Extract:  15%|#5        | 9/60 [00:02<00:18,  2.78it/s]
Extract:  17%|#6        | 10/60 [00:02<00:17,  2.82it/s]
Extract:  18%|#8        | 11/60 [00:03<00:17,  2.73it/s]
Extract:  20%|##        | 12/60 [00:04<00:25,  1.91it/s]
Extract:  22%|##1       | 13/60 [00:04<00:20,  2.34it/s]
Extract:  23%|##3       | 14/60 [00:04<00:22,  2.04it/s]
Extract:  25%|##5       | 15/60 [00:05<00:26,  1.67it/s]
Extract:  27%|##6       | 16/60 [00:06<00:21,  2.02it/s]
Extract:  30%|###       | 18/60 [00:06<00:12,  3.35it/s]
Extract:  33%|###3      | 20/60 [00:06<00:08,  4.54it/s]
Extract:  35%|###5      | 21/60 [00:07<00:13,  2.93it/s]
Extract:  37%|###6      | 22/60 [00:07<00:13,  2.90it/s]
Extract:  38%|###8      | 23/60 [00:07<00:13,  2.68it/s]
Extract:  40%|####      | 24/60 [00:08<00:12,  2.97it/s]
Extract:  43%|####3     | 26/60 [00:08<00:08,  4.10it/s]
Extract:  45%|####5     | 27/60 [00:09<00:13,  2.50it/s]
Extract:  47%|####6     | 28/60 [00:09<00:11,  2.77it/s]
Extract:  48%|####8     | 29/60 [00:09<00:10,  3.04it/s]
Extract:  50%|#####     | 30/60 [00:10<00:09,  3.09it/s]
Extract:  52%|#####1    | 31/60 [00:10<00:10,  2.83it/s]
Extract:  53%|#####3    | 32/60 [00:10<00:08,  3.38it/s]
Extract:  57%|#####6    | 34/60 [00:10<00:05,  4.90it/s]
Extract:  58%|#####8    | 35/60 [00:11<00:04,  5.39it/s]
Extract:  62%|######1   | 37/60 [00:11<00:04,  4.98it/s]
Extract:  63%|######3   | 38/60 [00:11<00:04,  4.78it/s]
Extract:  65%|######5   | 39/60 [00:11<00:03,  5.47it/s]
Extract:  67%|######6   | 40/60 [00:12<00:03,  5.16it/s]
Extract:  68%|######8   | 41/60 [00:12<00:03,  4.91it/s]
Extract:  70%|#######   | 42/60 [00:13<00:06,  2.68it/s]
Extract:  72%|#######1  | 43/60 [00:13<00:08,  1.95it/s]
Extract:  75%|#######5  | 45/60 [00:14<00:04,  3.09it/s]
Extract:  77%|#######6  | 46/60 [00:14<00:03,  3.52it/s]
Extract:  78%|#######8  | 47/60 [00:14<00:03,  3.38it/s]
Extract:  82%|########1 | 49/60 [00:14<00:02,  4.11it/s]
Extract:  83%|########3 | 50/60 [00:15<00:03,  2.83it/s]
Extract:  85%|########5 | 51/60 [00:16<00:03,  2.44it/s]
Extract:  87%|########6 | 52/60 [00:16<00:03,  2.17it/s]
Extract:  90%|######### | 54/60 [00:17<00:02,  2.49it/s]
Extract:  92%|#########1| 55/60 [00:18<00:02,  2.25it/s]
Extract:  93%|#########3| 56/60 [00:18<00:01,  2.66it/s]
Extract:  97%|#########6| 58/60 [00:18<00:00,  3.10it/s]
Extract:  98%|#########8| 59/60 [00:19<00:00,  3.00it/s]
Extract: 100%|##########| 60/60 [00:19<00:00,  2.41it/s]
Extract: 100%|##########| 60/60 [00:19<00:00,  3.03it/s]

Extract:   0%|          | 0/60 [00:00<?, ?it/s]
Extract:   2%|1         | 1/60 [00:00<00:06,  9.03it/s]
Extract:   3%|3         | 2/60 [00:00<00:07,  7.27it/s]
Extract:   5%|5         | 3/60 [00:00<00:10,  5.46it/s]
Extract:   7%|6         | 4/60 [00:00<00:14,  3.75it/s]
Extract:   8%|8         | 5/60 [00:01<00:14,  3.73it/s]
Extract:  10%|#         | 6/60 [00:01<00:16,  3.31it/s]
Extract:  12%|#1        | 7/60 [00:02<00:18,  2.81it/s]
Extract:  13%|#3        | 8/60 [00:02<00:21,  2.40it/s]
Extract:  15%|#5        | 9/60 [00:03<00:23,  2.18it/s]
Extract:  17%|#6        | 10/60 [00:03<00:22,  2.22it/s]
Extract:  18%|#8        | 11/60 [00:04<00:25,  1.95it/s]
Extract:  20%|##        | 12/60 [00:04<00:28,  1.66it/s]
Extract:  22%|##1       | 13/60 [00:05<00:25,  1.86it/s]
Extract:  23%|##3       | 14/60 [00:06<00:28,  1.62it/s]
Extract:  25%|##5       | 15/60 [00:06<00:29,  1.51it/s]
Extract:  27%|##6       | 16/60 [00:07<00:23,  1.84it/s]
Extract:  28%|##8       | 17/60 [00:07<00:17,  2.43it/s]
Extract:  32%|###1      | 19/60 [00:07<00:10,  3.93it/s]
Extract:  33%|###3      | 20/60 [00:07<00:08,  4.56it/s]
Extract:  35%|###5      | 21/60 [00:08<00:14,  2.60it/s]
Extract:  37%|###6      | 22/60 [00:08<00:14,  2.53it/s]
Extract:  38%|###8      | 23/60 [00:09<00:17,  2.12it/s]
Extract:  40%|####      | 24/60 [00:09<00:14,  2.48it/s]
Extract:  43%|####3     | 26/60 [00:10<00:09,  3.49it/s]
Extract:  45%|####5     | 27/60 [00:11<00:15,  2.11it/s]
Extract:  47%|####6     | 28/60 [00:11<00:12,  2.55it/s]
Extract:  48%|####8     | 29/60 [00:11<00:11,  2.79it/s]
Extract:  50%|#####     | 30/60 [00:11<00:10,  2.74it/s]
Extract:  52%|#####1    | 31/60 [00:12<00:11,  2.52it/s]
Extract:  53%|#####3    | 32/60 [00:12<00:09,  3.00it/s]
Extract:  57%|#####6    | 34/60 [00:12<00:05,  4.47it/s]
Extract:  58%|#####8    | 35/60 [00:13<00:06,  4.15it/s]
Extract:  60%|######    | 36/60 [00:13<00:05,  4.78it/s]
Extract:  62%|######1   | 37/60 [00:13<00:05,  4.07it/s]
Extract:  63%|######3   | 38/60 [00:13<00:05,  4.21it/s]
Extract:  67%|######6   | 40/60 [00:14<00:04,  4.73it/s]
Extract:  68%|######8   | 41/60 [00:14<00:04,  4.63it/s]
Extract:  70%|#######   | 42/60 [00:15<00:07,  2.49it/s]
Extract:  72%|#######1  | 43/60 [00:16<00:08,  1.95it/s]
Extract:  75%|#######5  | 45/60 [00:16<00:04,  3.02it/s]
Extract:  77%|#######6  | 46/60 [00:16<00:04,  3.46it/s]
Extract:  78%|#######8  | 47/60 [00:16<00:04,  2.85it/s]
Extract:  82%|########1 | 49/60 [00:17<00:02,  3.96it/s]
Extract:  83%|########3 | 50/60 [00:17<00:03,  2.69it/s]
Extract:  85%|########5 | 51/60 [00:18<00:03,  2.32it/s]
Extract:  87%|########6 | 52/60 [00:19<00:03,  2.04it/s]
Extract:  90%|######### | 54/60 [00:19<00:02,  2.45it/s]
Extract:  92%|#########1| 55/60 [00:20<00:02,  2.15it/s]
Extract:  93%|#########3| 56/60 [00:20<00:01,  2.55it/s]
Extract:  97%|#########6| 58/60 [00:21<00:00,  2.87it/s]
Extract:  98%|#########8| 59/60 [00:21<00:00,  2.69it/s]
Extract: 100%|##########| 60/60 [00:22<00:00,  2.25it/s]
Extract: 100%|##########| 60/60 [00:22<00:00,  2.69it/s]

Extract:   0%|          | 0/60 [00:00<?, ?it/s]
Extract:   2%|1         | 1/60 [00:00<00:08,  6.59it/s]
Extract:   3%|3         | 2/60 [00:00<00:12,  4.65it/s]
Extract:   5%|5         | 3/60 [00:00<00:13,  4.21it/s]
Extract:   7%|6         | 4/60 [00:01<00:15,  3.55it/s]
Extract:   8%|8         | 5/60 [00:01<00:14,  3.72it/s]
Extract:  10%|#         | 6/60 [00:01<00:13,  3.86it/s]
Extract:  12%|#1        | 7/60 [00:02<00:18,  2.93it/s]
Extract:  13%|#3        | 8/60 [00:02<00:19,  2.61it/s]
Extract:  15%|#5        | 9/60 [00:02<00:20,  2.47it/s]
Extract:  17%|#6        | 10/60 [00:03<00:19,  2.54it/s]
Extract:  18%|#8        | 11/60 [00:03<00:18,  2.61it/s]
Extract:  20%|##        | 12/60 [00:04<00:23,  2.05it/s]
Extract:  22%|##1       | 13/60 [00:04<00:18,  2.50it/s]
Extract:  23%|##3       | 14/60 [00:05<00:20,  2.28it/s]
Extract:  25%|##5       | 15/60 [00:05<00:25,  1.76it/s]
Extract:  27%|##6       | 16/60 [00:06<00:20,  2.12it/s]
Extract:  28%|##8       | 17/60 [00:06<00:15,  2.77it/s]
Extract:  32%|###1      | 19/60 [00:06<00:09,  4.37it/s]
Extract:  33%|###3      | 20/60 [00:06<00:08,  5.00it/s]
Extract:  35%|###5      | 21/60 [00:07<00:13,  2.91it/s]
Extract:  37%|###6      | 22/60 [00:07<00:13,  2.88it/s]
Extract:  38%|###8      | 23/60 [00:08<00:14,  2.54it/s]
Extract:  40%|####      | 24/60 [00:08<00:12,  2.94it/s]
Extract:  43%|####3     | 26/60 [00:08<00:08,  4.10it/s]
Extract:  45%|####5     | 27/60 [00:09<00:12,  2.59it/s]
Extract:  47%|####6     | 28/60 [00:09<00:10,  3.01it/s]
Extract:  48%|####8     | 29/60 [00:10<00:10,  2.99it/s]
Extract:  50%|#####     | 30/60 [00:10<00:09,  3.11it/s]
Extract:  52%|#####1    | 31/60 [00:10<00:09,  2.91it/s]
Extract:  53%|#####3    | 32/60 [00:10<00:07,  3.59it/s]
Extract:  57%|#####6    | 34/60 [00:10<00:04,  5.56it/s]
Extract:  58%|#####8    | 35/60 [00:11<00:04,  5.81it/s]
Extract:  60%|######    | 36/60 [00:11<00:03,  6.50it/s]
Extract:  62%|######1   | 37/60 [00:11<00:04,  4.96it/s]
Extract:  63%|######3   | 38/60 [00:11<00:04,  4.93it/s]
Extract:  65%|######5   | 39/60 [00:11<00:03,  5.72it/s]
Extract:  67%|######6   | 40/60 [00:12<00:03,  5.39it/s]
Extract:  68%|######8   | 41/60 [00:12<00:03,  5.20it/s]
Extract:  70%|#######   | 42/60 [00:13<00:06,  2.65it/s]
Extract:  72%|#######1  | 43/60 [00:13<00:08,  2.01it/s]
Extract:  75%|#######5  | 45/60 [00:14<00:04,  3.32it/s]
Extract:  77%|#######6  | 46/60 [00:14<00:03,  3.81it/s]
Extract:  78%|#######8  | 47/60 [00:14<00:03,  3.62it/s]
Extract:  82%|########1 | 49/60 [00:14<00:02,  4.92it/s]
Extract:  83%|########3 | 50/60 [00:15<00:03,  3.14it/s]
Extract:  85%|########5 | 51/60 [00:15<00:03,  2.65it/s]
Extract:  87%|########6 | 52/60 [00:16<00:03,  2.39it/s]
Extract:  90%|######### | 54/60 [00:17<00:02,  2.75it/s]
Extract:  92%|#########1| 55/60 [00:17<00:01,  2.62it/s]
Extract:  93%|#########3| 56/60 [00:17<00:01,  2.74it/s]
Extract:  95%|#########5| 57/60 [00:17<00:00,  3.37it/s]
Extract:  97%|#########6| 58/60 [00:18<00:00,  2.98it/s]
Extract:  98%|#########8| 59/60 [00:18<00:00,  2.87it/s]
Extract: 100%|##########| 60/60 [00:19<00:00,  2.24it/s]
Extract: 100%|##########| 60/60 [00:19<00:00,  3.09it/s]

Extract:   0%|          | 0/60 [00:00<?, ?it/s]
Extract:   2%|1         | 1/60 [00:00<00:06,  8.56it/s]
Extract:   3%|3         | 2/60 [00:00<00:08,  6.83it/s]
Extract:   5%|5         | 3/60 [00:00<00:12,  4.73it/s]
Extract:   7%|6         | 4/60 [00:00<00:16,  3.41it/s]
Extract:   8%|8         | 5/60 [00:01<00:15,  3.49it/s]
Extract:  10%|#         | 6/60 [00:01<00:14,  3.70it/s]
Extract:  12%|#1        | 7/60 [00:02<00:21,  2.45it/s]
Extract:  13%|#3        | 8/60 [00:02<00:26,  2.00it/s]
Extract:  15%|#5        | 9/60 [00:03<00:30,  1.69it/s]
Extract:  17%|#6        | 10/60 [00:04<00:27,  1.82it/s]
Extract:  18%|#8        | 11/60 [00:04<00:24,  2.00it/s]
Extract:  20%|##        | 12/60 [00:05<00:32,  1.47it/s]
Extract:  22%|##1       | 13/60 [00:05<00:25,  1.86it/s]
Extract:  23%|##3       | 14/60 [00:06<00:28,  1.61it/s]
Extract:  25%|##5       | 15/60 [00:07<00:32,  1.40it/s]
Extract:  27%|##6       | 16/60 [00:07<00:26,  1.68it/s]
Extract:  28%|##8       | 17/60 [00:08<00:19,  2.22it/s]
Extract:  32%|###1      | 19/60 [00:08<00:11,  3.55it/s]
Extract:  33%|###3      | 20/60 [00:08<00:09,  4.01it/s]
Extract:  35%|###5      | 21/60 [00:09<00:18,  2.12it/s]
Extract:  37%|###6      | 22/60 [00:09<00:17,  2.15it/s]
Extract:  38%|###8      | 23/60 [00:10<00:18,  2.05it/s]
Extract:  40%|####      | 24/60 [00:10<00:15,  2.35it/s]
Extract:  43%|####3     | 26/60 [00:10<00:10,  3.36it/s]
Extract:  45%|####5     | 27/60 [00:12<00:15,  2.07it/s]
Extract:  47%|####6     | 28/60 [00:12<00:13,  2.42it/s]
Extract:  48%|####8     | 29/60 [00:12<00:12,  2.41it/s]
Extract:  50%|#####     | 30/60 [00:13<00:12,  2.46it/s]
Extract:  52%|#####1    | 31/60 [00:13<00:13,  2.19it/s]
Extract:  53%|#####3    | 32/60 [00:13<00:10,  2.70it/s]
Extract:  57%|#####6    | 34/60 [00:13<00:06,  4.06it/s]
Extract:  58%|#####8    | 35/60 [00:14<00:05,  4.31it/s]
Extract:  60%|######    | 36/60 [00:14<00:05,  4.79it/s]
Extract:  62%|######1   | 37/60 [00:14<00:06,  3.66it/s]
Extract:  63%|######3   | 38/60 [00:15<00:05,  3.72it/s]
Extract:  65%|######5   | 39/60 [00:15<00:04,  4.41it/s]
Extract:  67%|######6   | 40/60 [00:15<00:04,  4.12it/s]
Extract:  68%|######8   | 41/60 [00:15<00:04,  3.97it/s]
Extract:  70%|#######   | 42/60 [00:16<00:09,  1.89it/s]
Extract:  72%|#######1  | 43/60 [00:17<00:11,  1.53it/s]
Extract:  75%|#######5  | 45/60 [00:18<00:06,  2.48it/s]
Extract:  77%|#######6  | 46/60 [00:18<00:04,  2.89it/s]
Extract:  78%|#######8  | 47/60 [00:18<00:04,  2.87it/s]
Extract:  82%|########1 | 49/60 [00:18<00:02,  3.94it/s]
Extract:  83%|########3 | 50/60 [00:19<00:04,  2.48it/s]
Extract:  85%|########5 | 51/60 [00:20<00:04,  1.85it/s]
Extract:  87%|########6 | 52/60 [00:21<00:04,  1.66it/s]
Extract:  88%|########8 | 53/60 [00:21<00:03,  2.15it/s]
Extract:  90%|######### | 54/60 [00:22<00:03,  1.93it/s]
Extract:  92%|#########1| 55/60 [00:22<00:02,  1.80it/s]
Extract:  93%|#########3| 56/60 [00:23<00:01,  2.11it/s]
Extract:  95%|#########5| 57/60 [00:23<00:01,  2.73it/s]
Extract:  97%|#########6| 58/60 [00:23<00:00,  2.44it/s]
Extract:  98%|#########8| 59/60 [00:24<00:00,  2.14it/s]
Extract: 100%|##########| 60/60 [00:25<00:00,  1.83it/s]
Extract: 100%|##########| 60/60 [00:25<00:00,  2.39it/s]

Extract:   0%|          | 0/60 [00:00<?, ?it/s]
Extract:   2%|1         | 1/60 [00:00<00:05,  9.86it/s]
Extract:   3%|3         | 2/60 [00:00<00:07,  8.22it/s]
Extract:   5%|5         | 3/60 [00:00<00:09,  5.85it/s]
Extract:   7%|6         | 4/60 [00:00<00:14,  3.85it/s]
Extract:   8%|8         | 5/60 [00:01<00:13,  3.97it/s]
Extract:  10%|#         | 6/60 [00:01<00:13,  3.99it/s]
Extract:  12%|#1        | 7/60 [00:01<00:17,  3.01it/s]
Extract:  13%|#3        | 8/60 [00:02<00:21,  2.47it/s]
Extract:  15%|#5        | 9/60 [00:02<00:23,  2.21it/s]
Extract:  17%|#6        | 10/60 [00:03<00:24,  2.02it/s]
Extract:  18%|#8        | 11/60 [00:04<00:24,  2.04it/s]
Extract:  20%|##        | 12/60 [00:04<00:26,  1.81it/s]
Extract:  22%|##1       | 13/60 [00:04<00:21,  2.18it/s]
Extract:  23%|##3       | 14/60 [00:05<00:23,  1.92it/s]
Extract:  25%|##5       | 15/60 [00:06<00:27,  1.66it/s]
Extract:  27%|##6       | 16/60 [00:06<00:22,  2.00it/s]
Extract:  30%|###       | 18/60 [00:06<00:13,  3.05it/s]
Extract:  33%|###3      | 20/60 [00:07<00:09,  4.26it/s]
Extract:  35%|###5      | 21/60 [00:08<00:14,  2.64it/s]
Extract:  37%|###6      | 22/60 [00:08<00:14,  2.69it/s]
Extract:  38%|###8      | 23/60 [00:08<00:15,  2.43it/s]
Extract:  40%|####      | 24/60 [00:09<00:13,  2.76it/s]
Extract:  43%|####3     | 26/60 [00:09<00:09,  3.75it/s]
Extract:  45%|####5     | 27/60 [00:10<00:13,  2.52it/s]
Extract:  47%|####6     | 28/60 [00:10<00:10,  2.97it/s]
Extract:  48%|####8     | 29/60 [00:10<00:10,  3.03it/s]
Extract:  50%|#####     | 30/60 [00:11<00:09,  3.04it/s]
Extract:  52%|#####1    | 31/60 [00:11<00:10,  2.85it/s]
Extract:  53%|#####3    | 32/60 [00:11<00:08,  3.41it/s]
Extract:  57%|#####6    | 34/60 [00:11<00:05,  5.07it/s]
Extract:  58%|#####8    | 35/60 [00:11<00:04,  5.30it/s]
Extract:  62%|######1   | 37/60 [00:12<00:04,  4.90it/s]
Extract:  63%|######3   | 38/60 [00:12<00:04,  4.60it/s]
Extract:  67%|######6   | 40/60 [00:12<00:04,  4.98it/s]
Extract:  68%|######8   | 41/60 [00:13<00:03,  5.06it/s]
Extract:  70%|#######   | 42/60 [00:13<00:05,  3.03it/s]
Extract:  72%|#######1  | 43/60 [00:14<00:08,  2.09it/s]
Extract:  75%|#######5  | 45/60 [00:15<00:04,  3.16it/s]
Extract:  77%|#######6  | 46/60 [00:15<00:03,  3.57it/s]
Extract:  78%|#######8  | 47/60 [00:15<00:04,  3.16it/s]
Extract:  82%|########1 | 49/60 [00:15<00:02,  4.29it/s]
Extract:  83%|########3 | 50/60 [00:16<00:03,  2.87it/s]
Extract:  85%|########5 | 51/60 [00:17<00:03,  2.39it/s]
Extract:  87%|########6 | 52/60 [00:17<00:03,  2.17it/s]
Extract:  88%|########8 | 53/60 [00:17<00:02,  2.73it/s]
Extract:  90%|######### | 54/60 [00:18<00:02,  2.20it/s]
Extract:  92%|#########1| 55/60 [00:19<00:02,  2.16it/s]
Extract:  93%|#########3| 56/60 [00:19<00:01,  2.49it/s]
Extract:  95%|#########5| 57/60 [00:19<00:00,  3.17it/s]
Extract:  97%|#########6| 58/60 [00:19<00:00,  2.70it/s]
Extract:  98%|#########8| 59/60 [00:20<00:00,  2.68it/s]
Extract: 100%|##########| 60/60 [00:21<00:00,  2.11it/s]
Extract: 100%|##########| 60/60 [00:21<00:00,  2.86it/s]

Extract:   0%|          | 0/60 [00:00<?, ?it/s]
Extract:   2%|1         | 1/60 [00:00<00:06,  9.17it/s]
Extract:   3%|3         | 2/60 [00:00<00:06,  8.74it/s]
Extract:   5%|5         | 3/60 [00:00<00:10,  5.31it/s]
Extract:   7%|6         | 4/60 [00:01<00:18,  3.09it/s]
Extract:   8%|8         | 5/60 [00:01<00:16,  3.30it/s]
Extract:  10%|#         | 6/60 [00:01<00:15,  3.52it/s]
Extract:  12%|#1        | 7/60 [00:02<00:19,  2.78it/s]
Extract:  13%|#3        | 8/60 [00:02<00:22,  2.33it/s]
Extract:  15%|#5        | 9/60 [00:03<00:23,  2.20it/s]
Extract:  17%|#6        | 10/60 [00:03<00:24,  2.04it/s]
Extract:  18%|#8        | 11/60 [00:04<00:23,  2.08it/s]
Extract:  20%|##        | 12/60 [00:05<00:28,  1.68it/s]
Extract:  22%|##1       | 13/60 [00:05<00:22,  2.10it/s]
Extract:  23%|##3       | 14/60 [00:05<00:25,  1.84it/s]
Extract:  25%|##5       | 15/60 [00:06<00:27,  1.64it/s]
Extract:  27%|##6       | 16/60 [00:07<00:22,  1.94it/s]
Extract:  30%|###       | 18/60 [00:07<00:13,  3.20it/s]
Extract:  33%|###3      | 20/60 [00:07<00:09,  4.34it/s]
Extract:  35%|###5      | 21/60 [00:08<00:14,  2.70it/s]
Extract:  37%|###6      | 22/60 [00:08<00:14,  2.66it/s]
Extract:  38%|###8      | 23/60 [00:09<00:16,  2.29it/s]
Extract:  40%|####      | 24/60 [00:09<00:13,  2.60it/s]
Extract:  43%|####3     | 26/60 [00:09<00:09,  3.69it/s]
Extract:  45%|####5     | 27/60 [00:10<00:14,  2.28it/s]
Extract:  47%|####6     | 28/60 [00:10<00:12,  2.65it/s]
Extract:  48%|####8     | 29/60 [00:11<00:10,  2.90it/s]
Extract:  50%|#####     | 30/60 [00:11<00:10,  2.81it/s]
Extract:  52%|#####1    | 31/60 [00:11<00:10,  2.79it/s]
Extract:  53%|#####3    | 32/60 [00:12<00:08,  3.34it/s]
Extract:  57%|#####6    | 34/60 [00:12<00:05,  4.93it/s]
Extract:  58%|#####8    | 35/60 [00:12<00:04,  5.09it/s]
Extract:  60%|######    | 36/60 [00:12<00:04,  5.65it/s]
Extract:  62%|######1   | 37/60 [00:13<00:06,  3.80it/s]
Extract:  63%|######3   | 38/60 [00:13<00:05,  3.83it/s]
Extract:  67%|######6   | 40/60 [00:13<00:04,  4.49it/s]
Extract:  68%|######8   | 41/60 [00:13<00:04,  4.47it/s]
Extract:  70%|#######   | 42/60 [00:14<00:08,  2.22it/s]
Extract:  72%|#######1  | 43/60 [00:15<00:09,  1.75it/s]
Extract:  75%|#######5  | 45/60 [00:16<00:05,  2.74it/s]
Extract:  77%|#######6  | 46/60 [00:16<00:04,  3.11it/s]
Extract:  78%|#######8  | 47/60 [00:16<00:04,  3.12it/s]
Extract:  82%|########1 | 49/60 [00:16<00:02,  4.41it/s]
Extract:  83%|########3 | 50/60 [00:17<00:03,  2.55it/s]
Extract:  85%|########5 | 51/60 [00:18<00:04,  2.17it/s]
Extract:  87%|########6 | 52/60 [00:18<00:03,  2.06it/s]
Extract:  90%|######### | 54/60 [00:19<00:02,  2.41it/s]
Extract:  92%|#########1| 55/60 [00:19<00:02,  2.45it/s]
Extract:  93%|#########3| 56/60 [00:20<00:01,  2.75it/s]
Extract:  95%|#########5| 57/60 [00:20<00:00,  3.36it/s]
Extract:  97%|#########6| 58/60 [00:20<00:00,  2.65it/s]
Extract:  98%|#########8| 59/60 [00:21<00:00,  2.60it/s]
Extract: 100%|##########| 60/60 [00:22<00:00,  1.84it/s]
Extract: 100%|##########| 60/60 [00:22<00:00,  2.70it/s]

Extract:   0%|          | 0/60 [00:00<?, ?it/s]
Extract:   3%|3         | 2/60 [00:00<00:07,  7.57it/s]
Extract:   5%|5         | 3/60 [00:00<00:11,  5.15it/s]
Extract:   7%|6         | 4/60 [00:01<00:17,  3.15it/s]
Extract:   8%|8         | 5/60 [00:01<00:17,  3.14it/s]
Extract:  10%|#         | 6/60 [00:01<00:16,  3.35it/s]
Extract:  12%|#1        | 7/60 [00:02<00:20,  2.62it/s]
Extract:  13%|#3        | 8/60 [00:02<00:26,  1.99it/s]
Extract:  15%|#5        | 9/60 [00:03<00:29,  1.71it/s]
Extract:  17%|#6        | 10/60 [00:04<00:28,  1.73it/s]
Extract:  18%|#8        | 11/60 [00:04<00:27,  1.80it/s]
Extract:  20%|##        | 12/60 [00:05<00:30,  1.56it/s]
Extract:  22%|##1       | 13/60 [00:05<00:24,  1.89it/s]
Extract:  23%|##3       | 14/60 [00:06<00:28,  1.62it/s]
Extract:  25%|##5       | 15/60 [00:08<00:41,  1.09it/s]
Extract:  27%|##6       | 16/60 [00:08<00:32,  1.35it/s]
Extract:  28%|##8       | 17/60 [00:08<00:23,  1.82it/s]
Extract:  32%|###1      | 19/60 [00:08<00:13,  2.95it/s]
Extract:  33%|###3      | 20/60 [00:09<00:11,  3.42it/s]
Extract:  35%|###5      | 21/60 [00:10<00:19,  2.00it/s]
Extract:  37%|###6      | 22/60 [00:10<00:18,  2.04it/s]
Extract:  38%|###8      | 23/60 [00:11<00:19,  1.91it/s]
Extract:  40%|####      | 24/60 [00:11<00:16,  2.19it/s]
Extract:  42%|####1     | 25/60 [00:11<00:13,  2.64it/s]
Extract:  43%|####3     | 26/60 [00:12<00:11,  2.86it/s]
Extract:  45%|####5     | 27/60 [00:13<00:19,  1.72it/s]
Extract:  47%|####6     | 28/60 [00:13<00:15,  2.12it/s]
Extract:  48%|####8     | 29/60 [00:13<00:12,  2.43it/s]
Extract:  50%|#####     | 30/60 [00:14<00:12,  2.38it/s]
Extract:  52%|#####1    | 31/60 [00:14<00:13,  2.23it/s]
Extract:  53%|#####3    | 32/60 [00:14<00:10,  2.64it/s]
Extract:  57%|#####6    | 34/60 [00:15<00:06,  3.94it/s]
Extract:  58%|#####8    | 35/60 [00:15<00:05,  4.18it/s]
Extract:  60%|######    | 36/60 [00:15<00:05,  4.74it/s]
Extract:  62%|######1   | 37/60 [00:15<00:06,  3.60it/s]
Extract:  63%|######3   | 38/60 [00:16<00:07,  3.06it/s]
Extract:  65%|######5   | 39/60 [00:16<00:05,  3.75it/s]
Extract:  67%|######6   | 40/60 [00:16<00:05,  3.62it/s]
Extract:  68%|######8   | 41/60 [00:16<00:05,  3.69it/s]
Extract:  70%|#######   | 42/60 [00:17<00:08,  2.00it/s]
Extract:  72%|#######1  | 43/60 [00:19<00:11,  1.52it/s]
Extract:  75%|#######5  | 45/60 [00:19<00:06,  2.47it/s]
Extract:  77%|#######6  | 46/60 [00:19<00:04,  2.80it/s]
Extract:  78%|#######8  | 47/60 [00:20<00:05,  2.43it/s]
Extract:  82%|########1 | 49/60 [00:20<00:03,  3.36it/s]
Extract:  83%|########3 | 50/60 [00:21<00:05,  1.91it/s]
Extract:  85%|########5 | 51/60 [00:22<00:05,  1.66it/s]
Extract:  87%|########6 | 52/60 [00:23<00:05,  1.55it/s]
Extract:  88%|########8 | 53/60 [00:23<00:03,  2.00it/s]
Extract:  90%|######### | 54/60 [00:23<00:03,  1.81it/s]
Extract:  92%|#########1| 55/60 [00:24<00:02,  1.80it/s]
Extract:  93%|#########3| 56/60 [00:24<00:01,  2.16it/s]
Extract:  95%|#########5| 57/60 [00:24<00:01,  2.72it/s]
Extract:  97%|#########6| 58/60 [00:25<00:00,  2.12it/s]
Extract:  98%|#########8| 59/60 [00:26<00:00,  2.03it/s]
Extract: 100%|##########| 60/60 [00:26<00:00,  1.71it/s]
Extract: 100%|##########| 60/60 [00:26<00:00,  2.22it/s]

Extract:   0%|          | 0/60 [00:00<?, ?it/s]
Extract:   2%|1         | 1/60 [00:00<00:06,  8.52it/s]
Extract:   3%|3         | 2/60 [00:00<00:08,  6.79it/s]
Extract:   5%|5         | 3/60 [00:00<00:12,  4.54it/s]
Extract:   7%|6         | 4/60 [00:01<00:17,  3.15it/s]
Extract:   8%|8         | 5/60 [00:01<00:19,  2.82it/s]
Extract:  10%|#         | 6/60 [00:01<00:17,  3.08it/s]
Extract:  12%|#1        | 7/60 [00:02<00:21,  2.50it/s]
Extract:  13%|#3        | 8/60 [00:02<00:25,  2.07it/s]
Extract:  15%|#5        | 9/60 [00:03<00:28,  1.82it/s]
Extract:  17%|#6        | 10/60 [00:04<00:27,  1.84it/s]
Extract:  18%|#8        | 11/60 [00:04<00:25,  1.93it/s]
Extract:  20%|##        | 12/60 [00:05<00:30,  1.59it/s]
Extract:  22%|##1       | 13/60 [00:05<00:24,  1.94it/s]
Extract:  23%|##3       | 14/60 [00:06<00:29,  1.56it/s]
Extract:  25%|##5       | 15/60 [00:07<00:31,  1.42it/s]
Extract:  27%|##6       | 16/60 [00:07<00:25,  1.72it/s]
Extract:  28%|##8       | 17/60 [00:07<00:18,  2.28it/s]
Extract:  32%|###1      | 19/60 [00:08<00:11,  3.61it/s]
Extract:  33%|###3      | 20/60 [00:08<00:09,  4.13it/s]
Extract:  35%|###5      | 21/60 [00:09<00:16,  2.39it/s]
Extract:  37%|###6      | 22/60 [00:09<00:15,  2.45it/s]
Extract:  38%|###8      | 23/60 [00:10<00:16,  2.24it/s]
Extract:  40%|####      | 24/60 [00:10<00:14,  2.52it/s]
Extract:  42%|####1     | 25/60 [00:10<00:11,  3.04it/s]
Extract:  43%|####3     | 26/60 [00:10<00:10,  3.24it/s]
Extract:  45%|####5     | 27/60 [00:11<00:17,  1.90it/s]
Extract:  47%|####6     | 28/60 [00:12<00:13,  2.30it/s]
Extract:  48%|####8     | 29/60 [00:12<00:13,  2.30it/s]
Extract:  50%|#####     | 30/60 [00:12<00:12,  2.42it/s]
Extract:  52%|#####1    | 31/60 [00:13<00:12,  2.35it/s]
Extract:  53%|#####3    | 32/60 [00:13<00:09,  2.87it/s]
Extract:  57%|#####6    | 34/60 [00:13<00:05,  4.42it/s]
Extract:  58%|#####8    | 35/60 [00:13<00:05,  4.54it/s]
Extract:  60%|######    | 36/60 [00:14<00:04,  4.97it/s]
Extract:  62%|######1   | 37/60 [00:14<00:06,  3.79it/s]
Extract:  63%|######3   | 38/60 [00:14<00:05,  3.80it/s]
Extract:  65%|######5   | 39/60 [00:14<00:04,  4.61it/s]
Extract:  67%|######6   | 40/60 [00:15<00:04,  4.35it/s]
Extract:  68%|######8   | 41/60 [00:15<00:05,  3.55it/s]
Extract:  70%|#######   | 42/60 [00:16<00:08,  2.03it/s]
Extract:  72%|#######1  | 43/60 [00:17<00:09,  1.78it/s]
Extract:  75%|#######5  | 45/60 [00:17<00:05,  2.90it/s]
Extract:  77%|#######6  | 46/60 [00:17<00:04,  3.39it/s]
Extract:  78%|#######8  | 47/60 [00:17<00:04,  3.21it/s]
Extract:  82%|########1 | 49/60 [00:18<00:02,  4.39it/s]
Extract:  83%|########3 | 50/60 [00:18<00:03,  2.75it/s]
Extract:  85%|########5 | 51/60 [00:19<00:04,  2.10it/s]
Extract:  87%|########6 | 52/60 [00:20<00:04,  1.87it/s]
Extract:  88%|########8 | 53/60 [00:20<00:02,  2.41it/s]
Extract:  90%|######### | 54/60 [00:21<00:02,  2.18it/s]
Extract:  92%|#########1| 55/60 [00:21<00:02,  2.10it/s]
Extract:  93%|#########3| 56/60 [00:21<00:01,  2.40it/s]
Extract:  95%|#########5| 57/60 [00:22<00:00,  3.05it/s]
Extract:  97%|#########6| 58/60 [00:22<00:00,  2.65it/s]
Extract:  98%|#########8| 59/60 [00:22<00:00,  2.44it/s]
Extract: 100%|##########| 60/60 [00:23<00:00,  1.94it/s]
Extract: 100%|##########| 60/60 [00:23<00:00,  2.53it/s]

Extract:   0%|          | 0/60 [00:00<?, ?it/s]
Extract:   2%|1         | 1/60 [00:00<00:07,  7.96it/s]
Extract:   3%|3         | 2/60 [00:00<00:08,  6.47it/s]
Extract:   5%|5         | 3/60 [00:00<00:11,  4.98it/s]
Extract:   7%|6         | 4/60 [00:00<00:15,  3.51it/s]
Extract:   8%|8         | 5/60 [00:01<00:15,  3.47it/s]
Extract:  10%|#         | 6/60 [00:01<00:14,  3.79it/s]
Extract:  12%|#1        | 7/60 [00:01<00:18,  2.94it/s]
Extract:  13%|#3        | 8/60 [00:02<00:21,  2.39it/s]
Extract:  15%|#5        | 9/60 [00:03<00:22,  2.24it/s]
Extract:  17%|#6        | 10/60 [00:03<00:24,  2.07it/s]
Extract:  18%|#8        | 11/60 [00:04<00:24,  1.98it/s]
Extract:  20%|##        | 12/60 [00:05<00:34,  1.41it/s]
Extract:  22%|##1       | 13/60 [00:05<00:28,  1.66it/s]
Extract:  23%|##3       | 14/60 [00:06<00:33,  1.39it/s]
Extract:  25%|##5       | 15/60 [00:07<00:34,  1.30it/s]
Extract:  27%|##6       | 16/60 [00:07<00:27,  1.59it/s]
Extract:  30%|###       | 18/60 [00:08<00:15,  2.66it/s]
Extract:  32%|###1      | 19/60 [00:08<00:12,  3.23it/s]
Extract:  33%|###3      | 20/60 [00:08<00:10,  3.77it/s]
Extract:  35%|###5      | 21/60 [00:09<00:17,  2.22it/s]
Extract:  37%|###6      | 22/60 [00:09<00:16,  2.29it/s]
Extract:  38%|###8      | 23/60 [00:10<00:16,  2.21it/s]
Extract:  40%|####      | 24/60 [00:10<00:14,  2.55it/s]
Extract:  43%|####3     | 26/60 [00:10<00:09,  3.52it/s]
Extract:  45%|####5     | 27/60 [00:11<00:15,  2.09it/s]
Extract:  47%|####6     | 28/60 [00:11<00:12,  2.53it/s]
Extract:  48%|####8     | 29/60 [00:12<00:10,  2.86it/s]
Extract:  50%|#####     | 30/60 [00:12<00:10,  2.89it/s]
Extract:  52%|#####1    | 31/60 [00:12<00:10,  2.68it/s]
Extract:  53%|#####3    | 32/60 [00:13<00:08,  3.22it/s]
Extract:  57%|#####6    | 34/60 [00:13<00:05,  4.73it/s]
Extract:  58%|#####8    | 35/60 [00:13<00:05,  4.83it/s]
Extract:  60%|######    | 36/60 [00:13<00:04,  5.29it/s]
Extract:  62%|######1   | 37/60 [00:14<00:05,  4.05it/s]
Extract:  63%|######3   | 38/60 [00:14<00:05,  3.88it/s]
Extract:  65%|######5   | 39/60 [00:14<00:04,  4.53it/s]
Extract:  67%|######6   | 40/60 [00:14<00:04,  4.02it/s]
Extract:  68%|######8   | 41/60 [00:14<00:04,  4.19it/s]
Extract:  70%|#######   | 42/60 [00:15<00:08,  2.15it/s]
Extract:  72%|#######1  | 43/60 [00:16<00:10,  1.61it/s]
Extract:  75%|#######5  | 45/60 [00:17<00:05,  2.60it/s]
Extract:  77%|#######6  | 46/60 [00:17<00:04,  3.01it/s]
Extract:  78%|#######8  | 47/60 [00:17<00:04,  2.85it/s]
Extract:  82%|########1 | 49/60 [00:17<00:02,  3.96it/s]
Extract:  83%|########3 | 50/60 [00:18<00:04,  2.45it/s]
Extract:  85%|########5 | 51/60 [00:19<00:04,  2.06it/s]
Extract:  87%|########6 | 52/60 [00:20<00:04,  1.84it/s]
Extract:  88%|########8 | 53/60 [00:20<00:02,  2.36it/s]
Extract:  90%|######### | 54/60 [00:21<00:02,  2.13it/s]
Extract:  92%|#########1| 55/60 [00:21<00:02,  1.95it/s]
Extract:  93%|#########3| 56/60 [00:21<00:01,  2.29it/s]
Extract:  95%|#########5| 57/60 [00:22<00:01,  2.94it/s]
Extract:  97%|#########6| 58/60 [00:22<00:00,  2.68it/s]
Extract:  98%|#########8| 59/60 [00:22<00:00,  2.40it/s]
Extract: 100%|##########| 60/60 [00:23<00:00,  1.93it/s]
Extract: 100%|##########| 60/60 [00:23<00:00,  2.53it/s]

Extract:   0%|          | 0/60 [00:00<?, ?it/s]
Extract:   2%|1         | 1/60 [00:00<00:06,  9.81it/s]
Extract:   3%|3         | 2/60 [00:00<00:07,  7.51it/s]
Extract:   5%|5         | 3/60 [00:00<00:10,  5.52it/s]
Extract:   7%|6         | 4/60 [00:00<00:15,  3.58it/s]
Extract:   8%|8         | 5/60 [00:01<00:15,  3.50it/s]
Extract:  10%|#         | 6/60 [00:01<00:15,  3.57it/s]
Extract:  12%|#1        | 7/60 [00:01<00:18,  2.85it/s]
Extract:  13%|#3        | 8/60 [00:02<00:22,  2.35it/s]
Extract:  15%|#5        | 9/60 [00:03<00:26,  1.91it/s]
Extract:  17%|#6        | 10/60 [00:04<00:30,  1.65it/s]
Extract:  18%|#8        | 11/60 [00:04<00:27,  1.76it/s]
Extract:  20%|##        | 12/60 [00:05<00:31,  1.55it/s]
Extract:  22%|##1       | 13/60 [00:05<00:24,  1.90it/s]
Extract:  23%|##3       | 14/60 [00:06<00:27,  1.69it/s]
Extract:  25%|##5       | 15/60 [00:07<00:31,  1.45it/s]
Extract:  27%|##6       | 16/60 [00:07<00:25,  1.73it/s]
Extract:  28%|##8       | 17/60 [00:07<00:20,  2.14it/s]
Extract:  32%|###1      | 19/60 [00:08<00:11,  3.42it/s]
Extract:  33%|###3      | 20/60 [00:08<00:10,  3.99it/s]
Extract:  35%|###5      | 21/60 [00:09<00:16,  2.34it/s]
Extract:  37%|###6      | 22/60 [00:09<00:15,  2.39it/s]
Extract:  38%|###8      | 23/60 [00:10<00:16,  2.19it/s]
Extract:  40%|####      | 24/60 [00:10<00:14,  2.47it/s]
Extract:  43%|####3     | 26/60 [00:10<00:09,  3.49it/s]
Extract:  45%|####5     | 27/60 [00:11<00:14,  2.21it/s]
Extract:  47%|####6     | 28/60 [00:11<00:12,  2.62it/s]
Extract:  48%|####8     | 29/60 [00:11<00:10,  2.93it/s]
Extract:  50%|#####     | 30/60 [00:12<00:11,  2.59it/s]
Extract:  52%|#####1    | 31/60 [00:12<00:11,  2.45it/s]
Extract:  53%|#####3    | 32/60 [00:13<00:09,  2.94it/s]
Extract:  57%|#####6    | 34/60 [00:13<00:05,  4.37it/s]
Extract:  58%|#####8    | 35/60 [00:13<00:05,  4.68it/s]
Extract:  60%|######    | 36/60 [00:13<00:04,  5.23it/s]
Extract:  62%|######1   | 37/60 [00:13<00:05,  4.07it/s]
Extract:  63%|######3   | 38/60 [00:14<00:05,  3.96it/s]
Extract:  65%|######5   | 39/60 [00:14<00:04,  4.75it/s]
Extract:  67%|######6   | 40/60 [00:14<00:04,  4.38it/s]
Extract:  68%|######8   | 41/60 [00:14<00:04,  4.26it/s]
Extract:  70%|#######   | 42/60 [00:15<00:07,  2.26it/s]
Extract:  72%|#######1  | 43/60 [00:16<00:09,  1.74it/s]
Extract:  75%|#######5  | 45/60 [00:17<00:05,  2.57it/s]
Extract:  77%|#######6  | 46/60 [00:17<00:04,  2.99it/s]
Extract:  78%|#######8  | 47/60 [00:17<00:04,  2.85it/s]
Extract:  82%|########1 | 49/60 [00:17<00:02,  3.91it/s]
Extract:  83%|########3 | 50/60 [00:18<00:03,  2.52it/s]
Extract:  85%|########5 | 51/60 [00:19<00:04,  2.17it/s]
Extract:  87%|########6 | 52/60 [00:20<00:04,  1.94it/s]
Extract:  90%|######### | 54/60 [00:20<00:02,  2.35it/s]
Extract:  92%|#########1| 55/60 [00:21<00:02,  2.36it/s]
Extract:  93%|#########3| 56/60 [00:21<00:01,  2.48it/s]
Extract:  95%|#########5| 57/60 [00:21<00:00,  3.07it/s]
Extract:  97%|#########6| 58/60 [00:21<00:00,  2.79it/s]
Extract:  98%|#########8| 59/60 [00:22<00:00,  2.61it/s]
Extract: 100%|##########| 60/60 [00:23<00:00,  2.05it/s]
Extract: 100%|##########| 60/60 [00:23<00:00,  2.59it/s]

Extract:   0%|          | 0/60 [00:00<?, ?it/s]
Extract:   2%|1         | 1/60 [00:00<00:06,  9.29it/s]
Extract:   3%|3         | 2/60 [00:00<00:09,  6.12it/s]
Extract:   5%|5         | 3/60 [00:00<00:12,  4.39it/s]
Extract:   7%|6         | 4/60 [00:01<00:18,  3.07it/s]
Extract:   8%|8         | 5/60 [00:01<00:17,  3.21it/s]
Extract:  10%|#         | 6/60 [00:01<00:15,  3.40it/s]
Extract:  12%|#1        | 7/60 [00:02<00:19,  2.71it/s]
Extract:  13%|#3        | 8/60 [00:02<00:24,  2.09it/s]
Extract:  15%|#5        | 9/60 [00:03<00:24,  2.07it/s]
Extract:  17%|#6        | 10/60 [00:03<00:24,  2.05it/s]
Extract:  18%|#8        | 11/60 [00:04<00:24,  2.01it/s]
Extract:  20%|##        | 12/60 [00:05<00:28,  1.69it/s]
Extract:  22%|##1       | 13/60 [00:05<00:22,  2.07it/s]
Extract:  23%|##3       | 14/60 [00:06<00:24,  1.85it/s]
Extract:  25%|##5       | 15/60 [00:06<00:27,  1.62it/s]
Extract:  27%|##6       | 16/60 [00:07<00:22,  1.96it/s]
Extract:  30%|###       | 18/60 [00:07<00:12,  3.23it/s]
Extract:  32%|###1      | 19/60 [00:07<00:11,  3.54it/s]
Extract:  33%|###3      | 20/60 [00:07<00:09,  4.18it/s]
Extract:  35%|###5      | 21/60 [00:08<00:15,  2.50it/s]
Extract:  37%|###6      | 22/60 [00:08<00:15,  2.50it/s]
Extract:  38%|###8      | 23/60 [00:09<00:15,  2.33it/s]
Extract:  40%|####      | 24/60 [00:09<00:13,  2.67it/s]
Extract:  43%|####3     | 26/60 [00:09<00:09,  3.69it/s]
Extract:  45%|####5     | 27/60 [00:10<00:14,  2.24it/s]
Extract:  47%|####6     | 28/60 [00:11<00:12,  2.64it/s]
Extract:  48%|####8     | 29/60 [00:11<00:10,  2.91it/s]
Extract:  50%|#####     | 30/60 [00:11<00:10,  2.86it/s]
Extract:  52%|#####1    | 31/60 [00:12<00:12,  2.39it/s]
Extract:  53%|#####3    | 32/60 [00:12<00:09,  2.86it/s]
Extract:  57%|#####6    | 34/60 [00:12<00:06,  4.25it/s]
Extract:  58%|#####8    | 35/60 [00:12<00:05,  4.55it/s]
Extract:  60%|######    | 36/60 [00:12<00:04,  5.10it/s]
Extract:  62%|######1   | 37/60 [00:13<00:05,  3.91it/s]
Extract:  63%|######3   | 38/60 [00:13<00:05,  3.90it/s]
Extract:  65%|######5   | 39/60 [00:13<00:04,  4.70it/s]
Extract:  67%|######6   | 40/60 [00:13<00:04,  4.47it/s]
Extract:  68%|######8   | 41/60 [00:14<00:04,  4.48it/s]
Extract:  70%|#######   | 42/60 [00:15<00:07,  2.37it/s]
Extract:  72%|#######1  | 43/60 [00:15<00:09,  1.87it/s]
Extract:  75%|#######5  | 45/60 [00:16<00:04,  3.01it/s]
Extract:  77%|#######6  | 46/60 [00:16<00:04,  3.42it/s]
Extract:  78%|#######8  | 47/60 [00:16<00:04,  2.94it/s]
Extract:  82%|########1 | 49/60 [00:16<00:02,  3.97it/s]
Extract:  83%|########3 | 50/60 [00:17<00:03,  2.59it/s]
Extract:  85%|########5 | 51/60 [00:18<00:04,  2.23it/s]
Extract:  87%|########6 | 52/60 [00:19<00:04,  1.96it/s]
Extract:  90%|######### | 54/60 [00:19<00:02,  2.30it/s]
Extract:  92%|#########1| 55/60 [00:20<00:02,  2.21it/s]
Extract:  93%|#########3| 56/60 [00:20<00:01,  2.48it/s]
Extract:  95%|#########5| 57/60 [00:20<00:00,  3.06it/s]
Extract:  97%|#########6| 58/60 [00:21<00:00,  2.46it/s]
Extract:  98%|#########8| 59/60 [00:21<00:00,  2.40it/s]
Extract: 100%|##########| 60/60 [00:22<00:00,  1.98it/s]
Extract: 100%|##########| 60/60 [00:22<00:00,  2.67it/s]

Extract:   0%|          | 0/60 [00:00<?, ?it/s]
Extract:   2%|1         | 1/60 [00:00<00:07,  7.62it/s]
Extract:   3%|3         | 2/60 [00:00<00:09,  6.02it/s]
Extract:   5%|5         | 3/60 [00:00<00:16,  3.52it/s]
Extract:   7%|6         | 4/60 [00:01<00:32,  1.73it/s]
Extract:   8%|8         | 5/60 [00:02<00:26,  2.08it/s]
Extract:  10%|#         | 6/60 [00:02<00:22,  2.39it/s]
Extract:  12%|#1        | 7/60 [00:03<00:26,  1.97it/s]
Extract:  13%|#3        | 8/60 [00:03<00:32,  1.59it/s]
Extract:  15%|#5        | 9/60 [00:04<00:31,  1.61it/s]
Extract:  17%|#6        | 10/60 [00:05<00:29,  1.71it/s]
Extract:  18%|#8        | 11/60 [00:05<00:26,  1.82it/s]
Extract:  20%|##        | 12/60 [00:06<00:31,  1.53it/s]
Extract:  22%|##1       | 13/60 [00:06<00:25,  1.84it/s]
Extract:  23%|##3       | 14/60 [00:07<00:31,  1.47it/s]
Extract:  25%|##5       | 15/60 [00:08<00:34,  1.29it/s]
Extract:  27%|##6       | 16/60 [00:09<00:28,  1.55it/s]
Extract:  28%|##8       | 17/60 [00:09<00:20,  2.05it/s]
Extract:  32%|###1      | 19/60 [00:09<00:12,  3.25it/s]
Extract:  33%|###3      | 20/60 [00:09<00:10,  3.80it/s]
Extract:  35%|###5      | 21/60 [00:10<00:18,  2.13it/s]
Extract:  37%|###6      | 22/60 [00:11<00:18,  2.09it/s]
Extract:  38%|###8      | 23/60 [00:11<00:19,  1.94it/s]
Extract:  40%|####      | 24/60 [00:12<00:18,  2.00it/s]
Extract:  43%|####3     | 26/60 [00:12<00:11,  2.86it/s]
Extract:  45%|####5     | 27/60 [00:13<00:17,  1.89it/s]
Extract:  47%|####6     | 28/60 [00:13<00:14,  2.28it/s]
Extract:  48%|####8     | 29/60 [00:14<00:12,  2.53it/s]
Extract:  50%|#####     | 30/60 [00:14<00:11,  2.55it/s]
Extract:  52%|#####1    | 31/60 [00:14<00:12,  2.36it/s]
Extract:  53%|#####3    | 32/60 [00:15<00:09,  2.83it/s]
Extract:  57%|#####6    | 34/60 [00:15<00:06,  4.31it/s]
Extract:  58%|#####8    | 35/60 [00:15<00:05,  4.50it/s]
Extract:  60%|######    | 36/60 [00:15<00:04,  4.99it/s]
Extract:  62%|######1   | 37/60 [00:16<00:07,  3.21it/s]
Extract:  63%|######3   | 38/60 [00:16<00:06,  3.21it/s]
Extract:  65%|######5   | 39/60 [00:16<00:05,  3.90it/s]
Extract:  67%|######6   | 40/60 [00:16<00:05,  3.76it/s]
Extract:  68%|######8   | 41/60 [00:17<00:05,  3.64it/s]
Extract:  70%|#######   | 42/60 [00:18<00:09,  1.86it/s]
Extract:  72%|#######1  | 43/60 [00:19<00:12,  1.37it/s]
Extract:  73%|#######3  | 44/60 [00:19<00:08,  1.83it/s]
Extract:  75%|#######5  | 45/60 [00:19<00:06,  2.37it/s]
Extract:  77%|#######6  | 46/60 [00:20<00:05,  2.79it/s]
Extract:  78%|#######8  | 47/60 [00:20<00:04,  2.62it/s]
Extract:  82%|########1 | 49/60 [00:20<00:02,  3.79it/s]
Extract:  83%|########3 | 50/60 [00:21<00:04,  2.14it/s]
Extract:  85%|########5 | 51/60 [00:22<00:04,  1.81it/s]
Extract:  87%|########6 | 52/60 [00:23<00:04,  1.64it/s]
Extract:  90%|######### | 54/60 [00:24<00:02,  2.00it/s]
Extract:  92%|#########1| 55/60 [00:24<00:02,  1.90it/s]
Extract:  93%|#########3| 56/60 [00:25<00:02,  1.96it/s]
Extract:  95%|#########5| 57/60 [00:25<00:01,  2.45it/s]
Extract:  97%|#########6| 58/60 [00:25<00:00,  2.25it/s]
Extract:  98%|#########8| 59/60 [00:26<00:00,  2.15it/s]
Extract: 100%|##########| 60/60 [00:27<00:00,  1.72it/s]
Extract: 100%|##########| 60/60 [00:27<00:00,  2.21it/s]

Extract:   0%|          | 0/60 [00:00<?, ?it/s]
Extract:   2%|1         | 1/60 [00:00<00:06,  9.38it/s]
Extract:   3%|3         | 2/60 [00:00<00:07,  7.55it/s]
Extract:   5%|5         | 3/60 [00:00<00:11,  4.79it/s]
Extract:   7%|6         | 4/60 [00:01<00:17,  3.21it/s]
Extract:   8%|8         | 5/60 [00:01<00:16,  3.24it/s]
Extract:  10%|#         | 6/60 [00:01<00:15,  3.45it/s]
Extract:  12%|#1        | 7/60 [00:02<00:21,  2.48it/s]
Extract:  13%|#3        | 8/60 [00:02<00:25,  2.05it/s]
Extract:  15%|#5        | 9/60 [00:03<00:33,  1.51it/s]
Extract:  17%|#6        | 10/60 [00:04<00:31,  1.58it/s]
Extract:  18%|#8        | 11/60 [00:05<00:30,  1.61it/s]
Extract:  20%|##        | 12/60 [00:06<00:43,  1.10it/s]
Extract:  22%|##1       | 13/60 [00:06<00:33,  1.42it/s]
Extract:  23%|##3       | 14/60 [00:07<00:32,  1.41it/s]
Extract:  25%|##5       | 15/60 [00:08<00:35,  1.26it/s]
Extract:  27%|##6       | 16/60 [00:08<00:28,  1.56it/s]
Extract:  30%|###       | 18/60 [00:09<00:16,  2.62it/s]
Extract:  32%|###1      | 19/60 [00:09<00:12,  3.19it/s]
Extract:  33%|###3      | 20/60 [00:09<00:10,  3.70it/s]
Extract:  35%|###5      | 21/60 [00:10<00:17,  2.20it/s]
Extract:  37%|###6      | 22/60 [00:10<00:16,  2.31it/s]
Extract:  38%|###8      | 23/60 [00:11<00:16,  2.19it/s]
Extract:  40%|####      | 24/60 [00:11<00:14,  2.46it/s]
Extract:  43%|####3     | 26/60 [00:11<00:09,  3.42it/s]
Extract:  45%|####5     | 27/60 [00:12<00:16,  2.03it/s]
Extract:  47%|####6     | 28/60 [00:13<00:13,  2.40it/s]
Extract:  48%|####8     | 29/60 [00:13<00:11,  2.66it/s]
Extract:  50%|#####     | 30/60 [00:13<00:11,  2.72it/s]
Extract:  52%|#####1    | 31/60 [00:14<00:11,  2.46it/s]
Extract:  53%|#####3    | 32/60 [00:14<00:09,  2.89it/s]
Extract:  57%|#####6    | 34/60 [00:14<00:06,  4.32it/s]
Extract:  58%|#####8    | 35/60 [00:14<00:05,  4.51it/s]
Extract:  60%|######    | 36/60 [00:14<00:04,  5.11it/s]
Extract:  62%|######1   | 37/60 [00:15<00:05,  3.86it/s]
Extract:  63%|######3   | 38/60 [00:15<00:05,  3.72it/s]
Extract:  65%|######5   | 39/60 [00:15<00:04,  4.49it/s]
Extract:  67%|######6   | 40/60 [00:15<00:04,  4.32it/s]
Extract:  68%|######8   | 41/60 [00:16<00:04,  4.18it/s]
Extract:  70%|#######   | 42/60 [00:17<00:08,  2.02it/s]
Extract:  72%|#######1  | 43/60 [00:18<00:10,  1.70it/s]
Extract:  75%|#######5  | 45/60 [00:18<00:05,  2.74it/s]
Extract:  77%|#######6  | 46/60 [00:18<00:04,  3.14it/s]
Extract:  78%|#######8  | 47/60 [00:18<00:04,  2.95it/s]
Extract:  82%|########1 | 49/60 [00:19<00:02,  4.09it/s]
Extract:  83%|########3 | 50/60 [00:20<00:03,  2.55it/s]
Extract:  85%|########5 | 51/60 [00:20<00:04,  2.20it/s]
Extract:  87%|########6 | 52/60 [00:21<00:04,  1.79it/s]
Extract:  88%|########8 | 53/60 [00:21<00:03,  2.30it/s]
Extract:  90%|######### | 54/60 [00:22<00:02,  2.08it/s]
Extract:  92%|#########1| 55/60 [00:22<00:02,  2.03it/s]
Extract:  93%|#########3| 56/60 [00:22<00:01,  2.34it/s]
Extract:  95%|#########5| 57/60 [00:23<00:01,  2.92it/s]
Extract:  97%|#########6| 58/60 [00:23<00:00,  2.51it/s]
Extract:  98%|#########8| 59/60 [00:24<00:00,  2.25it/s]
Extract: 100%|##########| 60/60 [00:25<00:00,  1.62it/s]
Extract: 100%|##########| 60/60 [00:25<00:00,  2.38it/s]

Extract:   0%|          | 0/60 [00:00<?, ?it/s]
Extract:   2%|1         | 1/60 [00:00<00:13,  4.28it/s]
Extract:   3%|3         | 2/60 [00:00<00:11,  5.10it/s]
Extract:   5%|5         | 3/60 [00:00<00:14,  4.06it/s]
Extract:   7%|6         | 4/60 [00:01<00:18,  3.08it/s]
Extract:   8%|8         | 5/60 [00:01<00:16,  3.27it/s]
Extract:  10%|#         | 6/60 [00:01<00:15,  3.58it/s]
Extract:  12%|#1        | 7/60 [00:02<00:18,  2.87it/s]
Extract:  13%|#3        | 8/60 [00:02<00:21,  2.45it/s]
Extract:  15%|#5        | 9/60 [00:03<00:22,  2.32it/s]
Extract:  17%|#6        | 10/60 [00:03<00:24,  2.03it/s]
Extract:  18%|#8        | 11/60 [00:04<00:23,  2.09it/s]
Extract:  20%|##        | 12/60 [00:04<00:26,  1.80it/s]
Extract:  22%|##1       | 13/60 [00:05<00:22,  2.07it/s]
Extract:  23%|##3       | 14/60 [00:05<00:24,  1.88it/s]
Extract:  25%|##5       | 15/60 [00:06<00:27,  1.62it/s]
Extract:  27%|##6       | 16/60 [00:07<00:23,  1.90it/s]
Extract:  28%|##8       | 17/60 [00:07<00:17,  2.49it/s]
Extract:  32%|###1      | 19/60 [00:07<00:10,  3.83it/s]
Extract:  33%|###3      | 20/60 [00:07<00:09,  4.39it/s]
Extract:  35%|###5      | 21/60 [00:08<00:15,  2.56it/s]
Extract:  37%|###6      | 22/60 [00:08<00:14,  2.56it/s]
Extract:  38%|###8      | 23/60 [00:09<00:15,  2.39it/s]
Extract:  40%|####      | 24/60 [00:09<00:13,  2.66it/s]
Extract:  43%|####3     | 26/60 [00:09<00:10,  3.27it/s]
Extract:  45%|####5     | 27/60 [00:10<00:15,  2.13it/s]
Extract:  47%|####6     | 28/60 [00:11<00:12,  2.57it/s]
Extract:  48%|####8     | 29/60 [00:11<00:10,  2.91it/s]
Extract:  50%|#####     | 30/60 [00:11<00:10,  2.96it/s]
Extract:  52%|#####1    | 31/60 [00:12<00:10,  2.78it/s]
Extract:  53%|#####3    | 32/60 [00:12<00:08,  3.17it/s]
Extract:  57%|#####6    | 34/60 [00:12<00:05,  4.64it/s]
Extract:  58%|#####8    | 35/60 [00:12<00:05,  4.90it/s]
Extract:  60%|######    | 36/60 [00:12<00:04,  5.54it/s]
Extract:  62%|######1   | 37/60 [00:13<00:05,  4.37it/s]
Extract:  63%|######3   | 38/60 [00:13<00:05,  4.28it/s]
Extract:  67%|######6   | 40/60 [00:13<00:04,  4.97it/s]
Extract:  68%|######8   | 41/60 [00:13<00:03,  4.92it/s]
Extract:  70%|#######   | 42/60 [00:14<00:07,  2.51it/s]
Extract:  72%|#######1  | 43/60 [00:15<00:08,  1.97it/s]
Extract:  75%|#######5  | 45/60 [00:15<00:04,  3.02it/s]
Extract:  77%|#######6  | 46/60 [00:15<00:04,  3.42it/s]
Extract:  78%|#######8  | 47/60 [00:16<00:04,  3.24it/s]
Extract:  82%|########1 | 49/60 [00:16<00:02,  4.36it/s]
Extract:  83%|########3 | 50/60 [00:17<00:03,  2.76it/s]
Extract:  85%|########5 | 51/60 [00:17<00:03,  2.38it/s]
Extract:  87%|########6 | 52/60 [00:18<00:03,  2.07it/s]
Extract:  90%|######### | 54/60 [00:19<00:02,  2.31it/s]
Extract:  92%|#########1| 55/60 [00:19<00:02,  2.24it/s]
Extract:  93%|#########3| 56/60 [00:20<00:01,  2.56it/s]
Extract:  95%|#########5| 57/60 [00:20<00:00,  3.11it/s]
Extract:  97%|#########6| 58/60 [00:20<00:00,  2.85it/s]
Extract:  98%|#########8| 59/60 [00:21<00:00,  2.75it/s]
Extract: 100%|##########| 60/60 [00:21<00:00,  2.18it/s]
Extract: 100%|##########| 60/60 [00:21<00:00,  2.76it/s]

Extract:   0%|          | 0/60 [00:00<?, ?it/s]
Extract:   2%|1         | 1/60 [00:00<00:06,  9.64it/s]
Extract:   3%|3         | 2/60 [00:00<00:08,  6.66it/s]
Extract:   5%|5         | 3/60 [00:00<00:11,  4.81it/s]
Extract:   7%|6         | 4/60 [00:01<00:17,  3.20it/s]
Extract:   8%|8         | 5/60 [00:01<00:20,  2.74it/s]
Extract:  10%|#         | 6/60 [00:01<00:17,  3.03it/s]
Extract:  12%|#1        | 7/60 [00:02<00:21,  2.51it/s]
Extract:  13%|#3        | 8/60 [00:02<00:23,  2.17it/s]
Extract:  15%|#5        | 9/60 [00:03<00:29,  1.74it/s]
Extract:  17%|#6        | 10/60 [00:04<00:28,  1.78it/s]
Extract:  18%|#8        | 11/60 [00:04<00:26,  1.83it/s]
Extract:  20%|##        | 12/60 [00:05<00:31,  1.51it/s]
Extract:  22%|##1       | 13/60 [00:05<00:25,  1.84it/s]
Extract:  23%|##3       | 14/60 [00:06<00:30,  1.52it/s]
Extract:  25%|##5       | 15/60 [00:07<00:32,  1.39it/s]
Extract:  27%|##6       | 16/60 [00:08<00:26,  1.67it/s]
Extract:  28%|##8       | 17/60 [00:08<00:19,  2.23it/s]
Extract:  32%|###1      | 19/60 [00:08<00:11,  3.55it/s]
Extract:  33%|###3      | 20/60 [00:08<00:09,  4.06it/s]
Extract:  35%|###5      | 21/60 [00:09<00:16,  2.30it/s]
Extract:  37%|###6      | 22/60 [00:09<00:16,  2.31it/s]
Extract:  38%|###8      | 23/60 [00:10<00:18,  1.99it/s]
Extract:  40%|####      | 24/60 [00:10<00:16,  2.24it/s]
Extract:  43%|####3     | 26/60 [00:11<00:10,  3.19it/s]
Extract:  45%|####5     | 27/60 [00:12<00:16,  1.99it/s]
Extract:  47%|####6     | 28/60 [00:12<00:13,  2.37it/s]
Extract:  48%|####8     | 29/60 [00:12<00:11,  2.63it/s]
Extract:  50%|#####     | 30/60 [00:13<00:11,  2.63it/s]
Extract:  52%|#####1    | 31/60 [00:13<00:12,  2.39it/s]
Extract:  53%|#####3    | 32/60 [00:13<00:09,  2.81it/s]
Extract:  57%|#####6    | 34/60 [00:14<00:06,  4.10it/s]
Extract:  58%|#####8    | 35/60 [00:14<00:05,  4.28it/s]
Extract:  60%|######    | 36/60 [00:14<00:05,  4.74it/s]
Extract:  62%|######1   | 37/60 [00:14<00:06,  3.66it/s]
Extract:  63%|######3   | 38/60 [00:15<00:06,  3.54it/s]
Extract:  65%|######5   | 39/60 [00:15<00:05,  3.56it/s]
Extract:  67%|######6   | 40/60 [00:15<00:05,  3.63it/s]
Extract:  68%|######8   | 41/60 [00:15<00:05,  3.63it/s]
Extract:  70%|#######   | 42/60 [00:16<00:08,  2.06it/s]
Extract:  72%|#######1  | 43/60 [00:17<00:10,  1.67it/s]
Extract:  75%|#######5  | 45/60 [00:17<00:05,  2.72it/s]
Extract:  77%|#######6  | 46/60 [00:18<00:04,  3.13it/s]
Extract:  78%|#######8  | 47/60 [00:18<00:04,  2.88it/s]
Extract:  82%|########1 | 49/60 [00:18<00:02,  3.89it/s]
Extract:  83%|########3 | 50/60 [00:19<00:04,  2.30it/s]
Extract:  85%|########5 | 51/60 [00:20<00:04,  1.87it/s]
Extract:  87%|########6 | 52/60 [00:23<00:08,  1.04s/it]
Extract:  88%|########8 | 53/60 [00:23<00:05,  1.25it/s]
Extract:  90%|######### | 54/60 [00:23<00:04,  1.40it/s]
Extract:  92%|#########1| 55/60 [00:24<00:03,  1.54it/s]
Extract:  93%|#########3| 56/60 [00:24<00:02,  1.93it/s]
Extract:  97%|#########6| 58/60 [00:24<00:00,  2.75it/s]
Extract:  98%|#########8| 59/60 [00:25<00:00,  3.11it/s]
Extract: 100%|##########| 60/60 [00:25<00:00,  2.87it/s]
Extract: 100%|##########| 60/60 [00:25<00:00,  2.36it/s]

Extract:   0%|          | 0/60 [00:00<?, ?it/s]
Extract:   3%|3         | 2/60 [00:00<00:04, 12.50it/s]
Extract:   7%|6         | 4/60 [00:00<00:07,  7.04it/s]
Extract:   8%|8         | 5/60 [00:00<00:07,  6.98it/s]
Extract:  10%|#         | 6/60 [00:00<00:07,  7.27it/s]
Extract:  12%|#1        | 7/60 [00:01<00:09,  5.65it/s]
Extract:  13%|#3        | 8/60 [00:01<00:11,  4.48it/s]
Extract:  15%|#5        | 9/60 [00:01<00:11,  4.37it/s]
Extract:  17%|#6        | 10/60 [00:01<00:10,  4.68it/s]
Extract:  18%|#8        | 11/60 [00:02<00:10,  4.73it/s]
Extract:  20%|##        | 12/60 [00:02<00:11,  4.03it/s]
Extract:  23%|##3       | 14/60 [00:02<00:09,  4.67it/s]
Extract:  25%|##5       | 15/60 [00:03<00:14,  3.10it/s]
Extract:  27%|##6       | 16/60 [00:03<00:11,  3.69it/s]
Extract:  32%|###1      | 19/60 [00:03<00:06,  6.73it/s]
Extract:  35%|###5      | 21/60 [00:04<00:06,  5.78it/s]
Extract:  37%|###6      | 22/60 [00:04<00:07,  5.29it/s]
Extract:  38%|###8      | 23/60 [00:04<00:07,  5.02it/s]
Extract:  40%|####      | 24/60 [00:04<00:06,  5.53it/s]
Extract:  43%|####3     | 26/60 [00:04<00:04,  7.62it/s]
Extract:  47%|####6     | 28/60 [00:05<00:06,  4.99it/s]
Extract:  50%|#####     | 30/60 [00:05<00:05,  5.60it/s]
Extract:  52%|#####1    | 31/60 [00:05<00:05,  5.52it/s]
Extract:  57%|#####6    | 34/60 [00:06<00:03,  8.37it/s]
Extract:  60%|######    | 36/60 [00:06<00:02,  9.97it/s]
Extract:  63%|######3   | 38/60 [00:06<00:02,  8.97it/s]
Extract:  67%|######6   | 40/60 [00:06<00:02,  9.38it/s]
Extract:  70%|#######   | 42/60 [00:07<00:02,  6.11it/s]
Extract:  72%|#######1  | 43/60 [00:07<00:03,  5.01it/s]
Extract:  77%|#######6  | 46/60 [00:07<00:01,  7.30it/s]
Extract:  80%|########  | 48/60 [00:07<00:01,  8.06it/s]
Extract:  83%|########3 | 50/60 [00:08<00:01,  6.50it/s]
Extract:  85%|########5 | 51/60 [00:08<00:01,  5.04it/s]
Extract:  87%|########6 | 52/60 [00:09<00:01,  4.66it/s]
Extract:  90%|######### | 54/60 [00:09<00:01,  5.41it/s]
Extract:  92%|#########1| 55/60 [00:09<00:00,  5.07it/s]
Extract:  93%|#########3| 56/60 [00:09<00:00,  5.64it/s]
Extract:  97%|#########6| 58/60 [00:09<00:00,  6.03it/s]
Extract:  98%|#########8| 59/60 [00:10<00:00,  5.66it/s]
Extract: 100%|##########| 60/60 [00:10<00:00,  3.91it/s]
Extract: 100%|##########| 60/60 [00:10<00:00,  5.61it/s]

Extract:   0%|          | 0/60 [00:00<?, ?it/s]
Extract:   3%|3         | 2/60 [00:00<00:03, 18.23it/s]
Extract:   7%|6         | 4/60 [00:00<00:05,  9.48it/s]
Extract:  10%|#         | 6/60 [00:00<00:06,  8.77it/s]
Extract:  13%|#3        | 8/60 [00:01<00:10,  4.99it/s]
Extract:  15%|#5        | 9/60 [00:01<00:12,  4.03it/s]
Extract:  17%|#6        | 10/60 [00:01<00:12,  4.12it/s]
Extract:  18%|#8        | 11/60 [00:02<00:10,  4.48it/s]
Extract:  20%|##        | 12/60 [00:02<00:11,  4.13it/s]
Extract:  22%|##1       | 13/60 [00:02<00:09,  4.87it/s]
Extract:  23%|##3       | 14/60 [00:02<00:11,  4.09it/s]
Extract:  25%|##5       | 15/60 [00:03<00:14,  3.02it/s]
Extract:  27%|##6       | 16/60 [00:03<00:11,  3.67it/s]
Extract:  32%|###1      | 19/60 [00:03<00:06,  6.15it/s]
Extract:  35%|###5      | 21/60 [00:04<00:07,  5.40it/s]
Extract:  37%|###6      | 22/60 [00:04<00:06,  5.58it/s]
Extract:  38%|###8      | 23/60 [00:04<00:06,  5.32it/s]
Extract:  40%|####      | 24/60 [00:04<00:06,  5.88it/s]
Extract:  43%|####3     | 26/60 [00:04<00:04,  7.98it/s]
Extract:  45%|####5     | 27/60 [00:05<00:06,  4.88it/s]
Extract:  47%|####6     | 28/60 [00:05<00:06,  4.94it/s]
Extract:  48%|####8     | 29/60 [00:05<00:05,  5.55it/s]
Extract:  50%|#####     | 30/60 [00:05<00:05,  5.62it/s]
Extract:  52%|#####1    | 31/60 [00:06<00:05,  5.19it/s]
Extract:  53%|#####3    | 32/60 [00:06<00:04,  5.66it/s]
Extract:  57%|#####6    | 34/60 [00:06<00:03,  8.02it/s]
Extract:  60%|######    | 36/60 [00:06<00:02,  9.43it/s]
Extract:  63%|######3   | 38/60 [00:06<00:02,  8.97it/s]
Extract:  67%|######6   | 40/60 [00:06<00:01, 10.39it/s]
Extract:  70%|#######   | 42/60 [00:07<00:03,  5.39it/s]
Extract:  72%|#######1  | 43/60 [00:07<00:03,  4.47it/s]
Extract:  75%|#######5  | 45/60 [00:08<00:02,  5.94it/s]
Extract:  78%|#######8  | 47/60 [00:08<00:01,  6.69it/s]
Extract:  82%|########1 | 49/60 [00:08<00:01,  8.36it/s]
Extract:  85%|########5 | 51/60 [00:09<00:01,  5.04it/s]
Extract:  87%|########6 | 52/60 [00:09<00:01,  4.40it/s]
Extract:  90%|######### | 54/60 [00:09<00:01,  5.12it/s]
Extract:  92%|#########1| 55/60 [00:09<00:00,  5.04it/s]
Extract:  95%|#########5| 57/60 [00:10<00:00,  6.56it/s]
Extract:  97%|#########6| 58/60 [00:10<00:00,  6.11it/s]
Extract:  98%|#########8| 59/60 [00:10<00:00,  5.95it/s]
Extract: 100%|##########| 60/60 [00:10<00:00,  4.91it/s]
Extract: 100%|##########| 60/60 [00:10<00:00,  5.54it/s]

Extract:   0%|          | 0/60 [00:00<?, ?it/s]
Extract:   2%|1         | 1/60 [00:00<00:07,  7.64it/s]
Extract:   3%|3         | 2/60 [00:00<00:09,  6.38it/s]
Extract:   5%|5         | 3/60 [00:00<00:12,  4.62it/s]
Extract:   7%|6         | 4/60 [00:01<00:17,  3.17it/s]
Extract:   8%|8         | 5/60 [00:01<00:17,  3.19it/s]
Extract:  10%|#         | 6/60 [00:01<00:17,  3.10it/s]
Extract:  12%|#1        | 7/60 [00:02<00:20,  2.61it/s]
Extract:  13%|#3        | 8/60 [00:03<00:26,  1.96it/s]
Extract:  15%|#5        | 9/60 [00:03<00:26,  1.90it/s]
Extract:  17%|#6        | 10/60 [00:04<00:25,  1.94it/s]
Extract:  18%|#8        | 11/60 [00:04<00:23,  2.13it/s]
Extract:  20%|##        | 12/60 [00:05<00:28,  1.70it/s]
Extract:  22%|##1       | 13/60 [00:05<00:25,  1.87it/s]
Extract:  23%|##3       | 14/60 [00:06<00:27,  1.66it/s]
Extract:  25%|##5       | 15/60 [00:07<00:30,  1.48it/s]
Extract:  27%|##6       | 16/60 [00:07<00:24,  1.78it/s]
Extract:  28%|##8       | 17/60 [00:07<00:18,  2.34it/s]
Extract:  32%|###1      | 19/60 [00:07<00:11,  3.72it/s]
Extract:  33%|###3      | 20/60 [00:08<00:09,  4.18it/s]
Extract:  35%|###5      | 21/60 [00:08<00:16,  2.39it/s]
Extract:  37%|###6      | 22/60 [00:09<00:17,  2.15it/s]
Extract:  38%|###8      | 23/60 [00:10<00:18,  2.00it/s]
Extract:  40%|####      | 24/60 [00:10<00:15,  2.28it/s]
Extract:  43%|####3     | 26/60 [00:10<00:10,  3.23it/s]
Extract:  45%|####5     | 27/60 [00:11<00:15,  2.09it/s]
Extract:  47%|####6     | 28/60 [00:11<00:12,  2.48it/s]
Extract:  48%|####8     | 29/60 [00:12<00:11,  2.76it/s]
Extract:  50%|#####     | 30/60 [00:12<00:11,  2.65it/s]
Extract:  52%|#####1    | 31/60 [00:13<00:11,  2.48it/s]
Extract:  53%|#####3    | 32/60 [00:13<00:10,  2.59it/s]
Extract:  57%|#####6    | 34/60 [00:13<00:06,  3.85it/s]
Extract:  58%|#####8    | 35/60 [00:13<00:06,  4.15it/s]
Extract:  60%|######    | 36/60 [00:13<00:05,  4.73it/s]
Extract:  62%|######1   | 37/60 [00:14<00:06,  3.66it/s]
Extract:  63%|######3   | 38/60 [00:14<00:05,  3.70it/s]
Extract:  65%|######5   | 39/60 [00:14<00:04,  4.44it/s]
Extract:  67%|######6   | 40/60 [00:14<00:04,  4.31it/s]
Extract:  68%|######8   | 41/60 [00:15<00:04,  4.21it/s]
Extract:  70%|#######   | 42/60 [00:16<00:07,  2.26it/s]
Extract:  72%|#######1  | 43/60 [00:17<00:10,  1.56it/s]
Extract:  75%|#######5  | 45/60 [00:17<00:05,  2.57it/s]
Extract:  77%|#######6  | 46/60 [00:17<00:04,  3.01it/s]
Extract:  78%|#######8  | 47/60 [00:18<00:04,  2.86it/s]
Extract:  82%|########1 | 49/60 [00:18<00:02,  3.86it/s]
Extract:  83%|########3 | 50/60 [00:19<00:04,  2.46it/s]
Extract:  85%|########5 | 51/60 [00:19<00:04,  2.00it/s]
Extract:  87%|########6 | 52/60 [00:20<00:04,  1.79it/s]
Extract:  90%|######### | 54/60 [00:21<00:03,  1.92it/s]
Extract:  92%|#########1| 55/60 [00:22<00:02,  1.90it/s]
Extract:  93%|#########3| 56/60 [00:22<00:01,  2.24it/s]
Extract:  95%|#########5| 57/60 [00:22<00:01,  2.76it/s]
Extract:  97%|#########6| 58/60 [00:23<00:00,  2.39it/s]
Extract:  98%|#########8| 59/60 [00:23<00:00,  2.30it/s]
Extract: 100%|##########| 60/60 [00:24<00:00,  1.84it/s]
Extract: 100%|##########| 60/60 [00:24<00:00,  2.46it/s]

Extract:   0%|          | 0/60 [00:00<?, ?it/s]
Extract:   2%|1         | 1/60 [00:00<00:07,  8.31it/s]
Extract:   3%|3         | 2/60 [00:00<00:08,  6.70it/s]
Extract:   5%|5         | 3/60 [00:00<00:11,  5.04it/s]
Extract:   7%|6         | 4/60 [00:01<00:27,  2.01it/s]
Extract:   8%|8         | 5/60 [00:01<00:24,  2.21it/s]
Extract:  10%|#         | 6/60 [00:02<00:21,  2.53it/s]
Extract:  12%|#1        | 7/60 [00:02<00:22,  2.31it/s]
Extract:  13%|#3        | 8/60 [00:03<00:29,  1.76it/s]
Extract:  15%|#5        | 9/60 [00:04<00:29,  1.72it/s]
Extract:  17%|#6        | 10/60 [00:04<00:26,  1.86it/s]
Extract:  18%|#8        | 11/60 [00:05<00:25,  1.96it/s]
Extract:  20%|##        | 12/60 [00:05<00:30,  1.55it/s]
Extract:  22%|##1       | 13/60 [00:06<00:24,  1.92it/s]
Extract:  23%|##3       | 14/60 [00:07<00:28,  1.60it/s]
Extract:  25%|##5       | 15/60 [00:08<00:32,  1.38it/s]
Extract:  27%|##6       | 16/60 [00:08<00:26,  1.67it/s]
Extract:  28%|##8       | 17/60 [00:08<00:19,  2.22it/s]
Extract:  32%|###1      | 19/60 [00:08<00:11,  3.62it/s]
Extract:  33%|###3      | 20/60 [00:08<00:09,  4.13it/s]
Extract:  35%|###5      | 21/60 [00:09<00:18,  2.15it/s]
Extract:  37%|###6      | 22/60 [00:10<00:16,  2.25it/s]
Extract:  38%|###8      | 23/60 [00:10<00:17,  2.11it/s]
Extract:  40%|####      | 24/60 [00:10<00:14,  2.48it/s]
Extract:  43%|####3     | 26/60 [00:11<00:09,  3.47it/s]
Extract:  45%|####5     | 27/60 [00:12<00:16,  2.02it/s]
Extract:  47%|####6     | 28/60 [00:12<00:14,  2.18it/s]
Extract:  48%|####8     | 29/60 [00:13<00:12,  2.45it/s]
Extract:  50%|#####     | 30/60 [00:13<00:11,  2.50it/s]
Extract:  52%|#####1    | 31/60 [00:13<00:12,  2.32it/s]
Extract:  53%|#####3    | 32/60 [00:14<00:10,  2.76it/s]
Extract:  57%|#####6    | 34/60 [00:14<00:06,  4.12it/s]
Extract:  58%|#####8    | 35/60 [00:14<00:05,  4.45it/s]
Extract:  60%|######    | 36/60 [00:14<00:04,  4.92it/s]
Extract:  62%|######1   | 37/60 [00:15<00:06,  3.67it/s]
Extract:  63%|######3   | 38/60 [00:15<00:05,  3.68it/s]
Extract:  65%|######5   | 39/60 [00:15<00:04,  4.39it/s]
Extract:  67%|######6   | 40/60 [00:15<00:04,  4.17it/s]
Extract:  68%|######8   | 41/60 [00:16<00:04,  4.11it/s]
Extract:  70%|#######   | 42/60 [00:17<00:09,  1.90it/s]
Extract:  72%|#######1  | 43/60 [00:18<00:10,  1.58it/s]
Extract:  75%|#######5  | 45/60 [00:18<00:05,  2.54it/s]
Extract:  77%|#######6  | 46/60 [00:18<00:04,  2.94it/s]
Extract:  78%|#######8  | 47/60 [00:18<00:04,  2.75it/s]
Extract:  82%|########1 | 49/60 [00:19<00:02,  3.76it/s]
Extract:  83%|########3 | 50/60 [00:20<00:04,  2.33it/s]
Extract:  85%|########5 | 51/60 [00:21<00:05,  1.77it/s]
Extract:  87%|########6 | 52/60 [00:21<00:04,  1.67it/s]
Extract:  88%|########8 | 53/60 [00:21<00:03,  2.15it/s]
Extract:  90%|######### | 54/60 [00:22<00:03,  1.91it/s]
Extract:  92%|#########1| 55/60 [00:23<00:02,  1.85it/s]
Extract:  93%|#########3| 56/60 [00:23<00:01,  2.21it/s]
Extract:  95%|#########5| 57/60 [00:23<00:01,  2.87it/s]
Extract:  97%|#########6| 58/60 [00:24<00:00,  2.54it/s]
Extract:  98%|#########8| 59/60 [00:24<00:00,  2.46it/s]
Extract: 100%|##########| 60/60 [00:25<00:00,  1.66it/s]
Extract: 100%|##########| 60/60 [00:25<00:00,  2.35it/s]

Extract:   0%|          | 0/60 [00:00<?, ?it/s]
Extract:   3%|3         | 2/60 [00:00<00:06,  9.15it/s]
Extract:   5%|5         | 3/60 [00:00<00:08,  6.38it/s]
Extract:   7%|6         | 4/60 [00:00<00:13,  4.03it/s]
Extract:   8%|8         | 5/60 [00:01<00:13,  4.07it/s]
Extract:  10%|#         | 6/60 [00:01<00:12,  4.26it/s]
Extract:  12%|#1        | 7/60 [00:01<00:14,  3.69it/s]
Extract:  13%|#3        | 8/60 [00:02<00:17,  2.96it/s]
Extract:  15%|#5        | 9/60 [00:02<00:18,  2.73it/s]
Extract:  17%|#6        | 10/60 [00:02<00:18,  2.75it/s]
Extract:  18%|#8        | 11/60 [00:03<00:18,  2.70it/s]
Extract:  20%|##        | 12/60 [00:04<00:23,  2.02it/s]
Extract:  22%|##1       | 13/60 [00:04<00:18,  2.48it/s]
Extract:  23%|##3       | 14/60 [00:04<00:22,  2.07it/s]
Extract:  25%|##5       | 15/60 [00:05<00:20,  2.21it/s]
Extract:  27%|##6       | 16/60 [00:05<00:15,  2.80it/s]
Extract:  32%|###1      | 19/60 [00:05<00:07,  5.57it/s]
Extract:  35%|###5      | 21/60 [00:06<00:07,  5.09it/s]
Extract:  37%|###6      | 22/60 [00:06<00:08,  4.26it/s]
Extract:  38%|###8      | 23/60 [00:06<00:10,  3.65it/s]
Extract:  40%|####      | 24/60 [00:06<00:08,  4.07it/s]
Extract:  43%|####3     | 26/60 [00:07<00:07,  4.84it/s]
Extract:  45%|####5     | 27/60 [00:07<00:09,  3.44it/s]
Extract:  48%|####8     | 29/60 [00:08<00:06,  4.57it/s]
Extract:  50%|#####     | 30/60 [00:08<00:06,  4.74it/s]
Extract:  52%|#####1    | 31/60 [00:08<00:06,  4.63it/s]
Extract:  55%|#####5    | 33/60 [00:08<00:04,  6.58it/s]
Extract:  58%|#####8    | 35/60 [00:08<00:03,  7.60it/s]
Extract:  62%|######1   | 37/60 [00:09<00:03,  7.59it/s]
Extract:  63%|######3   | 38/60 [00:09<00:02,  7.69it/s]
Extract:  67%|######6   | 40/60 [00:09<00:02,  8.82it/s]
Extract:  70%|#######   | 42/60 [00:10<00:03,  5.46it/s]
Extract:  72%|#######1  | 43/60 [00:10<00:04,  4.05it/s]
Extract:  75%|#######5  | 45/60 [00:10<00:02,  5.60it/s]
Extract:  78%|#######8  | 47/60 [00:10<00:02,  6.08it/s]
Extract:  82%|########1 | 49/60 [00:11<00:01,  7.53it/s]
Extract:  85%|########5 | 51/60 [00:11<00:01,  4.56it/s]
Extract:  87%|########6 | 52/60 [00:12<00:01,  4.42it/s]
Extract:  90%|######### | 54/60 [00:12<00:01,  4.98it/s]
Extract:  92%|#########1| 55/60 [00:12<00:01,  4.45it/s]
Extract:  93%|#########3| 56/60 [00:12<00:00,  5.03it/s]
Extract:  97%|#########6| 58/60 [00:13<00:00,  5.74it/s]
Extract:  98%|#########8| 59/60 [00:13<00:00,  5.92it/s]
Extract: 100%|##########| 60/60 [00:13<00:00,  4.70it/s]
Extract: 100%|##########| 60/60 [00:13<00:00,  4.41it/s]

Extract:   0%|          | 0/60 [00:00<?, ?it/s]
Extract:   3%|3         | 2/60 [00:00<00:04, 13.02it/s]
Extract:   7%|6         | 4/60 [00:00<00:09,  6.11it/s]
Extract:   8%|8         | 5/60 [00:00<00:09,  5.93it/s]
Extract:  10%|#         | 6/60 [00:00<00:09,  5.96it/s]
Extract:  12%|#1        | 7/60 [00:01<00:10,  4.90it/s]
Extract:  13%|#3        | 8/60 [00:01<00:13,  3.95it/s]
Extract:  15%|#5        | 9/60 [00:01<00:13,  3.66it/s]
Extract:  17%|#6        | 10/60 [00:02<00:14,  3.36it/s]
Extract:  18%|#8        | 11/60 [00:02<00:13,  3.52it/s]
Extract:  20%|##        | 12/60 [00:03<00:17,  2.80it/s]
Extract:  22%|##1       | 13/60 [00:03<00:13,  3.48it/s]
Extract:  23%|##3       | 14/60 [00:03<00:15,  3.04it/s]
Extract:  25%|##5       | 15/60 [00:04<00:16,  2.67it/s]
Extract:  27%|##6       | 16/60 [00:04<00:13,  3.20it/s]
Extract:  30%|###       | 18/60 [00:04<00:08,  5.19it/s]
Extract:  33%|###3      | 20/60 [00:04<00:05,  7.05it/s]
Extract:  37%|###6      | 22/60 [00:05<00:09,  3.96it/s]
Extract:  38%|###8      | 23/60 [00:05<00:10,  3.46it/s]
Extract:  40%|####      | 24/60 [00:05<00:09,  3.83it/s]
Extract:  43%|####3     | 26/60 [00:06<00:06,  5.37it/s]
Extract:  45%|####5     | 27/60 [00:06<00:08,  3.73it/s]
Extract:  47%|####6     | 28/60 [00:06<00:07,  4.33it/s]
Extract:  48%|####8     | 29/60 [00:06<00:06,  4.85it/s]
Extract:  50%|#####     | 30/60 [00:07<00:06,  4.76it/s]
Extract:  52%|#####1    | 31/60 [00:07<00:06,  4.29it/s]
Extract:  53%|#####3    | 32/60 [00:07<00:06,  4.52it/s]
Extract:  57%|#####6    | 34/60 [00:07<00:04,  6.27it/s]
Extract:  60%|######    | 36/60 [00:07<00:03,  7.74it/s]
Extract:  62%|######1   | 37/60 [00:08<00:03,  5.80it/s]
Extract:  63%|######3   | 38/60 [00:08<00:03,  6.08it/s]
Extract:  67%|######6   | 40/60 [00:08<00:02,  6.87it/s]
Extract:  68%|######8   | 41/60 [00:08<00:02,  6.89it/s]
Extract:  70%|#######   | 42/60 [00:09<00:04,  4.24it/s]
Extract:  72%|#######1  | 43/60 [00:09<00:05,  3.35it/s]
Extract:  75%|#######5  | 45/60 [00:09<00:02,  5.07it/s]
Extract:  77%|#######6  | 46/60 [00:10<00:02,  5.69it/s]
Extract:  78%|#######8  | 47/60 [00:10<00:02,  5.40it/s]
Extract:  82%|########1 | 49/60 [00:10<00:01,  7.18it/s]
Extract:  83%|########3 | 50/60 [00:10<00:02,  4.12it/s]
Extract:  85%|########5 | 51/60 [00:11<00:02,  3.70it/s]
Extract:  87%|########6 | 52/60 [00:11<00:02,  3.21it/s]
Extract:  90%|######### | 54/60 [00:12<00:01,  3.86it/s]
Extract:  92%|#########1| 55/60 [00:12<00:01,  2.81it/s]
Extract:  93%|#########3| 56/60 [00:13<00:01,  2.47it/s]
Extract:  95%|#########5| 57/60 [00:13<00:01,  2.75it/s]
Extract:  97%|#########6| 58/60 [00:14<00:00,  2.22it/s]
Extract:  98%|#########8| 59/60 [00:14<00:00,  2.14it/s]
Extract: 100%|##########| 60/60 [00:15<00:00,  1.92it/s]
Extract: 100%|##########| 60/60 [00:15<00:00,  3.88it/s]

Extract:   0%|          | 0/60 [00:00<?, ?it/s]
Extract:   2%|1         | 1/60 [00:00<00:06,  9.10it/s]
Extract:   3%|3         | 2/60 [00:00<00:08,  7.16it/s]
Extract:   5%|5         | 3/60 [00:00<00:12,  4.52it/s]
Extract:   7%|6         | 4/60 [00:01<00:17,  3.27it/s]
Extract:   8%|8         | 5/60 [00:01<00:19,  2.89it/s]
Extract:  10%|#         | 6/60 [00:02<00:24,  2.21it/s]
Extract:  12%|#1        | 7/60 [00:02<00:28,  1.83it/s]
Extract:  13%|#3        | 8/60 [00:03<00:34,  1.52it/s]
Extract:  15%|#5        | 9/60 [00:04<00:33,  1.52it/s]
Extract:  17%|#6        | 10/60 [00:04<00:31,  1.61it/s]
Extract:  18%|#8        | 11/60 [00:05<00:28,  1.71it/s]
Extract:  20%|##        | 12/60 [00:06<00:36,  1.32it/s]
Extract:  22%|##1       | 13/60 [00:06<00:28,  1.67it/s]
Extract:  23%|##3       | 14/60 [00:07<00:31,  1.47it/s]
Extract:  25%|##5       | 15/60 [00:08<00:34,  1.29it/s]
Extract:  27%|##6       | 16/60 [00:09<00:27,  1.57it/s]
Extract:  28%|##8       | 17/60 [00:09<00:30,  1.41it/s]
Extract:  32%|###1      | 19/60 [00:10<00:17,  2.37it/s]
Extract:  33%|###3      | 20/60 [00:10<00:14,  2.83it/s]
Extract:  35%|###5      | 21/60 [00:11<00:22,  1.73it/s]
Extract:  37%|###6      | 22/60 [00:12<00:24,  1.57it/s]
Extract:  38%|###8      | 23/60 [00:12<00:25,  1.47it/s]
Extract:  40%|####      | 24/60 [00:13<00:20,  1.74it/s]
Extract:  43%|####3     | 26/60 [00:13<00:13,  2.56it/s]
Extract:  45%|####5     | 27/60 [00:15<00:20,  1.58it/s]
Extract:  47%|####6     | 28/60 [00:15<00:16,  1.92it/s]
Extract:  48%|####8     | 29/60 [00:15<00:14,  2.18it/s]
Extract:  50%|#####     | 30/60 [00:15<00:13,  2.28it/s]
Extract:  52%|#####1    | 31/60 [00:16<00:13,  2.22it/s]
Extract:  53%|#####3    | 32/60 [00:16<00:10,  2.64it/s]
Extract:  57%|#####6    | 34/60 [00:16<00:06,  4.06it/s]
Extract:  58%|#####8    | 35/60 [00:16<00:05,  4.41it/s]
Extract:  60%|######    | 36/60 [00:17<00:04,  4.95it/s]
Extract:  62%|######1   | 37/60 [00:17<00:07,  3.18it/s]
Extract:  63%|######3   | 38/60 [00:18<00:07,  2.97it/s]
Extract:  65%|######5   | 39/60 [00:18<00:05,  3.55it/s]
Extract:  67%|######6   | 40/60 [00:18<00:05,  3.35it/s]
Extract:  68%|######8   | 41/60 [00:18<00:05,  3.30it/s]
Extract:  70%|#######   | 42/60 [00:20<00:14,  1.27it/s]
Extract:  72%|#######1  | 43/60 [00:21<00:14,  1.20it/s]
Extract:  75%|#######5  | 45/60 [00:21<00:07,  1.98it/s]
Extract:  77%|#######6  | 46/60 [00:22<00:05,  2.36it/s]
Extract:  78%|#######8  | 47/60 [00:22<00:05,  2.29it/s]
Extract:  82%|########1 | 49/60 [00:22<00:03,  3.29it/s]
Extract:  83%|########3 | 50/60 [00:24<00:05,  1.94it/s]
Extract:  85%|########5 | 51/60 [00:24<00:05,  1.72it/s]
Extract:  87%|########6 | 52/60 [00:25<00:05,  1.57it/s]
Extract:  90%|######### | 54/60 [00:26<00:03,  1.97it/s]
Extract:  92%|#########1| 55/60 [00:27<00:02,  1.79it/s]
Extract:  93%|#########3| 56/60 [00:27<00:01,  2.01it/s]
Extract:  95%|#########5| 57/60 [00:27<00:01,  2.49it/s]
Extract:  97%|#########6| 58/60 [00:28<00:01,  1.94it/s]
Extract:  98%|#########8| 59/60 [00:28<00:00,  1.95it/s]
Extract: 100%|##########| 60/60 [00:29<00:00,  1.60it/s]
Extract: 100%|##########| 60/60 [00:29<00:00,  2.02it/s]

Extract:   0%|          | 0/60 [00:00<?, ?it/s]
Extract:   2%|1         | 1/60 [00:00<00:05,  9.96it/s]
Extract:   3%|3         | 2/60 [00:00<00:06,  8.47it/s]
Extract:   5%|5         | 3/60 [00:00<00:10,  5.64it/s]
Extract:   7%|6         | 4/60 [00:00<00:15,  3.59it/s]
Extract:   8%|8         | 5/60 [00:01<00:14,  3.75it/s]
Extract:  10%|#         | 6/60 [00:01<00:13,  4.04it/s]
Extract:  12%|#1        | 7/60 [00:01<00:16,  3.17it/s]
Extract:  13%|#3        | 8/60 [00:02<00:22,  2.36it/s]
Extract:  15%|#5        | 9/60 [00:02<00:21,  2.35it/s]
Extract:  17%|#6        | 10/60 [00:03<00:20,  2.42it/s]
Extract:  18%|#8        | 11/60 [00:03<00:21,  2.25it/s]
Extract:  20%|##        | 12/60 [00:04<00:25,  1.85it/s]
Extract:  22%|##1       | 13/60 [00:04<00:20,  2.28it/s]
Extract:  23%|##3       | 14/60 [00:05<00:23,  1.98it/s]
Extract:  25%|##5       | 15/60 [00:06<00:27,  1.64it/s]
Extract:  27%|##6       | 16/60 [00:06<00:22,  1.99it/s]
Extract:  30%|###       | 18/60 [00:06<00:12,  3.30it/s]
Extract:  33%|###3      | 20/60 [00:06<00:08,  4.52it/s]
Extract:  35%|###5      | 21/60 [00:07<00:13,  2.90it/s]
Extract:  37%|###6      | 22/60 [00:08<00:13,  2.73it/s]
Extract:  38%|###8      | 23/60 [00:08<00:14,  2.63it/s]
Extract:  40%|####      | 24/60 [00:08<00:12,  2.90it/s]
Extract:  43%|####3     | 26/60 [00:08<00:08,  4.06it/s]
Extract:  45%|####5     | 27/60 [00:09<00:13,  2.47it/s]
Extract:  47%|####6     | 28/60 [00:10<00:11,  2.91it/s]
Extract:  48%|####8     | 29/60 [00:10<00:10,  2.96it/s]
Extract:  50%|#####     | 30/60 [00:10<00:10,  2.89it/s]
Extract:  52%|#####1    | 31/60 [00:11<00:10,  2.64it/s]
Extract:  53%|#####3    | 32/60 [00:11<00:08,  3.23it/s]
Extract:  57%|#####6    | 34/60 [00:11<00:05,  5.08it/s]
Extract:  58%|#####8    | 35/60 [00:11<00:04,  5.30it/s]
Extract:  60%|######    | 36/60 [00:11<00:04,  5.92it/s]
Extract:  62%|######1   | 37/60 [00:12<00:07,  3.12it/s]
Extract:  63%|######3   | 38/60 [00:12<00:06,  3.49it/s]
Extract:  67%|######6   | 40/60 [00:12<00:04,  4.61it/s]
Extract:  68%|######8   | 41/60 [00:13<00:03,  4.82it/s]
Extract:  70%|#######   | 42/60 [00:13<00:06,  2.98it/s]
Extract:  72%|#######1  | 43/60 [00:14<00:07,  2.21it/s]
Extract:  75%|#######5  | 45/60 [00:14<00:04,  3.37it/s]
Extract:  77%|#######6  | 46/60 [00:14<00:03,  3.77it/s]
Extract:  78%|#######8  | 47/60 [00:15<00:03,  3.47it/s]
Extract:  82%|########1 | 49/60 [00:15<00:02,  4.68it/s]
Extract:  83%|########3 | 50/60 [00:16<00:03,  3.06it/s]
Extract:  85%|########5 | 51/60 [00:16<00:03,  2.59it/s]
Extract:  87%|########6 | 52/60 [00:17<00:03,  2.22it/s]
Extract:  90%|######### | 54/60 [00:18<00:02,  2.62it/s]
Extract:  92%|#########1| 55/60 [00:18<00:02,  2.29it/s]
Extract:  93%|#########3| 56/60 [00:18<00:01,  2.63it/s]
Extract:  95%|#########5| 57/60 [00:18<00:00,  3.26it/s]
Extract:  97%|#########6| 58/60 [00:19<00:00,  3.01it/s]
Extract:  98%|#########8| 59/60 [00:19<00:00,  2.90it/s]
Extract: 100%|##########| 60/60 [00:20<00:00,  2.34it/s]
Extract: 100%|##########| 60/60 [00:20<00:00,  2.95it/s]
