STDOUT

[RUN] baseline

[RUN] higher_quality_wave

[RUN] pullback_conservative

[RUN] faster_rotation

[RUN] tighter_quality

[RUN] auto_006

[RUN] auto_007

[RUN] auto_008

[RUN] auto_009

[RUN] auto_010

[RUN] auto_011

[RUN] auto_012

[RUN] auto_013

[RUN] auto_014

[RUN] auto_015

[RUN] auto_016

[RUN] auto_017

[RUN] auto_018

[RUN] auto_019

[RUN] auto_020

[RUN] auto_021

[RUN] auto_022

[RUN] auto_023

[RUN] auto_024

[RUN] auto_025

[RUN] auto_026

[RUN] auto_027

[RUN] auto_028

[RUN] auto_029

[RUN] auto_030

[DONE]
Summary: output\p3_edge_research\overnight\batch_030\summary.csv
Details: output\p3_edge_research\overnight\batch_030\details.json


STDERR

Extract:   0%|          | 0/60 [00:00<?, ?it/s]
Extract:   2%|1         | 1/60 [00:00<00:08,  7.10it/s]
Extract:   5%|5         | 3/60 [00:00<00:06,  8.45it/s]
Extract:   7%|6         | 4/60 [00:00<00:08,  6.76it/s]
Extract:   8%|8         | 5/60 [00:00<00:08,  6.81it/s]
Extract:  10%|#         | 6/60 [00:00<00:07,  7.20it/s]
Extract:  12%|#1        | 7/60 [00:01<00:09,  5.82it/s]
Extract:  13%|#3        | 8/60 [00:01<00:11,  4.62it/s]
Extract:  15%|#5        | 9/60 [00:01<00:11,  4.38it/s]
Extract:  17%|#6        | 10/60 [00:01<00:10,  4.75it/s]
Extract:  18%|#8        | 11/60 [00:01<00:09,  5.06it/s]
Extract:  20%|##        | 12/60 [00:02<00:12,  3.91it/s]
Extract:  22%|##1       | 13/60 [00:02<00:10,  4.69it/s]
Extract:  23%|##3       | 14/60 [00:02<00:11,  3.96it/s]
Extract:  25%|##5       | 15/60 [00:03<00:14,  3.16it/s]
Extract:  27%|##6       | 16/60 [00:03<00:11,  3.86it/s]
Extract:  32%|###1      | 19/60 [00:03<00:05,  7.54it/s]
Extract:  35%|###5      | 21/60 [00:03<00:05,  6.59it/s]
Extract:  38%|###8      | 23/60 [00:04<00:06,  5.44it/s]
Extract:  40%|####      | 24/60 [00:04<00:06,  5.67it/s]
Extract:  43%|####3     | 26/60 [00:04<00:04,  7.12it/s]
Extract:  45%|####5     | 27/60 [00:05<00:06,  4.79it/s]
Extract:  48%|####8     | 29/60 [00:05<00:05,  5.73it/s]
Extract:  50%|#####     | 30/60 [00:05<00:05,  5.59it/s]
Extract:  52%|#####1    | 31/60 [00:05<00:05,  5.69it/s]
Extract:  57%|#####6    | 34/60 [00:05<00:02,  8.94it/s]
Extract:  60%|######    | 36/60 [00:06<00:03,  7.94it/s]
Extract:  62%|######1   | 37/60 [00:06<00:03,  7.53it/s]
Extract:  63%|######3   | 38/60 [00:06<00:02,  7.43it/s]
Extract:  67%|######6   | 40/60 [00:06<00:02,  8.51it/s]
Extract:  68%|######8   | 41/60 [00:06<00:02,  8.56it/s]
Extract:  70%|#######   | 42/60 [00:07<00:03,  5.06it/s]
Extract:  72%|#######1  | 43/60 [00:07<00:04,  3.65it/s]
Extract:  75%|#######5  | 45/60 [00:07<00:02,  5.45it/s]
Extract:  78%|#######8  | 47/60 [00:08<00:02,  6.33it/s]
Extract:  82%|########1 | 49/60 [00:08<00:01,  7.25it/s]
Extract:  83%|########3 | 50/60 [00:08<00:01,  5.45it/s]
Extract:  85%|########5 | 51/60 [00:09<00:01,  4.70it/s]
Extract:  87%|########6 | 52/60 [00:09<00:01,  4.21it/s]
Extract:  90%|######### | 54/60 [00:09<00:01,  4.82it/s]
Extract:  92%|#########1| 55/60 [00:09<00:01,  4.56it/s]
Extract:  93%|#########3| 56/60 [00:10<00:00,  4.76it/s]
Extract:  95%|#########5| 57/60 [00:10<00:00,  4.61it/s]
Extract:  97%|#########6| 58/60 [00:10<00:00,  4.29it/s]
Extract:  98%|#########8| 59/60 [00:10<00:00,  4.15it/s]
Extract: 100%|##########| 60/60 [00:11<00:00,  3.57it/s]
Extract: 100%|##########| 60/60 [00:11<00:00,  5.33it/s]

Extract:   0%|          | 0/60 [00:00<?, ?it/s]
Extract:   3%|3         | 2/60 [00:00<00:03, 14.98it/s]
Extract:   7%|6         | 4/60 [00:00<00:06,  8.64it/s]
Extract:  10%|#         | 6/60 [00:00<00:06,  8.29it/s]
Extract:  12%|#1        | 7/60 [00:00<00:08,  6.09it/s]
Extract:  13%|#3        | 8/60 [00:01<00:09,  5.24it/s]
Extract:  15%|#5        | 9/60 [00:01<00:10,  4.68it/s]
Extract:  17%|#6        | 10/60 [00:01<00:10,  4.73it/s]
Extract:  18%|#8        | 11/60 [00:01<00:10,  4.74it/s]
Extract:  20%|##        | 12/60 [00:02<00:11,  4.04it/s]
Extract:  22%|##1       | 13/60 [00:02<00:09,  4.77it/s]
Extract:  23%|##3       | 14/60 [00:02<00:10,  4.32it/s]
Extract:  25%|##5       | 15/60 [00:03<00:14,  3.19it/s]
Extract:  27%|##6       | 16/60 [00:03<00:11,  3.68it/s]
Extract:  28%|##8       | 17/60 [00:03<00:09,  4.42it/s]
Extract:  33%|###3      | 20/60 [00:03<00:05,  7.90it/s]
Extract:  37%|###6      | 22/60 [00:04<00:08,  4.32it/s]
Extract:  38%|###8      | 23/60 [00:04<00:09,  3.80it/s]
Extract:  40%|####      | 24/60 [00:05<00:08,  4.14it/s]
Extract:  43%|####3     | 26/60 [00:05<00:06,  5.19it/s]
Extract:  45%|####5     | 27/60 [00:06<00:10,  3.16it/s]
Extract:  47%|####6     | 28/60 [00:06<00:08,  3.62it/s]
Extract:  48%|####8     | 29/60 [00:06<00:07,  4.09it/s]
Extract:  50%|#####     | 30/60 [00:06<00:07,  3.99it/s]
Extract:  52%|#####1    | 31/60 [00:06<00:07,  3.87it/s]
Extract:  53%|#####3    | 32/60 [00:06<00:06,  4.62it/s]
Extract:  57%|#####6    | 34/60 [00:07<00:03,  6.95it/s]
Extract:  60%|######    | 36/60 [00:07<00:02,  8.77it/s]
Extract:  63%|######3   | 38/60 [00:07<00:02,  8.15it/s]
Extract:  67%|######6   | 40/60 [00:07<00:02,  9.01it/s]
Extract:  70%|#######   | 42/60 [00:08<00:03,  5.67it/s]
Extract:  72%|#######1  | 43/60 [00:08<00:03,  4.83it/s]
Extract:  77%|#######6  | 46/60 [00:08<00:01,  7.25it/s]
Extract:  80%|########  | 48/60 [00:08<00:01,  8.40it/s]
Extract:  83%|########3 | 50/60 [00:09<00:01,  6.99it/s]
Extract:  85%|########5 | 51/60 [00:09<00:01,  6.45it/s]
Extract:  87%|########6 | 52/60 [00:09<00:01,  5.69it/s]
Extract:  90%|######### | 54/60 [00:10<00:01,  5.69it/s]
Extract:  92%|#########1| 55/60 [00:10<00:00,  5.30it/s]
Extract:  93%|#########3| 56/60 [00:10<00:00,  5.78it/s]
Extract:  97%|#########6| 58/60 [00:10<00:00,  6.34it/s]
Extract:  98%|#########8| 59/60 [00:10<00:00,  6.38it/s]
Extract: 100%|##########| 60/60 [00:11<00:00,  5.57it/s]
Extract: 100%|##########| 60/60 [00:11<00:00,  5.36it/s]

Extract:   0%|          | 0/60 [00:00<?, ?it/s]
Extract:   3%|3         | 2/60 [00:00<00:04, 13.43it/s]
Extract:   7%|6         | 4/60 [00:00<00:07,  7.83it/s]
Extract:   8%|8         | 5/60 [00:00<00:06,  8.12it/s]
Extract:  10%|#         | 6/60 [00:00<00:06,  8.11it/s]
Extract:  12%|#1        | 7/60 [00:01<00:09,  5.50it/s]
Extract:  13%|#3        | 8/60 [00:01<00:11,  4.42it/s]
Extract:  15%|#5        | 9/60 [00:01<00:11,  4.51it/s]
Extract:  17%|#6        | 10/60 [00:01<00:10,  4.70it/s]
Extract:  18%|#8        | 11/60 [00:02<00:10,  4.50it/s]
Extract:  20%|##        | 12/60 [00:02<00:12,  3.78it/s]
Extract:  23%|##3       | 14/60 [00:02<00:11,  4.08it/s]
Extract:  25%|##5       | 15/60 [00:03<00:13,  3.24it/s]
Extract:  27%|##6       | 16/60 [00:03<00:12,  3.61it/s]
Extract:  32%|###1      | 19/60 [00:03<00:06,  6.46it/s]
Extract:  35%|###5      | 21/60 [00:04<00:07,  5.56it/s]
Extract:  37%|###6      | 22/60 [00:04<00:07,  5.15it/s]
Extract:  38%|###8      | 23/60 [00:04<00:07,  5.11it/s]
Extract:  40%|####      | 24/60 [00:04<00:06,  5.56it/s]
Extract:  43%|####3     | 26/60 [00:04<00:04,  7.56it/s]
Extract:  45%|####5     | 27/60 [00:05<00:06,  5.34it/s]
Extract:  48%|####8     | 29/60 [00:05<00:04,  6.59it/s]
Extract:  50%|#####     | 30/60 [00:05<00:04,  6.23it/s]
Extract:  52%|#####1    | 31/60 [00:05<00:04,  5.91it/s]
Extract:  55%|#####5    | 33/60 [00:05<00:03,  8.26it/s]
Extract:  58%|#####8    | 35/60 [00:06<00:02,  9.89it/s]
Extract:  62%|######1   | 37/60 [00:06<00:02,  7.97it/s]
Extract:  65%|######5   | 39/60 [00:06<00:02,  9.10it/s]
Extract:  68%|######8   | 41/60 [00:06<00:01,  9.54it/s]
Extract:  72%|#######1  | 43/60 [00:07<00:02,  5.68it/s]
Extract:  77%|#######6  | 46/60 [00:07<00:01,  8.03it/s]
Extract:  80%|########  | 48/60 [00:07<00:01,  8.79it/s]
Extract:  83%|########3 | 50/60 [00:08<00:01,  6.53it/s]
Extract:  85%|########5 | 51/60 [00:08<00:01,  5.56it/s]
Extract:  87%|########6 | 52/60 [00:08<00:01,  5.33it/s]
Extract:  90%|######### | 54/60 [00:08<00:01,  5.86it/s]
Extract:  92%|#########1| 55/60 [00:09<00:00,  5.85it/s]
Extract:  93%|#########3| 56/60 [00:09<00:00,  6.38it/s]
Extract:  97%|#########6| 58/60 [00:09<00:00,  6.50it/s]
Extract:  98%|#########8| 59/60 [00:09<00:00,  6.63it/s]
Extract: 100%|##########| 60/60 [00:10<00:00,  5.15it/s]
Extract: 100%|##########| 60/60 [00:10<00:00,  5.97it/s]

Extract:   0%|          | 0/60 [00:00<?, ?it/s]
Extract:   3%|3         | 2/60 [00:00<00:03, 15.28it/s]
Extract:   7%|6         | 4/60 [00:00<00:06,  9.22it/s]
Extract:  10%|#         | 6/60 [00:00<00:06,  8.92it/s]
Extract:  12%|#1        | 7/60 [00:00<00:08,  6.15it/s]
Extract:  13%|#3        | 8/60 [00:01<00:10,  4.82it/s]
Extract:  15%|#5        | 9/60 [00:01<00:11,  4.29it/s]
Extract:  17%|#6        | 10/60 [00:01<00:11,  4.49it/s]
Extract:  18%|#8        | 11/60 [00:01<00:10,  4.65it/s]
Extract:  20%|##        | 12/60 [00:02<00:12,  3.82it/s]
Extract:  23%|##3       | 14/60 [00:02<00:11,  3.99it/s]
Extract:  25%|##5       | 15/60 [00:03<00:15,  2.88it/s]
Extract:  27%|##6       | 16/60 [00:03<00:13,  3.36it/s]
Extract:  32%|###1      | 19/60 [00:03<00:06,  6.04it/s]
Extract:  35%|###5      | 21/60 [00:04<00:07,  5.36it/s]
Extract:  37%|###6      | 22/60 [00:04<00:06,  5.49it/s]
Extract:  38%|###8      | 23/60 [00:04<00:07,  4.95it/s]
Extract:  40%|####      | 24/60 [00:04<00:07,  4.95it/s]
Extract:  43%|####3     | 26/60 [00:05<00:05,  6.74it/s]
Extract:  45%|####5     | 27/60 [00:05<00:06,  4.81it/s]
Extract:  48%|####8     | 29/60 [00:05<00:05,  5.89it/s]
Extract:  50%|#####     | 30/60 [00:05<00:05,  5.70it/s]
Extract:  52%|#####1    | 31/60 [00:06<00:05,  4.98it/s]
Extract:  53%|#####3    | 32/60 [00:06<00:04,  5.62it/s]
Extract:  58%|#####8    | 35/60 [00:06<00:02,  8.54it/s]
Extract:  62%|######1   | 37/60 [00:06<00:02,  8.17it/s]
Extract:  63%|######3   | 38/60 [00:06<00:03,  7.06it/s]
Extract:  67%|######6   | 40/60 [00:07<00:02,  7.99it/s]
Extract:  68%|######8   | 41/60 [00:07<00:02,  8.28it/s]
Extract:  70%|#######   | 42/60 [00:07<00:03,  5.13it/s]
Extract:  72%|#######1  | 43/60 [00:08<00:04,  3.97it/s]
Extract:  77%|#######6  | 46/60 [00:08<00:02,  6.57it/s]
Extract:  78%|#######8  | 47/60 [00:08<00:02,  6.22it/s]
Extract:  82%|########1 | 49/60 [00:08<00:01,  7.90it/s]
Extract:  85%|########5 | 51/60 [00:09<00:02,  4.31it/s]
Extract:  87%|########6 | 52/60 [00:09<00:02,  3.85it/s]
Extract:  90%|######### | 54/60 [00:10<00:01,  4.26it/s]
Extract:  92%|#########1| 55/60 [00:10<00:01,  4.26it/s]
Extract:  93%|#########3| 56/60 [00:10<00:00,  4.75it/s]
Extract:  97%|#########6| 58/60 [00:10<00:00,  4.76it/s]
Extract:  98%|#########8| 59/60 [00:11<00:00,  4.79it/s]
Extract: 100%|##########| 60/60 [00:11<00:00,  4.45it/s]
Extract: 100%|##########| 60/60 [00:11<00:00,  5.23it/s]

Extract:   0%|          | 0/60 [00:00<?, ?it/s]
Extract:   3%|3         | 2/60 [00:00<00:03, 17.25it/s]
Extract:   7%|6         | 4/60 [00:00<00:06,  8.71it/s]
Extract:  10%|#         | 6/60 [00:00<00:06,  8.48it/s]
Extract:  12%|#1        | 7/60 [00:00<00:08,  6.38it/s]
Extract:  13%|#3        | 8/60 [00:01<00:09,  5.38it/s]
Extract:  15%|#5        | 9/60 [00:01<00:09,  5.14it/s]
Extract:  17%|#6        | 10/60 [00:01<00:09,  5.25it/s]
Extract:  18%|#8        | 11/60 [00:01<00:08,  5.58it/s]
Extract:  20%|##        | 12/60 [00:02<00:10,  4.54it/s]
Extract:  22%|##1       | 13/60 [00:02<00:08,  5.36it/s]
Extract:  23%|##3       | 14/60 [00:02<00:09,  4.84it/s]
Extract:  25%|##5       | 15/60 [00:03<00:14,  3.20it/s]
Extract:  27%|##6       | 16/60 [00:03<00:12,  3.46it/s]
Extract:  28%|##8       | 17/60 [00:03<00:10,  3.98it/s]
Extract:  32%|###1      | 19/60 [00:03<00:06,  6.00it/s]
Extract:  35%|###5      | 21/60 [00:04<00:08,  4.47it/s]
Extract:  37%|###6      | 22/60 [00:04<00:09,  4.21it/s]
Extract:  38%|###8      | 23/60 [00:04<00:09,  3.91it/s]
Extract:  40%|####      | 24/60 [00:04<00:08,  4.21it/s]
Extract:  43%|####3     | 26/60 [00:05<00:05,  5.87it/s]
Extract:  45%|####5     | 27/60 [00:05<00:07,  4.16it/s]
Extract:  48%|####8     | 29/60 [00:05<00:05,  5.63it/s]
Extract:  50%|#####     | 30/60 [00:05<00:05,  5.84it/s]
Extract:  52%|#####1    | 31/60 [00:06<00:05,  5.72it/s]
Extract:  55%|#####5    | 33/60 [00:06<00:03,  8.03it/s]
Extract:  58%|#####8    | 35/60 [00:06<00:02, 10.12it/s]
Extract:  62%|######1   | 37/60 [00:06<00:02, 10.30it/s]
Extract:  65%|######5   | 39/60 [00:06<00:01, 11.73it/s]
Extract:  68%|######8   | 41/60 [00:06<00:01, 11.55it/s]
Extract:  72%|#######1  | 43/60 [00:07<00:03,  5.17it/s]
Extract:  77%|#######6  | 46/60 [00:07<00:01,  7.47it/s]
Extract:  80%|########  | 48/60 [00:07<00:01,  8.30it/s]
Extract:  83%|########3 | 50/60 [00:08<00:01,  6.56it/s]
Extract:  87%|########6 | 52/60 [00:08<00:01,  5.39it/s]
Extract:  90%|######### | 54/60 [00:09<00:01,  5.69it/s]
Extract:  92%|#########1| 55/60 [00:09<00:00,  5.21it/s]
Extract:  93%|#########3| 56/60 [00:09<00:00,  4.98it/s]
Extract:  97%|#########6| 58/60 [00:10<00:00,  5.29it/s]
Extract:  98%|#########8| 59/60 [00:10<00:00,  5.14it/s]
Extract: 100%|##########| 60/60 [00:10<00:00,  4.34it/s]
Extract: 100%|##########| 60/60 [00:10<00:00,  5.63it/s]

Extract:   0%|          | 0/60 [00:00<?, ?it/s]
Extract:   5%|5         | 3/60 [00:00<00:03, 16.25it/s]
Extract:   8%|8         | 5/60 [00:00<00:05,  9.60it/s]
Extract:  12%|#1        | 7/60 [00:00<00:06,  7.70it/s]
Extract:  13%|#3        | 8/60 [00:01<00:10,  5.19it/s]
Extract:  15%|#5        | 9/60 [00:01<00:11,  4.56it/s]
Extract:  17%|#6        | 10/60 [00:01<00:11,  4.50it/s]
Extract:  18%|#8        | 11/60 [00:01<00:10,  4.49it/s]
Extract:  20%|##        | 12/60 [00:02<00:12,  3.83it/s]
Extract:  22%|##1       | 13/60 [00:02<00:10,  4.56it/s]
Extract:  23%|##3       | 14/60 [00:02<00:11,  4.03it/s]
Extract:  25%|##5       | 15/60 [00:03<00:15,  2.86it/s]
Extract:  27%|##6       | 16/60 [00:03<00:14,  3.14it/s]
Extract:  32%|###1      | 19/60 [00:03<00:06,  6.02it/s]
Extract:  35%|###5      | 21/60 [00:04<00:07,  5.20it/s]
Extract:  37%|###6      | 22/60 [00:04<00:07,  5.37it/s]
Extract:  38%|###8      | 23/60 [00:04<00:07,  5.12it/s]
Extract:  40%|####      | 24/60 [00:04<00:06,  5.66it/s]
Extract:  43%|####3     | 26/60 [00:04<00:04,  7.45it/s]
Extract:  45%|####5     | 27/60 [00:05<00:06,  5.25it/s]
Extract:  48%|####8     | 29/60 [00:05<00:04,  6.61it/s]
Extract:  50%|#####     | 30/60 [00:05<00:04,  6.71it/s]
Extract:  52%|#####1    | 31/60 [00:05<00:05,  5.55it/s]
Extract:  55%|#####5    | 33/60 [00:05<00:03,  7.78it/s]
Extract:  58%|#####8    | 35/60 [00:06<00:02,  9.77it/s]
Extract:  62%|######1   | 37/60 [00:06<00:02,  9.08it/s]
Extract:  65%|######5   | 39/60 [00:06<00:02, 10.19it/s]
Extract:  68%|######8   | 41/60 [00:06<00:01, 10.34it/s]
Extract:  72%|#######1  | 43/60 [00:07<00:02,  5.76it/s]
Extract:  77%|#######6  | 46/60 [00:07<00:01,  7.92it/s]
Extract:  80%|########  | 48/60 [00:07<00:01,  8.42it/s]
Extract:  83%|########3 | 50/60 [00:08<00:01,  6.12it/s]
Extract:  85%|########5 | 51/60 [00:08<00:01,  5.44it/s]
Extract:  87%|########6 | 52/60 [00:08<00:01,  5.08it/s]
Extract:  90%|######### | 54/60 [00:09<00:01,  5.91it/s]
Extract:  92%|#########1| 55/60 [00:09<00:00,  5.79it/s]
Extract:  95%|#########5| 57/60 [00:09<00:00,  7.67it/s]
Extract:  97%|#########6| 58/60 [00:09<00:00,  7.08it/s]
Extract:  98%|#########8| 59/60 [00:09<00:00,  6.32it/s]
Extract: 100%|##########| 60/60 [00:09<00:00,  5.60it/s]
Extract: 100%|##########| 60/60 [00:09<00:00,  6.01it/s]

Extract:   0%|          | 0/60 [00:00<?, ?it/s]
Extract:   3%|3         | 2/60 [00:00<00:03, 17.39it/s]
Extract:   7%|6         | 4/60 [00:00<00:06,  8.96it/s]
Extract:  10%|#         | 6/60 [00:00<00:06,  8.61it/s]
Extract:  12%|#1        | 7/60 [00:00<00:08,  6.08it/s]
Extract:  13%|#3        | 8/60 [00:01<00:10,  5.18it/s]
Extract:  15%|#5        | 9/60 [00:01<00:12,  4.02it/s]
Extract:  17%|#6        | 10/60 [00:01<00:13,  3.84it/s]
Extract:  18%|#8        | 11/60 [00:02<00:11,  4.15it/s]
Extract:  20%|##        | 12/60 [00:02<00:12,  3.78it/s]
Extract:  22%|##1       | 13/60 [00:02<00:10,  4.50it/s]
Extract:  23%|##3       | 14/60 [00:02<00:12,  3.83it/s]
Extract:  25%|##5       | 15/60 [00:03<00:17,  2.54it/s]
Extract:  27%|##6       | 16/60 [00:03<00:14,  3.14it/s]
Extract:  32%|###1      | 19/60 [00:03<00:06,  6.28it/s]
Extract:  35%|###5      | 21/60 [00:04<00:07,  5.35it/s]
Extract:  37%|###6      | 22/60 [00:04<00:07,  5.33it/s]
Extract:  38%|###8      | 23/60 [00:04<00:07,  5.00it/s]
Extract:  40%|####      | 24/60 [00:04<00:06,  5.63it/s]
Extract:  43%|####3     | 26/60 [00:05<00:04,  7.58it/s]
Extract:  47%|####6     | 28/60 [00:05<00:05,  5.59it/s]
Extract:  48%|####8     | 29/60 [00:05<00:05,  5.91it/s]
Extract:  50%|#####     | 30/60 [00:05<00:05,  5.66it/s]
Extract:  52%|#####1    | 31/60 [00:06<00:05,  5.21it/s]
Extract:  55%|#####5    | 33/60 [00:06<00:03,  7.36it/s]
Extract:  58%|#####8    | 35/60 [00:06<00:02,  8.42it/s]
Extract:  62%|######1   | 37/60 [00:06<00:02,  7.77it/s]
Extract:  63%|######3   | 38/60 [00:06<00:02,  7.46it/s]
Extract:  67%|######6   | 40/60 [00:07<00:02,  7.73it/s]
Extract:  68%|######8   | 41/60 [00:07<00:02,  6.45it/s]
Extract:  70%|#######   | 42/60 [00:07<00:04,  4.32it/s]
Extract:  72%|#######1  | 43/60 [00:08<00:04,  3.93it/s]
Extract:  77%|#######6  | 46/60 [00:08<00:02,  6.75it/s]
Extract:  78%|#######8  | 47/60 [00:08<00:02,  6.43it/s]
Extract:  83%|########3 | 50/60 [00:09<00:01,  5.54it/s]
Extract:  85%|########5 | 51/60 [00:09<00:01,  5.03it/s]
Extract:  87%|########6 | 52/60 [00:09<00:01,  4.62it/s]
Extract:  90%|######### | 54/60 [00:10<00:01,  4.91it/s]
Extract:  92%|#########1| 55/60 [00:10<00:01,  4.54it/s]
Extract:  93%|#########3| 56/60 [00:10<00:00,  4.98it/s]
Extract:  97%|#########6| 58/60 [00:10<00:00,  5.36it/s]
Extract:  98%|#########8| 59/60 [00:11<00:00,  4.47it/s]
Extract: 100%|##########| 60/60 [00:11<00:00,  4.08it/s]
Extract: 100%|##########| 60/60 [00:11<00:00,  5.23it/s]

Extract:   0%|          | 0/60 [00:00<?, ?it/s]
Extract:   3%|3         | 2/60 [00:00<00:03, 15.11it/s]
Extract:   7%|6         | 4/60 [00:00<00:07,  7.73it/s]
Extract:   8%|8         | 5/60 [00:00<00:07,  7.25it/s]
Extract:  10%|#         | 6/60 [00:00<00:07,  7.19it/s]
Extract:  12%|#1        | 7/60 [00:01<00:09,  5.52it/s]
Extract:  13%|#3        | 8/60 [00:01<00:11,  4.49it/s]
Extract:  15%|#5        | 9/60 [00:01<00:11,  4.26it/s]
Extract:  17%|#6        | 10/60 [00:01<00:11,  4.41it/s]
Extract:  18%|#8        | 11/60 [00:02<00:10,  4.51it/s]
Extract:  20%|##        | 12/60 [00:02<00:13,  3.68it/s]
Extract:  23%|##3       | 14/60 [00:02<00:10,  4.22it/s]
Extract:  25%|##5       | 15/60 [00:03<00:14,  3.18it/s]
Extract:  27%|##6       | 16/60 [00:03<00:11,  3.76it/s]
Extract:  32%|###1      | 19/60 [00:03<00:05,  6.87it/s]
Extract:  35%|###5      | 21/60 [00:04<00:07,  5.56it/s]
Extract:  37%|###6      | 22/60 [00:04<00:07,  5.32it/s]
Extract:  38%|###8      | 23/60 [00:04<00:07,  5.16it/s]
Extract:  40%|####      | 24/60 [00:04<00:06,  5.72it/s]
Extract:  43%|####3     | 26/60 [00:04<00:04,  7.85it/s]
Extract:  47%|####6     | 28/60 [00:05<00:05,  5.79it/s]
Extract:  48%|####8     | 29/60 [00:05<00:05,  6.18it/s]
Extract:  50%|#####     | 30/60 [00:05<00:04,  6.33it/s]
Extract:  52%|#####1    | 31/60 [00:05<00:04,  6.11it/s]
Extract:  57%|#####6    | 34/60 [00:05<00:02,  9.70it/s]
Extract:  60%|######    | 36/60 [00:06<00:02,  9.53it/s]
Extract:  63%|######3   | 38/60 [00:06<00:02,  8.00it/s]
Extract:  67%|######6   | 40/60 [00:06<00:02,  8.49it/s]
Extract:  68%|######8   | 41/60 [00:06<00:02,  8.32it/s]
Extract:  70%|#######   | 42/60 [00:07<00:03,  5.70it/s]
Extract:  72%|#######1  | 43/60 [00:07<00:03,  4.84it/s]
Extract:  77%|#######6  | 46/60 [00:07<00:02,  5.97it/s]
Extract:  78%|#######8  | 47/60 [00:08<00:02,  5.07it/s]
Extract:  82%|########1 | 49/60 [00:08<00:01,  6.49it/s]
Extract:  83%|########3 | 50/60 [00:08<00:02,  4.24it/s]
Extract:  85%|########5 | 51/60 [00:09<00:02,  3.72it/s]
Extract:  87%|########6 | 52/60 [00:09<00:02,  3.37it/s]
Extract:  90%|######### | 54/60 [00:09<00:01,  4.09it/s]
Extract:  92%|#########1| 55/60 [00:10<00:01,  4.28it/s]
Extract:  95%|#########5| 57/60 [00:10<00:00,  5.84it/s]
Extract:  97%|#########6| 58/60 [00:10<00:00,  5.79it/s]
Extract:  98%|#########8| 59/60 [00:10<00:00,  5.23it/s]
Extract: 100%|##########| 60/60 [00:11<00:00,  4.78it/s]
Extract: 100%|##########| 60/60 [00:11<00:00,  5.44it/s]

Extract:   0%|          | 0/60 [00:00<?, ?it/s]
Extract:   3%|3         | 2/60 [00:00<00:02, 19.69it/s]
Extract:   7%|6         | 4/60 [00:00<00:07,  7.63it/s]
Extract:  10%|#         | 6/60 [00:00<00:08,  6.57it/s]
Extract:  12%|#1        | 7/60 [00:01<00:09,  5.66it/s]
Extract:  13%|#3        | 8/60 [00:01<00:12,  4.28it/s]
Extract:  15%|#5        | 9/60 [00:01<00:14,  3.42it/s]
Extract:  17%|#6        | 10/60 [00:02<00:13,  3.81it/s]
Extract:  18%|#8        | 11/60 [00:02<00:11,  4.29it/s]
Extract:  20%|##        | 12/60 [00:02<00:12,  3.84it/s]
Extract:  22%|##1       | 13/60 [00:02<00:10,  4.36it/s]
Extract:  23%|##3       | 14/60 [00:03<00:13,  3.49it/s]
Extract:  25%|##5       | 15/60 [00:03<00:15,  2.98it/s]
Extract:  27%|##6       | 16/60 [00:03<00:12,  3.54it/s]
Extract:  32%|###1      | 19/60 [00:03<00:06,  6.67it/s]
Extract:  35%|###5      | 21/60 [00:04<00:06,  5.87it/s]
Extract:  37%|###6      | 22/60 [00:04<00:06,  5.98it/s]
Extract:  38%|###8      | 23/60 [00:04<00:06,  5.30it/s]
Extract:  40%|####      | 24/60 [00:04<00:06,  5.95it/s]
Extract:  43%|####3     | 26/60 [00:04<00:04,  7.92it/s]
Extract:  45%|####5     | 27/60 [00:05<00:06,  5.29it/s]
Extract:  48%|####8     | 29/60 [00:05<00:04,  6.62it/s]
Extract:  50%|#####     | 30/60 [00:05<00:04,  6.28it/s]
Extract:  52%|#####1    | 31/60 [00:05<00:05,  5.69it/s]
Extract:  53%|#####3    | 32/60 [00:06<00:04,  6.37it/s]
Extract:  58%|#####8    | 35/60 [00:06<00:02,  9.24it/s]
Extract:  62%|######1   | 37/60 [00:06<00:02,  8.00it/s]
Extract:  63%|######3   | 38/60 [00:06<00:02,  7.81it/s]
Extract:  67%|######6   | 40/60 [00:06<00:02,  8.70it/s]
Extract:  70%|#######   | 42/60 [00:07<00:03,  5.79it/s]
Extract:  72%|#######1  | 43/60 [00:07<00:03,  4.74it/s]
Extract:  77%|#######6  | 46/60 [00:08<00:01,  7.17it/s]
Extract:  78%|#######8  | 47/60 [00:08<00:02,  5.88it/s]
Extract:  82%|########1 | 49/60 [00:08<00:01,  7.64it/s]
Extract:  85%|########5 | 51/60 [00:09<00:01,  4.96it/s]
Extract:  87%|########6 | 52/60 [00:09<00:01,  4.45it/s]
Extract:  90%|######### | 54/60 [00:09<00:01,  4.86it/s]
Extract:  92%|#########1| 55/60 [00:10<00:01,  4.11it/s]
Extract:  93%|#########3| 56/60 [00:10<00:00,  4.52it/s]
Extract:  97%|#########6| 58/60 [00:10<00:00,  5.13it/s]
Extract:  98%|#########8| 59/60 [00:10<00:00,  4.86it/s]
Extract: 100%|##########| 60/60 [00:11<00:00,  4.14it/s]
Extract: 100%|##########| 60/60 [00:11<00:00,  5.33it/s]

Extract:   0%|          | 0/60 [00:00<?, ?it/s]
Extract:   3%|3         | 2/60 [00:00<00:03, 14.95it/s]
Extract:   7%|6         | 4/60 [00:00<00:06,  8.33it/s]
Extract:   8%|8         | 5/60 [00:00<00:06,  8.24it/s]
Extract:  10%|#         | 6/60 [00:00<00:07,  6.80it/s]
Extract:  12%|#1        | 7/60 [00:01<00:11,  4.74it/s]
Extract:  13%|#3        | 8/60 [00:01<00:13,  3.95it/s]
Extract:  15%|#5        | 9/60 [00:01<00:13,  3.89it/s]
Extract:  17%|#6        | 10/60 [00:01<00:11,  4.22it/s]
Extract:  18%|#8        | 11/60 [00:02<00:10,  4.56it/s]
Extract:  20%|##        | 12/60 [00:02<00:13,  3.56it/s]
Extract:  22%|##1       | 13/60 [00:02<00:10,  4.28it/s]
Extract:  23%|##3       | 14/60 [00:03<00:14,  3.18it/s]
Extract:  25%|##5       | 15/60 [00:03<00:18,  2.50it/s]
Extract:  27%|##6       | 16/60 [00:03<00:14,  3.03it/s]
Extract:  32%|###1      | 19/60 [00:04<00:06,  6.02it/s]
Extract:  35%|###5      | 21/60 [00:04<00:06,  5.58it/s]
Extract:  37%|###6      | 22/60 [00:04<00:06,  5.71it/s]
Extract:  38%|###8      | 23/60 [00:04<00:07,  4.89it/s]
Extract:  40%|####      | 24/60 [00:05<00:06,  5.52it/s]
Extract:  43%|####3     | 26/60 [00:05<00:04,  7.53it/s]
Extract:  47%|####6     | 28/60 [00:05<00:05,  5.82it/s]
Extract:  48%|####8     | 29/60 [00:05<00:04,  6.31it/s]
Extract:  50%|#####     | 30/60 [00:05<00:04,  6.53it/s]
Extract:  52%|#####1    | 31/60 [00:06<00:04,  5.90it/s]
Extract:  53%|#####3    | 32/60 [00:06<00:04,  6.59it/s]
Extract:  58%|#####8    | 35/60 [00:06<00:02,  8.53it/s]
Extract:  62%|######1   | 37/60 [00:06<00:02,  8.44it/s]
Extract:  63%|######3   | 38/60 [00:06<00:02,  8.46it/s]
Extract:  67%|######6   | 40/60 [00:06<00:02,  9.86it/s]
Extract:  70%|#######   | 42/60 [00:07<00:02,  6.20it/s]
Extract:  72%|#######1  | 43/60 [00:07<00:03,  5.11it/s]
Extract:  77%|#######6  | 46/60 [00:08<00:01,  7.74it/s]
Extract:  80%|########  | 48/60 [00:08<00:01,  7.68it/s]
Extract:  82%|########1 | 49/60 [00:08<00:01,  7.73it/s]
Extract:  83%|########3 | 50/60 [00:08<00:01,  5.51it/s]
Extract:  85%|########5 | 51/60 [00:09<00:01,  4.98it/s]
Extract:  87%|########6 | 52/60 [00:09<00:01,  4.46it/s]
Extract:  90%|######### | 54/60 [00:09<00:01,  5.06it/s]
Extract:  92%|#########1| 55/60 [00:10<00:01,  4.08it/s]
Extract:  93%|#########3| 56/60 [00:10<00:00,  4.62it/s]
Extract:  97%|#########6| 58/60 [00:10<00:00,  5.18it/s]
Extract:  98%|#########8| 59/60 [00:10<00:00,  4.99it/s]
Extract: 100%|##########| 60/60 [00:11<00:00,  3.99it/s]
Extract: 100%|##########| 60/60 [00:11<00:00,  5.37it/s]

Extract:   0%|          | 0/60 [00:00<?, ?it/s]
Extract:   3%|3         | 2/60 [00:00<00:03, 16.35it/s]
Extract:   7%|6         | 4/60 [00:00<00:06,  8.35it/s]
Extract:  10%|#         | 6/60 [00:00<00:06,  7.92it/s]
Extract:  12%|#1        | 7/60 [00:00<00:08,  6.43it/s]
Extract:  13%|#3        | 8/60 [00:01<00:09,  5.29it/s]
Extract:  15%|#5        | 9/60 [00:01<00:10,  4.74it/s]
Extract:  17%|#6        | 10/60 [00:01<00:11,  4.38it/s]
Extract:  18%|#8        | 11/60 [00:01<00:10,  4.89it/s]
Extract:  20%|##        | 12/60 [00:02<00:11,  4.21it/s]
Extract:  22%|##1       | 13/60 [00:02<00:09,  4.96it/s]
Extract:  23%|##3       | 14/60 [00:02<00:10,  4.37it/s]
Extract:  25%|##5       | 15/60 [00:02<00:10,  4.19it/s]
Extract:  27%|##6       | 16/60 [00:03<00:10,  4.26it/s]
Extract:  28%|##8       | 17/60 [00:03<00:08,  4.98it/s]
Extract:  32%|###1      | 19/60 [00:03<00:05,  7.53it/s]
Extract:  35%|###5      | 21/60 [00:04<00:08,  4.84it/s]
Extract:  37%|###6      | 22/60 [00:04<00:07,  5.10it/s]
Extract:  38%|###8      | 23/60 [00:04<00:07,  5.00it/s]
Extract:  40%|####      | 24/60 [00:04<00:06,  5.58it/s]
Extract:  43%|####3     | 26/60 [00:04<00:04,  7.57it/s]
Extract:  45%|####5     | 27/60 [00:05<00:07,  4.63it/s]
Extract:  48%|####8     | 29/60 [00:05<00:05,  5.71it/s]
Extract:  50%|#####     | 30/60 [00:05<00:05,  5.68it/s]
Extract:  52%|#####1    | 31/60 [00:05<00:05,  4.93it/s]
Extract:  57%|#####6    | 34/60 [00:05<00:03,  7.76it/s]
Extract:  60%|######    | 36/60 [00:06<00:02,  8.86it/s]
Extract:  63%|######3   | 38/60 [00:06<00:03,  7.08it/s]
Extract:  67%|######6   | 40/60 [00:06<00:02,  7.96it/s]
Extract:  68%|######8   | 41/60 [00:06<00:02,  8.05it/s]
Extract:  70%|#######   | 42/60 [00:07<00:03,  5.25it/s]
Extract:  72%|#######1  | 43/60 [00:07<00:04,  4.14it/s]
Extract:  77%|#######6  | 46/60 [00:07<00:02,  6.59it/s]
Extract:  78%|#######8  | 47/60 [00:08<00:02,  6.18it/s]
Extract:  82%|########1 | 49/60 [00:08<00:01,  7.66it/s]
Extract:  83%|########3 | 50/60 [00:08<00:01,  5.01it/s]
Extract:  85%|########5 | 51/60 [00:09<00:02,  3.96it/s]
Extract:  87%|########6 | 52/60 [00:09<00:02,  3.64it/s]
Extract:  90%|######### | 54/60 [00:09<00:01,  4.32it/s]
Extract:  92%|#########1| 55/60 [00:10<00:01,  4.34it/s]
Extract:  95%|#########5| 57/60 [00:10<00:00,  5.96it/s]
Extract:  97%|#########6| 58/60 [00:10<00:00,  5.86it/s]
Extract:  98%|#########8| 59/60 [00:10<00:00,  5.46it/s]
Extract: 100%|##########| 60/60 [00:10<00:00,  4.30it/s]
Extract: 100%|##########| 60/60 [00:10<00:00,  5.46it/s]

Extract:   0%|          | 0/60 [00:00<?, ?it/s]
Extract:   3%|3         | 2/60 [00:00<00:03, 16.68it/s]
Extract:   7%|6         | 4/60 [00:00<00:06,  8.27it/s]
Extract:  10%|#         | 6/60 [00:00<00:06,  8.10it/s]
Extract:  12%|#1        | 7/60 [00:00<00:08,  6.28it/s]
Extract:  13%|#3        | 8/60 [00:01<00:10,  4.93it/s]
Extract:  15%|#5        | 9/60 [00:01<00:11,  4.50it/s]
Extract:  17%|#6        | 10/60 [00:01<00:11,  4.44it/s]
Extract:  18%|#8        | 11/60 [00:01<00:10,  4.64it/s]
Extract:  20%|##        | 12/60 [00:02<00:13,  3.51it/s]
Extract:  22%|##1       | 13/60 [00:02<00:11,  4.16it/s]
Extract:  23%|##3       | 14/60 [00:03<00:14,  3.23it/s]
Extract:  25%|##5       | 15/60 [00:03<00:17,  2.54it/s]
Extract:  27%|##6       | 16/60 [00:03<00:14,  2.96it/s]
Extract:  32%|###1      | 19/60 [00:04<00:07,  5.62it/s]
Extract:  35%|###5      | 21/60 [00:04<00:08,  4.61it/s]
Extract:  37%|###6      | 22/60 [00:04<00:08,  4.34it/s]
Extract:  38%|###8      | 23/60 [00:05<00:09,  3.87it/s]
Extract:  40%|####      | 24/60 [00:05<00:08,  4.33it/s]
Extract:  43%|####3     | 26/60 [00:05<00:05,  5.93it/s]
Extract:  45%|####5     | 27/60 [00:06<00:08,  3.97it/s]
Extract:  48%|####8     | 29/60 [00:06<00:06,  5.03it/s]
Extract:  50%|#####     | 30/60 [00:06<00:05,  5.14it/s]
Extract:  52%|#####1    | 31/60 [00:06<00:05,  4.98it/s]
Extract:  55%|#####5    | 33/60 [00:06<00:03,  6.97it/s]
Extract:  58%|#####8    | 35/60 [00:06<00:03,  8.19it/s]
Extract:  62%|######1   | 37/60 [00:07<00:03,  7.31it/s]
Extract:  63%|######3   | 38/60 [00:07<00:03,  7.16it/s]
Extract:  67%|######6   | 40/60 [00:07<00:02,  7.26it/s]
Extract:  68%|######8   | 41/60 [00:07<00:02,  7.69it/s]
Extract:  70%|#######   | 42/60 [00:08<00:03,  5.40it/s]
Extract:  72%|#######1  | 43/60 [00:08<00:03,  4.25it/s]
Extract:  77%|#######6  | 46/60 [00:08<00:02,  6.93it/s]
Extract:  78%|#######8  | 47/60 [00:08<00:01,  6.61it/s]
Extract:  82%|########1 | 49/60 [00:09<00:01,  8.58it/s]
Extract:  85%|########5 | 51/60 [00:10<00:02,  4.14it/s]
Extract:  87%|########6 | 52/60 [00:10<00:02,  3.50it/s]
Extract:  90%|######### | 54/60 [00:10<00:01,  4.08it/s]
Extract:  92%|#########1| 55/60 [00:11<00:01,  4.01it/s]
Extract:  93%|#########3| 56/60 [00:11<00:00,  4.47it/s]
Extract:  97%|#########6| 58/60 [00:11<00:00,  5.01it/s]
Extract:  98%|#########8| 59/60 [00:11<00:00,  4.80it/s]
Extract: 100%|##########| 60/60 [00:12<00:00,  3.97it/s]
Extract: 100%|##########| 60/60 [00:12<00:00,  4.91it/s]

Extract:   0%|          | 0/60 [00:00<?, ?it/s]
Extract:   3%|3         | 2/60 [00:00<00:03, 15.27it/s]
Extract:   7%|6         | 4/60 [00:00<00:09,  6.22it/s]
Extract:   8%|8         | 5/60 [00:00<00:09,  6.10it/s]
Extract:  10%|#         | 6/60 [00:00<00:08,  6.60it/s]
Extract:  12%|#1        | 7/60 [00:01<00:09,  5.64it/s]
Extract:  13%|#3        | 8/60 [00:01<00:12,  4.18it/s]
Extract:  15%|#5        | 9/60 [00:01<00:13,  3.75it/s]
Extract:  17%|#6        | 10/60 [00:02<00:13,  3.77it/s]
Extract:  18%|#8        | 11/60 [00:02<00:12,  3.87it/s]
Extract:  20%|##        | 12/60 [00:02<00:15,  3.13it/s]
Extract:  22%|##1       | 13/60 [00:02<00:12,  3.77it/s]
Extract:  23%|##3       | 14/60 [00:03<00:17,  2.56it/s]
Extract:  25%|##5       | 15/60 [00:04<00:19,  2.29it/s]
Extract:  27%|##6       | 16/60 [00:04<00:15,  2.81it/s]
Extract:  32%|###1      | 19/60 [00:04<00:07,  5.47it/s]
Extract:  35%|###5      | 21/60 [00:05<00:08,  4.70it/s]
Extract:  37%|###6      | 22/60 [00:05<00:07,  4.76it/s]
Extract:  38%|###8      | 23/60 [00:05<00:08,  4.62it/s]
Extract:  40%|####      | 24/60 [00:05<00:07,  4.63it/s]
Extract:  43%|####3     | 26/60 [00:05<00:05,  6.29it/s]
Extract:  45%|####5     | 27/60 [00:06<00:08,  3.71it/s]
Extract:  47%|####6     | 28/60 [00:06<00:07,  4.20it/s]
Extract:  48%|####8     | 29/60 [00:06<00:06,  4.54it/s]
Extract:  50%|#####     | 30/60 [00:07<00:06,  4.53it/s]
Extract:  52%|#####1    | 31/60 [00:07<00:06,  4.29it/s]
Extract:  55%|#####5    | 33/60 [00:07<00:04,  6.54it/s]
Extract:  58%|#####8    | 35/60 [00:07<00:03,  8.13it/s]
Extract:  62%|######1   | 37/60 [00:07<00:02,  8.17it/s]
Extract:  63%|######3   | 38/60 [00:07<00:02,  8.25it/s]
Extract:  67%|######6   | 40/60 [00:08<00:02,  9.12it/s]
Extract:  68%|######8   | 41/60 [00:08<00:02,  7.54it/s]
Extract:  70%|#######   | 42/60 [00:08<00:03,  4.61it/s]
Extract:  72%|#######1  | 43/60 [00:09<00:04,  3.52it/s]
Extract:  75%|#######5  | 45/60 [00:09<00:02,  5.30it/s]
Extract:  78%|#######8  | 47/60 [00:09<00:02,  5.92it/s]
Extract:  82%|########1 | 49/60 [00:09<00:01,  7.58it/s]
Extract:  85%|########5 | 51/60 [00:10<00:02,  4.38it/s]
Extract:  87%|########6 | 52/60 [00:10<00:01,  4.03it/s]
Extract:  90%|######### | 54/60 [00:11<00:01,  4.46it/s]
Extract:  92%|#########1| 55/60 [00:11<00:01,  4.26it/s]
Extract:  93%|#########3| 56/60 [00:11<00:00,  4.71it/s]
Extract:  97%|#########6| 58/60 [00:12<00:00,  5.33it/s]
Extract:  98%|#########8| 59/60 [00:12<00:00,  5.12it/s]
Extract: 100%|##########| 60/60 [00:12<00:00,  4.23it/s]
Extract: 100%|##########| 60/60 [00:12<00:00,  4.76it/s]

Extract:   0%|          | 0/60 [00:00<?, ?it/s]
Extract:   3%|3         | 2/60 [00:00<00:03, 15.36it/s]
Extract:   7%|6         | 4/60 [00:00<00:07,  7.47it/s]
Extract:   8%|8         | 5/60 [00:00<00:07,  7.10it/s]
Extract:  10%|#         | 6/60 [00:00<00:08,  6.35it/s]
Extract:  12%|#1        | 7/60 [00:01<00:11,  4.58it/s]
Extract:  13%|#3        | 8/60 [00:01<00:14,  3.64it/s]
Extract:  15%|#5        | 9/60 [00:01<00:14,  3.55it/s]
Extract:  17%|#6        | 10/60 [00:02<00:14,  3.44it/s]
Extract:  18%|#8        | 11/60 [00:02<00:13,  3.74it/s]
Extract:  20%|##        | 12/60 [00:02<00:16,  2.99it/s]
Extract:  22%|##1       | 13/60 [00:03<00:13,  3.54it/s]
Extract:  23%|##3       | 14/60 [00:03<00:15,  2.91it/s]
Extract:  25%|##5       | 15/60 [00:04<00:19,  2.32it/s]
Extract:  27%|##6       | 16/60 [00:04<00:16,  2.68it/s]
Extract:  30%|###       | 18/60 [00:04<00:09,  4.38it/s]
Extract:  33%|###3      | 20/60 [00:04<00:06,  5.78it/s]
Extract:  35%|###5      | 21/60 [00:05<00:10,  3.81it/s]
Extract:  37%|###6      | 22/60 [00:05<00:09,  4.06it/s]
Extract:  38%|###8      | 23/60 [00:05<00:09,  3.81it/s]
Extract:  40%|####      | 24/60 [00:05<00:08,  4.29it/s]
Extract:  43%|####3     | 26/60 [00:06<00:05,  5.93it/s]
Extract:  45%|####5     | 27/60 [00:06<00:09,  3.54it/s]
Extract:  47%|####6     | 28/60 [00:06<00:07,  4.19it/s]
Extract:  48%|####8     | 29/60 [00:07<00:06,  4.64it/s]
Extract:  50%|#####     | 30/60 [00:07<00:06,  4.57it/s]
Extract:  52%|#####1    | 31/60 [00:07<00:07,  4.04it/s]
Extract:  53%|#####3    | 32/60 [00:07<00:05,  4.87it/s]
Extract:  58%|#####8    | 35/60 [00:07<00:03,  7.85it/s]
Extract:  62%|######1   | 37/60 [00:08<00:02,  7.79it/s]
Extract:  63%|######3   | 38/60 [00:08<00:02,  7.74it/s]
Extract:  67%|######6   | 40/60 [00:08<00:02,  8.76it/s]
Extract:  68%|######8   | 41/60 [00:08<00:02,  8.69it/s]
Extract:  70%|#######   | 42/60 [00:09<00:03,  4.63it/s]
Extract:  72%|#######1  | 43/60 [00:09<00:04,  3.62it/s]
Extract:  75%|#######5  | 45/60 [00:09<00:03,  4.79it/s]
Extract:  77%|#######6  | 46/60 [00:09<00:02,  5.39it/s]
Extract:  78%|#######8  | 47/60 [00:10<00:02,  5.24it/s]
Extract:  82%|########1 | 49/60 [00:10<00:01,  6.88it/s]
Extract:  83%|########3 | 50/60 [00:10<00:02,  4.44it/s]
Extract:  85%|########5 | 51/60 [00:11<00:02,  4.00it/s]
Extract:  87%|########6 | 52/60 [00:11<00:02,  3.60it/s]
Extract:  90%|######### | 54/60 [00:11<00:01,  4.10it/s]
Extract:  92%|#########1| 55/60 [00:12<00:01,  3.51it/s]
Extract:  93%|#########3| 56/60 [00:12<00:00,  4.05it/s]
Extract:  97%|#########6| 58/60 [00:12<00:00,  4.54it/s]
Extract:  98%|#########8| 59/60 [00:13<00:00,  4.47it/s]
Extract: 100%|##########| 60/60 [00:13<00:00,  3.86it/s]
Extract: 100%|##########| 60/60 [00:13<00:00,  4.47it/s]

Extract:   0%|          | 0/60 [00:00<?, ?it/s]
Extract:   3%|3         | 2/60 [00:00<00:04, 13.19it/s]
Extract:   7%|6         | 4/60 [00:00<00:07,  7.09it/s]
Extract:   8%|8         | 5/60 [00:00<00:09,  5.92it/s]
Extract:  10%|#         | 6/60 [00:00<00:08,  6.17it/s]
Extract:  12%|#1        | 7/60 [00:01<00:09,  5.44it/s]
Extract:  13%|#3        | 8/60 [00:01<00:12,  4.30it/s]
Extract:  15%|#5        | 9/60 [00:01<00:12,  3.98it/s]
Extract:  17%|#6        | 10/60 [00:01<00:11,  4.25it/s]
Extract:  18%|#8        | 11/60 [00:02<00:10,  4.60it/s]
Extract:  20%|##        | 12/60 [00:02<00:12,  3.79it/s]
Extract:  22%|##1       | 13/60 [00:02<00:10,  4.55it/s]
Extract:  23%|##3       | 14/60 [00:03<00:13,  3.35it/s]
Extract:  25%|##5       | 15/60 [00:03<00:17,  2.51it/s]
Extract:  27%|##6       | 16/60 [00:03<00:14,  3.04it/s]
Extract:  32%|###1      | 19/60 [00:04<00:06,  5.92it/s]
Extract:  35%|###5      | 21/60 [00:04<00:07,  5.08it/s]
Extract:  37%|###6      | 22/60 [00:04<00:07,  5.18it/s]
Extract:  38%|###8      | 23/60 [00:04<00:07,  4.85it/s]
Extract:  40%|####      | 24/60 [00:05<00:06,  5.24it/s]
Extract:  43%|####3     | 26/60 [00:05<00:04,  6.94it/s]
Extract:  45%|####5     | 27/60 [00:05<00:08,  4.11it/s]
Extract:  48%|####8     | 29/60 [00:06<00:05,  5.32it/s]
Extract:  50%|#####     | 30/60 [00:06<00:05,  5.25it/s]
Extract:  52%|#####1    | 31/60 [00:06<00:06,  4.79it/s]
Extract:  55%|#####5    | 33/60 [00:06<00:04,  6.71it/s]
Extract:  58%|#####8    | 35/60 [00:06<00:03,  7.98it/s]
Extract:  62%|######1   | 37/60 [00:07<00:02,  8.15it/s]
Extract:  63%|######3   | 38/60 [00:07<00:02,  8.09it/s]
Extract:  67%|######6   | 40/60 [00:07<00:02,  9.00it/s]
Extract:  68%|######8   | 41/60 [00:07<00:02,  8.85it/s]
Extract:  70%|#######   | 42/60 [00:07<00:03,  5.50it/s]
Extract:  72%|#######1  | 43/60 [00:08<00:04,  4.00it/s]
Extract:  77%|#######6  | 46/60 [00:08<00:02,  6.58it/s]
Extract:  78%|#######8  | 47/60 [00:08<00:02,  6.48it/s]
Extract:  83%|########3 | 50/60 [00:09<00:01,  6.59it/s]
Extract:  85%|########5 | 51/60 [00:09<00:01,  5.44it/s]
Extract:  87%|########6 | 52/60 [00:09<00:01,  4.80it/s]
Extract:  90%|######### | 54/60 [00:10<00:01,  5.69it/s]
Extract:  92%|#########1| 55/60 [00:10<00:00,  5.37it/s]
Extract:  95%|#########5| 57/60 [00:10<00:00,  7.06it/s]
Extract:  97%|#########6| 58/60 [00:10<00:00,  6.50it/s]
Extract:  98%|#########8| 59/60 [00:10<00:00,  6.34it/s]
Extract: 100%|##########| 60/60 [00:11<00:00,  5.16it/s]
Extract: 100%|##########| 60/60 [00:11<00:00,  5.42it/s]

Extract:   0%|          | 0/60 [00:00<?, ?it/s]
Extract:   3%|3         | 2/60 [00:00<00:03, 18.93it/s]
Extract:   7%|6         | 4/60 [00:00<00:06,  8.68it/s]
Extract:  10%|#         | 6/60 [00:00<00:06,  8.40it/s]
Extract:  12%|#1        | 7/60 [00:01<00:09,  5.76it/s]
Extract:  13%|#3        | 8/60 [00:01<00:11,  4.63it/s]
Extract:  15%|#5        | 9/60 [00:01<00:11,  4.42it/s]
Extract:  17%|#6        | 10/60 [00:01<00:11,  4.49it/s]
Extract:  18%|#8        | 11/60 [00:02<00:10,  4.59it/s]
Extract:  20%|##        | 12/60 [00:02<00:12,  3.82it/s]
Extract:  22%|##1       | 13/60 [00:02<00:10,  4.62it/s]
Extract:  23%|##3       | 14/60 [00:02<00:12,  3.78it/s]
Extract:  25%|##5       | 15/60 [00:03<00:16,  2.67it/s]
Extract:  27%|##6       | 16/60 [00:03<00:13,  3.20it/s]
Extract:  30%|###       | 18/60 [00:03<00:08,  5.16it/s]
Extract:  33%|###3      | 20/60 [00:03<00:06,  6.43it/s]
Extract:  35%|###5      | 21/60 [00:04<00:10,  3.82it/s]
Extract:  37%|###6      | 22/60 [00:04<00:09,  4.14it/s]
Extract:  38%|###8      | 23/60 [00:05<00:08,  4.24it/s]
Extract:  40%|####      | 24/60 [00:05<00:08,  4.46it/s]
Extract:  43%|####3     | 26/60 [00:05<00:05,  6.66it/s]
Extract:  45%|####5     | 27/60 [00:05<00:06,  4.78it/s]
Extract:  48%|####8     | 29/60 [00:05<00:04,  6.28it/s]
Extract:  50%|#####     | 30/60 [00:06<00:04,  6.18it/s]
Extract:  52%|#####1    | 31/60 [00:06<00:04,  5.83it/s]
Extract:  57%|#####6    | 34/60 [00:06<00:02,  9.26it/s]
Extract:  60%|######    | 36/60 [00:06<00:02, 10.51it/s]
Extract:  63%|######3   | 38/60 [00:06<00:02,  8.03it/s]
Extract:  67%|######6   | 40/60 [00:07<00:02,  7.96it/s]
Extract:  70%|#######   | 42/60 [00:07<00:02,  6.34it/s]
Extract:  72%|#######1  | 43/60 [00:07<00:03,  5.43it/s]
Extract:  77%|#######6  | 46/60 [00:08<00:01,  7.92it/s]
Extract:  80%|########  | 48/60 [00:08<00:01,  8.67it/s]
Extract:  83%|########3 | 50/60 [00:08<00:01,  6.30it/s]
Extract:  85%|########5 | 51/60 [00:09<00:01,  5.22it/s]
Extract:  87%|########6 | 52/60 [00:09<00:01,  4.31it/s]
Extract:  90%|######### | 54/60 [00:09<00:01,  4.97it/s]
Extract:  92%|#########1| 55/60 [00:10<00:01,  4.88it/s]
Extract:  93%|#########3| 56/60 [00:10<00:00,  5.41it/s]
Extract:  97%|#########6| 58/60 [00:10<00:00,  6.37it/s]
Extract:  98%|#########8| 59/60 [00:10<00:00,  6.09it/s]
Extract: 100%|##########| 60/60 [00:10<00:00,  4.69it/s]
Extract: 100%|##########| 60/60 [00:10<00:00,  5.48it/s]

Extract:   0%|          | 0/60 [00:00<?, ?it/s]
Extract:   3%|3         | 2/60 [00:00<00:03, 18.41it/s]
Extract:   7%|6         | 4/60 [00:00<00:06,  8.40it/s]
Extract:  10%|#         | 6/60 [00:00<00:06,  8.08it/s]
Extract:  12%|#1        | 7/60 [00:00<00:08,  6.34it/s]
Extract:  13%|#3        | 8/60 [00:01<00:11,  4.58it/s]
Extract:  15%|#5        | 9/60 [00:01<00:12,  4.18it/s]
Extract:  17%|#6        | 10/60 [00:01<00:11,  4.24it/s]
Extract:  18%|#8        | 11/60 [00:02<00:10,  4.76it/s]
Extract:  20%|##        | 12/60 [00:02<00:11,  4.03it/s]
Extract:  22%|##1       | 13/60 [00:02<00:09,  4.88it/s]
Extract:  23%|##3       | 14/60 [00:02<00:11,  3.90it/s]
Extract:  25%|##5       | 15/60 [00:03<00:17,  2.63it/s]
Extract:  27%|##6       | 16/60 [00:03<00:13,  3.23it/s]
Extract:  32%|###1      | 19/60 [00:03<00:06,  6.24it/s]
Extract:  35%|###5      | 21/60 [00:04<00:07,  5.38it/s]
Extract:  37%|###6      | 22/60 [00:04<00:07,  5.40it/s]
Extract:  38%|###8      | 23/60 [00:04<00:07,  5.21it/s]
Extract:  42%|####1     | 25/60 [00:04<00:04,  7.16it/s]
Extract:  45%|####5     | 27/60 [00:05<00:06,  5.08it/s]
Extract:  48%|####8     | 29/60 [00:05<00:05,  6.15it/s]
Extract:  50%|#####     | 30/60 [00:05<00:04,  6.04it/s]
Extract:  52%|#####1    | 31/60 [00:05<00:05,  5.74it/s]
Extract:  57%|#####6    | 34/60 [00:06<00:03,  8.49it/s]
Extract:  60%|######    | 36/60 [00:06<00:02,  9.47it/s]
Extract:  63%|######3   | 38/60 [00:06<00:02,  8.63it/s]
Extract:  67%|######6   | 40/60 [00:06<00:02,  8.32it/s]
Extract:  70%|#######   | 42/60 [00:07<00:02,  6.36it/s]
Extract:  72%|#######1  | 43/60 [00:07<00:03,  5.26it/s]
Extract:  77%|#######6  | 46/60 [00:07<00:01,  7.47it/s]
Extract:  78%|#######8  | 47/60 [00:08<00:01,  6.65it/s]
Extract:  82%|########1 | 49/60 [00:08<00:01,  8.11it/s]
Extract:  83%|########3 | 50/60 [00:08<00:01,  5.07it/s]
Extract:  85%|########5 | 51/60 [00:08<00:01,  4.64it/s]
Extract:  87%|########6 | 52/60 [00:09<00:01,  4.20it/s]
Extract:  90%|######### | 54/60 [00:09<00:01,  5.04it/s]
Extract:  92%|#########1| 55/60 [00:09<00:01,  4.83it/s]
Extract:  95%|#########5| 57/60 [00:09<00:00,  6.50it/s]
Extract:  97%|#########6| 58/60 [00:10<00:00,  6.15it/s]
Extract:  98%|#########8| 59/60 [00:10<00:00,  5.17it/s]
Extract: 100%|##########| 60/60 [00:10<00:00,  4.19it/s]
Extract: 100%|##########| 60/60 [00:10<00:00,  5.56it/s]

Extract:   0%|          | 0/60 [00:00<?, ?it/s]
Extract:   3%|3         | 2/60 [00:00<00:04, 12.23it/s]
Extract:   7%|6         | 4/60 [00:00<00:07,  7.32it/s]
Extract:   8%|8         | 5/60 [00:00<00:07,  6.97it/s]
Extract:  10%|#         | 6/60 [00:00<00:07,  6.78it/s]
Extract:  12%|#1        | 7/60 [00:01<00:10,  5.15it/s]
Extract:  13%|#3        | 8/60 [00:01<00:14,  3.57it/s]
Extract:  15%|#5        | 9/60 [00:01<00:14,  3.52it/s]
Extract:  17%|#6        | 10/60 [00:02<00:13,  3.81it/s]
Extract:  18%|#8        | 11/60 [00:02<00:12,  3.89it/s]
Extract:  20%|##        | 12/60 [00:02<00:15,  3.06it/s]
Extract:  22%|##1       | 13/60 [00:03<00:12,  3.63it/s]
Extract:  23%|##3       | 14/60 [00:03<00:17,  2.66it/s]
Extract:  25%|##5       | 15/60 [00:04<00:19,  2.35it/s]
Extract:  27%|##6       | 16/60 [00:04<00:15,  2.93it/s]
Extract:  32%|###1      | 19/60 [00:04<00:06,  5.87it/s]
Extract:  35%|###5      | 21/60 [00:04<00:07,  4.88it/s]
Extract:  37%|###6      | 22/60 [00:05<00:07,  4.97it/s]
Extract:  38%|###8      | 23/60 [00:05<00:07,  4.77it/s]
Extract:  40%|####      | 24/60 [00:05<00:06,  5.41it/s]
Extract:  43%|####3     | 26/60 [00:05<00:04,  7.25it/s]
Extract:  45%|####5     | 27/60 [00:06<00:07,  4.50it/s]
Extract:  48%|####8     | 29/60 [00:06<00:05,  5.94it/s]
Extract:  50%|#####     | 30/60 [00:06<00:05,  5.89it/s]
Extract:  52%|#####1    | 31/60 [00:06<00:05,  5.22it/s]
Extract:  53%|#####3    | 32/60 [00:06<00:04,  5.80it/s]
Extract:  58%|#####8    | 35/60 [00:07<00:02,  8.70it/s]
Extract:  62%|######1   | 37/60 [00:07<00:02,  7.91it/s]
Extract:  63%|######3   | 38/60 [00:07<00:02,  7.69it/s]
Extract:  67%|######6   | 40/60 [00:07<00:02,  7.78it/s]
Extract:  68%|######8   | 41/60 [00:07<00:02,  8.14it/s]
Extract:  70%|#######   | 42/60 [00:08<00:03,  5.40it/s]
Extract:  72%|#######1  | 43/60 [00:08<00:03,  4.42it/s]
Extract:  77%|#######6  | 46/60 [00:08<00:01,  7.15it/s]
Extract:  78%|#######8  | 47/60 [00:08<00:01,  7.01it/s]
Extract:  82%|########1 | 49/60 [00:09<00:01,  9.03it/s]
Extract:  85%|########5 | 51/60 [00:09<00:01,  4.70it/s]
Extract:  87%|########6 | 52/60 [00:10<00:01,  4.40it/s]
Extract:  90%|######### | 54/60 [00:10<00:01,  5.06it/s]
Extract:  92%|#########1| 55/60 [00:10<00:00,  5.03it/s]
Extract:  93%|#########3| 56/60 [00:10<00:00,  5.62it/s]
Extract:  97%|#########6| 58/60 [00:11<00:00,  5.55it/s]
Extract:  98%|#########8| 59/60 [00:11<00:00,  5.64it/s]
Extract: 100%|##########| 60/60 [00:11<00:00,  4.25it/s]
Extract: 100%|##########| 60/60 [00:11<00:00,  5.13it/s]

Extract:   0%|          | 0/60 [00:00<?, ?it/s]
Extract:   3%|3         | 2/60 [00:00<00:04, 13.03it/s]
Extract:   7%|6         | 4/60 [00:00<00:08,  7.00it/s]
Extract:   8%|8         | 5/60 [00:00<00:08,  6.63it/s]
Extract:  10%|#         | 6/60 [00:00<00:08,  6.33it/s]
Extract:  12%|#1        | 7/60 [00:01<00:11,  4.45it/s]
Extract:  13%|#3        | 8/60 [00:01<00:13,  3.86it/s]
Extract:  15%|#5        | 9/60 [00:01<00:14,  3.58it/s]
Extract:  17%|#6        | 10/60 [00:02<00:14,  3.48it/s]
Extract:  18%|#8        | 11/60 [00:02<00:13,  3.56it/s]
Extract:  20%|##        | 12/60 [00:02<00:15,  3.08it/s]
Extract:  22%|##1       | 13/60 [00:03<00:13,  3.61it/s]
Extract:  23%|##3       | 14/60 [00:03<00:18,  2.53it/s]
Extract:  25%|##5       | 15/60 [00:04<00:17,  2.53it/s]
Extract:  27%|##6       | 16/60 [00:04<00:13,  3.24it/s]
Extract:  32%|###1      | 19/60 [00:04<00:06,  6.39it/s]
Extract:  35%|###5      | 21/60 [00:04<00:07,  5.16it/s]
Extract:  37%|###6      | 22/60 [00:05<00:07,  4.95it/s]
Extract:  38%|###8      | 23/60 [00:05<00:09,  4.08it/s]
Extract:  40%|####      | 24/60 [00:05<00:07,  4.52it/s]
Extract:  43%|####3     | 26/60 [00:05<00:05,  6.02it/s]
Extract:  45%|####5     | 27/60 [00:06<00:07,  4.24it/s]
Extract:  48%|####8     | 29/60 [00:06<00:05,  5.55it/s]
Extract:  50%|#####     | 30/60 [00:06<00:05,  5.50it/s]
Extract:  52%|#####1    | 31/60 [00:06<00:05,  5.27it/s]
Extract:  57%|#####6    | 34/60 [00:07<00:03,  7.60it/s]
Extract:  60%|######    | 36/60 [00:07<00:02,  9.10it/s]
Extract:  63%|######3   | 38/60 [00:07<00:02,  7.54it/s]
Extract:  67%|######6   | 40/60 [00:07<00:02,  8.19it/s]
Extract:  68%|######8   | 41/60 [00:07<00:02,  8.17it/s]
Extract:  70%|#######   | 42/60 [00:08<00:03,  4.84it/s]
Extract:  72%|#######1  | 43/60 [00:08<00:04,  3.63it/s]
Extract:  75%|#######5  | 45/60 [00:09<00:03,  4.99it/s]
Extract:  78%|#######8  | 47/60 [00:09<00:02,  5.80it/s]
Extract:  82%|########1 | 49/60 [00:09<00:01,  7.64it/s]
Extract:  85%|########5 | 51/60 [00:10<00:01,  5.09it/s]
Extract:  87%|########6 | 52/60 [00:10<00:01,  4.39it/s]
Extract:  90%|######### | 54/60 [00:11<00:01,  4.25it/s]
Extract:  92%|#########1| 55/60 [00:11<00:01,  4.13it/s]
Extract:  93%|#########3| 56/60 [00:11<00:00,  4.55it/s]
Extract:  97%|#########6| 58/60 [00:11<00:00,  4.95it/s]
Extract:  98%|#########8| 59/60 [00:12<00:00,  4.79it/s]
Extract: 100%|##########| 60/60 [00:12<00:00,  4.30it/s]
Extract: 100%|##########| 60/60 [00:12<00:00,  4.86it/s]

Extract:   0%|          | 0/60 [00:00<?, ?it/s]
Extract:   3%|3         | 2/60 [00:00<00:05, 11.23it/s]
Extract:   7%|6         | 4/60 [00:00<00:10,  5.32it/s]
Extract:   8%|8         | 5/60 [00:00<00:09,  5.50it/s]
Extract:  10%|#         | 6/60 [00:00<00:08,  6.03it/s]
Extract:  12%|#1        | 7/60 [00:01<00:09,  5.64it/s]
Extract:  13%|#3        | 8/60 [00:01<00:11,  4.67it/s]
Extract:  15%|#5        | 9/60 [00:01<00:12,  4.21it/s]
Extract:  17%|#6        | 10/60 [00:01<00:11,  4.39it/s]
Extract:  18%|#8        | 11/60 [00:02<00:10,  4.61it/s]
Extract:  20%|##        | 12/60 [00:02<00:12,  3.87it/s]
Extract:  22%|##1       | 13/60 [00:02<00:10,  4.60it/s]
Extract:  23%|##3       | 14/60 [00:02<00:11,  3.98it/s]
Extract:  25%|##5       | 15/60 [00:03<00:12,  3.47it/s]
Extract:  27%|##6       | 16/60 [00:03<00:10,  4.17it/s]
Extract:  32%|###1      | 19/60 [00:03<00:05,  8.02it/s]
Extract:  35%|###5      | 21/60 [00:04<00:07,  5.10it/s]
Extract:  37%|###6      | 22/60 [00:04<00:07,  5.16it/s]
Extract:  38%|###8      | 23/60 [00:04<00:07,  4.86it/s]
Extract:  40%|####      | 24/60 [00:04<00:06,  5.33it/s]
Extract:  43%|####3     | 26/60 [00:04<00:04,  7.28it/s]
Extract:  45%|####5     | 27/60 [00:05<00:06,  4.77it/s]
Extract:  48%|####8     | 29/60 [00:05<00:05,  5.96it/s]
Extract:  50%|#####     | 30/60 [00:05<00:04,  6.25it/s]
Extract:  52%|#####1    | 31/60 [00:05<00:04,  6.23it/s]
Extract:  57%|#####6    | 34/60 [00:06<00:02,  9.41it/s]
Extract:  60%|######    | 36/60 [00:06<00:02, 10.19it/s]
Extract:  63%|######3   | 38/60 [00:06<00:02,  9.67it/s]
Extract:  67%|######6   | 40/60 [00:06<00:01, 10.07it/s]
Extract:  70%|#######   | 42/60 [00:07<00:02,  6.31it/s]
Extract:  72%|#######1  | 43/60 [00:07<00:03,  5.07it/s]
Extract:  77%|#######6  | 46/60 [00:07<00:01,  7.29it/s]
Extract:  78%|#######8  | 47/60 [00:07<00:01,  6.80it/s]
Extract:  82%|########1 | 49/60 [00:08<00:01,  8.43it/s]
Extract:  85%|########5 | 51/60 [00:08<00:01,  5.25it/s]
Extract:  87%|########6 | 52/60 [00:08<00:01,  5.11it/s]
Extract:  90%|######### | 54/60 [00:09<00:01,  5.91it/s]
Extract:  92%|#########1| 55/60 [00:09<00:00,  5.88it/s]
Extract:  95%|#########5| 57/60 [00:09<00:00,  7.48it/s]
Extract:  97%|#########6| 58/60 [00:09<00:00,  7.12it/s]
Extract:  98%|#########8| 59/60 [00:09<00:00,  7.17it/s]
Extract: 100%|##########| 60/60 [00:10<00:00,  4.86it/s]
Extract: 100%|##########| 60/60 [00:10<00:00,  5.85it/s]

Extract:   0%|          | 0/60 [00:00<?, ?it/s]
Extract:   5%|5         | 3/60 [00:00<00:03, 17.43it/s]
Extract:   8%|8         | 5/60 [00:00<00:04, 12.27it/s]
Extract:  12%|#1        | 7/60 [00:00<00:05,  9.05it/s]
Extract:  13%|#3        | 8/60 [00:01<00:09,  5.68it/s]
Extract:  15%|#5        | 9/60 [00:01<00:08,  5.77it/s]
Extract:  17%|#6        | 10/60 [00:01<00:08,  5.89it/s]
Extract:  18%|#8        | 11/60 [00:01<00:08,  5.82it/s]
Extract:  20%|##        | 12/60 [00:01<00:10,  4.58it/s]
Extract:  23%|##3       | 14/60 [00:02<00:10,  4.58it/s]
Extract:  25%|##5       | 15/60 [00:02<00:11,  4.00it/s]
Extract:  27%|##6       | 16/60 [00:02<00:09,  4.68it/s]
Extract:  32%|###1      | 19/60 [00:02<00:05,  8.16it/s]
Extract:  35%|###5      | 21/60 [00:03<00:06,  5.75it/s]
Extract:  37%|###6      | 22/60 [00:03<00:06,  5.69it/s]
Extract:  38%|###8      | 23/60 [00:03<00:07,  4.98it/s]
Extract:  42%|####1     | 25/60 [00:04<00:05,  6.92it/s]
Extract:  45%|####5     | 27/60 [00:04<00:06,  5.46it/s]
Extract:  48%|####8     | 29/60 [00:04<00:04,  6.87it/s]
Extract:  52%|#####1    | 31/60 [00:05<00:04,  7.00it/s]
Extract:  57%|#####6    | 34/60 [00:05<00:02,  9.80it/s]
Extract:  60%|######    | 36/60 [00:05<00:02, 11.07it/s]
Extract:  63%|######3   | 38/60 [00:05<00:02,  9.87it/s]
Extract:  67%|######6   | 40/60 [00:05<00:01, 11.02it/s]
Extract:  70%|#######   | 42/60 [00:06<00:02,  6.43it/s]
Extract:  73%|#######3  | 44/60 [00:06<00:02,  6.14it/s]
Extract:  77%|#######6  | 46/60 [00:06<00:01,  7.50it/s]
Extract:  80%|########  | 48/60 [00:06<00:01,  8.40it/s]
Extract:  83%|########3 | 50/60 [00:07<00:01,  6.85it/s]
Extract:  85%|########5 | 51/60 [00:07<00:01,  6.01it/s]
Extract:  87%|########6 | 52/60 [00:07<00:01,  5.09it/s]
Extract:  90%|######### | 54/60 [00:08<00:01,  5.28it/s]
Extract:  92%|#########1| 55/60 [00:08<00:00,  5.07it/s]
Extract:  95%|#########5| 57/60 [00:08<00:00,  6.73it/s]
Extract:  97%|#########6| 58/60 [00:08<00:00,  6.39it/s]
Extract:  98%|#########8| 59/60 [00:09<00:00,  6.06it/s]
Extract: 100%|##########| 60/60 [00:09<00:00,  4.48it/s]
Extract: 100%|##########| 60/60 [00:09<00:00,  6.37it/s]

Extract:   0%|          | 0/60 [00:00<?, ?it/s]
Extract:   5%|5         | 3/60 [00:00<00:03, 16.67it/s]
Extract:   8%|8         | 5/60 [00:00<00:06,  8.84it/s]
Extract:  12%|#1        | 7/60 [00:00<00:07,  7.08it/s]
Extract:  13%|#3        | 8/60 [00:01<00:08,  5.89it/s]
Extract:  15%|#5        | 9/60 [00:01<00:10,  5.04it/s]
Extract:  17%|#6        | 10/60 [00:01<00:09,  5.00it/s]
Extract:  18%|#8        | 11/60 [00:01<00:09,  5.23it/s]
Extract:  20%|##        | 12/60 [00:02<00:10,  4.75it/s]
Extract:  23%|##3       | 14/60 [00:02<00:09,  4.81it/s]
Extract:  25%|##5       | 15/60 [00:02<00:10,  4.27it/s]
Extract:  27%|##6       | 16/60 [00:02<00:09,  4.57it/s]
Extract:  30%|###       | 18/60 [00:03<00:06,  6.63it/s]
Extract:  33%|###3      | 20/60 [00:03<00:05,  7.20it/s]
Extract:  35%|###5      | 21/60 [00:03<00:08,  4.40it/s]
Extract:  37%|###6      | 22/60 [00:04<00:08,  4.53it/s]
Extract:  38%|###8      | 23/60 [00:04<00:08,  4.28it/s]
Extract:  40%|####      | 24/60 [00:04<00:07,  4.91it/s]
Extract:  43%|####3     | 26/60 [00:04<00:04,  7.17it/s]
Extract:  45%|####5     | 27/60 [00:05<00:07,  4.67it/s]
Extract:  48%|####8     | 29/60 [00:05<00:05,  6.11it/s]
Extract:  50%|#####     | 30/60 [00:05<00:04,  6.24it/s]
Extract:  52%|#####1    | 31/60 [00:05<00:04,  6.14it/s]
Extract:  57%|#####6    | 34/60 [00:05<00:02,  9.77it/s]
Extract:  60%|######    | 36/60 [00:05<00:02, 11.34it/s]
Extract:  63%|######3   | 38/60 [00:05<00:02, 10.84it/s]
Extract:  67%|######6   | 40/60 [00:06<00:01, 11.56it/s]
Extract:  70%|#######   | 42/60 [00:06<00:02,  6.88it/s]
Extract:  73%|#######3  | 44/60 [00:07<00:02,  6.69it/s]
Extract:  77%|#######6  | 46/60 [00:07<00:01,  8.31it/s]
Extract:  80%|########  | 48/60 [00:07<00:01,  9.20it/s]
Extract:  83%|########3 | 50/60 [00:07<00:01,  7.22it/s]
Extract:  85%|########5 | 51/60 [00:07<00:01,  6.52it/s]
Extract:  87%|########6 | 52/60 [00:08<00:01,  5.31it/s]
Extract:  90%|######### | 54/60 [00:08<00:01,  4.52it/s]
Extract:  92%|#########1| 55/60 [00:09<00:01,  4.51it/s]
Extract:  95%|#########5| 57/60 [00:09<00:00,  6.19it/s]
Extract:  97%|#########6| 58/60 [00:09<00:00,  5.82it/s]
Extract:  98%|#########8| 59/60 [00:09<00:00,  5.97it/s]
Extract: 100%|##########| 60/60 [00:09<00:00,  5.07it/s]
Extract: 100%|##########| 60/60 [00:09<00:00,  6.13it/s]

Extract:   0%|          | 0/60 [00:00<?, ?it/s]
Extract:   5%|5         | 3/60 [00:00<00:03, 15.49it/s]
Extract:   8%|8         | 5/60 [00:00<00:06,  8.35it/s]
Extract:  10%|#         | 6/60 [00:00<00:06,  7.82it/s]
Extract:  12%|#1        | 7/60 [00:00<00:09,  5.77it/s]
Extract:  13%|#3        | 8/60 [00:01<00:11,  4.69it/s]
Extract:  15%|#5        | 9/60 [00:01<00:11,  4.53it/s]
Extract:  17%|#6        | 10/60 [00:01<00:10,  4.67it/s]
Extract:  18%|#8        | 11/60 [00:01<00:09,  4.92it/s]
Extract:  20%|##        | 12/60 [00:02<00:11,  4.25it/s]
Extract:  22%|##1       | 13/60 [00:02<00:09,  5.06it/s]
Extract:  23%|##3       | 14/60 [00:02<00:10,  4.36it/s]
Extract:  25%|##5       | 15/60 [00:03<00:15,  2.82it/s]
Extract:  27%|##6       | 16/60 [00:03<00:14,  3.14it/s]
Extract:  32%|###1      | 19/60 [00:03<00:06,  6.05it/s]
Extract:  35%|###5      | 21/60 [00:04<00:08,  4.75it/s]
Extract:  37%|###6      | 22/60 [00:04<00:07,  4.84it/s]
Extract:  38%|###8      | 23/60 [00:04<00:07,  4.84it/s]
Extract:  40%|####      | 24/60 [00:04<00:07,  4.94it/s]
Extract:  45%|####5     | 27/60 [00:05<00:05,  5.68it/s]
Extract:  48%|####8     | 29/60 [00:05<00:04,  7.00it/s]
Extract:  50%|#####     | 30/60 [00:05<00:04,  6.91it/s]
Extract:  52%|#####1    | 31/60 [00:05<00:04,  6.53it/s]
Extract:  57%|#####6    | 34/60 [00:05<00:02,  9.74it/s]
Extract:  60%|######    | 36/60 [00:06<00:02, 10.99it/s]
Extract:  63%|######3   | 38/60 [00:06<00:02,  9.12it/s]
Extract:  67%|######6   | 40/60 [00:06<00:01, 10.45it/s]
Extract:  70%|#######   | 42/60 [00:07<00:02,  6.28it/s]
Extract:  72%|#######1  | 43/60 [00:07<00:03,  5.38it/s]
Extract:  77%|#######6  | 46/60 [00:07<00:01,  8.07it/s]
Extract:  80%|########  | 48/60 [00:07<00:01,  8.80it/s]
Extract:  83%|########3 | 50/60 [00:08<00:01,  7.08it/s]
Extract:  85%|########5 | 51/60 [00:08<00:01,  6.23it/s]
Extract:  87%|########6 | 52/60 [00:08<00:01,  4.85it/s]
Extract:  90%|######### | 54/60 [00:09<00:01,  5.57it/s]
Extract:  92%|#########1| 55/60 [00:09<00:00,  5.55it/s]
Extract:  95%|#########5| 57/60 [00:09<00:00,  7.31it/s]
Extract:  97%|#########6| 58/60 [00:09<00:00,  6.69it/s]
Extract:  98%|#########8| 59/60 [00:09<00:00,  6.41it/s]
Extract: 100%|##########| 60/60 [00:10<00:00,  4.59it/s]
Extract: 100%|##########| 60/60 [00:10<00:00,  5.92it/s]

Extract:   0%|          | 0/60 [00:00<?, ?it/s]
Extract:   3%|3         | 2/60 [00:00<00:03, 18.70it/s]
Extract:   7%|6         | 4/60 [00:00<00:06,  8.61it/s]
Extract:  10%|#         | 6/60 [00:00<00:06,  8.23it/s]
Extract:  12%|#1        | 7/60 [00:00<00:08,  6.30it/s]
Extract:  13%|#3        | 8/60 [00:01<00:10,  5.09it/s]
Extract:  15%|#5        | 9/60 [00:01<00:11,  4.54it/s]
Extract:  17%|#6        | 10/60 [00:01<00:12,  4.09it/s]
Extract:  18%|#8        | 11/60 [00:02<00:10,  4.60it/s]
Extract:  20%|##        | 12/60 [00:02<00:13,  3.63it/s]
Extract:  22%|##1       | 13/60 [00:02<00:11,  4.27it/s]
Extract:  23%|##3       | 14/60 [00:02<00:12,  3.79it/s]
Extract:  25%|##5       | 15/60 [00:03<00:16,  2.67it/s]
Extract:  27%|##6       | 16/60 [00:03<00:13,  3.15it/s]
Extract:  32%|###1      | 19/60 [00:03<00:06,  6.16it/s]
Extract:  35%|###5      | 21/60 [00:04<00:07,  4.99it/s]
Extract:  37%|###6      | 22/60 [00:04<00:07,  5.39it/s]
Extract:  38%|###8      | 23/60 [00:04<00:07,  5.07it/s]
Extract:  40%|####      | 24/60 [00:04<00:06,  5.45it/s]
Extract:  43%|####3     | 26/60 [00:04<00:04,  7.61it/s]
Extract:  47%|####6     | 28/60 [00:05<00:05,  5.68it/s]
Extract:  50%|#####     | 30/60 [00:05<00:05,  5.85it/s]
Extract:  52%|#####1    | 31/60 [00:05<00:04,  5.81it/s]
Extract:  57%|#####6    | 34/60 [00:06<00:02,  8.85it/s]
Extract:  60%|######    | 36/60 [00:06<00:02,  9.96it/s]
Extract:  63%|######3   | 38/60 [00:06<00:02,  8.90it/s]
Extract:  67%|######6   | 40/60 [00:06<00:02,  9.82it/s]
Extract:  70%|#######   | 42/60 [00:07<00:02,  7.10it/s]
Extract:  72%|#######1  | 43/60 [00:07<00:03,  5.13it/s]
Extract:  77%|#######6  | 46/60 [00:07<00:01,  7.26it/s]
Extract:  78%|#######8  | 47/60 [00:07<00:01,  6.80it/s]
Extract:  82%|########1 | 49/60 [00:08<00:01,  8.38it/s]
Extract:  85%|########5 | 51/60 [00:08<00:01,  5.03it/s]
Extract:  87%|########6 | 52/60 [00:09<00:01,  4.81it/s]
Extract:  90%|######### | 54/60 [00:09<00:01,  5.04it/s]
Extract:  92%|#########1| 55/60 [00:09<00:01,  4.97it/s]
Extract:  93%|#########3| 56/60 [00:09<00:00,  5.42it/s]
Extract:  97%|#########6| 58/60 [00:10<00:00,  6.48it/s]
Extract:  98%|#########8| 59/60 [00:10<00:00,  6.14it/s]
Extract: 100%|##########| 60/60 [00:10<00:00,  5.38it/s]
Extract: 100%|##########| 60/60 [00:10<00:00,  5.73it/s]

Extract:   0%|          | 0/60 [00:00<?, ?it/s]
Extract:   3%|3         | 2/60 [00:00<00:03, 18.48it/s]
Extract:   7%|6         | 4/60 [00:00<00:06,  9.13it/s]
Extract:  10%|#         | 6/60 [00:00<00:05,  9.01it/s]
Extract:  13%|#3        | 8/60 [00:01<00:08,  6.20it/s]
Extract:  15%|#5        | 9/60 [00:01<00:09,  5.15it/s]
Extract:  17%|#6        | 10/60 [00:01<00:10,  4.63it/s]
Extract:  18%|#8        | 11/60 [00:01<00:10,  4.77it/s]
Extract:  20%|##        | 12/60 [00:02<00:11,  4.20it/s]
Extract:  22%|##1       | 13/60 [00:02<00:09,  4.72it/s]
Extract:  23%|##3       | 14/60 [00:02<00:11,  3.93it/s]
Extract:  25%|##5       | 15/60 [00:03<00:13,  3.30it/s]
Extract:  27%|##6       | 16/60 [00:03<00:11,  3.81it/s]
Extract:  30%|###       | 18/60 [00:03<00:07,  5.97it/s]
Extract:  33%|###3      | 20/60 [00:03<00:04,  8.11it/s]
Extract:  37%|###6      | 22/60 [00:04<00:08,  4.27it/s]
Extract:  38%|###8      | 23/60 [00:04<00:09,  4.06it/s]
Extract:  40%|####      | 24/60 [00:04<00:07,  4.68it/s]
Extract:  43%|####3     | 26/60 [00:04<00:05,  6.61it/s]
Extract:  47%|####6     | 28/60 [00:05<00:05,  5.58it/s]
Extract:  48%|####8     | 29/60 [00:05<00:05,  6.07it/s]
Extract:  50%|#####     | 30/60 [00:05<00:04,  6.27it/s]
Extract:  52%|#####1    | 31/60 [00:05<00:04,  6.48it/s]
Extract:  57%|#####6    | 34/60 [00:05<00:02,  8.82it/s]
Extract:  60%|######    | 36/60 [00:06<00:02, 10.38it/s]
Extract:  63%|######3   | 38/60 [00:06<00:02,  9.70it/s]
Extract:  67%|######6   | 40/60 [00:06<00:01, 10.76it/s]
Extract:  70%|#######   | 42/60 [00:06<00:02,  7.07it/s]
Extract:  72%|#######1  | 43/60 [00:07<00:02,  5.82it/s]
Extract:  77%|#######6  | 46/60 [00:07<00:01,  8.49it/s]
Extract:  80%|########  | 48/60 [00:07<00:01,  9.41it/s]
Extract:  83%|########3 | 50/60 [00:08<00:01,  6.87it/s]
Extract:  85%|########5 | 51/60 [00:08<00:01,  5.49it/s]
Extract:  87%|########6 | 52/60 [00:08<00:01,  4.95it/s]
Extract:  90%|######### | 54/60 [00:08<00:01,  5.37it/s]
Extract:  92%|#########1| 55/60 [00:09<00:00,  5.12it/s]
Extract:  95%|#########5| 57/60 [00:09<00:00,  6.78it/s]
Extract:  97%|#########6| 58/60 [00:09<00:00,  6.59it/s]
Extract:  98%|#########8| 59/60 [00:09<00:00,  5.92it/s]
Extract: 100%|##########| 60/60 [00:10<00:00,  5.02it/s]
Extract: 100%|##########| 60/60 [00:10<00:00,  5.97it/s]

Extract:   0%|          | 0/60 [00:00<?, ?it/s]
Extract:   3%|3         | 2/60 [00:00<00:03, 17.31it/s]
Extract:   7%|6         | 4/60 [00:00<00:06,  8.70it/s]
Extract:  10%|#         | 6/60 [00:00<00:06,  8.85it/s]
Extract:  13%|#3        | 8/60 [00:01<00:10,  5.11it/s]
Extract:  15%|#5        | 9/60 [00:01<00:10,  4.68it/s]
Extract:  17%|#6        | 10/60 [00:01<00:10,  4.96it/s]
Extract:  18%|#8        | 11/60 [00:01<00:10,  4.83it/s]
Extract:  20%|##        | 12/60 [00:02<00:11,  4.20it/s]
Extract:  23%|##3       | 14/60 [00:02<00:10,  4.55it/s]
Extract:  25%|##5       | 15/60 [00:03<00:13,  3.26it/s]
Extract:  27%|##6       | 16/60 [00:03<00:12,  3.39it/s]
Extract:  32%|###1      | 19/60 [00:03<00:06,  6.12it/s]
Extract:  35%|###5      | 21/60 [00:04<00:07,  4.95it/s]
Extract:  37%|###6      | 22/60 [00:04<00:07,  4.83it/s]
Extract:  38%|###8      | 23/60 [00:04<00:07,  4.65it/s]
Extract:  40%|####      | 24/60 [00:04<00:07,  4.96it/s]
Extract:  43%|####3     | 26/60 [00:05<00:05,  5.69it/s]
Extract:  45%|####5     | 27/60 [00:05<00:07,  4.26it/s]
Extract:  48%|####8     | 29/60 [00:05<00:05,  5.71it/s]
Extract:  50%|#####     | 30/60 [00:05<00:05,  5.98it/s]
Extract:  52%|#####1    | 31/60 [00:06<00:05,  5.68it/s]
Extract:  57%|#####6    | 34/60 [00:06<00:02,  8.95it/s]
Extract:  60%|######    | 36/60 [00:06<00:02, 10.29it/s]
Extract:  63%|######3   | 38/60 [00:06<00:02,  8.43it/s]
Extract:  67%|######6   | 40/60 [00:06<00:02,  8.21it/s]
Extract:  68%|######8   | 41/60 [00:07<00:02,  8.46it/s]
Extract:  70%|#######   | 42/60 [00:07<00:03,  5.93it/s]
Extract:  72%|#######1  | 43/60 [00:07<00:03,  4.80it/s]
Extract:  77%|#######6  | 46/60 [00:07<00:01,  7.37it/s]
Extract:  78%|#######8  | 47/60 [00:08<00:01,  7.31it/s]
Extract:  83%|########3 | 50/60 [00:08<00:01,  6.14it/s]
Extract:  85%|########5 | 51/60 [00:09<00:01,  4.94it/s]
Extract:  87%|########6 | 52/60 [00:09<00:01,  4.41it/s]
Extract:  90%|######### | 54/60 [00:09<00:01,  5.00it/s]
Extract:  92%|#########1| 55/60 [00:09<00:01,  4.91it/s]
Extract:  93%|#########3| 56/60 [00:09<00:00,  5.53it/s]
Extract:  97%|#########6| 58/60 [00:10<00:00,  5.39it/s]
Extract:  98%|#########8| 59/60 [00:10<00:00,  5.34it/s]
Extract: 100%|##########| 60/60 [00:10<00:00,  4.61it/s]
Extract: 100%|##########| 60/60 [00:10<00:00,  5.52it/s]

Extract:   0%|          | 0/60 [00:00<?, ?it/s]
Extract:   3%|3         | 2/60 [00:00<00:03, 16.41it/s]
Extract:   7%|6         | 4/60 [00:00<00:07,  7.95it/s]
Extract:  10%|#         | 6/60 [00:00<00:07,  7.69it/s]
Extract:  12%|#1        | 7/60 [00:01<00:08,  6.01it/s]
Extract:  13%|#3        | 8/60 [00:01<00:10,  5.03it/s]
Extract:  15%|#5        | 9/60 [00:01<00:10,  4.66it/s]
Extract:  17%|#6        | 10/60 [00:01<00:11,  4.54it/s]
Extract:  18%|#8        | 11/60 [00:02<00:12,  3.93it/s]
Extract:  20%|##        | 12/60 [00:02<00:14,  3.42it/s]
Extract:  22%|##1       | 13/60 [00:02<00:11,  4.13it/s]
Extract:  23%|##3       | 14/60 [00:03<00:13,  3.46it/s]
Extract:  25%|##5       | 15/60 [00:03<00:15,  2.86it/s]
Extract:  27%|##6       | 16/60 [00:03<00:13,  3.28it/s]
Extract:  28%|##8       | 17/60 [00:03<00:11,  3.80it/s]
Extract:  32%|###1      | 19/60 [00:04<00:07,  5.85it/s]
Extract:  35%|###5      | 21/60 [00:04<00:09,  4.06it/s]
Extract:  37%|###6      | 22/60 [00:04<00:09,  4.14it/s]
Extract:  38%|###8      | 23/60 [00:05<00:08,  4.36it/s]
Extract:  40%|####      | 24/60 [00:05<00:07,  5.00it/s]
Extract:  43%|####3     | 26/60 [00:05<00:04,  6.98it/s]
Extract:  45%|####5     | 27/60 [00:05<00:06,  4.85it/s]
Extract:  48%|####8     | 29/60 [00:05<00:04,  6.56it/s]
Extract:  50%|#####     | 30/60 [00:06<00:04,  6.88it/s]
Extract:  52%|#####1    | 31/60 [00:06<00:04,  6.64it/s]
Extract:  57%|#####6    | 34/60 [00:06<00:02, 10.12it/s]
Extract:  60%|######    | 36/60 [00:06<00:02, 11.91it/s]
Extract:  63%|######3   | 38/60 [00:06<00:02,  9.36it/s]
Extract:  67%|######6   | 40/60 [00:06<00:01, 10.01it/s]
Extract:  70%|#######   | 42/60 [00:07<00:02,  7.29it/s]
Extract:  72%|#######1  | 43/60 [00:07<00:02,  5.76it/s]
Extract:  77%|#######6  | 46/60 [00:07<00:01,  8.72it/s]
Extract:  80%|########  | 48/60 [00:08<00:01,  9.68it/s]
Extract:  83%|########3 | 50/60 [00:08<00:01,  6.23it/s]
Extract:  87%|########6 | 52/60 [00:09<00:01,  4.75it/s]
Extract:  90%|######### | 54/60 [00:09<00:01,  5.04it/s]
Extract:  92%|#########1| 55/60 [00:09<00:01,  4.80it/s]
Extract:  93%|#########3| 56/60 [00:09<00:00,  5.28it/s]
Extract:  97%|#########6| 58/60 [00:10<00:00,  5.58it/s]
Extract:  98%|#########8| 59/60 [00:10<00:00,  5.43it/s]
Extract: 100%|##########| 60/60 [00:10<00:00,  4.53it/s]
Extract: 100%|##########| 60/60 [00:10<00:00,  5.52it/s]

Extract:   0%|          | 0/60 [00:00<?, ?it/s]
Extract:   3%|3         | 2/60 [00:00<00:04, 13.32it/s]
Extract:   7%|6         | 4/60 [00:00<00:07,  7.54it/s]
Extract:   8%|8         | 5/60 [00:00<00:07,  7.46it/s]
Extract:  10%|#         | 6/60 [00:00<00:07,  7.29it/s]
Extract:  12%|#1        | 7/60 [00:01<00:10,  5.29it/s]
Extract:  13%|#3        | 8/60 [00:01<00:11,  4.57it/s]
Extract:  15%|#5        | 9/60 [00:01<00:12,  4.15it/s]
Extract:  17%|#6        | 10/60 [00:01<00:12,  4.01it/s]
Extract:  18%|#8        | 11/60 [00:02<00:11,  4.19it/s]
Extract:  20%|##        | 12/60 [00:02<00:13,  3.52it/s]
Extract:  22%|##1       | 13/60 [00:02<00:11,  4.16it/s]
Extract:  23%|##3       | 14/60 [00:03<00:13,  3.43it/s]
Extract:  25%|##5       | 15/60 [00:03<00:15,  2.86it/s]
Extract:  27%|##6       | 16/60 [00:03<00:12,  3.51it/s]
Extract:  32%|###1      | 19/60 [00:03<00:05,  6.92it/s]
Extract:  35%|###5      | 21/60 [00:04<00:07,  5.19it/s]
Extract:  37%|###6      | 22/60 [00:04<00:07,  5.40it/s]
Extract:  38%|###8      | 23/60 [00:04<00:06,  5.49it/s]
Extract:  40%|####      | 24/60 [00:04<00:05,  6.12it/s]
Extract:  45%|####5     | 27/60 [00:05<00:05,  6.40it/s]
Extract:  48%|####8     | 29/60 [00:05<00:03,  7.77it/s]
Extract:  50%|#####     | 30/60 [00:05<00:03,  7.65it/s]
Extract:  52%|#####1    | 31/60 [00:05<00:04,  6.03it/s]
Extract:  53%|#####3    | 32/60 [00:05<00:04,  6.25it/s]
Extract:  57%|#####6    | 34/60 [00:06<00:03,  8.57it/s]
Extract:  60%|######    | 36/60 [00:06<00:02, 10.65it/s]
Extract:  63%|######3   | 38/60 [00:06<00:02,  9.02it/s]
Extract:  67%|######6   | 40/60 [00:06<00:02,  9.48it/s]
Extract:  70%|#######   | 42/60 [00:07<00:02,  6.04it/s]
Extract:  72%|#######1  | 43/60 [00:07<00:03,  4.73it/s]
Extract:  75%|#######5  | 45/60 [00:07<00:02,  6.37it/s]
Extract:  78%|#######8  | 47/60 [00:08<00:02,  6.08it/s]
Extract:  82%|########1 | 49/60 [00:08<00:01,  7.71it/s]
Extract:  85%|########5 | 51/60 [00:09<00:01,  4.75it/s]
Extract:  87%|########6 | 52/60 [00:09<00:01,  4.20it/s]
Extract:  90%|######### | 54/60 [00:09<00:01,  4.69it/s]
Extract:  92%|#########1| 55/60 [00:09<00:01,  4.96it/s]
Extract:  93%|#########3| 56/60 [00:09<00:00,  5.54it/s]
Extract:  97%|#########6| 58/60 [00:10<00:00,  5.85it/s]
Extract:  98%|#########8| 59/60 [00:10<00:00,  5.99it/s]
Extract: 100%|##########| 60/60 [00:10<00:00,  5.35it/s]
Extract: 100%|##########| 60/60 [00:10<00:00,  5.61it/s]

Extract:   0%|          | 0/60 [00:00<?, ?it/s]
Extract:   3%|3         | 2/60 [00:00<00:04, 12.16it/s]
Extract:   7%|6         | 4/60 [00:00<00:07,  7.52it/s]
Extract:   8%|8         | 5/60 [00:00<00:07,  6.99it/s]
Extract:  10%|#         | 6/60 [00:00<00:07,  7.01it/s]
Extract:  12%|#1        | 7/60 [00:01<00:08,  5.95it/s]
Extract:  13%|#3        | 8/60 [00:01<00:11,  4.65it/s]
Extract:  15%|#5        | 9/60 [00:01<00:10,  4.65it/s]
Extract:  17%|#6        | 10/60 [00:01<00:11,  4.52it/s]
Extract:  18%|#8        | 11/60 [00:01<00:10,  4.86it/s]
Extract:  20%|##        | 12/60 [00:02<00:12,  3.93it/s]
Extract:  22%|##1       | 13/60 [00:02<00:09,  4.71it/s]
Extract:  23%|##3       | 14/60 [00:02<00:11,  4.00it/s]
Extract:  25%|##5       | 15/60 [00:03<00:15,  2.93it/s]
Extract:  27%|##6       | 16/60 [00:03<00:12,  3.60it/s]
Extract:  30%|###       | 18/60 [00:03<00:07,  5.76it/s]
Extract:  33%|###3      | 20/60 [00:03<00:05,  7.69it/s]
Extract:  37%|###6      | 22/60 [00:04<00:08,  4.61it/s]
Extract:  38%|###8      | 23/60 [00:04<00:08,  4.47it/s]
Extract:  40%|####      | 24/60 [00:04<00:07,  4.92it/s]
Extract:  43%|####3     | 26/60 [00:04<00:05,  6.60it/s]
Extract:  45%|####5     | 27/60 [00:05<00:07,  4.38it/s]
Extract:  48%|####8     | 29/60 [00:05<00:05,  5.48it/s]
Extract:  50%|#####     | 30/60 [00:05<00:05,  5.55it/s]
Extract:  52%|#####1    | 31/60 [00:06<00:05,  5.15it/s]
Extract:  55%|#####5    | 33/60 [00:06<00:04,  6.51it/s]
Extract:  58%|#####8    | 35/60 [00:06<00:03,  7.80it/s]
Extract:  62%|######1   | 37/60 [00:06<00:02,  7.90it/s]
Extract:  63%|######3   | 38/60 [00:06<00:02,  7.97it/s]
Extract:  67%|######6   | 40/60 [00:07<00:02,  8.72it/s]
Extract:  68%|######8   | 41/60 [00:07<00:02,  8.55it/s]
Extract:  70%|#######   | 42/60 [00:07<00:03,  4.99it/s]
Extract:  72%|#######1  | 43/60 [00:08<00:04,  4.01it/s]
Extract:  77%|#######6  | 46/60 [00:08<00:02,  6.53it/s]
Extract:  78%|#######8  | 47/60 [00:08<00:02,  6.34it/s]
Extract:  83%|########3 | 50/60 [00:08<00:01,  6.37it/s]
Extract:  85%|########5 | 51/60 [00:09<00:01,  5.56it/s]
Extract:  87%|########6 | 52/60 [00:09<00:01,  4.85it/s]
Extract:  90%|######### | 54/60 [00:09<00:01,  5.64it/s]
Extract:  92%|#########1| 55/60 [00:09<00:00,  5.48it/s]
Extract:  95%|#########5| 57/60 [00:10<00:00,  7.16it/s]
Extract:  97%|#########6| 58/60 [00:10<00:00,  6.76it/s]
Extract:  98%|#########8| 59/60 [00:10<00:00,  5.86it/s]
Extract: 100%|##########| 60/60 [00:10<00:00,  5.16it/s]
Extract: 100%|##########| 60/60 [00:10<00:00,  5.58it/s]

Extract:   0%|          | 0/60 [00:00<?, ?it/s]
Extract:   3%|3         | 2/60 [00:00<00:02, 19.45it/s]
Extract:   7%|6         | 4/60 [00:00<00:05, 10.06it/s]
Extract:  10%|#         | 6/60 [00:00<00:06,  8.69it/s]
Extract:  13%|#3        | 8/60 [00:01<00:09,  5.69it/s]
Extract:  15%|#5        | 9/60 [00:01<00:10,  4.79it/s]
Extract:  17%|#6        | 10/60 [00:01<00:10,  4.78it/s]
Extract:  18%|#8        | 11/60 [00:01<00:11,  4.40it/s]
Extract:  20%|##        | 12/60 [00:02<00:12,  3.96it/s]
Extract:  23%|##3       | 14/60 [00:02<00:10,  4.55it/s]
Extract:  25%|##5       | 15/60 [00:03<00:12,  3.52it/s]
Extract:  27%|##6       | 16/60 [00:03<00:11,  3.68it/s]
Extract:  32%|###1      | 19/60 [00:03<00:06,  6.64it/s]
Extract:  35%|###5      | 21/60 [00:03<00:06,  5.71it/s]
Extract:  37%|###6      | 22/60 [00:04<00:06,  5.60it/s]
Extract:  38%|###8      | 23/60 [00:04<00:07,  5.17it/s]
Extract:  40%|####      | 24/60 [00:04<00:06,  5.73it/s]
Extract:  43%|####3     | 26/60 [00:04<00:04,  7.73it/s]
Extract:  45%|####5     | 27/60 [00:05<00:08,  4.07it/s]
Extract:  48%|####8     | 29/60 [00:05<00:06,  4.92it/s]
Extract:  50%|#####     | 30/60 [00:05<00:05,  5.02it/s]
Extract:  52%|#####1    | 31/60 [00:05<00:05,  4.96it/s]
Extract:  57%|#####6    | 34/60 [00:06<00:03,  8.05it/s]
Extract:  60%|######    | 36/60 [00:06<00:02,  9.53it/s]
Extract:  63%|######3   | 38/60 [00:06<00:02,  7.90it/s]
Extract:  67%|######6   | 40/60 [00:06<00:02,  8.73it/s]
Extract:  70%|#######   | 42/60 [00:07<00:02,  6.32it/s]
Extract:  72%|#######1  | 43/60 [00:07<00:04,  4.05it/s]
Extract:  77%|#######6  | 46/60 [00:08<00:02,  6.08it/s]
Extract:  78%|#######8  | 47/60 [00:08<00:02,  5.98it/s]
Extract:  82%|########1 | 49/60 [00:08<00:01,  7.77it/s]
Extract:  85%|########5 | 51/60 [00:08<00:01,  5.33it/s]
Extract:  87%|########6 | 52/60 [00:09<00:01,  5.00it/s]
Extract:  90%|######### | 54/60 [00:09<00:01,  5.68it/s]
Extract:  92%|#########1| 55/60 [00:09<00:01,  4.77it/s]
Extract:  95%|#########5| 57/60 [00:09<00:00,  6.37it/s]
Extract:  97%|#########6| 58/60 [00:10<00:00,  6.22it/s]
Extract:  98%|#########8| 59/60 [00:10<00:00,  6.30it/s]
Extract: 100%|##########| 60/60 [00:10<00:00,  4.93it/s]
Extract: 100%|##########| 60/60 [00:10<00:00,  5.64it/s]
