STDOUT

[RUN] baseline

[RUN] higher_quality_wave

[RUN] pullback_conservative

[RUN] faster_rotation

[RUN] tighter_quality

[RUN] auto_006

[RUN] auto_007

[RUN] auto_008

[RUN] auto_009

[RUN] auto_010

[RUN] auto_011

[RUN] auto_012

[RUN] auto_013

[RUN] auto_014

[RUN] auto_015

[RUN] auto_016

[RUN] auto_017

[RUN] auto_018

[RUN] auto_019

[RUN] auto_020

[RUN] auto_021

[RUN] auto_022

[RUN] auto_023

[RUN] auto_024

[RUN] auto_025

[RUN] auto_026

[RUN] auto_027

[RUN] auto_028

[RUN] auto_029

[RUN] auto_030

[DONE]
Summary: output\p3_edge_research\overnight\batch_026\summary.csv
Details: output\p3_edge_research\overnight\batch_026\details.json


STDERR

Extract:   0%|          | 0/60 [00:00<?, ?it/s]
Extract:   2%|1         | 1/60 [00:01<01:07,  1.14s/it]
Extract:   5%|5         | 3/60 [00:01<00:24,  2.37it/s]
Extract:   7%|6         | 4/60 [00:01<00:19,  2.89it/s]
Extract:   8%|8         | 5/60 [00:01<00:15,  3.53it/s]
Extract:  10%|#         | 6/60 [00:02<00:13,  3.99it/s]
Extract:  12%|#1        | 7/60 [00:02<00:14,  3.69it/s]
Extract:  13%|#3        | 8/60 [00:02<00:15,  3.34it/s]
Extract:  15%|#5        | 9/60 [00:03<00:15,  3.21it/s]
Extract:  17%|#6        | 10/60 [00:03<00:14,  3.34it/s]
Extract:  18%|#8        | 11/60 [00:03<00:13,  3.59it/s]
Extract:  20%|##        | 12/60 [00:04<00:17,  2.75it/s]
Extract:  22%|##1       | 13/60 [00:04<00:14,  3.34it/s]
Extract:  23%|##3       | 14/60 [00:04<00:14,  3.25it/s]
Extract:  25%|##5       | 15/60 [00:04<00:14,  3.07it/s]
Extract:  27%|##6       | 16/60 [00:05<00:11,  3.86it/s]
Extract:  32%|###1      | 19/60 [00:05<00:05,  7.41it/s]
Extract:  35%|###5      | 21/60 [00:05<00:06,  5.75it/s]
Extract:  37%|###6      | 22/60 [00:05<00:07,  4.86it/s]
Extract:  38%|###8      | 23/60 [00:06<00:07,  4.88it/s]
Extract:  40%|####      | 24/60 [00:06<00:07,  5.07it/s]
Extract:  43%|####3     | 26/60 [00:06<00:05,  6.78it/s]
Extract:  45%|####5     | 27/60 [00:06<00:07,  4.64it/s]
Extract:  48%|####8     | 29/60 [00:07<00:05,  5.59it/s]
Extract:  50%|#####     | 30/60 [00:07<00:05,  5.81it/s]
Extract:  52%|#####1    | 31/60 [00:07<00:05,  5.67it/s]
Extract:  57%|#####6    | 34/60 [00:07<00:02,  9.49it/s]
Extract:  60%|######    | 36/60 [00:07<00:02,  8.68it/s]
Extract:  63%|######3   | 38/60 [00:08<00:02,  7.68it/s]
Extract:  65%|######5   | 39/60 [00:08<00:02,  7.94it/s]
Extract:  67%|######6   | 40/60 [00:08<00:02,  7.93it/s]
Extract:  68%|######8   | 41/60 [00:08<00:02,  7.76it/s]
Extract:  70%|#######   | 42/60 [00:09<00:03,  5.22it/s]
Extract:  72%|#######1  | 43/60 [00:09<00:04,  3.72it/s]
Extract:  77%|#######6  | 46/60 [00:09<00:02,  6.60it/s]
Extract:  80%|########  | 48/60 [00:09<00:01,  7.34it/s]
Extract:  82%|########1 | 49/60 [00:10<00:01,  6.70it/s]
Extract:  83%|########3 | 50/60 [00:10<00:01,  5.12it/s]
Extract:  85%|########5 | 51/60 [00:10<00:02,  4.14it/s]
Extract:  87%|########6 | 52/60 [00:11<00:02,  3.61it/s]
Extract:  90%|######### | 54/60 [00:11<00:01,  4.12it/s]
Extract:  92%|#########1| 55/60 [00:11<00:01,  3.91it/s]
Extract:  93%|#########3| 56/60 [00:12<00:00,  4.25it/s]
Extract:  95%|#########5| 57/60 [00:12<00:00,  4.70it/s]
Extract:  97%|#########6| 58/60 [00:12<00:00,  4.52it/s]
Extract:  98%|#########8| 59/60 [00:12<00:00,  4.35it/s]
Extract: 100%|##########| 60/60 [00:13<00:00,  3.41it/s]
Extract: 100%|##########| 60/60 [00:13<00:00,  4.56it/s]

Extract:   0%|          | 0/60 [00:00<?, ?it/s]
Extract:   3%|3         | 2/60 [00:00<00:07,  7.38it/s]
Extract:   5%|5         | 3/60 [00:00<00:10,  5.54it/s]
Extract:   7%|6         | 4/60 [00:00<00:12,  4.50it/s]
Extract:   8%|8         | 5/60 [00:00<00:11,  4.96it/s]
Extract:  10%|#         | 6/60 [00:01<00:10,  5.19it/s]
Extract:  12%|#1        | 7/60 [00:01<00:14,  3.75it/s]
Extract:  13%|#3        | 8/60 [00:01<00:15,  3.37it/s]
Extract:  15%|#5        | 9/60 [00:02<00:15,  3.34it/s]
Extract:  17%|#6        | 10/60 [00:02<00:13,  3.61it/s]
Extract:  18%|#8        | 11/60 [00:02<00:12,  3.88it/s]
Extract:  20%|##        | 12/60 [00:03<00:14,  3.34it/s]
Extract:  22%|##1       | 13/60 [00:03<00:12,  3.84it/s]
Extract:  23%|##3       | 14/60 [00:03<00:13,  3.36it/s]
Extract:  25%|##5       | 15/60 [00:04<00:19,  2.26it/s]
Extract:  27%|##6       | 16/60 [00:04<00:17,  2.55it/s]
Extract:  30%|###       | 18/60 [00:04<00:10,  4.18it/s]
Extract:  33%|###3      | 20/60 [00:04<00:06,  5.78it/s]
Extract:  35%|###5      | 21/60 [00:05<00:10,  3.90it/s]
Extract:  37%|###6      | 22/60 [00:05<00:09,  4.02it/s]
Extract:  38%|###8      | 23/60 [00:06<00:09,  3.81it/s]
Extract:  40%|####      | 24/60 [00:06<00:08,  4.28it/s]
Extract:  43%|####3     | 26/60 [00:06<00:05,  5.88it/s]
Extract:  45%|####5     | 27/60 [00:07<00:10,  3.01it/s]
Extract:  47%|####6     | 28/60 [00:07<00:08,  3.56it/s]
Extract:  48%|####8     | 29/60 [00:07<00:08,  3.79it/s]
Extract:  50%|#####     | 30/60 [00:07<00:08,  3.35it/s]
Extract:  52%|#####1    | 31/60 [00:08<00:08,  3.26it/s]
Extract:  53%|#####3    | 32/60 [00:08<00:07,  3.83it/s]
Extract:  57%|#####6    | 34/60 [00:08<00:04,  5.35it/s]
Extract:  58%|#####8    | 35/60 [00:08<00:04,  5.88it/s]
Extract:  62%|######1   | 37/60 [00:09<00:03,  5.76it/s]
Extract:  63%|######3   | 38/60 [00:09<00:04,  5.29it/s]
Extract:  67%|######6   | 40/60 [00:09<00:03,  6.16it/s]
Extract:  68%|######8   | 41/60 [00:09<00:03,  6.18it/s]
Extract:  70%|#######   | 42/60 [00:10<00:05,  3.40it/s]
Extract:  72%|#######1  | 43/60 [00:10<00:06,  2.83it/s]
Extract:  75%|#######5  | 45/60 [00:11<00:03,  4.40it/s]
Extract:  77%|#######6  | 46/60 [00:11<00:02,  4.97it/s]
Extract:  78%|#######8  | 47/60 [00:11<00:02,  4.79it/s]
Extract:  82%|########1 | 49/60 [00:11<00:01,  6.50it/s]
Extract:  83%|########3 | 50/60 [00:12<00:02,  3.85it/s]
Extract:  85%|########5 | 51/60 [00:12<00:02,  3.38it/s]
Extract:  87%|########6 | 52/60 [00:13<00:02,  2.93it/s]
Extract:  90%|######### | 54/60 [00:13<00:01,  3.48it/s]
Extract:  92%|#########1| 55/60 [00:13<00:01,  3.27it/s]
Extract:  93%|#########3| 56/60 [00:14<00:01,  3.42it/s]
Extract:  97%|#########6| 58/60 [00:14<00:00,  4.00it/s]
Extract:  98%|#########8| 59/60 [00:14<00:00,  3.98it/s]
Extract: 100%|##########| 60/60 [00:15<00:00,  3.75it/s]
Extract: 100%|##########| 60/60 [00:15<00:00,  3.98it/s]

Extract:   0%|          | 0/60 [00:00<?, ?it/s]
Extract:   3%|3         | 2/60 [00:00<00:03, 15.23it/s]
Extract:   7%|6         | 4/60 [00:00<00:08,  6.83it/s]
Extract:   8%|8         | 5/60 [00:00<00:08,  6.18it/s]
Extract:  10%|#         | 6/60 [00:00<00:08,  6.55it/s]
Extract:  12%|#1        | 7/60 [00:01<00:12,  4.28it/s]
Extract:  13%|#3        | 8/60 [00:01<00:14,  3.52it/s]
Extract:  15%|#5        | 9/60 [00:02<00:15,  3.34it/s]
Extract:  17%|#6        | 10/60 [00:02<00:14,  3.36it/s]
Extract:  18%|#8        | 11/60 [00:02<00:14,  3.41it/s]
Extract:  20%|##        | 12/60 [00:03<00:19,  2.49it/s]
Extract:  22%|##1       | 13/60 [00:03<00:19,  2.36it/s]
Extract:  23%|##3       | 14/60 [00:04<00:20,  2.21it/s]
Extract:  25%|##5       | 15/60 [00:04<00:24,  1.87it/s]
Extract:  27%|##6       | 16/60 [00:05<00:19,  2.28it/s]
Extract:  30%|###       | 18/60 [00:05<00:10,  3.83it/s]
Extract:  33%|###3      | 20/60 [00:05<00:07,  5.46it/s]
Extract:  35%|###5      | 21/60 [00:05<00:10,  3.85it/s]
Extract:  37%|###6      | 22/60 [00:06<00:10,  3.60it/s]
Extract:  38%|###8      | 23/60 [00:06<00:10,  3.40it/s]
Extract:  40%|####      | 24/60 [00:06<00:09,  3.82it/s]
Extract:  43%|####3     | 26/60 [00:06<00:06,  5.59it/s]
Extract:  45%|####5     | 27/60 [00:07<00:10,  3.26it/s]
Extract:  47%|####6     | 28/60 [00:07<00:08,  3.86it/s]
Extract:  48%|####8     | 29/60 [00:07<00:07,  4.08it/s]
Extract:  50%|#####     | 30/60 [00:08<00:08,  3.54it/s]
Extract:  52%|#####1    | 31/60 [00:08<00:09,  3.21it/s]
Extract:  53%|#####3    | 32/60 [00:08<00:07,  3.82it/s]
Extract:  57%|#####6    | 34/60 [00:09<00:04,  5.86it/s]
Extract:  58%|#####8    | 35/60 [00:09<00:03,  6.32it/s]
Extract:  60%|######    | 36/60 [00:09<00:03,  6.15it/s]
Extract:  62%|######1   | 37/60 [00:09<00:04,  5.40it/s]
Extract:  63%|######3   | 38/60 [00:09<00:03,  5.68it/s]
Extract:  67%|######6   | 40/60 [00:09<00:02,  6.87it/s]
Extract:  68%|######8   | 41/60 [00:10<00:02,  7.06it/s]
Extract:  70%|#######   | 42/60 [00:10<00:04,  4.15it/s]
Extract:  72%|#######1  | 43/60 [00:11<00:05,  3.31it/s]
Extract:  75%|#######5  | 45/60 [00:11<00:03,  4.90it/s]
Extract:  77%|#######6  | 46/60 [00:11<00:02,  5.54it/s]
Extract:  78%|#######8  | 47/60 [00:11<00:02,  5.31it/s]
Extract:  82%|########1 | 49/60 [00:11<00:01,  6.64it/s]
Extract:  83%|########3 | 50/60 [00:12<00:02,  4.19it/s]
Extract:  85%|########5 | 51/60 [00:12<00:02,  3.13it/s]
Extract:  87%|########6 | 52/60 [00:13<00:02,  2.92it/s]
Extract:  90%|######### | 54/60 [00:13<00:01,  3.43it/s]
Extract:  92%|#########1| 55/60 [00:13<00:01,  3.45it/s]
Extract:  93%|#########3| 56/60 [00:14<00:00,  4.11it/s]
Extract:  97%|#########6| 58/60 [00:14<00:00,  4.35it/s]
Extract:  98%|#########8| 59/60 [00:14<00:00,  4.50it/s]
Extract: 100%|##########| 60/60 [00:15<00:00,  3.88it/s]
Extract: 100%|##########| 60/60 [00:15<00:00,  3.99it/s]

Extract:   0%|          | 0/60 [00:00<?, ?it/s]
Extract:   3%|3         | 2/60 [00:00<00:06,  8.99it/s]
Extract:   5%|5         | 3/60 [00:00<00:07,  7.21it/s]
Extract:   7%|6         | 4/60 [00:00<00:09,  5.88it/s]
Extract:   8%|8         | 5/60 [00:00<00:09,  6.01it/s]
Extract:  10%|#         | 6/60 [00:00<00:08,  6.43it/s]
Extract:  12%|#1        | 7/60 [00:01<00:12,  4.32it/s]
Extract:  13%|#3        | 8/60 [00:01<00:12,  4.02it/s]
Extract:  15%|#5        | 9/60 [00:01<00:12,  4.10it/s]
Extract:  17%|#6        | 10/60 [00:02<00:11,  4.31it/s]
Extract:  18%|#8        | 11/60 [00:02<00:10,  4.51it/s]
Extract:  20%|##        | 12/60 [00:02<00:14,  3.23it/s]
Extract:  22%|##1       | 13/60 [00:02<00:11,  4.05it/s]
Extract:  23%|##3       | 14/60 [00:03<00:16,  2.72it/s]
Extract:  25%|##5       | 15/60 [00:03<00:17,  2.55it/s]
Extract:  27%|##6       | 16/60 [00:04<00:14,  3.06it/s]
Extract:  32%|###1      | 19/60 [00:04<00:07,  5.82it/s]
Extract:  35%|###5      | 21/60 [00:04<00:08,  4.52it/s]
Extract:  37%|###6      | 22/60 [00:05<00:08,  4.53it/s]
Extract:  38%|###8      | 23/60 [00:05<00:08,  4.20it/s]
Extract:  40%|####      | 24/60 [00:05<00:08,  4.14it/s]
Extract:  43%|####3     | 26/60 [00:05<00:06,  5.61it/s]
Extract:  45%|####5     | 27/60 [00:06<00:08,  3.71it/s]
Extract:  47%|####6     | 28/60 [00:06<00:07,  4.25it/s]
Extract:  48%|####8     | 29/60 [00:06<00:06,  4.79it/s]
Extract:  50%|#####     | 30/60 [00:06<00:06,  4.54it/s]
Extract:  52%|#####1    | 31/60 [00:07<00:07,  4.05it/s]
Extract:  55%|#####5    | 33/60 [00:07<00:04,  6.16it/s]
Extract:  57%|#####6    | 34/60 [00:07<00:03,  6.61it/s]
Extract:  58%|#####8    | 35/60 [00:07<00:03,  6.79it/s]
Extract:  62%|######1   | 37/60 [00:07<00:03,  6.13it/s]
Extract:  63%|######3   | 38/60 [00:08<00:03,  5.52it/s]
Extract:  67%|######6   | 40/60 [00:08<00:03,  6.27it/s]
Extract:  68%|######8   | 41/60 [00:08<00:03,  6.28it/s]
Extract:  70%|#######   | 42/60 [00:09<00:05,  3.49it/s]
Extract:  72%|#######1  | 43/60 [00:09<00:05,  2.87it/s]
Extract:  77%|#######6  | 46/60 [00:10<00:02,  5.06it/s]
Extract:  78%|#######8  | 47/60 [00:10<00:02,  5.07it/s]
Extract:  82%|########1 | 49/60 [00:10<00:01,  6.34it/s]
Extract:  83%|########3 | 50/60 [00:11<00:02,  3.65it/s]
Extract:  85%|########5 | 51/60 [00:11<00:02,  3.27it/s]
Extract:  87%|########6 | 52/60 [00:11<00:02,  3.05it/s]
Extract:  90%|######### | 54/60 [00:12<00:01,  3.69it/s]
Extract:  92%|#########1| 55/60 [00:12<00:01,  3.48it/s]
Extract:  93%|#########3| 56/60 [00:12<00:01,  3.96it/s]
Extract:  97%|#########6| 58/60 [00:13<00:00,  3.89it/s]
Extract:  98%|#########8| 59/60 [00:13<00:00,  3.88it/s]
Extract: 100%|##########| 60/60 [00:14<00:00,  3.23it/s]
Extract: 100%|##########| 60/60 [00:14<00:00,  4.27it/s]

Extract:   0%|          | 0/60 [00:00<?, ?it/s]
Extract:   3%|3         | 2/60 [00:00<00:04, 13.08it/s]
Extract:   7%|6         | 4/60 [00:00<00:08,  6.39it/s]
Extract:   8%|8         | 5/60 [00:00<00:08,  6.39it/s]
Extract:  10%|#         | 6/60 [00:00<00:08,  6.44it/s]
Extract:  12%|#1        | 7/60 [00:01<00:12,  4.21it/s]
Extract:  13%|#3        | 8/60 [00:01<00:14,  3.68it/s]
Extract:  15%|#5        | 9/60 [00:02<00:14,  3.42it/s]
Extract:  17%|#6        | 10/60 [00:02<00:13,  3.80it/s]
Extract:  18%|#8        | 11/60 [00:02<00:12,  3.98it/s]
Extract:  20%|##        | 12/60 [00:02<00:15,  3.15it/s]
Extract:  22%|##1       | 13/60 [00:03<00:12,  3.66it/s]
Extract:  23%|##3       | 14/60 [00:03<00:18,  2.49it/s]
Extract:  25%|##5       | 15/60 [00:04<00:21,  2.08it/s]
Extract:  27%|##6       | 16/60 [00:04<00:17,  2.55it/s]
Extract:  30%|###       | 18/60 [00:04<00:09,  4.25it/s]
Extract:  33%|###3      | 20/60 [00:04<00:06,  5.82it/s]
Extract:  35%|###5      | 21/60 [00:05<00:09,  4.23it/s]
Extract:  37%|###6      | 22/60 [00:05<00:08,  4.30it/s]
Extract:  38%|###8      | 23/60 [00:05<00:09,  3.99it/s]
Extract:  40%|####      | 24/60 [00:05<00:07,  4.59it/s]
Extract:  43%|####3     | 26/60 [00:06<00:05,  6.27it/s]
Extract:  45%|####5     | 27/60 [00:06<00:08,  4.03it/s]
Extract:  47%|####6     | 28/60 [00:06<00:06,  4.66it/s]
Extract:  48%|####8     | 29/60 [00:06<00:06,  4.93it/s]
Extract:  50%|#####     | 30/60 [00:07<00:05,  5.28it/s]
Extract:  52%|#####1    | 31/60 [00:07<00:06,  4.81it/s]
Extract:  53%|#####3    | 32/60 [00:07<00:05,  5.52it/s]
Extract:  57%|#####6    | 34/60 [00:07<00:03,  7.87it/s]
Extract:  60%|######    | 36/60 [00:07<00:02,  9.45it/s]
Extract:  63%|######3   | 38/60 [00:08<00:02,  7.55it/s]
Extract:  67%|######6   | 40/60 [00:08<00:02,  8.60it/s]
Extract:  70%|#######   | 42/60 [00:08<00:03,  5.62it/s]
Extract:  72%|#######1  | 43/60 [00:09<00:04,  3.92it/s]
Extract:  75%|#######5  | 45/60 [00:09<00:02,  5.32it/s]
Extract:  78%|#######8  | 47/60 [00:09<00:02,  5.70it/s]
Extract:  82%|########1 | 49/60 [00:10<00:01,  6.84it/s]
Extract:  83%|########3 | 50/60 [00:10<00:02,  4.84it/s]
Extract:  85%|########5 | 51/60 [00:10<00:02,  4.29it/s]
Extract:  87%|########6 | 52/60 [00:11<00:02,  3.51it/s]
Extract:  90%|######### | 54/60 [00:11<00:01,  4.20it/s]
Extract:  92%|#########1| 55/60 [00:11<00:01,  4.10it/s]
Extract:  93%|#########3| 56/60 [00:12<00:00,  4.34it/s]
Extract:  97%|#########6| 58/60 [00:12<00:00,  5.09it/s]
Extract:  98%|#########8| 59/60 [00:12<00:00,  4.75it/s]
Extract: 100%|##########| 60/60 [00:13<00:00,  4.08it/s]
Extract: 100%|##########| 60/60 [00:13<00:00,  4.60it/s]

Extract:   0%|          | 0/60 [00:00<?, ?it/s]
Extract:   5%|5         | 3/60 [00:00<00:05, 11.19it/s]
Extract:   8%|8         | 5/60 [00:00<00:06,  8.44it/s]
Extract:  10%|#         | 6/60 [00:00<00:06,  8.29it/s]
Extract:  12%|#1        | 7/60 [00:01<00:09,  5.81it/s]
Extract:  13%|#3        | 8/60 [00:01<00:10,  4.73it/s]
Extract:  15%|#5        | 9/60 [00:01<00:11,  4.27it/s]
Extract:  17%|#6        | 10/60 [00:01<00:12,  4.12it/s]
Extract:  18%|#8        | 11/60 [00:02<00:11,  4.42it/s]
Extract:  20%|##        | 12/60 [00:02<00:13,  3.63it/s]
Extract:  22%|##1       | 13/60 [00:02<00:10,  4.34it/s]
Extract:  23%|##3       | 14/60 [00:02<00:12,  3.70it/s]
Extract:  25%|##5       | 15/60 [00:03<00:17,  2.63it/s]
Extract:  27%|##6       | 16/60 [00:03<00:13,  3.18it/s]
Extract:  30%|###       | 18/60 [00:03<00:08,  5.16it/s]
Extract:  33%|###3      | 20/60 [00:03<00:05,  7.05it/s]
Extract:  37%|###6      | 22/60 [00:04<00:08,  4.28it/s]
Extract:  38%|###8      | 23/60 [00:05<00:09,  3.95it/s]
Extract:  40%|####      | 24/60 [00:05<00:08,  4.33it/s]
Extract:  43%|####3     | 26/60 [00:05<00:05,  6.00it/s]
Extract:  45%|####5     | 27/60 [00:05<00:07,  4.31it/s]
Extract:  48%|####8     | 29/60 [00:06<00:05,  5.45it/s]
Extract:  50%|#####     | 30/60 [00:06<00:06,  4.51it/s]
Extract:  52%|#####1    | 31/60 [00:06<00:07,  3.87it/s]
Extract:  53%|#####3    | 32/60 [00:06<00:06,  4.52it/s]
Extract:  57%|#####6    | 34/60 [00:07<00:04,  6.35it/s]
Extract:  58%|#####8    | 35/60 [00:07<00:03,  6.67it/s]
Extract:  60%|######    | 36/60 [00:07<00:03,  6.93it/s]
Extract:  62%|######1   | 37/60 [00:07<00:05,  4.22it/s]
Extract:  63%|######3   | 38/60 [00:08<00:05,  4.35it/s]
Extract:  67%|######6   | 40/60 [00:08<00:03,  5.34it/s]
Extract:  68%|######8   | 41/60 [00:08<00:03,  5.23it/s]
Extract:  70%|#######   | 42/60 [00:09<00:05,  3.19it/s]
Extract:  72%|#######1  | 43/60 [00:09<00:06,  2.78it/s]
Extract:  75%|#######5  | 45/60 [00:09<00:03,  4.30it/s]
Extract:  77%|#######6  | 46/60 [00:09<00:02,  4.88it/s]
Extract:  78%|#######8  | 47/60 [00:10<00:03,  4.15it/s]
Extract:  82%|########1 | 49/60 [00:10<00:01,  5.62it/s]
Extract:  83%|########3 | 50/60 [00:10<00:02,  3.86it/s]
Extract:  85%|########5 | 51/60 [00:11<00:02,  3.34it/s]
Extract:  87%|########6 | 52/60 [00:11<00:02,  3.06it/s]
Extract:  90%|######### | 54/60 [00:12<00:01,  3.61it/s]
Extract:  92%|#########1| 55/60 [00:12<00:01,  3.44it/s]
Extract:  93%|#########3| 56/60 [00:12<00:01,  3.81it/s]
Extract:  97%|#########6| 58/60 [00:14<00:01,  1.91it/s]
Extract:  98%|#########8| 59/60 [00:15<00:00,  1.87it/s]
Extract: 100%|##########| 60/60 [00:15<00:00,  1.71it/s]
Extract: 100%|##########| 60/60 [00:15<00:00,  3.80it/s]

Extract:   0%|          | 0/60 [00:00<?, ?it/s]
Extract:   3%|3         | 2/60 [00:00<00:04, 12.50it/s]
Extract:   7%|6         | 4/60 [00:00<00:08,  6.87it/s]
Extract:   8%|8         | 5/60 [00:00<00:08,  6.41it/s]
Extract:  10%|#         | 6/60 [00:00<00:08,  6.44it/s]
Extract:  12%|#1        | 7/60 [00:01<00:12,  4.17it/s]
Extract:  13%|#3        | 8/60 [00:01<00:15,  3.25it/s]
Extract:  15%|#5        | 9/60 [00:02<00:16,  3.02it/s]
Extract:  17%|#6        | 10/60 [00:02<00:16,  2.96it/s]
Extract:  18%|#8        | 11/60 [00:03<00:24,  2.03it/s]
Extract:  20%|##        | 12/60 [00:04<00:26,  1.79it/s]
Extract:  22%|##1       | 13/60 [00:04<00:20,  2.25it/s]
Extract:  23%|##3       | 14/60 [00:04<00:21,  2.17it/s]
Extract:  25%|##5       | 15/60 [00:05<00:22,  2.00it/s]
Extract:  27%|##6       | 16/60 [00:05<00:17,  2.45it/s]
Extract:  32%|###1      | 19/60 [00:05<00:08,  4.91it/s]
Extract:  35%|###5      | 21/60 [00:06<00:09,  4.22it/s]
Extract:  37%|###6      | 22/60 [00:06<00:08,  4.49it/s]
Extract:  38%|###8      | 23/60 [00:06<00:08,  4.21it/s]
Extract:  40%|####      | 24/60 [00:06<00:07,  4.56it/s]
Extract:  43%|####3     | 26/60 [00:07<00:05,  6.02it/s]
Extract:  45%|####5     | 27/60 [00:07<00:08,  4.04it/s]
Extract:  47%|####6     | 28/60 [00:07<00:06,  4.61it/s]
Extract:  48%|####8     | 29/60 [00:07<00:06,  5.16it/s]
Extract:  50%|#####     | 30/60 [00:08<00:05,  5.19it/s]
Extract:  52%|#####1    | 31/60 [00:08<00:06,  4.76it/s]
Extract:  53%|#####3    | 32/60 [00:08<00:05,  5.42it/s]
Extract:  57%|#####6    | 34/60 [00:08<00:03,  7.60it/s]
Extract:  58%|#####8    | 35/60 [00:08<00:03,  7.10it/s]
Extract:  62%|######1   | 37/60 [00:09<00:03,  6.85it/s]
Extract:  63%|######3   | 38/60 [00:09<00:03,  6.61it/s]
Extract:  67%|######6   | 40/60 [00:09<00:02,  8.24it/s]
Extract:  68%|######8   | 41/60 [00:09<00:02,  7.79it/s]
Extract:  70%|#######   | 42/60 [00:10<00:04,  4.31it/s]
Extract:  72%|#######1  | 43/60 [00:10<00:04,  3.86it/s]
Extract:  77%|#######6  | 46/60 [00:10<00:02,  6.06it/s]
Extract:  78%|#######8  | 47/60 [00:10<00:02,  5.48it/s]
Extract:  82%|########1 | 49/60 [00:11<00:01,  6.83it/s]
Extract:  83%|########3 | 50/60 [00:11<00:02,  3.94it/s]
Extract:  85%|########5 | 51/60 [00:12<00:02,  3.34it/s]
Extract:  87%|########6 | 52/60 [00:12<00:02,  3.14it/s]
Extract:  90%|######### | 54/60 [00:12<00:01,  3.80it/s]
Extract:  92%|#########1| 55/60 [00:13<00:01,  3.78it/s]
Extract:  93%|#########3| 56/60 [00:13<00:00,  4.27it/s]
Extract:  97%|#########6| 58/60 [00:13<00:00,  4.86it/s]
Extract:  98%|#########8| 59/60 [00:13<00:00,  4.51it/s]
Extract: 100%|##########| 60/60 [00:14<00:00,  3.73it/s]
Extract: 100%|##########| 60/60 [00:14<00:00,  4.18it/s]

Extract:   0%|          | 0/60 [00:00<?, ?it/s]
Extract:   3%|3         | 2/60 [00:00<00:05, 11.49it/s]
Extract:   7%|6         | 4/60 [00:00<00:07,  7.34it/s]
Extract:   8%|8         | 5/60 [00:00<00:07,  7.04it/s]
Extract:  10%|#         | 6/60 [00:00<00:09,  5.85it/s]
Extract:  12%|#1        | 7/60 [00:01<00:13,  3.93it/s]
Extract:  13%|#3        | 8/60 [00:01<00:13,  3.84it/s]
Extract:  15%|#5        | 9/60 [00:01<00:14,  3.50it/s]
Extract:  17%|#6        | 10/60 [00:02<00:14,  3.45it/s]
Extract:  18%|#8        | 11/60 [00:02<00:12,  3.84it/s]
Extract:  20%|##        | 12/60 [00:02<00:14,  3.34it/s]
Extract:  22%|##1       | 13/60 [00:03<00:14,  3.34it/s]
Extract:  23%|##3       | 14/60 [00:03<00:17,  2.68it/s]
Extract:  25%|##5       | 15/60 [00:04<00:19,  2.36it/s]
Extract:  27%|##6       | 16/60 [00:04<00:17,  2.56it/s]
Extract:  32%|###1      | 19/60 [00:04<00:08,  5.06it/s]
Extract:  35%|###5      | 21/60 [00:05<00:09,  4.02it/s]
Extract:  37%|###6      | 22/60 [00:05<00:09,  4.15it/s]
Extract:  38%|###8      | 23/60 [00:05<00:09,  3.79it/s]
Extract:  40%|####      | 24/60 [00:06<00:08,  4.08it/s]
Extract:  43%|####3     | 26/60 [00:06<00:06,  5.28it/s]
Extract:  45%|####5     | 27/60 [00:07<00:11,  2.97it/s]
Extract:  48%|####8     | 29/60 [00:07<00:07,  4.00it/s]
Extract:  50%|#####     | 30/60 [00:07<00:07,  4.13it/s]
Extract:  52%|#####1    | 31/60 [00:07<00:07,  4.14it/s]
Extract:  57%|#####6    | 34/60 [00:08<00:03,  6.76it/s]
Extract:  60%|######    | 36/60 [00:08<00:02,  8.01it/s]
Extract:  63%|######3   | 38/60 [00:08<00:03,  7.09it/s]
Extract:  67%|######6   | 40/60 [00:08<00:02,  7.46it/s]
Extract:  68%|######8   | 41/60 [00:08<00:02,  7.33it/s]
Extract:  70%|#######   | 42/60 [00:09<00:04,  4.14it/s]
Extract:  72%|#######1  | 43/60 [00:10<00:04,  3.50it/s]
Extract:  75%|#######5  | 45/60 [00:10<00:02,  5.07it/s]
Extract:  77%|#######6  | 46/60 [00:10<00:02,  5.60it/s]
Extract:  78%|#######8  | 47/60 [00:10<00:02,  5.31it/s]
Extract:  82%|########1 | 49/60 [00:10<00:01,  7.18it/s]
Extract:  83%|########3 | 50/60 [00:11<00:02,  4.31it/s]
Extract:  85%|########5 | 51/60 [00:11<00:02,  3.78it/s]
Extract:  87%|########6 | 52/60 [00:12<00:02,  2.97it/s]
Extract:  90%|######### | 54/60 [00:12<00:01,  3.59it/s]
Extract:  92%|#########1| 55/60 [00:12<00:01,  3.61it/s]
Extract:  93%|#########3| 56/60 [00:12<00:00,  4.16it/s]
Extract:  97%|#########6| 58/60 [00:13<00:00,  4.54it/s]
Extract:  98%|#########8| 59/60 [00:13<00:00,  4.24it/s]
Extract: 100%|##########| 60/60 [00:13<00:00,  3.45it/s]
Extract: 100%|##########| 60/60 [00:13<00:00,  4.29it/s]

Extract:   0%|          | 0/60 [00:00<?, ?it/s]
Extract:   3%|3         | 2/60 [00:00<00:04, 12.07it/s]
Extract:   7%|6         | 4/60 [00:00<00:10,  5.32it/s]
Extract:   8%|8         | 5/60 [00:00<00:10,  5.31it/s]
Extract:  10%|#         | 6/60 [00:01<00:10,  5.22it/s]
Extract:  12%|#1        | 7/60 [00:01<00:12,  4.21it/s]
Extract:  13%|#3        | 8/60 [00:01<00:14,  3.61it/s]
Extract:  15%|#5        | 9/60 [00:02<00:14,  3.56it/s]
Extract:  17%|#6        | 10/60 [00:02<00:12,  3.96it/s]
Extract:  18%|#8        | 11/60 [00:02<00:12,  4.07it/s]
Extract:  20%|##        | 12/60 [00:03<00:18,  2.60it/s]
Extract:  22%|##1       | 13/60 [00:03<00:16,  2.88it/s]
Extract:  23%|##3       | 14/60 [00:03<00:18,  2.51it/s]
Extract:  25%|##5       | 15/60 [00:04<00:18,  2.45it/s]
Extract:  27%|##6       | 16/60 [00:04<00:14,  3.03it/s]
Extract:  32%|###1      | 19/60 [00:04<00:07,  5.83it/s]
Extract:  35%|###5      | 21/60 [00:05<00:07,  5.19it/s]
Extract:  37%|###6      | 22/60 [00:05<00:07,  4.75it/s]
Extract:  38%|###8      | 23/60 [00:05<00:08,  4.42it/s]
Extract:  40%|####      | 24/60 [00:05<00:07,  4.72it/s]
Extract:  43%|####3     | 26/60 [00:06<00:05,  5.98it/s]
Extract:  45%|####5     | 27/60 [00:06<00:07,  4.31it/s]
Extract:  48%|####8     | 29/60 [00:06<00:05,  5.83it/s]
Extract:  50%|#####     | 30/60 [00:06<00:04,  6.08it/s]
Extract:  52%|#####1    | 31/60 [00:07<00:05,  5.66it/s]
Extract:  57%|#####6    | 34/60 [00:07<00:03,  8.59it/s]
Extract:  60%|######    | 36/60 [00:07<00:02,  9.49it/s]
Extract:  63%|######3   | 38/60 [00:07<00:03,  7.09it/s]
Extract:  67%|######6   | 40/60 [00:08<00:02,  8.09it/s]
Extract:  68%|######8   | 41/60 [00:08<00:02,  8.31it/s]
Extract:  70%|#######   | 42/60 [00:08<00:03,  4.81it/s]
Extract:  72%|#######1  | 43/60 [00:09<00:04,  4.19it/s]
Extract:  77%|#######6  | 46/60 [00:09<00:02,  6.79it/s]
Extract:  78%|#######8  | 47/60 [00:09<00:01,  6.58it/s]
Extract:  82%|########1 | 49/60 [00:09<00:01,  8.38it/s]
Extract:  85%|########5 | 51/60 [00:10<00:02,  4.37it/s]
Extract:  87%|########6 | 52/60 [00:10<00:02,  3.74it/s]
Extract:  90%|######### | 54/60 [00:11<00:01,  4.12it/s]
Extract:  92%|#########1| 55/60 [00:11<00:01,  3.87it/s]
Extract:  93%|#########3| 56/60 [00:11<00:00,  4.39it/s]
Extract:  97%|#########6| 58/60 [00:11<00:00,  4.96it/s]
Extract:  98%|#########8| 59/60 [00:12<00:00,  4.23it/s]
Extract: 100%|##########| 60/60 [00:12<00:00,  3.43it/s]
Extract: 100%|##########| 60/60 [00:12<00:00,  4.70it/s]

Extract:   0%|          | 0/60 [00:00<?, ?it/s]
Extract:   3%|3         | 2/60 [00:00<00:04, 13.70it/s]
Extract:   7%|6         | 4/60 [00:00<00:07,  7.32it/s]
Extract:   8%|8         | 5/60 [00:00<00:07,  7.38it/s]
Extract:  10%|#         | 6/60 [00:00<00:07,  7.26it/s]
Extract:  12%|#1        | 7/60 [00:01<00:09,  5.62it/s]
Extract:  13%|#3        | 8/60 [00:01<00:11,  4.53it/s]
Extract:  15%|#5        | 9/60 [00:01<00:14,  3.57it/s]
Extract:  17%|#6        | 10/60 [00:02<00:12,  3.85it/s]
Extract:  18%|#8        | 11/60 [00:02<00:12,  3.81it/s]
Extract:  20%|##        | 12/60 [00:02<00:15,  3.18it/s]
Extract:  22%|##1       | 13/60 [00:02<00:11,  3.95it/s]
Extract:  23%|##3       | 14/60 [00:03<00:13,  3.38it/s]
Extract:  25%|##5       | 15/60 [00:03<00:17,  2.54it/s]
Extract:  27%|##6       | 16/60 [00:04<00:14,  3.03it/s]
Extract:  32%|###1      | 19/60 [00:04<00:06,  5.87it/s]
Extract:  35%|###5      | 21/60 [00:04<00:08,  4.48it/s]
Extract:  37%|###6      | 22/60 [00:04<00:08,  4.70it/s]
Extract:  38%|###8      | 23/60 [00:05<00:08,  4.57it/s]
Extract:  40%|####      | 24/60 [00:05<00:07,  5.14it/s]
Extract:  43%|####3     | 26/60 [00:05<00:04,  7.08it/s]
Extract:  45%|####5     | 27/60 [00:06<00:07,  4.24it/s]
Extract:  48%|####8     | 29/60 [00:06<00:05,  5.31it/s]
Extract:  50%|#####     | 30/60 [00:06<00:05,  5.38it/s]
Extract:  52%|#####1    | 31/60 [00:06<00:05,  5.77it/s]
Extract:  57%|#####6    | 34/60 [00:06<00:02,  9.59it/s]
Extract:  60%|######    | 36/60 [00:06<00:02,  9.27it/s]
Extract:  63%|######3   | 38/60 [00:07<00:02,  8.50it/s]
Extract:  67%|######6   | 40/60 [00:07<00:02,  9.34it/s]
Extract:  70%|#######   | 42/60 [00:07<00:02,  6.89it/s]
Extract:  72%|#######1  | 43/60 [00:08<00:03,  5.60it/s]
Extract:  77%|#######6  | 46/60 [00:08<00:01,  7.99it/s]
Extract:  80%|########  | 48/60 [00:08<00:01,  8.34it/s]
Extract:  83%|########3 | 50/60 [00:09<00:01,  5.59it/s]
Extract:  85%|########5 | 51/60 [00:09<00:01,  4.87it/s]
Extract:  87%|########6 | 52/60 [00:09<00:01,  4.11it/s]
Extract:  90%|######### | 54/60 [00:10<00:01,  4.35it/s]
Extract:  92%|#########1| 55/60 [00:10<00:01,  4.21it/s]
Extract:  93%|#########3| 56/60 [00:10<00:00,  4.61it/s]
Extract:  97%|#########6| 58/60 [00:11<00:00,  5.08it/s]
Extract:  98%|#########8| 59/60 [00:11<00:00,  4.72it/s]
Extract: 100%|##########| 60/60 [00:11<00:00,  3.70it/s]
Extract: 100%|##########| 60/60 [00:11<00:00,  5.10it/s]

Extract:   0%|          | 0/60 [00:00<?, ?it/s]
Extract:   3%|3         | 2/60 [00:00<00:03, 16.16it/s]
Extract:   7%|6         | 4/60 [00:00<00:05,  9.34it/s]
Extract:  10%|#         | 6/60 [00:00<00:07,  7.34it/s]
Extract:  12%|#1        | 7/60 [00:01<00:09,  5.72it/s]
Extract:  13%|#3        | 8/60 [00:01<00:11,  4.42it/s]
Extract:  15%|#5        | 9/60 [00:01<00:13,  3.89it/s]
Extract:  17%|#6        | 10/60 [00:02<00:12,  3.87it/s]
Extract:  18%|#8        | 11/60 [00:02<00:12,  3.96it/s]
Extract:  20%|##        | 12/60 [00:02<00:12,  3.71it/s]
Extract:  22%|##1       | 13/60 [00:02<00:10,  4.31it/s]
Extract:  23%|##3       | 14/60 [00:03<00:12,  3.76it/s]
Extract:  25%|##5       | 15/60 [00:03<00:16,  2.71it/s]
Extract:  27%|##6       | 16/60 [00:03<00:13,  3.23it/s]
Extract:  30%|###       | 18/60 [00:03<00:08,  5.19it/s]
Extract:  33%|###3      | 20/60 [00:04<00:05,  6.96it/s]
Extract:  37%|###6      | 22/60 [00:04<00:08,  4.60it/s]
Extract:  38%|###8      | 23/60 [00:05<00:08,  4.38it/s]
Extract:  40%|####      | 24/60 [00:05<00:07,  4.63it/s]
Extract:  43%|####3     | 26/60 [00:05<00:05,  6.15it/s]
Extract:  45%|####5     | 27/60 [00:05<00:07,  4.50it/s]
Extract:  48%|####8     | 29/60 [00:06<00:05,  5.33it/s]
Extract:  50%|#####     | 30/60 [00:06<00:05,  5.06it/s]
Extract:  52%|#####1    | 31/60 [00:06<00:07,  3.95it/s]
Extract:  53%|#####3    | 32/60 [00:07<00:07,  3.54it/s]
Extract:  57%|#####6    | 34/60 [00:07<00:04,  5.32it/s]
Extract:  60%|######    | 36/60 [00:07<00:03,  6.92it/s]
Extract:  62%|######1   | 37/60 [00:07<00:03,  6.53it/s]
Extract:  63%|######3   | 38/60 [00:07<00:03,  6.67it/s]
Extract:  67%|######6   | 40/60 [00:07<00:02,  7.86it/s]
Extract:  68%|######8   | 41/60 [00:08<00:02,  7.99it/s]
Extract:  70%|#######   | 42/60 [00:08<00:03,  4.64it/s]
Extract:  72%|#######1  | 43/60 [00:08<00:04,  3.72it/s]
Extract:  75%|#######5  | 45/60 [00:09<00:02,  5.38it/s]
Extract:  77%|#######6  | 46/60 [00:09<00:02,  5.91it/s]
Extract:  78%|#######8  | 47/60 [00:09<00:02,  4.68it/s]
Extract:  82%|########1 | 49/60 [00:09<00:01,  6.56it/s]
Extract:  83%|########3 | 50/60 [00:10<00:02,  4.33it/s]
Extract:  85%|########5 | 51/60 [00:10<00:02,  3.54it/s]
Extract:  87%|########6 | 52/60 [00:10<00:02,  3.26it/s]
Extract:  90%|######### | 54/60 [00:11<00:01,  3.91it/s]
Extract:  92%|#########1| 55/60 [00:11<00:01,  3.98it/s]
Extract:  93%|#########3| 56/60 [00:11<00:00,  4.62it/s]
Extract:  95%|#########5| 57/60 [00:11<00:00,  5.08it/s]
Extract:  97%|#########6| 58/60 [00:12<00:00,  4.57it/s]
Extract:  98%|#########8| 59/60 [00:12<00:00,  4.70it/s]
Extract: 100%|##########| 60/60 [00:12<00:00,  3.74it/s]
Extract: 100%|##########| 60/60 [00:12<00:00,  4.72it/s]

Extract:   0%|          | 0/60 [00:00<?, ?it/s]
Extract:   3%|3         | 2/60 [00:00<00:04, 11.65it/s]
Extract:   7%|6         | 4/60 [00:00<00:07,  7.66it/s]
Extract:   8%|8         | 5/60 [00:00<00:06,  7.90it/s]
Extract:  10%|#         | 6/60 [00:00<00:06,  8.04it/s]
Extract:  12%|#1        | 7/60 [00:00<00:07,  6.72it/s]
Extract:  13%|#3        | 8/60 [00:01<00:10,  5.16it/s]
Extract:  15%|#5        | 9/60 [00:01<00:11,  4.36it/s]
Extract:  17%|#6        | 10/60 [00:01<00:11,  4.32it/s]
Extract:  18%|#8        | 11/60 [00:02<00:11,  4.36it/s]
Extract:  20%|##        | 12/60 [00:02<00:13,  3.63it/s]
Extract:  22%|##1       | 13/60 [00:02<00:10,  4.43it/s]
Extract:  23%|##3       | 14/60 [00:02<00:12,  3.82it/s]
Extract:  25%|##5       | 15/60 [00:03<00:14,  3.01it/s]
Extract:  27%|##6       | 16/60 [00:03<00:12,  3.51it/s]
Extract:  32%|###1      | 19/60 [00:03<00:05,  6.87it/s]
Extract:  35%|###5      | 21/60 [00:04<00:07,  5.16it/s]
Extract:  37%|###6      | 22/60 [00:04<00:07,  4.94it/s]
Extract:  38%|###8      | 23/60 [00:04<00:07,  4.84it/s]
Extract:  40%|####      | 24/60 [00:04<00:06,  5.26it/s]
Extract:  45%|####5     | 27/60 [00:05<00:05,  5.60it/s]
Extract:  47%|####6     | 28/60 [00:05<00:05,  6.07it/s]
Extract:  48%|####8     | 29/60 [00:05<00:04,  6.61it/s]
Extract:  50%|#####     | 30/60 [00:05<00:04,  6.30it/s]
Extract:  52%|#####1    | 31/60 [00:05<00:05,  5.72it/s]
Extract:  57%|#####6    | 34/60 [00:06<00:02,  9.50it/s]
Extract:  60%|######    | 36/60 [00:06<00:02,  9.44it/s]
Extract:  63%|######3   | 38/60 [00:06<00:02,  8.38it/s]
Extract:  67%|######6   | 40/60 [00:06<00:02,  8.67it/s]
Extract:  70%|#######   | 42/60 [00:07<00:02,  7.10it/s]
Extract:  72%|#######1  | 43/60 [00:07<00:03,  5.59it/s]
Extract:  75%|#######5  | 45/60 [00:07<00:02,  7.39it/s]
Extract:  78%|#######8  | 47/60 [00:07<00:01,  7.06it/s]
Extract:  82%|########1 | 49/60 [00:08<00:01,  7.88it/s]
Extract:  83%|########3 | 50/60 [00:08<00:01,  5.13it/s]
Extract:  85%|########5 | 51/60 [00:08<00:02,  4.36it/s]
Extract:  87%|########6 | 52/60 [00:09<00:02,  3.73it/s]
Extract:  90%|######### | 54/60 [00:09<00:01,  4.48it/s]
Extract:  92%|#########1| 55/60 [00:09<00:01,  4.48it/s]
Extract:  93%|#########3| 56/60 [00:10<00:00,  4.92it/s]
Extract:  97%|#########6| 58/60 [00:10<00:00,  5.46it/s]
Extract:  98%|#########8| 59/60 [00:10<00:00,  5.17it/s]
Extract: 100%|##########| 60/60 [00:11<00:00,  3.97it/s]
Extract: 100%|##########| 60/60 [00:11<00:00,  5.45it/s]

Extract:   0%|          | 0/60 [00:00<?, ?it/s]
Extract:   3%|3         | 2/60 [00:00<00:04, 12.28it/s]
Extract:   7%|6         | 4/60 [00:00<00:08,  6.46it/s]
Extract:   8%|8         | 5/60 [00:00<00:08,  6.41it/s]
Extract:  10%|#         | 6/60 [00:00<00:08,  6.58it/s]
Extract:  12%|#1        | 7/60 [00:01<00:10,  5.04it/s]
Extract:  13%|#3        | 8/60 [00:01<00:13,  3.94it/s]
Extract:  15%|#5        | 9/60 [00:01<00:12,  4.09it/s]
Extract:  17%|#6        | 10/60 [00:01<00:11,  4.32it/s]
Extract:  18%|#8        | 11/60 [00:02<00:12,  3.86it/s]
Extract:  20%|##        | 12/60 [00:02<00:15,  3.18it/s]
Extract:  22%|##1       | 13/60 [00:02<00:12,  3.76it/s]
Extract:  23%|##3       | 14/60 [00:03<00:16,  2.83it/s]
Extract:  25%|##5       | 15/60 [00:04<00:18,  2.38it/s]
Extract:  27%|##6       | 16/60 [00:04<00:15,  2.87it/s]
Extract:  30%|###       | 18/60 [00:04<00:08,  4.74it/s]
Extract:  33%|###3      | 20/60 [00:04<00:06,  6.26it/s]
Extract:  35%|###5      | 21/60 [00:05<00:10,  3.88it/s]
Extract:  37%|###6      | 22/60 [00:05<00:09,  4.04it/s]
Extract:  38%|###8      | 23/60 [00:05<00:09,  3.95it/s]
Extract:  40%|####      | 24/60 [00:05<00:07,  4.54it/s]
Extract:  43%|####3     | 26/60 [00:05<00:05,  6.21it/s]
Extract:  45%|####5     | 27/60 [00:06<00:07,  4.37it/s]
Extract:  48%|####8     | 29/60 [00:06<00:05,  5.64it/s]
Extract:  50%|#####     | 30/60 [00:06<00:05,  5.66it/s]
Extract:  52%|#####1    | 31/60 [00:06<00:05,  5.16it/s]
Extract:  55%|#####5    | 33/60 [00:07<00:03,  7.31it/s]
Extract:  58%|#####8    | 35/60 [00:07<00:03,  8.18it/s]
Extract:  62%|######1   | 37/60 [00:07<00:03,  6.90it/s]
Extract:  63%|######3   | 38/60 [00:07<00:03,  7.08it/s]
Extract:  67%|######6   | 40/60 [00:07<00:02,  7.80it/s]
Extract:  70%|#######   | 42/60 [00:08<00:03,  5.61it/s]
Extract:  72%|#######1  | 43/60 [00:08<00:03,  4.42it/s]
Extract:  75%|#######5  | 45/60 [00:09<00:02,  5.82it/s]
Extract:  77%|#######6  | 46/60 [00:09<00:02,  6.35it/s]
Extract:  78%|#######8  | 47/60 [00:09<00:02,  5.55it/s]
Extract:  82%|########1 | 49/60 [00:09<00:01,  7.33it/s]
Extract:  83%|########3 | 50/60 [00:10<00:02,  4.94it/s]
Extract:  85%|########5 | 51/60 [00:10<00:02,  4.00it/s]
Extract:  87%|########6 | 52/60 [00:10<00:02,  3.46it/s]
Extract:  90%|######### | 54/60 [00:11<00:01,  3.99it/s]
Extract:  92%|#########1| 55/60 [00:11<00:01,  3.77it/s]
Extract:  93%|#########3| 56/60 [00:11<00:00,  4.31it/s]
Extract:  97%|#########6| 58/60 [00:12<00:00,  4.58it/s]
Extract:  98%|#########8| 59/60 [00:12<00:00,  4.62it/s]
Extract: 100%|##########| 60/60 [00:12<00:00,  3.54it/s]
Extract: 100%|##########| 60/60 [00:12<00:00,  4.70it/s]

Extract:   0%|          | 0/60 [00:00<?, ?it/s]
Extract:   3%|3         | 2/60 [00:00<00:04, 13.46it/s]
Extract:   7%|6         | 4/60 [00:00<00:06,  8.12it/s]
Extract:   8%|8         | 5/60 [00:00<00:07,  7.39it/s]
Extract:  10%|#         | 6/60 [00:00<00:08,  6.09it/s]
Extract:  12%|#1        | 7/60 [00:01<00:10,  5.05it/s]
Extract:  13%|#3        | 8/60 [00:01<00:13,  3.98it/s]
Extract:  15%|#5        | 9/60 [00:01<00:12,  4.16it/s]
Extract:  17%|#6        | 10/60 [00:01<00:11,  4.34it/s]
Extract:  18%|#8        | 11/60 [00:02<00:11,  4.35it/s]
Extract:  20%|##        | 12/60 [00:02<00:15,  3.14it/s]
Extract:  22%|##1       | 13/60 [00:02<00:12,  3.71it/s]
Extract:  23%|##3       | 14/60 [00:03<00:16,  2.75it/s]
Extract:  25%|##5       | 15/60 [00:04<00:19,  2.32it/s]
Extract:  27%|##6       | 16/60 [00:04<00:16,  2.74it/s]
Extract:  28%|##8       | 17/60 [00:04<00:12,  3.47it/s]
Extract:  32%|###1      | 19/60 [00:04<00:07,  5.37it/s]
Extract:  35%|###5      | 21/60 [00:05<00:09,  3.93it/s]
Extract:  37%|###6      | 22/60 [00:05<00:09,  4.06it/s]
Extract:  38%|###8      | 23/60 [00:05<00:09,  3.75it/s]
Extract:  40%|####      | 24/60 [00:05<00:08,  4.23it/s]
Extract:  43%|####3     | 26/60 [00:06<00:05,  5.93it/s]
Extract:  45%|####5     | 27/60 [00:06<00:07,  4.18it/s]
Extract:  47%|####6     | 28/60 [00:06<00:06,  4.84it/s]
Extract:  48%|####8     | 29/60 [00:06<00:05,  5.38it/s]
Extract:  50%|#####     | 30/60 [00:06<00:05,  5.68it/s]
Extract:  52%|#####1    | 31/60 [00:07<00:05,  5.05it/s]
Extract:  57%|#####6    | 34/60 [00:07<00:03,  8.36it/s]
Extract:  58%|#####8    | 35/60 [00:07<00:02,  8.59it/s]
Extract:  62%|######1   | 37/60 [00:07<00:02,  8.57it/s]
Extract:  63%|######3   | 38/60 [00:07<00:02,  8.04it/s]
Extract:  67%|######6   | 40/60 [00:07<00:02,  8.83it/s]
Extract:  68%|######8   | 41/60 [00:08<00:02,  7.74it/s]
Extract:  70%|#######   | 42/60 [00:08<00:04,  4.26it/s]
Extract:  72%|#######1  | 43/60 [00:09<00:05,  3.16it/s]
Extract:  75%|#######5  | 45/60 [00:09<00:03,  4.70it/s]
Extract:  77%|#######6  | 46/60 [00:09<00:02,  5.09it/s]
Extract:  78%|#######8  | 47/60 [00:09<00:02,  4.66it/s]
Extract:  82%|########1 | 49/60 [00:10<00:01,  6.25it/s]
Extract:  83%|########3 | 50/60 [00:10<00:02,  4.43it/s]
Extract:  85%|########5 | 51/60 [00:10<00:02,  3.81it/s]
Extract:  87%|########6 | 52/60 [00:11<00:02,  3.26it/s]
Extract:  90%|######### | 54/60 [00:11<00:01,  4.21it/s]
Extract:  92%|#########1| 55/60 [00:11<00:01,  4.20it/s]
Extract:  93%|#########3| 56/60 [00:11<00:00,  4.69it/s]
Extract:  97%|#########6| 58/60 [00:12<00:00,  4.62it/s]
Extract:  98%|#########8| 59/60 [00:12<00:00,  4.25it/s]
Extract: 100%|##########| 60/60 [00:13<00:00,  3.45it/s]
Extract: 100%|##########| 60/60 [00:13<00:00,  4.56it/s]

Extract:   0%|          | 0/60 [00:00<?, ?it/s]
Extract:   3%|3         | 2/60 [00:00<00:03, 15.17it/s]
Extract:   7%|6         | 4/60 [00:00<00:10,  5.21it/s]
Extract:   8%|8         | 5/60 [00:00<00:10,  5.33it/s]
Extract:  10%|#         | 6/60 [00:01<00:09,  5.74it/s]
Extract:  12%|#1        | 7/60 [00:01<00:12,  4.34it/s]
Extract:  13%|#3        | 8/60 [00:01<00:13,  3.85it/s]
Extract:  15%|#5        | 9/60 [00:02<00:14,  3.52it/s]
Extract:  17%|#6        | 10/60 [00:02<00:14,  3.50it/s]
Extract:  18%|#8        | 11/60 [00:02<00:12,  3.80it/s]
Extract:  20%|##        | 12/60 [00:03<00:16,  2.89it/s]
Extract:  22%|##1       | 13/60 [00:03<00:14,  3.34it/s]
Extract:  23%|##3       | 14/60 [00:03<00:18,  2.51it/s]
Extract:  25%|##5       | 15/60 [00:04<00:18,  2.37it/s]
Extract:  27%|##6       | 16/60 [00:04<00:15,  2.81it/s]
Extract:  32%|###1      | 19/60 [00:04<00:07,  5.41it/s]
Extract:  35%|###5      | 21/60 [00:05<00:08,  4.80it/s]
Extract:  37%|###6      | 22/60 [00:05<00:08,  4.61it/s]
Extract:  38%|###8      | 23/60 [00:05<00:08,  4.12it/s]
Extract:  40%|####      | 24/60 [00:06<00:08,  4.30it/s]
Extract:  43%|####3     | 26/60 [00:06<00:06,  5.48it/s]
Extract:  45%|####5     | 27/60 [00:06<00:09,  3.52it/s]
Extract:  48%|####8     | 29/60 [00:07<00:06,  4.74it/s]
Extract:  50%|#####     | 30/60 [00:07<00:06,  4.81it/s]
Extract:  52%|#####1    | 31/60 [00:07<00:06,  4.68it/s]
Extract:  55%|#####5    | 33/60 [00:07<00:03,  6.77it/s]
Extract:  58%|#####8    | 35/60 [00:07<00:03,  8.02it/s]
Extract:  62%|######1   | 37/60 [00:08<00:02,  7.69it/s]
Extract:  63%|######3   | 38/60 [00:08<00:02,  7.61it/s]
Extract:  67%|######6   | 40/60 [00:08<00:02,  6.80it/s]
Extract:  68%|######8   | 41/60 [00:08<00:02,  7.24it/s]
Extract:  70%|#######   | 42/60 [00:09<00:03,  4.60it/s]
Extract:  72%|#######1  | 43/60 [00:09<00:04,  3.52it/s]
Extract:  75%|#######5  | 45/60 [00:09<00:02,  5.20it/s]
Extract:  78%|#######8  | 47/60 [00:10<00:02,  5.91it/s]
Extract:  82%|########1 | 49/60 [00:10<00:01,  7.59it/s]
Extract:  85%|########5 | 51/60 [00:11<00:02,  4.15it/s]
Extract:  87%|########6 | 52/60 [00:11<00:02,  3.91it/s]
Extract:  90%|######### | 54/60 [00:11<00:01,  4.11it/s]
Extract:  92%|#########1| 55/60 [00:12<00:01,  3.96it/s]
Extract:  93%|#########3| 56/60 [00:12<00:00,  4.30it/s]
Extract:  97%|#########6| 58/60 [00:12<00:00,  4.60it/s]
Extract:  98%|#########8| 59/60 [00:12<00:00,  4.29it/s]
Extract: 100%|##########| 60/60 [00:13<00:00,  3.18it/s]
Extract: 100%|##########| 60/60 [00:13<00:00,  4.44it/s]

Extract:   0%|          | 0/60 [00:00<?, ?it/s]
Extract:   3%|3         | 2/60 [00:00<00:04, 13.55it/s]
Extract:   7%|6         | 4/60 [00:00<00:06,  8.56it/s]
Extract:   8%|8         | 5/60 [00:00<00:06,  8.48it/s]
Extract:  10%|#         | 6/60 [00:00<00:06,  7.76it/s]
Extract:  12%|#1        | 7/60 [00:01<00:09,  5.60it/s]
Extract:  13%|#3        | 8/60 [00:01<00:12,  4.28it/s]
Extract:  15%|#5        | 9/60 [00:01<00:15,  3.25it/s]
Extract:  17%|#6        | 10/60 [00:02<00:13,  3.61it/s]
Extract:  18%|#8        | 11/60 [00:02<00:11,  4.12it/s]
Extract:  20%|##        | 12/60 [00:02<00:14,  3.25it/s]
Extract:  22%|##1       | 13/60 [00:02<00:12,  3.80it/s]
Extract:  23%|##3       | 14/60 [00:03<00:16,  2.77it/s]
Extract:  25%|##5       | 15/60 [00:03<00:18,  2.38it/s]
Extract:  27%|##6       | 16/60 [00:04<00:15,  2.90it/s]
Extract:  30%|###       | 18/60 [00:04<00:09,  4.64it/s]
Extract:  33%|###3      | 20/60 [00:04<00:06,  6.59it/s]
Extract:  37%|###6      | 22/60 [00:05<00:09,  4.19it/s]
Extract:  38%|###8      | 23/60 [00:05<00:09,  3.88it/s]
Extract:  40%|####      | 24/60 [00:05<00:08,  4.31it/s]
Extract:  43%|####3     | 26/60 [00:05<00:06,  5.56it/s]
Extract:  45%|####5     | 27/60 [00:06<00:09,  3.36it/s]
Extract:  47%|####6     | 28/60 [00:06<00:08,  3.83it/s]
Extract:  48%|####8     | 29/60 [00:06<00:07,  4.24it/s]
Extract:  50%|#####     | 30/60 [00:07<00:07,  4.20it/s]
Extract:  52%|#####1    | 31/60 [00:07<00:07,  4.06it/s]
Extract:  55%|#####5    | 33/60 [00:07<00:04,  6.19it/s]
Extract:  58%|#####8    | 35/60 [00:07<00:03,  7.33it/s]
Extract:  62%|######1   | 37/60 [00:08<00:03,  6.74it/s]
Extract:  63%|######3   | 38/60 [00:08<00:03,  6.59it/s]
Extract:  67%|######6   | 40/60 [00:08<00:03,  6.15it/s]
Extract:  68%|######8   | 41/60 [00:08<00:03,  6.23it/s]
Extract:  70%|#######   | 42/60 [00:09<00:04,  3.69it/s]
Extract:  72%|#######1  | 43/60 [00:09<00:05,  2.94it/s]
Extract:  75%|#######5  | 45/60 [00:10<00:03,  4.33it/s]
Extract:  77%|#######6  | 46/60 [00:10<00:02,  4.88it/s]
Extract:  78%|#######8  | 47/60 [00:10<00:02,  4.46it/s]
Extract:  82%|########1 | 49/60 [00:10<00:01,  5.71it/s]
Extract:  83%|########3 | 50/60 [00:11<00:03,  3.31it/s]
Extract:  85%|########5 | 51/60 [00:11<00:02,  3.01it/s]
Extract:  87%|########6 | 52/60 [00:12<00:02,  2.83it/s]
Extract:  90%|######### | 54/60 [00:12<00:01,  3.50it/s]
Extract:  92%|#########1| 55/60 [00:13<00:01,  3.25it/s]
Extract:  93%|#########3| 56/60 [00:13<00:01,  3.78it/s]
Extract:  97%|#########6| 58/60 [00:13<00:00,  3.70it/s]
Extract:  98%|#########8| 59/60 [00:14<00:00,  3.61it/s]
Extract: 100%|##########| 60/60 [00:14<00:00,  2.96it/s]
Extract: 100%|##########| 60/60 [00:14<00:00,  4.13it/s]

Extract:   0%|          | 0/60 [00:00<?, ?it/s]
Extract:   3%|3         | 2/60 [00:00<00:04, 12.28it/s]
Extract:   7%|6         | 4/60 [00:00<00:07,  7.25it/s]
Extract:   8%|8         | 5/60 [00:00<00:07,  7.08it/s]
Extract:  10%|#         | 6/60 [00:00<00:07,  6.84it/s]
Extract:  12%|#1        | 7/60 [00:01<00:09,  5.39it/s]
Extract:  13%|#3        | 8/60 [00:01<00:11,  4.66it/s]
Extract:  15%|#5        | 9/60 [00:01<00:11,  4.31it/s]
Extract:  17%|#6        | 10/60 [00:01<00:10,  4.57it/s]
Extract:  18%|#8        | 11/60 [00:02<00:11,  4.43it/s]
Extract:  20%|##        | 12/60 [00:02<00:13,  3.49it/s]
Extract:  22%|##1       | 13/60 [00:02<00:11,  4.18it/s]
Extract:  23%|##3       | 14/60 [00:02<00:11,  3.96it/s]
Extract:  25%|##5       | 15/60 [00:03<00:15,  2.83it/s]
Extract:  27%|##6       | 16/60 [00:03<00:12,  3.44it/s]
Extract:  32%|###1      | 19/60 [00:03<00:06,  6.62it/s]
Extract:  35%|###5      | 21/60 [00:04<00:07,  5.53it/s]
Extract:  37%|###6      | 22/60 [00:04<00:07,  5.33it/s]
Extract:  38%|###8      | 23/60 [00:04<00:07,  4.90it/s]
Extract:  40%|####      | 24/60 [00:04<00:06,  5.19it/s]
Extract:  43%|####3     | 26/60 [00:05<00:04,  6.99it/s]
Extract:  45%|####5     | 27/60 [00:05<00:06,  4.79it/s]
Extract:  48%|####8     | 29/60 [00:05<00:05,  6.18it/s]
Extract:  50%|#####     | 30/60 [00:05<00:04,  6.21it/s]
Extract:  52%|#####1    | 31/60 [00:06<00:04,  5.80it/s]
Extract:  55%|#####5    | 33/60 [00:06<00:03,  8.09it/s]
Extract:  58%|#####8    | 35/60 [00:06<00:02,  9.71it/s]
Extract:  62%|######1   | 37/60 [00:06<00:02, 10.27it/s]
Extract:  65%|######5   | 39/60 [00:06<00:01, 10.97it/s]
Extract:  68%|######8   | 41/60 [00:06<00:01,  9.85it/s]
Extract:  72%|#######1  | 43/60 [00:07<00:03,  5.11it/s]
Extract:  77%|#######6  | 46/60 [00:07<00:01,  7.25it/s]
Extract:  80%|########  | 48/60 [00:07<00:01,  8.13it/s]
Extract:  83%|########3 | 50/60 [00:08<00:01,  6.27it/s]
Extract:  85%|########5 | 51/60 [00:08<00:01,  5.39it/s]
Extract:  87%|########6 | 52/60 [00:09<00:01,  4.37it/s]
Extract:  90%|######### | 54/60 [00:09<00:01,  4.99it/s]
Extract:  92%|#########1| 55/60 [00:09<00:01,  4.81it/s]
Extract:  93%|#########3| 56/60 [00:09<00:00,  5.36it/s]
Extract:  97%|#########6| 58/60 [00:10<00:00,  6.19it/s]
Extract:  98%|#########8| 59/60 [00:10<00:00,  6.63it/s]
Extract: 100%|##########| 60/60 [00:10<00:00,  4.89it/s]
Extract: 100%|##########| 60/60 [00:10<00:00,  5.68it/s]

Extract:   0%|          | 0/60 [00:00<?, ?it/s]
Extract:   3%|3         | 2/60 [00:00<00:04, 13.14it/s]
Extract:   7%|6         | 4/60 [00:00<00:08,  6.28it/s]
Extract:   8%|8         | 5/60 [00:00<00:08,  6.74it/s]
Extract:  10%|#         | 6/60 [00:00<00:08,  6.59it/s]
Extract:  12%|#1        | 7/60 [00:01<00:09,  5.41it/s]
Extract:  13%|#3        | 8/60 [00:01<00:12,  4.22it/s]
Extract:  15%|#5        | 9/60 [00:01<00:12,  4.07it/s]
Extract:  17%|#6        | 10/60 [00:01<00:11,  4.51it/s]
Extract:  18%|#8        | 11/60 [00:02<00:10,  4.56it/s]
Extract:  20%|##        | 12/60 [00:02<00:13,  3.64it/s]
Extract:  22%|##1       | 13/60 [00:02<00:10,  4.43it/s]
Extract:  23%|##3       | 14/60 [00:03<00:14,  3.11it/s]
Extract:  25%|##5       | 15/60 [00:03<00:18,  2.46it/s]
Extract:  27%|##6       | 16/60 [00:03<00:14,  3.02it/s]
Extract:  30%|###       | 18/60 [00:04<00:08,  4.90it/s]
Extract:  33%|###3      | 20/60 [00:04<00:06,  6.46it/s]
Extract:  35%|###5      | 21/60 [00:04<00:09,  4.22it/s]
Extract:  37%|###6      | 22/60 [00:05<00:09,  4.15it/s]
Extract:  38%|###8      | 23/60 [00:05<00:09,  3.81it/s]
Extract:  40%|####      | 24/60 [00:05<00:08,  4.15it/s]
Extract:  43%|####3     | 26/60 [00:05<00:05,  5.92it/s]
Extract:  45%|####5     | 27/60 [00:06<00:09,  3.49it/s]
Extract:  48%|####8     | 29/60 [00:06<00:06,  4.50it/s]
Extract:  50%|#####     | 30/60 [00:06<00:06,  4.64it/s]
Extract:  52%|#####1    | 31/60 [00:07<00:06,  4.59it/s]
Extract:  55%|#####5    | 33/60 [00:07<00:04,  6.64it/s]
Extract:  58%|#####8    | 35/60 [00:07<00:03,  7.52it/s]
Extract:  62%|######1   | 37/60 [00:07<00:03,  7.54it/s]
Extract:  63%|######3   | 38/60 [00:07<00:03,  7.33it/s]
Extract:  67%|######6   | 40/60 [00:07<00:02,  8.24it/s]
Extract:  68%|######8   | 41/60 [00:08<00:02,  8.01it/s]
Extract:  70%|#######   | 42/60 [00:08<00:04,  4.37it/s]
Extract:  72%|#######1  | 43/60 [00:09<00:04,  3.47it/s]
Extract:  75%|#######5  | 45/60 [00:09<00:02,  5.22it/s]
Extract:  78%|#######8  | 47/60 [00:09<00:02,  5.56it/s]
Extract:  82%|########1 | 49/60 [00:09<00:01,  7.25it/s]
Extract:  85%|########5 | 51/60 [00:10<00:01,  4.64it/s]
Extract:  87%|########6 | 52/60 [00:10<00:01,  4.19it/s]
Extract:  88%|########8 | 53/60 [00:10<00:01,  4.53it/s]
Extract:  90%|######### | 54/60 [00:11<00:01,  4.06it/s]
Extract:  92%|#########1| 55/60 [00:11<00:01,  3.99it/s]
Extract:  93%|#########3| 56/60 [00:11<00:00,  4.70it/s]
Extract:  97%|#########6| 58/60 [00:11<00:00,  5.52it/s]
Extract:  98%|#########8| 59/60 [00:12<00:00,  5.65it/s]
Extract: 100%|##########| 60/60 [00:12<00:00,  4.36it/s]
Extract: 100%|##########| 60/60 [00:12<00:00,  4.83it/s]

Extract:   0%|          | 0/60 [00:00<?, ?it/s]
Extract:   3%|3         | 2/60 [00:00<00:04, 14.24it/s]
Extract:   7%|6         | 4/60 [00:00<00:06,  8.42it/s]
Extract:   8%|8         | 5/60 [00:00<00:08,  6.66it/s]
Extract:  10%|#         | 6/60 [00:00<00:07,  6.83it/s]
Extract:  12%|#1        | 7/60 [00:01<00:10,  5.13it/s]
Extract:  13%|#3        | 8/60 [00:01<00:12,  4.04it/s]
Extract:  15%|#5        | 9/60 [00:01<00:13,  3.86it/s]
Extract:  17%|#6        | 10/60 [00:01<00:12,  4.11it/s]
Extract:  18%|#8        | 11/60 [00:02<00:11,  4.14it/s]
Extract:  20%|##        | 12/60 [00:02<00:16,  2.98it/s]
Extract:  22%|##1       | 13/60 [00:02<00:13,  3.51it/s]
Extract:  23%|##3       | 14/60 [00:03<00:17,  2.68it/s]
Extract:  25%|##5       | 15/60 [00:04<00:19,  2.28it/s]
Extract:  27%|##6       | 16/60 [00:04<00:15,  2.76it/s]
Extract:  30%|###       | 18/60 [00:04<00:09,  4.52it/s]
Extract:  33%|###3      | 20/60 [00:04<00:06,  6.04it/s]
Extract:  35%|###5      | 21/60 [00:05<00:09,  3.99it/s]
Extract:  37%|###6      | 22/60 [00:05<00:09,  3.90it/s]
Extract:  38%|###8      | 23/60 [00:05<00:09,  3.74it/s]
Extract:  40%|####      | 24/60 [00:05<00:08,  4.18it/s]
Extract:  43%|####3     | 26/60 [00:06<00:06,  5.17it/s]
Extract:  45%|####5     | 27/60 [00:06<00:08,  3.77it/s]
Extract:  47%|####6     | 28/60 [00:06<00:07,  4.34it/s]
Extract:  48%|####8     | 29/60 [00:06<00:06,  4.91it/s]
Extract:  50%|#####     | 30/60 [00:07<00:05,  5.38it/s]
Extract:  52%|#####1    | 31/60 [00:07<00:05,  5.58it/s]
Extract:  57%|#####6    | 34/60 [00:07<00:02,  9.56it/s]
Extract:  60%|######    | 36/60 [00:07<00:02, 10.66it/s]
Extract:  63%|######3   | 38/60 [00:07<00:02,  9.80it/s]
Extract:  67%|######6   | 40/60 [00:07<00:02,  9.59it/s]
Extract:  70%|#######   | 42/60 [00:08<00:03,  5.02it/s]
Extract:  72%|#######1  | 43/60 [00:09<00:04,  4.02it/s]
Extract:  75%|#######5  | 45/60 [00:09<00:02,  5.53it/s]
Extract:  78%|#######8  | 47/60 [00:09<00:02,  5.99it/s]
Extract:  82%|########1 | 49/60 [00:09<00:01,  7.21it/s]
Extract:  85%|########5 | 51/60 [00:10<00:02,  4.31it/s]
Extract:  87%|########6 | 52/60 [00:11<00:02,  3.46it/s]
Extract:  90%|######### | 54/60 [00:11<00:01,  3.90it/s]
Extract:  92%|#########1| 55/60 [00:11<00:01,  4.02it/s]
Extract:  93%|#########3| 56/60 [00:11<00:00,  4.46it/s]
Extract:  97%|#########6| 58/60 [00:12<00:00,  4.81it/s]
Extract:  98%|#########8| 59/60 [00:12<00:00,  4.44it/s]
Extract: 100%|##########| 60/60 [00:12<00:00,  3.81it/s]
Extract: 100%|##########| 60/60 [00:12<00:00,  4.64it/s]

Extract:   0%|          | 0/60 [00:00<?, ?it/s]
Extract:   3%|3         | 2/60 [00:00<00:05, 11.44it/s]
Extract:   7%|6         | 4/60 [00:00<00:08,  6.90it/s]
Extract:   8%|8         | 5/60 [00:00<00:08,  6.33it/s]
Extract:  10%|#         | 6/60 [00:00<00:08,  6.16it/s]
Extract:  12%|#1        | 7/60 [00:01<00:11,  4.61it/s]
Extract:  13%|#3        | 8/60 [00:01<00:15,  3.45it/s]
Extract:  15%|#5        | 9/60 [00:02<00:14,  3.41it/s]
Extract:  17%|#6        | 10/60 [00:02<00:14,  3.52it/s]
Extract:  18%|#8        | 11/60 [00:02<00:14,  3.42it/s]
Extract:  20%|##        | 12/60 [00:03<00:17,  2.72it/s]
Extract:  22%|##1       | 13/60 [00:03<00:14,  3.25it/s]
Extract:  23%|##3       | 14/60 [00:03<00:18,  2.43it/s]
Extract:  25%|##5       | 15/60 [00:04<00:20,  2.14it/s]
Extract:  27%|##6       | 16/60 [00:04<00:16,  2.67it/s]
Extract:  30%|###       | 18/60 [00:04<00:09,  4.41it/s]
Extract:  33%|###3      | 20/60 [00:05<00:06,  5.74it/s]
Extract:  35%|###5      | 21/60 [00:05<00:11,  3.37it/s]
Extract:  37%|###6      | 22/60 [00:06<00:11,  3.28it/s]
Extract:  38%|###8      | 23/60 [00:06<00:11,  3.13it/s]
Extract:  40%|####      | 24/60 [00:06<00:09,  3.60it/s]
Extract:  43%|####3     | 26/60 [00:06<00:06,  5.10it/s]
Extract:  45%|####5     | 27/60 [00:07<00:10,  3.17it/s]
Extract:  48%|####8     | 29/60 [00:07<00:07,  4.21it/s]
Extract:  50%|#####     | 30/60 [00:07<00:07,  4.25it/s]
Extract:  52%|#####1    | 31/60 [00:08<00:07,  4.09it/s]
Extract:  53%|#####3    | 32/60 [00:08<00:06,  4.10it/s]
Extract:  57%|#####6    | 34/60 [00:08<00:04,  5.94it/s]
Extract:  58%|#####8    | 35/60 [00:08<00:03,  6.46it/s]
Extract:  62%|######1   | 37/60 [00:09<00:03,  6.24it/s]
Extract:  63%|######3   | 38/60 [00:09<00:03,  6.02it/s]
Extract:  67%|######6   | 40/60 [00:09<00:03,  6.50it/s]
Extract:  68%|######8   | 41/60 [00:09<00:02,  6.38it/s]
Extract:  70%|#######   | 42/60 [00:10<00:04,  3.63it/s]
Extract:  72%|#######1  | 43/60 [00:10<00:05,  2.84it/s]
Extract:  75%|#######5  | 45/60 [00:11<00:03,  4.35it/s]
Extract:  78%|#######8  | 47/60 [00:11<00:02,  4.38it/s]
Extract:  82%|########1 | 49/60 [00:11<00:01,  5.66it/s]
Extract:  83%|########3 | 50/60 [00:12<00:02,  4.08it/s]
Extract:  85%|########5 | 51/60 [00:12<00:02,  3.48it/s]
Extract:  87%|########6 | 52/60 [00:13<00:02,  3.01it/s]
Extract:  90%|######### | 54/60 [00:13<00:01,  3.53it/s]
Extract:  92%|#########1| 55/60 [00:13<00:01,  3.52it/s]
Extract:  93%|#########3| 56/60 [00:13<00:01,  3.89it/s]
Extract:  97%|#########6| 58/60 [00:14<00:00,  4.16it/s]
Extract:  98%|#########8| 59/60 [00:14<00:00,  4.08it/s]
Extract: 100%|##########| 60/60 [00:15<00:00,  3.51it/s]
Extract: 100%|##########| 60/60 [00:15<00:00,  3.99it/s]

Extract:   0%|          | 0/60 [00:00<?, ?it/s]
Extract:   3%|3         | 2/60 [00:00<00:04, 12.77it/s]
Extract:   7%|6         | 4/60 [00:00<00:08,  6.30it/s]
Extract:   8%|8         | 5/60 [00:00<00:08,  6.12it/s]
Extract:  10%|#         | 6/60 [00:00<00:08,  6.11it/s]
Extract:  12%|#1        | 7/60 [00:01<00:13,  3.82it/s]
Extract:  13%|#3        | 8/60 [00:01<00:16,  3.14it/s]
Extract:  15%|#5        | 9/60 [00:02<00:16,  3.08it/s]
Extract:  17%|#6        | 10/60 [00:02<00:15,  3.22it/s]
Extract:  18%|#8        | 11/60 [00:02<00:14,  3.36it/s]
Extract:  20%|##        | 12/60 [00:03<00:18,  2.65it/s]
Extract:  22%|##1       | 13/60 [00:03<00:15,  3.01it/s]
Extract:  23%|##3       | 14/60 [00:03<00:16,  2.78it/s]
Extract:  25%|##5       | 15/60 [00:04<00:19,  2.31it/s]
Extract:  27%|##6       | 16/60 [00:04<00:16,  2.74it/s]
Extract:  32%|###1      | 19/60 [00:04<00:07,  5.21it/s]
Extract:  35%|###5      | 21/60 [00:05<00:08,  4.41it/s]
Extract:  37%|###6      | 22/60 [00:05<00:09,  4.21it/s]
Extract:  38%|###8      | 23/60 [00:06<00:09,  4.08it/s]
Extract:  40%|####      | 24/60 [00:06<00:07,  4.63it/s]
Extract:  43%|####3     | 26/60 [00:06<00:05,  6.19it/s]
Extract:  45%|####5     | 27/60 [00:07<00:09,  3.58it/s]
Extract:  48%|####8     | 29/60 [00:07<00:06,  4.69it/s]
Extract:  50%|#####     | 30/60 [00:07<00:06,  4.65it/s]
Extract:  52%|#####1    | 31/60 [00:07<00:06,  4.50it/s]
Extract:  53%|#####3    | 32/60 [00:07<00:05,  5.17it/s]
Extract:  58%|#####8    | 35/60 [00:08<00:03,  7.66it/s]
Extract:  62%|######1   | 37/60 [00:08<00:03,  6.84it/s]
Extract:  63%|######3   | 38/60 [00:08<00:03,  6.41it/s]
Extract:  67%|######6   | 40/60 [00:08<00:02,  6.78it/s]
Extract:  68%|######8   | 41/60 [00:09<00:02,  6.88it/s]
Extract:  70%|#######   | 42/60 [00:09<00:04,  3.82it/s]
Extract:  72%|#######1  | 43/60 [00:10<00:05,  3.04it/s]
Extract:  75%|#######5  | 45/60 [00:10<00:03,  4.52it/s]
Extract:  77%|#######6  | 46/60 [00:10<00:02,  5.12it/s]
Extract:  78%|#######8  | 47/60 [00:10<00:02,  4.65it/s]
Extract:  82%|########1 | 49/60 [00:10<00:01,  6.26it/s]
Extract:  83%|########3 | 50/60 [00:11<00:02,  3.83it/s]
Extract:  85%|########5 | 51/60 [00:11<00:02,  3.31it/s]
Extract:  87%|########6 | 52/60 [00:12<00:03,  2.65it/s]
Extract:  90%|######### | 54/60 [00:12<00:01,  3.20it/s]
Extract:  92%|#########1| 55/60 [00:13<00:01,  3.12it/s]
Extract:  93%|#########3| 56/60 [00:13<00:01,  3.70it/s]
Extract:  97%|#########6| 58/60 [00:13<00:00,  4.20it/s]
Extract:  98%|#########8| 59/60 [00:14<00:00,  4.23it/s]
Extract: 100%|##########| 60/60 [00:14<00:00,  3.79it/s]
Extract: 100%|##########| 60/60 [00:14<00:00,  4.16it/s]

Extract:   0%|          | 0/60 [00:00<?, ?it/s]
Extract:   3%|3         | 2/60 [00:00<00:03, 15.93it/s]
Extract:   7%|6         | 4/60 [00:00<00:08,  6.75it/s]
Extract:   8%|8         | 5/60 [00:00<00:08,  6.50it/s]
Extract:  10%|#         | 6/60 [00:00<00:08,  6.62it/s]
Extract:  12%|#1        | 7/60 [00:01<00:11,  4.76it/s]
Extract:  13%|#3        | 8/60 [00:01<00:13,  3.83it/s]
Extract:  15%|#5        | 9/60 [00:01<00:13,  3.80it/s]
Extract:  17%|#6        | 10/60 [00:02<00:12,  4.10it/s]
Extract:  18%|#8        | 11/60 [00:02<00:11,  4.21it/s]
Extract:  20%|##        | 12/60 [00:02<00:15,  3.06it/s]
Extract:  23%|##3       | 14/60 [00:03<00:15,  2.92it/s]
Extract:  25%|##5       | 15/60 [00:04<00:17,  2.53it/s]
Extract:  27%|##6       | 16/60 [00:04<00:15,  2.89it/s]
Extract:  30%|###       | 18/60 [00:04<00:09,  4.34it/s]
Extract:  33%|###3      | 20/60 [00:04<00:06,  5.79it/s]
Extract:  35%|###5      | 21/60 [00:05<00:10,  3.83it/s]
Extract:  37%|###6      | 22/60 [00:05<00:09,  4.03it/s]
Extract:  38%|###8      | 23/60 [00:05<00:09,  4.01it/s]
Extract:  40%|####      | 24/60 [00:05<00:08,  4.03it/s]
Extract:  43%|####3     | 26/60 [00:06<00:06,  5.52it/s]
Extract:  45%|####5     | 27/60 [00:06<00:08,  3.67it/s]
Extract:  47%|####6     | 28/60 [00:06<00:07,  4.26it/s]
Extract:  48%|####8     | 29/60 [00:06<00:06,  4.55it/s]
Extract:  50%|#####     | 30/60 [00:07<00:06,  4.58it/s]
Extract:  52%|#####1    | 31/60 [00:07<00:06,  4.36it/s]
Extract:  55%|#####5    | 33/60 [00:07<00:04,  6.66it/s]
Extract:  58%|#####8    | 35/60 [00:07<00:02,  8.48it/s]
Extract:  62%|######1   | 37/60 [00:07<00:02,  9.57it/s]
Extract:  67%|######6   | 40/60 [00:08<00:01, 11.58it/s]
Extract:  70%|#######   | 42/60 [00:08<00:02,  6.19it/s]
Extract:  72%|#######1  | 43/60 [00:09<00:03,  5.17it/s]
Extract:  77%|#######6  | 46/60 [00:09<00:01,  7.76it/s]
Extract:  80%|########  | 48/60 [00:09<00:01,  9.37it/s]
Extract:  83%|########3 | 50/60 [00:09<00:01,  7.78it/s]
Extract:  87%|########6 | 52/60 [00:10<00:01,  6.45it/s]
Extract:  90%|######### | 54/60 [00:10<00:00,  7.28it/s]
Extract:  92%|#########1| 55/60 [00:10<00:00,  7.20it/s]
Extract:  95%|#########5| 57/60 [00:10<00:00,  9.12it/s]
Extract:  98%|#########8| 59/60 [00:10<00:00,  8.50it/s]
Extract: 100%|##########| 60/60 [00:10<00:00,  5.46it/s]

Extract:   0%|          | 0/60 [00:00<?, ?it/s]
Extract:   3%|3         | 2/60 [00:00<00:07,  7.63it/s]
Extract:   5%|5         | 3/60 [00:00<00:09,  6.19it/s]
Extract:   7%|6         | 4/60 [00:00<00:13,  4.25it/s]
Extract:   8%|8         | 5/60 [00:00<00:10,  5.12it/s]
Extract:  10%|#         | 6/60 [00:01<00:09,  5.93it/s]
Extract:  12%|#1        | 7/60 [00:01<00:10,  5.25it/s]
Extract:  13%|#3        | 8/60 [00:01<00:11,  4.44it/s]
Extract:  15%|#5        | 9/60 [00:01<00:12,  4.16it/s]
Extract:  17%|#6        | 10/60 [00:02<00:11,  4.28it/s]
Extract:  18%|#8        | 11/60 [00:02<00:09,  5.02it/s]
Extract:  20%|##        | 12/60 [00:02<00:11,  4.00it/s]
Extract:  23%|##3       | 14/60 [00:02<00:09,  4.67it/s]
Extract:  25%|##5       | 15/60 [00:03<00:10,  4.19it/s]
Extract:  28%|##8       | 17/60 [00:03<00:07,  5.99it/s]
Extract:  33%|###3      | 20/60 [00:03<00:04,  9.60it/s]
Extract:  37%|###6      | 22/60 [00:04<00:08,  4.50it/s]
Extract:  40%|####      | 24/60 [00:05<00:09,  3.99it/s]
Extract:  43%|####3     | 26/60 [00:05<00:06,  4.89it/s]
Extract:  45%|####5     | 27/60 [00:05<00:08,  3.67it/s]
Extract:  48%|####8     | 29/60 [00:06<00:06,  4.57it/s]
Extract:  50%|#####     | 30/60 [00:06<00:06,  4.44it/s]
Extract:  52%|#####1    | 31/60 [00:06<00:07,  4.06it/s]
Extract:  53%|#####3    | 32/60 [00:06<00:06,  4.22it/s]
Extract:  57%|#####6    | 34/60 [00:06<00:04,  6.08it/s]
Extract:  58%|#####8    | 35/60 [00:07<00:03,  6.48it/s]
Extract:  62%|######1   | 37/60 [00:07<00:03,  6.44it/s]
Extract:  63%|######3   | 38/60 [00:07<00:03,  6.42it/s]
Extract:  67%|######6   | 40/60 [00:07<00:02,  7.49it/s]
Extract:  68%|######8   | 41/60 [00:07<00:02,  7.83it/s]
Extract:  70%|#######   | 42/60 [00:08<00:04,  4.20it/s]
Extract:  72%|#######1  | 43/60 [00:08<00:05,  3.32it/s]
Extract:  75%|#######5  | 45/60 [00:09<00:03,  4.91it/s]
Extract:  77%|#######6  | 46/60 [00:09<00:03,  4.60it/s]
Extract:  78%|#######8  | 47/60 [00:09<00:02,  4.68it/s]
Extract:  82%|########1 | 49/60 [00:09<00:01,  6.28it/s]
Extract:  83%|########3 | 50/60 [00:10<00:02,  4.04it/s]
Extract:  85%|########5 | 51/60 [00:10<00:02,  3.48it/s]
Extract:  87%|########6 | 52/60 [00:11<00:02,  3.14it/s]
Extract:  90%|######### | 54/60 [00:11<00:01,  3.98it/s]
Extract:  92%|#########1| 55/60 [00:11<00:01,  3.85it/s]
Extract:  95%|#########5| 57/60 [00:11<00:00,  5.51it/s]
Extract:  97%|#########6| 58/60 [00:11<00:00,  5.59it/s]
Extract:  98%|#########8| 59/60 [00:12<00:00,  5.74it/s]
Extract: 100%|##########| 60/60 [00:12<00:00,  4.91it/s]
Extract: 100%|##########| 60/60 [00:12<00:00,  4.82it/s]

Extract:   0%|          | 0/60 [00:00<?, ?it/s]
Extract:   5%|5         | 3/60 [00:00<00:03, 18.33it/s]
Extract:   8%|8         | 5/60 [00:00<00:05, 10.83it/s]
Extract:  12%|#1        | 7/60 [00:00<00:07,  6.92it/s]
Extract:  13%|#3        | 8/60 [00:01<00:10,  5.06it/s]
Extract:  15%|#5        | 9/60 [00:01<00:11,  4.27it/s]
Extract:  17%|#6        | 10/60 [00:01<00:12,  3.90it/s]
Extract:  18%|#8        | 11/60 [00:02<00:13,  3.66it/s]
Extract:  20%|##        | 12/60 [00:03<00:21,  2.26it/s]
Extract:  22%|##1       | 13/60 [00:03<00:17,  2.65it/s]
Extract:  23%|##3       | 14/60 [00:04<00:23,  1.97it/s]
Extract:  25%|##5       | 15/60 [00:04<00:23,  1.89it/s]
Extract:  27%|##6       | 16/60 [00:04<00:18,  2.34it/s]
Extract:  33%|###3      | 20/60 [00:05<00:07,  5.56it/s]
Extract:  37%|###6      | 22/60 [00:05<00:07,  4.90it/s]
Extract:  38%|###8      | 23/60 [00:05<00:07,  4.77it/s]
Extract:  40%|####      | 24/60 [00:05<00:06,  5.18it/s]
Extract:  43%|####3     | 26/60 [00:06<00:05,  5.85it/s]
Extract:  45%|####5     | 27/60 [00:06<00:09,  3.47it/s]
Extract:  47%|####6     | 28/60 [00:07<00:07,  4.06it/s]
Extract:  48%|####8     | 29/60 [00:07<00:06,  4.43it/s]
Extract:  50%|#####     | 30/60 [00:07<00:06,  4.49it/s]
Extract:  52%|#####1    | 31/60 [00:07<00:06,  4.36it/s]
Extract:  57%|#####6    | 34/60 [00:07<00:03,  7.72it/s]
Extract:  60%|######    | 36/60 [00:07<00:02,  9.13it/s]
Extract:  63%|######3   | 38/60 [00:08<00:02,  8.97it/s]
Extract:  67%|######6   | 40/60 [00:08<00:02,  9.95it/s]
Extract:  70%|#######   | 42/60 [00:09<00:03,  5.49it/s]
Extract:  72%|#######1  | 43/60 [00:09<00:03,  4.33it/s]
Extract:  75%|#######5  | 45/60 [00:09<00:02,  5.81it/s]
Extract:  78%|#######8  | 47/60 [00:09<00:02,  6.01it/s]
Extract:  82%|########1 | 49/60 [00:10<00:01,  7.45it/s]
Extract:  85%|########5 | 51/60 [00:10<00:02,  4.49it/s]
Extract:  87%|########6 | 52/60 [00:11<00:02,  3.76it/s]
Extract:  90%|######### | 54/60 [00:11<00:01,  4.12it/s]
Extract:  92%|#########1| 55/60 [00:12<00:01,  3.98it/s]
Extract:  93%|#########3| 56/60 [00:12<00:00,  4.52it/s]
Extract:  97%|#########6| 58/60 [00:12<00:00,  5.21it/s]
Extract:  98%|#########8| 59/60 [00:12<00:00,  5.36it/s]
Extract: 100%|##########| 60/60 [00:12<00:00,  4.98it/s]
Extract: 100%|##########| 60/60 [00:12<00:00,  4.67it/s]

Extract:   0%|          | 0/60 [00:00<?, ?it/s]
Extract:   3%|3         | 2/60 [00:00<00:04, 11.84it/s]
Extract:   7%|6         | 4/60 [00:00<00:09,  6.11it/s]
Extract:   8%|8         | 5/60 [00:00<00:09,  5.64it/s]
Extract:  10%|#         | 6/60 [00:00<00:09,  5.76it/s]
Extract:  12%|#1        | 7/60 [00:01<00:12,  4.39it/s]
Extract:  13%|#3        | 8/60 [00:01<00:14,  3.62it/s]
Extract:  15%|#5        | 9/60 [00:02<00:15,  3.31it/s]
Extract:  17%|#6        | 10/60 [00:02<00:15,  3.14it/s]
Extract:  18%|#8        | 11/60 [00:02<00:14,  3.45it/s]
Extract:  20%|##        | 12/60 [00:03<00:16,  2.95it/s]
Extract:  22%|##1       | 13/60 [00:03<00:14,  3.21it/s]
Extract:  23%|##3       | 14/60 [00:04<00:18,  2.43it/s]
Extract:  25%|##5       | 15/60 [00:04<00:21,  2.05it/s]
Extract:  27%|##6       | 16/60 [00:04<00:18,  2.41it/s]
Extract:  30%|###       | 18/60 [00:05<00:10,  3.98it/s]
Extract:  33%|###3      | 20/60 [00:05<00:07,  5.53it/s]
Extract:  35%|###5      | 21/60 [00:05<00:10,  3.63it/s]
Extract:  37%|###6      | 22/60 [00:06<00:10,  3.52it/s]
Extract:  38%|###8      | 23/60 [00:06<00:11,  3.18it/s]
Extract:  40%|####      | 24/60 [00:06<00:10,  3.56it/s]
Extract:  43%|####3     | 26/60 [00:06<00:07,  4.59it/s]
Extract:  45%|####5     | 27/60 [00:07<00:09,  3.56it/s]
Extract:  48%|####8     | 29/60 [00:07<00:06,  4.70it/s]
Extract:  50%|#####     | 30/60 [00:08<00:07,  4.19it/s]
Extract:  52%|#####1    | 31/60 [00:08<00:06,  4.58it/s]
Extract:  55%|#####5    | 33/60 [00:08<00:04,  6.62it/s]
Extract:  58%|#####8    | 35/60 [00:08<00:03,  7.59it/s]
Extract:  60%|######    | 36/60 [00:08<00:03,  7.80it/s]
Extract:  62%|######1   | 37/60 [00:08<00:03,  6.14it/s]
Extract:  63%|######3   | 38/60 [00:09<00:03,  6.19it/s]
Extract:  67%|######6   | 40/60 [00:09<00:02,  6.86it/s]
Extract:  68%|######8   | 41/60 [00:09<00:02,  6.96it/s]
Extract:  70%|#######   | 42/60 [00:10<00:04,  3.76it/s]
Extract:  72%|#######1  | 43/60 [00:10<00:06,  2.79it/s]
Extract:  75%|#######5  | 45/60 [00:10<00:03,  4.16it/s]
Extract:  77%|#######6  | 46/60 [00:10<00:02,  4.80it/s]
Extract:  78%|#######8  | 47/60 [00:11<00:02,  4.54it/s]
Extract:  82%|########1 | 49/60 [00:11<00:01,  6.29it/s]
Extract:  83%|########3 | 50/60 [00:11<00:02,  4.20it/s]
Extract:  85%|########5 | 51/60 [00:12<00:02,  3.59it/s]
Extract:  87%|########6 | 52/60 [00:12<00:02,  3.18it/s]
Extract:  90%|######### | 54/60 [00:13<00:01,  3.38it/s]
Extract:  92%|#########1| 55/60 [00:13<00:01,  3.53it/s]
Extract:  93%|#########3| 56/60 [00:13<00:01,  3.97it/s]
Extract:  97%|#########6| 58/60 [00:13<00:00,  4.63it/s]
Extract:  98%|#########8| 59/60 [00:14<00:00,  4.40it/s]
Extract: 100%|##########| 60/60 [00:14<00:00,  3.66it/s]
Extract: 100%|##########| 60/60 [00:14<00:00,  4.11it/s]

Extract:   0%|          | 0/60 [00:00<?, ?it/s]
Extract:   3%|3         | 2/60 [00:00<00:06,  8.77it/s]
Extract:   5%|5         | 3/60 [00:00<00:09,  6.22it/s]
Extract:   7%|6         | 4/60 [00:00<00:13,  4.07it/s]
Extract:   8%|8         | 5/60 [00:01<00:14,  3.84it/s]
Extract:  10%|#         | 6/60 [00:01<00:16,  3.26it/s]
Extract:  12%|#1        | 7/60 [00:01<00:18,  2.85it/s]
Extract:  13%|#3        | 8/60 [00:02<00:19,  2.63it/s]
Extract:  15%|#5        | 9/60 [00:02<00:20,  2.55it/s]
Extract:  17%|#6        | 10/60 [00:03<00:18,  2.65it/s]
Extract:  18%|#8        | 11/60 [00:03<00:18,  2.63it/s]
Extract:  20%|##        | 12/60 [00:04<00:20,  2.30it/s]
Extract:  22%|##1       | 13/60 [00:04<00:16,  2.84it/s]
Extract:  23%|##3       | 14/60 [00:04<00:19,  2.34it/s]
Extract:  25%|##5       | 15/60 [00:05<00:21,  2.13it/s]
Extract:  27%|##6       | 16/60 [00:05<00:16,  2.63it/s]
Extract:  30%|###       | 18/60 [00:05<00:09,  4.37it/s]
Extract:  33%|###3      | 20/60 [00:05<00:07,  5.56it/s]
Extract:  35%|###5      | 21/60 [00:06<00:11,  3.30it/s]
Extract:  37%|###6      | 22/60 [00:06<00:11,  3.35it/s]
Extract:  38%|###8      | 23/60 [00:07<00:11,  3.09it/s]
Extract:  40%|####      | 24/60 [00:07<00:11,  3.05it/s]
Extract:  43%|####3     | 26/60 [00:07<00:07,  4.55it/s]
Extract:  45%|####5     | 27/60 [00:08<00:11,  2.83it/s]
Extract:  47%|####6     | 28/60 [00:08<00:09,  3.26it/s]
Extract:  48%|####8     | 29/60 [00:08<00:08,  3.79it/s]
Extract:  50%|#####     | 30/60 [00:09<00:07,  4.04it/s]
Extract:  52%|#####1    | 31/60 [00:09<00:07,  4.02it/s]
Extract:  53%|#####3    | 32/60 [00:09<00:05,  4.80it/s]
Extract:  57%|#####6    | 34/60 [00:09<00:03,  7.23it/s]
Extract:  60%|######    | 36/60 [00:09<00:02,  8.32it/s]
Extract:  63%|######3   | 38/60 [00:10<00:03,  6.62it/s]
Extract:  67%|######6   | 40/60 [00:10<00:02,  7.37it/s]
Extract:  68%|######8   | 41/60 [00:10<00:02,  6.36it/s]
Extract:  70%|#######   | 42/60 [00:11<00:04,  4.04it/s]
Extract:  72%|#######1  | 43/60 [00:11<00:05,  3.31it/s]
Extract:  75%|#######5  | 45/60 [00:11<00:03,  4.88it/s]
Extract:  77%|#######6  | 46/60 [00:11<00:02,  5.51it/s]
Extract:  78%|#######8  | 47/60 [00:12<00:02,  5.37it/s]
Extract:  82%|########1 | 49/60 [00:12<00:01,  7.38it/s]
Extract:  85%|########5 | 51/60 [00:13<00:02,  3.97it/s]
Extract:  87%|########6 | 52/60 [00:13<00:02,  3.76it/s]
Extract:  90%|######### | 54/60 [00:13<00:01,  4.21it/s]
Extract:  92%|#########1| 55/60 [00:14<00:01,  4.08it/s]
Extract:  93%|#########3| 56/60 [00:14<00:00,  4.62it/s]
Extract:  97%|#########6| 58/60 [00:14<00:00,  5.21it/s]
Extract:  98%|#########8| 59/60 [00:14<00:00,  4.73it/s]
Extract: 100%|##########| 60/60 [00:15<00:00,  3.42it/s]
Extract: 100%|##########| 60/60 [00:15<00:00,  3.89it/s]

Extract:   0%|          | 0/60 [00:00<?, ?it/s]
Extract:   3%|3         | 2/60 [00:00<00:05, 10.16it/s]
Extract:   7%|6         | 4/60 [00:00<00:09,  5.85it/s]
Extract:   8%|8         | 5/60 [00:00<00:09,  5.78it/s]
Extract:  10%|#         | 6/60 [00:00<00:09,  6.00it/s]
Extract:  12%|#1        | 7/60 [00:01<00:10,  4.98it/s]
Extract:  13%|#3        | 8/60 [00:01<00:12,  4.04it/s]
Extract:  15%|#5        | 9/60 [00:01<00:13,  3.81it/s]
Extract:  17%|#6        | 10/60 [00:02<00:12,  4.10it/s]
Extract:  18%|#8        | 11/60 [00:02<00:11,  4.18it/s]
Extract:  20%|##        | 12/60 [00:02<00:13,  3.55it/s]
Extract:  22%|##1       | 13/60 [00:02<00:11,  4.06it/s]
Extract:  23%|##3       | 14/60 [00:03<00:15,  2.88it/s]
Extract:  25%|##5       | 15/60 [00:03<00:17,  2.56it/s]
Extract:  27%|##6       | 16/60 [00:04<00:14,  3.10it/s]
Extract:  32%|###1      | 19/60 [00:04<00:07,  5.79it/s]
Extract:  33%|###3      | 20/60 [00:04<00:06,  6.24it/s]
Extract:  35%|###5      | 21/60 [00:04<00:09,  4.17it/s]
Extract:  37%|###6      | 22/60 [00:05<00:09,  4.09it/s]
Extract:  38%|###8      | 23/60 [00:05<00:09,  4.01it/s]
Extract:  40%|####      | 24/60 [00:05<00:08,  4.43it/s]
Extract:  43%|####3     | 26/60 [00:05<00:05,  6.14it/s]
Extract:  45%|####5     | 27/60 [00:06<00:09,  3.43it/s]
Extract:  47%|####6     | 28/60 [00:06<00:08,  3.93it/s]
Extract:  48%|####8     | 29/60 [00:06<00:07,  4.13it/s]
Extract:  50%|#####     | 30/60 [00:07<00:07,  3.89it/s]
Extract:  52%|#####1    | 31/60 [00:07<00:08,  3.39it/s]
Extract:  53%|#####3    | 32/60 [00:07<00:07,  3.66it/s]
Extract:  57%|#####6    | 34/60 [00:07<00:04,  5.33it/s]
Extract:  58%|#####8    | 35/60 [00:07<00:04,  5.90it/s]
Extract:  62%|######1   | 37/60 [00:08<00:04,  5.37it/s]
Extract:  63%|######3   | 38/60 [00:08<00:04,  5.39it/s]
Extract:  67%|######6   | 40/60 [00:08<00:03,  6.07it/s]
Extract:  68%|######8   | 41/60 [00:09<00:03,  5.83it/s]
Extract:  70%|#######   | 42/60 [00:09<00:05,  3.37it/s]
Extract:  72%|#######1  | 43/60 [00:10<00:07,  2.39it/s]
Extract:  75%|#######5  | 45/60 [00:10<00:04,  3.53it/s]
Extract:  77%|#######6  | 46/60 [00:10<00:03,  4.05it/s]
Extract:  78%|#######8  | 47/60 [00:11<00:05,  2.47it/s]
Extract:  80%|########  | 48/60 [00:11<00:03,  3.07it/s]
Extract:  82%|########1 | 49/60 [00:12<00:03,  2.94it/s]
Extract:  83%|########3 | 50/60 [00:13<00:06,  1.58it/s]
Extract:  85%|########5 | 51/60 [00:14<00:05,  1.55it/s]
Extract:  87%|########6 | 52/60 [00:14<00:05,  1.60it/s]
Extract:  90%|######### | 54/60 [00:15<00:02,  2.12it/s]
Extract:  92%|#########1| 55/60 [00:16<00:02,  1.90it/s]
Extract:  93%|#########3| 56/60 [00:16<00:01,  2.34it/s]
Extract:  97%|#########6| 58/60 [00:16<00:00,  3.13it/s]
Extract:  98%|#########8| 59/60 [00:16<00:00,  3.22it/s]
Extract: 100%|##########| 60/60 [00:17<00:00,  2.80it/s]
Extract: 100%|##########| 60/60 [00:17<00:00,  3.45it/s]

Extract:   0%|          | 0/60 [00:00<?, ?it/s]
Extract:   2%|1         | 1/60 [00:00<00:06,  9.38it/s]
Extract:   3%|3         | 2/60 [00:00<00:06,  8.29it/s]
Extract:   5%|5         | 3/60 [00:00<00:09,  5.88it/s]
Extract:   7%|6         | 4/60 [00:00<00:13,  4.24it/s]
Extract:   8%|8         | 5/60 [00:01<00:13,  3.97it/s]
Extract:  10%|#         | 6/60 [00:01<00:14,  3.74it/s]
Extract:  12%|#1        | 7/60 [00:02<00:25,  2.11it/s]
Extract:  13%|#3        | 8/60 [00:02<00:26,  1.98it/s]
Extract:  15%|#5        | 9/60 [00:03<00:25,  2.00it/s]
Extract:  17%|#6        | 10/60 [00:03<00:22,  2.22it/s]
Extract:  18%|#8        | 11/60 [00:04<00:22,  2.17it/s]
Extract:  20%|##        | 12/60 [00:04<00:26,  1.82it/s]
Extract:  22%|##1       | 13/60 [00:05<00:21,  2.18it/s]
Extract:  23%|##3       | 14/60 [00:05<00:25,  1.84it/s]
Extract:  25%|##5       | 15/60 [00:07<00:34,  1.30it/s]
Extract:  27%|##6       | 16/60 [00:08<00:35,  1.24it/s]
Extract:  28%|##8       | 17/60 [00:08<00:27,  1.55it/s]
Extract:  30%|###       | 18/60 [00:08<00:21,  1.95it/s]
Extract:  32%|###1      | 19/60 [00:08<00:16,  2.48it/s]
Extract:  33%|###3      | 20/60 [00:08<00:13,  3.06it/s]
Extract:  35%|###5      | 21/60 [00:09<00:19,  1.99it/s]
Extract:  37%|###6      | 22/60 [00:10<00:16,  2.29it/s]
Extract:  38%|###8      | 23/60 [00:10<00:17,  2.14it/s]
Extract:  40%|####      | 24/60 [00:11<00:21,  1.68it/s]
Extract:  43%|####3     | 26/60 [00:11<00:13,  2.47it/s]
Extract:  45%|####5     | 27/60 [00:13<00:25,  1.30it/s]
Extract:  47%|####6     | 28/60 [00:14<00:22,  1.43it/s]
Extract:  48%|####8     | 29/60 [00:14<00:18,  1.72it/s]
Extract:  50%|#####     | 30/60 [00:14<00:16,  1.84it/s]
Extract:  52%|#####1    | 31/60 [00:15<00:15,  1.83it/s]
Extract:  53%|#####3    | 32/60 [00:15<00:12,  2.19it/s]
Extract:  57%|#####6    | 34/60 [00:15<00:07,  3.38it/s]
Extract:  58%|#####8    | 35/60 [00:16<00:06,  3.70it/s]
Extract:  60%|######    | 36/60 [00:16<00:06,  3.91it/s]
Extract:  62%|######1   | 37/60 [00:16<00:06,  3.31it/s]
Extract:  63%|######3   | 38/60 [00:17<00:07,  2.97it/s]
Extract:  65%|######5   | 39/60 [00:17<00:06,  3.47it/s]
Extract:  67%|######6   | 40/60 [00:17<00:05,  3.35it/s]
Extract:  68%|######8   | 41/60 [00:17<00:05,  3.62it/s]
Extract:  70%|#######   | 42/60 [00:19<00:10,  1.71it/s]
Extract:  72%|#######1  | 43/60 [00:20<00:11,  1.43it/s]
Extract:  75%|#######5  | 45/60 [00:20<00:06,  2.32it/s]
Extract:  77%|#######6  | 46/60 [00:20<00:05,  2.73it/s]
Extract:  78%|#######8  | 47/60 [00:20<00:04,  2.96it/s]
Extract:  82%|########1 | 49/60 [00:21<00:02,  3.90it/s]
Extract:  83%|########3 | 50/60 [00:22<00:04,  2.03it/s]
Extract:  85%|########5 | 51/60 [00:23<00:06,  1.47it/s]
Extract:  87%|########6 | 52/60 [00:24<00:05,  1.51it/s]
Extract:  88%|########8 | 53/60 [00:24<00:03,  1.96it/s]
Extract:  90%|######### | 54/60 [00:25<00:03,  1.63it/s]
Extract:  92%|#########1| 55/60 [00:26<00:03,  1.50it/s]
Extract:  93%|#########3| 56/60 [00:26<00:02,  1.64it/s]
Extract:  95%|#########5| 57/60 [00:26<00:01,  1.99it/s]
Extract:  97%|#########6| 58/60 [00:27<00:01,  1.73it/s]
Extract:  98%|#########8| 59/60 [00:27<00:00,  1.85it/s]
Extract: 100%|##########| 60/60 [00:28<00:00,  1.66it/s]
Extract: 100%|##########| 60/60 [00:28<00:00,  2.09it/s]

Extract:   0%|          | 0/60 [00:00<?, ?it/s]
Extract:   2%|1         | 1/60 [00:00<00:06,  8.52it/s]
Extract:   3%|3         | 2/60 [00:00<00:07,  7.68it/s]
Extract:   5%|5         | 3/60 [00:00<00:08,  6.70it/s]
Extract:   7%|6         | 4/60 [00:00<00:12,  4.36it/s]
Extract:   8%|8         | 5/60 [00:01<00:12,  4.29it/s]
Extract:  10%|#         | 6/60 [00:01<00:11,  4.56it/s]
Extract:  12%|#1        | 7/60 [00:01<00:14,  3.60it/s]
Extract:  13%|#3        | 8/60 [00:02<00:18,  2.86it/s]
Extract:  15%|#5        | 9/60 [00:02<00:18,  2.71it/s]
Extract:  17%|#6        | 10/60 [00:03<00:23,  2.15it/s]
Extract:  18%|#8        | 11/60 [00:03<00:20,  2.35it/s]
Extract:  20%|##        | 12/60 [00:04<00:26,  1.82it/s]
Extract:  22%|##1       | 13/60 [00:04<00:20,  2.30it/s]
Extract:  23%|##3       | 14/60 [00:05<00:22,  2.03it/s]
Extract:  25%|##5       | 15/60 [00:05<00:24,  1.84it/s]
Extract:  27%|##6       | 16/60 [00:06<00:19,  2.21it/s]
Extract:  28%|##8       | 17/60 [00:06<00:15,  2.83it/s]
Extract:  32%|###1      | 19/60 [00:06<00:09,  4.47it/s]
Extract:  33%|###3      | 20/60 [00:06<00:08,  4.94it/s]
Extract:  35%|###5      | 21/60 [00:07<00:13,  2.88it/s]
Extract:  37%|###6      | 22/60 [00:08<00:18,  2.05it/s]
Extract:  38%|###8      | 23/60 [00:08<00:16,  2.21it/s]
Extract:  40%|####      | 24/60 [00:08<00:15,  2.40it/s]
Extract:  43%|####3     | 26/60 [00:09<00:09,  3.49it/s]
Extract:  45%|####5     | 27/60 [00:09<00:14,  2.32it/s]
Extract:  47%|####6     | 28/60 [00:10<00:11,  2.75it/s]
Extract:  48%|####8     | 29/60 [00:10<00:09,  3.12it/s]
Extract:  50%|#####     | 30/60 [00:10<00:09,  3.25it/s]
Extract:  52%|#####1    | 31/60 [00:11<00:10,  2.88it/s]
Extract:  53%|#####3    | 32/60 [00:11<00:07,  3.55it/s]
Extract:  57%|#####6    | 34/60 [00:11<00:04,  5.41it/s]
Extract:  58%|#####8    | 35/60 [00:11<00:04,  5.74it/s]
Extract:  62%|######1   | 37/60 [00:11<00:04,  5.04it/s]
Extract:  63%|######3   | 38/60 [00:12<00:04,  4.82it/s]
Extract:  65%|######5   | 39/60 [00:12<00:03,  5.48it/s]
Extract:  67%|######6   | 40/60 [00:12<00:03,  5.10it/s]
Extract:  68%|######8   | 41/60 [00:12<00:03,  4.80it/s]
Extract:  70%|#######   | 42/60 [00:13<00:08,  2.18it/s]
Extract:  72%|#######1  | 43/60 [00:14<00:08,  1.89it/s]
Extract:  75%|#######5  | 45/60 [00:14<00:05,  2.91it/s]
Extract:  77%|#######6  | 46/60 [00:14<00:04,  3.34it/s]
Extract:  78%|#######8  | 47/60 [00:15<00:03,  3.32it/s]
Extract:  82%|########1 | 49/60 [00:15<00:02,  4.49it/s]
Extract:  83%|########3 | 50/60 [00:16<00:03,  2.98it/s]
Extract:  85%|########5 | 51/60 [00:16<00:03,  2.55it/s]
Extract:  87%|########6 | 52/60 [00:17<00:03,  2.07it/s]
Extract:  90%|######### | 54/60 [00:17<00:02,  2.61it/s]
Extract:  92%|#########1| 55/60 [00:18<00:01,  2.61it/s]
Extract:  93%|#########3| 56/60 [00:18<00:01,  2.99it/s]
Extract:  97%|#########6| 58/60 [00:19<00:00,  3.33it/s]
Extract:  98%|#########8| 59/60 [00:19<00:00,  3.30it/s]
Extract: 100%|##########| 60/60 [00:19<00:00,  2.82it/s]
Extract: 100%|##########| 60/60 [00:19<00:00,  3.02it/s]

Extract:   0%|          | 0/60 [00:00<?, ?it/s]
Extract:   2%|1         | 1/60 [00:00<00:09,  6.16it/s]
Extract:   3%|3         | 2/60 [00:00<00:08,  6.94it/s]
Extract:   5%|5         | 3/60 [00:00<00:16,  3.38it/s]
Extract:   7%|6         | 4/60 [00:01<00:17,  3.13it/s]
Extract:   8%|8         | 5/60 [00:01<00:18,  2.92it/s]
Extract:  10%|#         | 6/60 [00:01<00:16,  3.30it/s]
Extract:  12%|#1        | 7/60 [00:02<00:20,  2.54it/s]
Extract:  13%|#3        | 8/60 [00:02<00:24,  2.16it/s]
Extract:  15%|#5        | 9/60 [00:03<00:22,  2.24it/s]
Extract:  17%|#6        | 10/60 [00:03<00:19,  2.58it/s]
Extract:  18%|#8        | 11/60 [00:03<00:19,  2.57it/s]
Extract:  20%|##        | 12/60 [00:04<00:23,  2.06it/s]
Extract:  22%|##1       | 13/60 [00:04<00:19,  2.42it/s]
Extract:  23%|##3       | 14/60 [00:05<00:23,  1.98it/s]
Extract:  25%|##5       | 15/60 [00:06<00:26,  1.73it/s]
Extract:  27%|##6       | 16/60 [00:06<00:21,  2.04it/s]
Extract:  30%|###       | 18/60 [00:06<00:12,  3.41it/s]
Extract:  33%|###3      | 20/60 [00:06<00:08,  4.70it/s]
Extract:  35%|###5      | 21/60 [00:07<00:13,  2.96it/s]
Extract:  37%|###6      | 22/60 [00:08<00:12,  3.08it/s]
Extract:  38%|###8      | 23/60 [00:08<00:12,  2.95it/s]
Extract:  40%|####      | 24/60 [00:08<00:13,  2.71it/s]
Extract:  43%|####3     | 26/60 [00:09<00:09,  3.72it/s]
Extract:  45%|####5     | 27/60 [00:10<00:13,  2.37it/s]
Extract:  47%|####6     | 28/60 [00:10<00:11,  2.85it/s]
Extract:  48%|####8     | 29/60 [00:10<00:09,  3.24it/s]
Extract:  50%|#####     | 30/60 [00:10<00:09,  3.30it/s]
Extract:  52%|#####1    | 31/60 [00:11<00:09,  3.22it/s]
Extract:  53%|#####3    | 32/60 [00:11<00:07,  3.96it/s]
Extract:  57%|#####6    | 34/60 [00:11<00:04,  5.91it/s]
Extract:  58%|#####8    | 35/60 [00:11<00:03,  6.31it/s]
Extract:  62%|######1   | 37/60 [00:11<00:03,  5.76it/s]
Extract:  63%|######3   | 38/60 [00:11<00:03,  5.78it/s]
Extract:  67%|######6   | 40/60 [00:12<00:03,  6.47it/s]
Extract:  68%|######8   | 41/60 [00:12<00:02,  6.44it/s]
Extract:  70%|#######   | 42/60 [00:13<00:05,  3.14it/s]
Extract:  72%|#######1  | 43/60 [00:13<00:06,  2.52it/s]
Extract:  75%|#######5  | 45/60 [00:13<00:03,  3.93it/s]
Extract:  77%|#######6  | 46/60 [00:14<00:03,  4.57it/s]
Extract:  78%|#######8  | 47/60 [00:14<00:02,  4.38it/s]
Extract:  82%|########1 | 49/60 [00:14<00:01,  5.97it/s]
Extract:  83%|########3 | 50/60 [00:15<00:02,  3.71it/s]
Extract:  85%|########5 | 51/60 [00:15<00:03,  2.71it/s]
Extract:  87%|########6 | 52/60 [00:16<00:03,  2.29it/s]
Extract:  90%|######### | 54/60 [00:17<00:02,  2.63it/s]
Extract:  92%|#########1| 55/60 [00:17<00:02,  2.47it/s]
Extract:  93%|#########3| 56/60 [00:17<00:01,  2.91it/s]
Extract:  97%|#########6| 58/60 [00:18<00:00,  3.45it/s]
Extract:  98%|#########8| 59/60 [00:18<00:00,  3.39it/s]
Extract: 100%|##########| 60/60 [00:18<00:00,  2.80it/s]
Extract: 100%|##########| 60/60 [00:18<00:00,  3.17it/s]
