STDOUT

[RUN] baseline

[RUN] higher_quality_wave

[RUN] pullback_conservative

[RUN] faster_rotation

[RUN] tighter_quality

[RUN] auto_006

[RUN] auto_007

[RUN] auto_008

[RUN] auto_009

[RUN] auto_010

[RUN] auto_011

[RUN] auto_012

[RUN] auto_013

[RUN] auto_014

[RUN] auto_015

[RUN] auto_016

[RUN] auto_017

[RUN] auto_018

[RUN] auto_019

[RUN] auto_020

[RUN] auto_021

[RUN] auto_022

[RUN] auto_023

[RUN] auto_024

[RUN] auto_025

[RUN] auto_026

[RUN] auto_027

[RUN] auto_028

[RUN] auto_029

[RUN] auto_030

[DONE]
Summary: output\p3_edge_research\overnight\batch_028\summary.csv
Details: output\p3_edge_research\overnight\batch_028\details.json


STDERR

Extract:   0%|          | 0/60 [00:00<?, ?it/s]
Extract:   2%|1         | 1/60 [00:00<00:15,  3.81it/s]
Extract:   3%|3         | 2/60 [00:00<00:10,  5.71it/s]
Extract:   5%|5         | 3/60 [00:00<00:16,  3.51it/s]
Extract:   7%|6         | 4/60 [00:01<00:16,  3.30it/s]
Extract:   8%|8         | 5/60 [00:01<00:15,  3.51it/s]
Extract:  10%|#         | 6/60 [00:01<00:14,  3.66it/s]
Extract:  12%|#1        | 7/60 [00:01<00:15,  3.47it/s]
Extract:  13%|#3        | 8/60 [00:02<00:18,  2.89it/s]
Extract:  15%|#5        | 9/60 [00:02<00:17,  2.85it/s]
Extract:  17%|#6        | 10/60 [00:03<00:16,  2.96it/s]
Extract:  18%|#8        | 11/60 [00:03<00:16,  2.96it/s]
Extract:  20%|##        | 12/60 [00:04<00:21,  2.21it/s]
Extract:  22%|##1       | 13/60 [00:04<00:17,  2.66it/s]
Extract:  23%|##3       | 14/60 [00:05<00:22,  2.00it/s]
Extract:  25%|##5       | 15/60 [00:06<00:28,  1.56it/s]
Extract:  27%|##6       | 16/60 [00:06<00:23,  1.90it/s]
Extract:  30%|###       | 18/60 [00:06<00:13,  3.22it/s]
Extract:  33%|###3      | 20/60 [00:06<00:08,  4.53it/s]
Extract:  35%|###5      | 21/60 [00:07<00:12,  3.16it/s]
Extract:  37%|###6      | 22/60 [00:07<00:12,  2.98it/s]
Extract:  38%|###8      | 23/60 [00:08<00:13,  2.82it/s]
Extract:  40%|####      | 24/60 [00:08<00:12,  2.93it/s]
Extract:  43%|####3     | 26/60 [00:08<00:08,  4.02it/s]
Extract:  45%|####5     | 27/60 [00:09<00:11,  2.83it/s]
Extract:  47%|####6     | 28/60 [00:09<00:09,  3.29it/s]
Extract:  48%|####8     | 29/60 [00:09<00:08,  3.67it/s]
Extract:  50%|#####     | 30/60 [00:09<00:08,  3.75it/s]
Extract:  52%|#####1    | 31/60 [00:10<00:08,  3.52it/s]
Extract:  53%|#####3    | 32/60 [00:10<00:06,  4.13it/s]
Extract:  57%|#####6    | 34/60 [00:10<00:04,  6.06it/s]
Extract:  58%|#####8    | 35/60 [00:10<00:04,  5.09it/s]
Extract:  60%|######    | 36/60 [00:10<00:04,  5.79it/s]
Extract:  62%|######1   | 37/60 [00:11<00:04,  4.76it/s]
Extract:  63%|######3   | 38/60 [00:11<00:04,  4.85it/s]
Extract:  67%|######6   | 40/60 [00:11<00:03,  6.09it/s]
Extract:  68%|######8   | 41/60 [00:11<00:02,  6.35it/s]
Extract:  70%|#######   | 42/60 [00:12<00:05,  3.24it/s]
Extract:  72%|#######1  | 43/60 [00:13<00:06,  2.50it/s]
Extract:  75%|#######5  | 45/60 [00:13<00:03,  3.93it/s]
Extract:  77%|#######6  | 46/60 [00:13<00:03,  4.56it/s]
Extract:  78%|#######8  | 47/60 [00:13<00:02,  4.38it/s]
Extract:  82%|########1 | 49/60 [00:13<00:02,  5.44it/s]
Extract:  83%|########3 | 50/60 [00:14<00:02,  3.98it/s]
Extract:  85%|########5 | 51/60 [00:14<00:02,  3.36it/s]
Extract:  87%|########6 | 52/60 [00:15<00:02,  3.08it/s]
Extract:  90%|######### | 54/60 [00:15<00:01,  3.67it/s]
Extract:  92%|#########1| 55/60 [00:15<00:01,  3.57it/s]
Extract:  93%|#########3| 56/60 [00:16<00:01,  3.72it/s]
Extract:  95%|#########5| 57/60 [00:16<00:00,  4.07it/s]
Extract:  97%|#########6| 58/60 [00:16<00:00,  3.78it/s]
Extract:  98%|#########8| 59/60 [00:17<00:00,  3.59it/s]
Extract: 100%|##########| 60/60 [00:17<00:00,  2.97it/s]
Extract: 100%|##########| 60/60 [00:17<00:00,  3.43it/s]

Extract:   0%|          | 0/60 [00:00<?, ?it/s]
Extract:   3%|3         | 2/60 [00:00<00:04, 12.15it/s]
Extract:   7%|6         | 4/60 [00:00<00:07,  7.62it/s]
Extract:   8%|8         | 5/60 [00:00<00:07,  7.45it/s]
Extract:  10%|#         | 6/60 [00:00<00:07,  7.16it/s]
Extract:  12%|#1        | 7/60 [00:01<00:10,  5.17it/s]
Extract:  13%|#3        | 8/60 [00:01<00:12,  4.31it/s]
Extract:  15%|#5        | 9/60 [00:01<00:12,  4.20it/s]
Extract:  17%|#6        | 10/60 [00:01<00:11,  4.43it/s]
Extract:  18%|#8        | 11/60 [00:02<00:10,  4.78it/s]
Extract:  20%|##        | 12/60 [00:02<00:12,  3.91it/s]
Extract:  22%|##1       | 13/60 [00:02<00:10,  4.61it/s]
Extract:  23%|##3       | 14/60 [00:02<00:11,  4.01it/s]
Extract:  25%|##5       | 15/60 [00:03<00:17,  2.63it/s]
Extract:  27%|##6       | 16/60 [00:03<00:13,  3.18it/s]
Extract:  30%|###       | 18/60 [00:03<00:08,  5.17it/s]
Extract:  33%|###3      | 20/60 [00:03<00:05,  6.88it/s]
Extract:  37%|###6      | 22/60 [00:04<00:09,  4.20it/s]
Extract:  38%|###8      | 23/60 [00:05<00:08,  4.11it/s]
Extract:  40%|####      | 24/60 [00:05<00:07,  4.57it/s]
Extract:  43%|####3     | 26/60 [00:05<00:05,  6.24it/s]
Extract:  45%|####5     | 27/60 [00:05<00:08,  4.08it/s]
Extract:  48%|####8     | 29/60 [00:06<00:06,  5.13it/s]
Extract:  50%|#####     | 30/60 [00:06<00:05,  5.05it/s]
Extract:  52%|#####1    | 31/60 [00:06<00:05,  4.84it/s]
Extract:  55%|#####5    | 33/60 [00:06<00:03,  6.76it/s]
Extract:  58%|#####8    | 35/60 [00:06<00:03,  7.86it/s]
Extract:  62%|######1   | 37/60 [00:07<00:02,  7.71it/s]
Extract:  63%|######3   | 38/60 [00:07<00:02,  7.90it/s]
Extract:  67%|######6   | 40/60 [00:07<00:02,  8.82it/s]
Extract:  68%|######8   | 41/60 [00:07<00:02,  8.91it/s]
Extract:  70%|#######   | 42/60 [00:07<00:03,  5.35it/s]
Extract:  72%|#######1  | 43/60 [00:08<00:03,  4.47it/s]
Extract:  77%|#######6  | 46/60 [00:08<00:01,  7.35it/s]
Extract:  78%|#######8  | 47/60 [00:08<00:01,  7.29it/s]
Extract:  83%|########3 | 50/60 [00:08<00:01,  7.30it/s]
Extract:  85%|########5 | 51/60 [00:09<00:01,  5.93it/s]
Extract:  87%|########6 | 52/60 [00:09<00:01,  5.40it/s]
Extract:  90%|######### | 54/60 [00:09<00:01,  5.49it/s]
Extract:  92%|#########1| 55/60 [00:10<00:00,  5.54it/s]
Extract:  95%|#########5| 57/60 [00:10<00:00,  7.20it/s]
Extract:  97%|#########6| 58/60 [00:10<00:00,  6.79it/s]
Extract:  98%|#########8| 59/60 [00:10<00:00,  6.56it/s]
Extract: 100%|##########| 60/60 [00:10<00:00,  5.15it/s]
Extract: 100%|##########| 60/60 [00:10<00:00,  5.51it/s]

Extract:   0%|          | 0/60 [00:00<?, ?it/s]
Extract:   3%|3         | 2/60 [00:00<00:03, 16.12it/s]
Extract:   7%|6         | 4/60 [00:00<00:07,  7.31it/s]
Extract:   8%|8         | 5/60 [00:00<00:07,  7.06it/s]
Extract:  10%|#         | 6/60 [00:00<00:07,  6.87it/s]
Extract:  12%|#1        | 7/60 [00:01<00:09,  5.60it/s]
Extract:  13%|#3        | 8/60 [00:01<00:11,  4.55it/s]
Extract:  15%|#5        | 9/60 [00:01<00:12,  4.24it/s]
Extract:  17%|#6        | 10/60 [00:01<00:11,  4.42it/s]
Extract:  18%|#8        | 11/60 [00:02<00:10,  4.46it/s]
Extract:  20%|##        | 12/60 [00:02<00:13,  3.48it/s]
Extract:  23%|##3       | 14/60 [00:02<00:11,  3.99it/s]
Extract:  25%|##5       | 15/60 [00:03<00:15,  2.99it/s]
Extract:  27%|##6       | 16/60 [00:03<00:12,  3.53it/s]
Extract:  32%|###1      | 19/60 [00:03<00:06,  6.37it/s]
Extract:  35%|###5      | 21/60 [00:04<00:07,  5.32it/s]
Extract:  37%|###6      | 22/60 [00:04<00:07,  4.92it/s]
Extract:  38%|###8      | 23/60 [00:04<00:07,  4.78it/s]
Extract:  40%|####      | 24/60 [00:04<00:06,  5.45it/s]
Extract:  43%|####3     | 26/60 [00:05<00:04,  7.52it/s]
Extract:  47%|####6     | 28/60 [00:05<00:05,  5.67it/s]
Extract:  50%|#####     | 30/60 [00:05<00:04,  6.30it/s]
Extract:  52%|#####1    | 31/60 [00:05<00:04,  6.15it/s]
Extract:  57%|#####6    | 34/60 [00:06<00:02,  8.87it/s]
Extract:  60%|######    | 36/60 [00:06<00:02,  8.36it/s]
Extract:  62%|######1   | 37/60 [00:06<00:03,  6.72it/s]
Extract:  63%|######3   | 38/60 [00:06<00:03,  6.63it/s]
Extract:  67%|######6   | 40/60 [00:07<00:02,  7.45it/s]
Extract:  68%|######8   | 41/60 [00:07<00:02,  7.73it/s]
Extract:  70%|#######   | 42/60 [00:07<00:03,  4.56it/s]
Extract:  72%|#######1  | 43/60 [00:08<00:04,  3.53it/s]
Extract:  77%|#######6  | 46/60 [00:08<00:02,  5.86it/s]
Extract:  78%|#######8  | 47/60 [00:08<00:02,  5.74it/s]
Extract:  82%|########1 | 49/60 [00:08<00:01,  7.35it/s]
Extract:  83%|########3 | 50/60 [00:09<00:02,  4.56it/s]
Extract:  85%|########5 | 51/60 [00:09<00:02,  4.16it/s]
Extract:  87%|########6 | 52/60 [00:09<00:02,  3.69it/s]
Extract:  90%|######### | 54/60 [00:10<00:01,  4.05it/s]
Extract:  92%|#########1| 55/60 [00:10<00:01,  4.07it/s]
Extract:  95%|#########5| 57/60 [00:10<00:00,  5.63it/s]
Extract:  97%|#########6| 58/60 [00:11<00:00,  4.76it/s]
Extract:  98%|#########8| 59/60 [00:11<00:00,  4.62it/s]
Extract: 100%|##########| 60/60 [00:11<00:00,  3.89it/s]
Extract: 100%|##########| 60/60 [00:11<00:00,  5.16it/s]

Extract:   0%|          | 0/60 [00:00<?, ?it/s]
Extract:   3%|3         | 2/60 [00:00<00:03, 14.69it/s]
Extract:   7%|6         | 4/60 [00:00<00:07,  7.76it/s]
Extract:   8%|8         | 5/60 [00:00<00:07,  7.22it/s]
Extract:  10%|#         | 6/60 [00:00<00:07,  7.07it/s]
Extract:  12%|#1        | 7/60 [00:01<00:12,  4.30it/s]
Extract:  13%|#3        | 8/60 [00:01<00:14,  3.54it/s]
Extract:  15%|#5        | 9/60 [00:01<00:14,  3.43it/s]
Extract:  17%|#6        | 10/60 [00:02<00:14,  3.44it/s]
Extract:  18%|#8        | 11/60 [00:02<00:13,  3.52it/s]
Extract:  20%|##        | 12/60 [00:02<00:14,  3.29it/s]
Extract:  22%|##1       | 13/60 [00:02<00:11,  3.92it/s]
Extract:  23%|##3       | 14/60 [00:03<00:14,  3.07it/s]
Extract:  25%|##5       | 15/60 [00:03<00:16,  2.77it/s]
Extract:  27%|##6       | 16/60 [00:04<00:12,  3.46it/s]
Extract:  32%|###1      | 19/60 [00:04<00:06,  6.75it/s]
Extract:  35%|###5      | 21/60 [00:04<00:07,  5.49it/s]
Extract:  37%|###6      | 22/60 [00:04<00:06,  5.59it/s]
Extract:  38%|###8      | 23/60 [00:05<00:07,  4.89it/s]
Extract:  40%|####      | 24/60 [00:05<00:07,  4.89it/s]
Extract:  43%|####3     | 26/60 [00:05<00:05,  6.78it/s]
Extract:  45%|####5     | 27/60 [00:06<00:07,  4.17it/s]
Extract:  47%|####6     | 28/60 [00:06<00:07,  4.41it/s]
Extract:  48%|####8     | 29/60 [00:06<00:07,  4.38it/s]
Extract:  50%|#####     | 30/60 [00:06<00:07,  4.20it/s]
Extract:  52%|#####1    | 31/60 [00:07<00:08,  3.60it/s]
Extract:  53%|#####3    | 32/60 [00:07<00:06,  4.16it/s]
Extract:  57%|#####6    | 34/60 [00:07<00:04,  6.03it/s]
Extract:  58%|#####8    | 35/60 [00:07<00:04,  5.89it/s]
Extract:  60%|######    | 36/60 [00:07<00:03,  6.51it/s]
Extract:  62%|######1   | 37/60 [00:07<00:04,  5.08it/s]
Extract:  63%|######3   | 38/60 [00:08<00:05,  4.05it/s]
Extract:  67%|######6   | 40/60 [00:08<00:03,  5.14it/s]
Extract:  68%|######8   | 41/60 [00:08<00:03,  5.11it/s]
Extract:  70%|#######   | 42/60 [00:09<00:05,  3.18it/s]
Extract:  72%|#######1  | 43/60 [00:09<00:06,  2.73it/s]
Extract:  75%|#######5  | 45/60 [00:10<00:03,  4.28it/s]
Extract:  77%|#######6  | 46/60 [00:10<00:02,  4.93it/s]
Extract:  78%|#######8  | 47/60 [00:10<00:02,  4.69it/s]
Extract:  82%|########1 | 49/60 [00:10<00:01,  6.36it/s]
Extract:  83%|########3 | 50/60 [00:11<00:02,  3.68it/s]
Extract:  85%|########5 | 51/60 [00:11<00:02,  3.23it/s]
Extract:  87%|########6 | 52/60 [00:12<00:02,  3.01it/s]
Extract:  90%|######### | 54/60 [00:12<00:01,  3.65it/s]
Extract:  92%|#########1| 55/60 [00:12<00:01,  3.58it/s]
Extract:  93%|#########3| 56/60 [00:12<00:00,  4.08it/s]
Extract:  97%|#########6| 58/60 [00:13<00:00,  3.98it/s]
Extract:  98%|#########8| 59/60 [00:13<00:00,  4.10it/s]
Extract: 100%|##########| 60/60 [00:14<00:00,  3.39it/s]
Extract: 100%|##########| 60/60 [00:14<00:00,  4.26it/s]

Extract:   0%|          | 0/60 [00:00<?, ?it/s]
Extract:   3%|3         | 2/60 [00:00<00:04, 13.97it/s]
Extract:   7%|6         | 4/60 [00:00<00:07,  7.11it/s]
Extract:   8%|8         | 5/60 [00:00<00:07,  6.96it/s]
Extract:  10%|#         | 6/60 [00:00<00:07,  6.80it/s]
Extract:  12%|#1        | 7/60 [00:01<00:12,  4.17it/s]
Extract:  13%|#3        | 8/60 [00:01<00:13,  3.80it/s]
Extract:  15%|#5        | 9/60 [00:01<00:13,  3.76it/s]
Extract:  17%|#6        | 10/60 [00:02<00:12,  3.95it/s]
Extract:  18%|#8        | 11/60 [00:02<00:11,  4.14it/s]
Extract:  20%|##        | 12/60 [00:02<00:14,  3.36it/s]
Extract:  22%|##1       | 13/60 [00:02<00:11,  4.01it/s]
Extract:  23%|##3       | 14/60 [00:03<00:15,  2.88it/s]
Extract:  25%|##5       | 15/60 [00:03<00:17,  2.57it/s]
Extract:  27%|##6       | 16/60 [00:04<00:14,  3.13it/s]
Extract:  32%|###1      | 19/60 [00:04<00:06,  5.99it/s]
Extract:  35%|###5      | 21/60 [00:04<00:07,  5.52it/s]
Extract:  37%|###6      | 22/60 [00:04<00:06,  5.56it/s]
Extract:  38%|###8      | 23/60 [00:05<00:07,  5.26it/s]
Extract:  42%|####1     | 25/60 [00:05<00:04,  7.26it/s]
Extract:  43%|####3     | 26/60 [00:05<00:04,  7.64it/s]
Extract:  45%|####5     | 27/60 [00:05<00:06,  4.76it/s]
Extract:  48%|####8     | 29/60 [00:05<00:05,  6.19it/s]
Extract:  50%|#####     | 30/60 [00:06<00:04,  6.55it/s]
Extract:  52%|#####1    | 31/60 [00:06<00:04,  6.54it/s]
Extract:  55%|#####5    | 33/60 [00:06<00:03,  8.92it/s]
Extract:  58%|#####8    | 35/60 [00:06<00:02,  9.55it/s]
Extract:  62%|######1   | 37/60 [00:06<00:02,  8.42it/s]
Extract:  63%|######3   | 38/60 [00:06<00:02,  8.33it/s]
Extract:  67%|######6   | 40/60 [00:07<00:02,  9.18it/s]
Extract:  68%|######8   | 41/60 [00:07<00:02,  8.94it/s]
Extract:  70%|#######   | 42/60 [00:07<00:03,  5.08it/s]
Extract:  72%|#######1  | 43/60 [00:08<00:04,  3.65it/s]
Extract:  77%|#######6  | 46/60 [00:08<00:02,  6.06it/s]
Extract:  78%|#######8  | 47/60 [00:08<00:02,  5.94it/s]
Extract:  82%|########1 | 49/60 [00:08<00:01,  7.53it/s]
Extract:  83%|########3 | 50/60 [00:09<00:01,  5.19it/s]
Extract:  85%|########5 | 51/60 [00:09<00:01,  4.55it/s]
Extract:  87%|########6 | 52/60 [00:09<00:01,  4.10it/s]
Extract:  90%|######### | 54/60 [00:10<00:01,  4.70it/s]
Extract:  92%|#########1| 55/60 [00:10<00:01,  4.56it/s]
Extract:  93%|#########3| 56/60 [00:10<00:00,  4.65it/s]
Extract:  97%|#########6| 58/60 [00:10<00:00,  5.24it/s]
Extract:  98%|#########8| 59/60 [00:11<00:00,  5.02it/s]
Extract: 100%|##########| 60/60 [00:11<00:00,  4.06it/s]
Extract: 100%|##########| 60/60 [00:11<00:00,  5.23it/s]

Extract:   0%|          | 0/60 [00:00<?, ?it/s]
Extract:   3%|3         | 2/60 [00:00<00:04, 11.90it/s]
Extract:   7%|6         | 4/60 [00:00<00:07,  7.81it/s]
Extract:   8%|8         | 5/60 [00:00<00:06,  8.27it/s]
Extract:  10%|#         | 6/60 [00:00<00:06,  8.43it/s]
Extract:  12%|#1        | 7/60 [00:01<00:09,  5.47it/s]
Extract:  13%|#3        | 8/60 [00:01<00:11,  4.58it/s]
Extract:  15%|#5        | 9/60 [00:01<00:11,  4.44it/s]
Extract:  17%|#6        | 10/60 [00:01<00:11,  4.29it/s]
Extract:  18%|#8        | 11/60 [00:02<00:11,  4.43it/s]
Extract:  20%|##        | 12/60 [00:02<00:12,  3.90it/s]
Extract:  23%|##3       | 14/60 [00:02<00:10,  4.40it/s]
Extract:  25%|##5       | 15/60 [00:03<00:15,  2.90it/s]
Extract:  27%|##6       | 16/60 [00:03<00:13,  3.25it/s]
Extract:  32%|###1      | 19/60 [00:03<00:06,  5.90it/s]
Extract:  35%|###5      | 21/60 [00:04<00:09,  4.09it/s]
Extract:  37%|###6      | 22/60 [00:04<00:09,  4.06it/s]
Extract:  38%|###8      | 23/60 [00:05<00:09,  3.84it/s]
Extract:  40%|####      | 24/60 [00:05<00:08,  4.24it/s]
Extract:  43%|####3     | 26/60 [00:05<00:05,  5.76it/s]
Extract:  45%|####5     | 27/60 [00:06<00:09,  3.56it/s]
Extract:  47%|####6     | 28/60 [00:06<00:07,  4.18it/s]
Extract:  48%|####8     | 29/60 [00:06<00:06,  4.64it/s]
Extract:  50%|#####     | 30/60 [00:06<00:06,  4.65it/s]
Extract:  52%|#####1    | 31/60 [00:06<00:06,  4.41it/s]
Extract:  53%|#####3    | 32/60 [00:06<00:05,  5.18it/s]
Extract:  57%|#####6    | 34/60 [00:07<00:03,  7.75it/s]
Extract:  60%|######    | 36/60 [00:07<00:02,  8.90it/s]
Extract:  63%|######3   | 38/60 [00:07<00:03,  7.29it/s]
Extract:  67%|######6   | 40/60 [00:07<00:02,  8.02it/s]
Extract:  68%|######8   | 41/60 [00:07<00:02,  7.93it/s]
Extract:  70%|#######   | 42/60 [00:08<00:04,  4.12it/s]
Extract:  72%|#######1  | 43/60 [00:08<00:04,  3.56it/s]
Extract:  77%|#######6  | 46/60 [00:09<00:02,  5.80it/s]
Extract:  78%|#######8  | 47/60 [00:09<00:02,  5.48it/s]
Extract:  82%|########1 | 49/60 [00:09<00:01,  7.25it/s]
Extract:  85%|########5 | 51/60 [00:10<00:01,  4.63it/s]
Extract:  87%|########6 | 52/60 [00:10<00:02,  3.80it/s]
Extract:  90%|######### | 54/60 [00:11<00:01,  4.35it/s]
Extract:  92%|#########1| 55/60 [00:11<00:01,  4.36it/s]
Extract:  93%|#########3| 56/60 [00:11<00:00,  4.93it/s]
Extract:  97%|#########6| 58/60 [00:11<00:00,  5.45it/s]
Extract:  98%|#########8| 59/60 [00:11<00:00,  5.17it/s]
Extract: 100%|##########| 60/60 [00:12<00:00,  4.16it/s]
Extract: 100%|##########| 60/60 [00:12<00:00,  4.87it/s]

Extract:   0%|          | 0/60 [00:00<?, ?it/s]
Extract:   3%|3         | 2/60 [00:00<00:03, 14.75it/s]
Extract:   7%|6         | 4/60 [00:00<00:07,  7.31it/s]
Extract:   8%|8         | 5/60 [00:00<00:07,  7.23it/s]
Extract:  10%|#         | 6/60 [00:00<00:08,  6.36it/s]
Extract:  12%|#1        | 7/60 [00:01<00:11,  4.69it/s]
Extract:  13%|#3        | 8/60 [00:01<00:13,  3.92it/s]
Extract:  15%|#5        | 9/60 [00:01<00:13,  3.83it/s]
Extract:  17%|#6        | 10/60 [00:02<00:13,  3.79it/s]
Extract:  18%|#8        | 11/60 [00:02<00:11,  4.17it/s]
Extract:  20%|##        | 12/60 [00:02<00:14,  3.30it/s]
Extract:  22%|##1       | 13/60 [00:02<00:11,  3.97it/s]
Extract:  23%|##3       | 14/60 [00:03<00:14,  3.17it/s]
Extract:  25%|##5       | 15/60 [00:03<00:16,  2.74it/s]
Extract:  27%|##6       | 16/60 [00:03<00:13,  3.32it/s]
Extract:  32%|###1      | 19/60 [00:04<00:06,  6.58it/s]
Extract:  35%|###5      | 21/60 [00:04<00:07,  5.07it/s]
Extract:  37%|###6      | 22/60 [00:04<00:07,  4.86it/s]
Extract:  38%|###8      | 23/60 [00:05<00:08,  4.39it/s]
Extract:  40%|####      | 24/60 [00:05<00:07,  4.74it/s]
Extract:  43%|####3     | 26/60 [00:05<00:05,  6.31it/s]
Extract:  45%|####5     | 27/60 [00:06<00:08,  3.89it/s]
Extract:  47%|####6     | 28/60 [00:06<00:07,  4.57it/s]
Extract:  48%|####8     | 29/60 [00:06<00:07,  4.42it/s]
Extract:  50%|#####     | 30/60 [00:06<00:06,  4.54it/s]
Extract:  52%|#####1    | 31/60 [00:06<00:06,  4.29it/s]
Extract:  53%|#####3    | 32/60 [00:07<00:05,  5.08it/s]
Extract:  57%|#####6    | 34/60 [00:07<00:03,  7.51it/s]
Extract:  60%|######    | 36/60 [00:07<00:02,  8.67it/s]
Extract:  63%|######3   | 38/60 [00:07<00:03,  7.26it/s]
Extract:  67%|######6   | 40/60 [00:07<00:02,  8.06it/s]
Extract:  68%|######8   | 41/60 [00:07<00:02,  7.98it/s]
Extract:  70%|#######   | 42/60 [00:08<00:03,  4.59it/s]
Extract:  72%|#######1  | 43/60 [00:09<00:05,  3.29it/s]
Extract:  75%|#######5  | 45/60 [00:09<00:03,  4.89it/s]
Extract:  77%|#######6  | 46/60 [00:09<00:02,  5.50it/s]
Extract:  78%|#######8  | 47/60 [00:09<00:02,  5.20it/s]
Extract:  82%|########1 | 49/60 [00:09<00:01,  6.99it/s]
Extract:  83%|########3 | 50/60 [00:10<00:02,  4.45it/s]
Extract:  85%|########5 | 51/60 [00:10<00:02,  3.66it/s]
Extract:  87%|########6 | 52/60 [00:11<00:02,  3.25it/s]
Extract:  90%|######### | 54/60 [00:11<00:01,  3.49it/s]
Extract:  92%|#########1| 55/60 [00:11<00:01,  3.45it/s]
Extract:  93%|#########3| 56/60 [00:11<00:01,  3.98it/s]
Extract:  97%|#########6| 58/60 [00:12<00:00,  4.46it/s]
Extract:  98%|#########8| 59/60 [00:12<00:00,  4.23it/s]
Extract: 100%|##########| 60/60 [00:13<00:00,  3.65it/s]
Extract: 100%|##########| 60/60 [00:13<00:00,  4.61it/s]

Extract:   0%|          | 0/60 [00:00<?, ?it/s]
Extract:   3%|3         | 2/60 [00:00<00:03, 17.68it/s]
Extract:   7%|6         | 4/60 [00:00<00:06,  8.26it/s]
Extract:  10%|#         | 6/60 [00:00<00:07,  7.65it/s]
Extract:  12%|#1        | 7/60 [00:01<00:10,  5.27it/s]
Extract:  13%|#3        | 8/60 [00:01<00:12,  4.16it/s]
Extract:  15%|#5        | 9/60 [00:01<00:12,  4.19it/s]
Extract:  17%|#6        | 10/60 [00:01<00:11,  4.43it/s]
Extract:  18%|#8        | 11/60 [00:02<00:10,  4.65it/s]
Extract:  20%|##        | 12/60 [00:02<00:12,  3.97it/s]
Extract:  22%|##1       | 13/60 [00:02<00:10,  4.67it/s]
Extract:  23%|##3       | 14/60 [00:02<00:11,  4.05it/s]
Extract:  25%|##5       | 15/60 [00:03<00:17,  2.63it/s]
Extract:  27%|##6       | 16/60 [00:03<00:13,  3.25it/s]
Extract:  32%|###1      | 19/60 [00:03<00:06,  6.46it/s]
Extract:  35%|###5      | 21/60 [00:04<00:07,  5.07it/s]
Extract:  37%|###6      | 22/60 [00:04<00:07,  4.87it/s]
Extract:  38%|###8      | 23/60 [00:04<00:08,  4.55it/s]
Extract:  40%|####      | 24/60 [00:05<00:07,  5.04it/s]
Extract:  43%|####3     | 26/60 [00:05<00:04,  6.90it/s]
Extract:  45%|####5     | 27/60 [00:05<00:07,  4.14it/s]
Extract:  48%|####8     | 29/60 [00:05<00:05,  5.24it/s]
Extract:  50%|#####     | 30/60 [00:06<00:05,  5.33it/s]
Extract:  52%|#####1    | 31/60 [00:06<00:05,  5.08it/s]
Extract:  57%|#####6    | 34/60 [00:06<00:03,  8.01it/s]
Extract:  60%|######    | 36/60 [00:06<00:02,  9.18it/s]
Extract:  63%|######3   | 38/60 [00:07<00:02,  7.78it/s]
Extract:  67%|######6   | 40/60 [00:07<00:02,  8.59it/s]
Extract:  68%|######8   | 41/60 [00:07<00:02,  8.44it/s]
Extract:  70%|#######   | 42/60 [00:07<00:03,  5.10it/s]
Extract:  72%|#######1  | 43/60 [00:08<00:04,  3.79it/s]
Extract:  75%|#######5  | 45/60 [00:08<00:02,  5.56it/s]
Extract:  78%|#######8  | 47/60 [00:08<00:02,  6.21it/s]
Extract:  82%|########1 | 49/60 [00:08<00:01,  7.81it/s]
Extract:  85%|########5 | 51/60 [00:09<00:01,  4.61it/s]
Extract:  87%|########6 | 52/60 [00:09<00:01,  4.63it/s]
Extract:  90%|######### | 54/60 [00:10<00:01,  5.48it/s]
Extract:  92%|#########1| 55/60 [00:10<00:01,  4.88it/s]
Extract:  93%|#########3| 56/60 [00:10<00:00,  5.39it/s]
Extract:  97%|#########6| 58/60 [00:10<00:00,  5.88it/s]
Extract:  98%|#########8| 59/60 [00:10<00:00,  5.71it/s]
Extract: 100%|##########| 60/60 [00:11<00:00,  5.27it/s]
Extract: 100%|##########| 60/60 [00:11<00:00,  5.37it/s]

Extract:   0%|          | 0/60 [00:00<?, ?it/s]
Extract:   3%|3         | 2/60 [00:00<00:03, 14.77it/s]
Extract:   7%|6         | 4/60 [00:00<00:06,  8.90it/s]
Extract:  10%|#         | 6/60 [00:00<00:07,  7.17it/s]
Extract:  12%|#1        | 7/60 [00:01<00:08,  5.91it/s]
Extract:  13%|#3        | 8/60 [00:01<00:11,  4.61it/s]
Extract:  15%|#5        | 9/60 [00:01<00:11,  4.29it/s]
Extract:  17%|#6        | 10/60 [00:01<00:11,  4.39it/s]
Extract:  18%|#8        | 11/60 [00:02<00:10,  4.64it/s]
Extract:  20%|##        | 12/60 [00:02<00:12,  3.84it/s]
Extract:  23%|##3       | 14/60 [00:02<00:11,  3.99it/s]
Extract:  25%|##5       | 15/60 [00:03<00:14,  3.05it/s]
Extract:  27%|##6       | 16/60 [00:03<00:12,  3.45it/s]
Extract:  30%|###       | 18/60 [00:03<00:08,  5.20it/s]
Extract:  33%|###3      | 20/60 [00:03<00:05,  6.83it/s]
Extract:  35%|###5      | 21/60 [00:04<00:09,  4.00it/s]
Extract:  37%|###6      | 22/60 [00:04<00:09,  4.12it/s]
Extract:  38%|###8      | 23/60 [00:05<00:09,  3.99it/s]
Extract:  40%|####      | 24/60 [00:05<00:07,  4.54it/s]
Extract:  43%|####3     | 26/60 [00:05<00:05,  6.60it/s]
Extract:  45%|####5     | 27/60 [00:05<00:07,  4.38it/s]
Extract:  48%|####8     | 29/60 [00:05<00:05,  5.79it/s]
Extract:  50%|#####     | 30/60 [00:06<00:05,  5.43it/s]
Extract:  52%|#####1    | 31/60 [00:06<00:06,  4.79it/s]
Extract:  55%|#####5    | 33/60 [00:06<00:04,  6.74it/s]
Extract:  58%|#####8    | 35/60 [00:06<00:03,  6.67it/s]
Extract:  62%|######1   | 37/60 [00:07<00:03,  6.60it/s]
Extract:  63%|######3   | 38/60 [00:07<00:03,  6.77it/s]
Extract:  67%|######6   | 40/60 [00:07<00:02,  7.65it/s]
Extract:  68%|######8   | 41/60 [00:07<00:02,  7.60it/s]
Extract:  70%|#######   | 42/60 [00:08<00:04,  4.44it/s]
Extract:  72%|#######1  | 43/60 [00:08<00:04,  3.47it/s]
Extract:  75%|#######5  | 45/60 [00:08<00:02,  5.16it/s]
Extract:  78%|#######8  | 47/60 [00:09<00:02,  4.93it/s]
Extract:  82%|########1 | 49/60 [00:09<00:01,  6.29it/s]
Extract:  83%|########3 | 50/60 [00:09<00:02,  4.31it/s]
Extract:  85%|########5 | 51/60 [00:10<00:02,  3.70it/s]
Extract:  87%|########6 | 52/60 [00:10<00:02,  3.35it/s]
Extract:  90%|######### | 54/60 [00:11<00:01,  3.94it/s]
Extract:  92%|#########1| 55/60 [00:11<00:01,  3.37it/s]
Extract:  93%|#########3| 56/60 [00:11<00:01,  3.87it/s]
Extract:  97%|#########6| 58/60 [00:12<00:00,  4.53it/s]
Extract:  98%|#########8| 59/60 [00:12<00:00,  4.43it/s]
Extract: 100%|##########| 60/60 [00:12<00:00,  3.72it/s]
Extract: 100%|##########| 60/60 [00:12<00:00,  4.74it/s]

Extract:   0%|          | 0/60 [00:00<?, ?it/s]
Extract:   3%|3         | 2/60 [00:00<00:04, 14.15it/s]
Extract:   7%|6         | 4/60 [00:00<00:06,  8.10it/s]
Extract:   8%|8         | 5/60 [00:00<00:07,  7.80it/s]
Extract:  10%|#         | 6/60 [00:00<00:06,  7.90it/s]
Extract:  12%|#1        | 7/60 [00:00<00:08,  6.05it/s]
Extract:  13%|#3        | 8/60 [00:01<00:10,  5.01it/s]
Extract:  15%|#5        | 9/60 [00:01<00:11,  4.58it/s]
Extract:  17%|#6        | 10/60 [00:01<00:10,  4.65it/s]
Extract:  18%|#8        | 11/60 [00:01<00:11,  4.32it/s]
Extract:  20%|##        | 12/60 [00:02<00:13,  3.49it/s]
Extract:  22%|##1       | 13/60 [00:02<00:11,  4.27it/s]
Extract:  23%|##3       | 14/60 [00:02<00:12,  3.69it/s]
Extract:  25%|##5       | 15/60 [00:03<00:14,  3.12it/s]
Extract:  27%|##6       | 16/60 [00:03<00:12,  3.60it/s]
Extract:  32%|###1      | 19/60 [00:03<00:05,  6.83it/s]
Extract:  35%|###5      | 21/60 [00:04<00:07,  5.25it/s]
Extract:  37%|###6      | 22/60 [00:04<00:07,  4.85it/s]
Extract:  38%|###8      | 23/60 [00:04<00:08,  4.51it/s]
Extract:  40%|####      | 24/60 [00:04<00:07,  4.95it/s]
Extract:  43%|####3     | 26/60 [00:04<00:04,  6.91it/s]
Extract:  45%|####5     | 27/60 [00:05<00:06,  5.46it/s]
Extract:  48%|####8     | 29/60 [00:05<00:04,  7.33it/s]
Extract:  50%|#####     | 30/60 [00:05<00:04,  7.47it/s]
Extract:  52%|#####1    | 31/60 [00:05<00:03,  7.25it/s]
Extract:  57%|#####6    | 34/60 [00:05<00:02, 11.52it/s]
Extract:  62%|######1   | 37/60 [00:06<00:02, 10.93it/s]
Extract:  65%|######5   | 39/60 [00:06<00:02,  9.33it/s]
Extract:  68%|######8   | 41/60 [00:06<00:02,  8.82it/s]
Extract:  72%|#######1  | 43/60 [00:07<00:03,  5.40it/s]
Extract:  77%|#######6  | 46/60 [00:07<00:01,  7.51it/s]
Extract:  80%|########  | 48/60 [00:07<00:01,  8.68it/s]
Extract:  83%|########3 | 50/60 [00:08<00:01,  7.64it/s]
Extract:  87%|########6 | 52/60 [00:08<00:01,  5.72it/s]
Extract:  90%|######### | 54/60 [00:08<00:01,  5.71it/s]
Extract:  92%|#########1| 55/60 [00:09<00:00,  5.31it/s]
Extract:  95%|#########5| 57/60 [00:09<00:00,  6.72it/s]
Extract:  97%|#########6| 58/60 [00:09<00:00,  6.43it/s]
Extract:  98%|#########8| 59/60 [00:09<00:00,  6.11it/s]
Extract: 100%|##########| 60/60 [00:10<00:00,  4.83it/s]
Extract: 100%|##########| 60/60 [00:10<00:00,  5.98it/s]

Extract:   0%|          | 0/60 [00:00<?, ?it/s]
Extract:   3%|3         | 2/60 [00:00<00:03, 17.95it/s]
Extract:   7%|6         | 4/60 [00:00<00:08,  6.34it/s]
Extract:   8%|8         | 5/60 [00:00<00:09,  6.08it/s]
Extract:  10%|#         | 6/60 [00:00<00:08,  6.18it/s]
Extract:  12%|#1        | 7/60 [00:01<00:10,  4.85it/s]
Extract:  13%|#3        | 8/60 [00:01<00:13,  3.93it/s]
Extract:  15%|#5        | 9/60 [00:01<00:14,  3.49it/s]
Extract:  17%|#6        | 10/60 [00:02<00:13,  3.69it/s]
Extract:  18%|#8        | 11/60 [00:02<00:13,  3.57it/s]
Extract:  20%|##        | 12/60 [00:02<00:15,  3.00it/s]
Extract:  22%|##1       | 13/60 [00:03<00:13,  3.51it/s]
Extract:  23%|##3       | 14/60 [00:03<00:16,  2.85it/s]
Extract:  25%|##5       | 15/60 [00:04<00:18,  2.49it/s]
Extract:  27%|##6       | 16/60 [00:04<00:14,  2.99it/s]
Extract:  32%|###1      | 19/60 [00:04<00:07,  5.68it/s]
Extract:  35%|###5      | 21/60 [00:05<00:09,  4.21it/s]
Extract:  37%|###6      | 22/60 [00:05<00:09,  4.21it/s]
Extract:  38%|###8      | 23/60 [00:05<00:09,  3.95it/s]
Extract:  40%|####      | 24/60 [00:05<00:08,  4.33it/s]
Extract:  43%|####3     | 26/60 [00:06<00:05,  5.86it/s]
Extract:  45%|####5     | 27/60 [00:06<00:08,  3.83it/s]
Extract:  47%|####6     | 28/60 [00:06<00:07,  4.43it/s]
Extract:  48%|####8     | 29/60 [00:06<00:06,  4.84it/s]
Extract:  50%|#####     | 30/60 [00:07<00:06,  4.69it/s]
Extract:  52%|#####1    | 31/60 [00:07<00:06,  4.45it/s]
Extract:  53%|#####3    | 32/60 [00:07<00:06,  4.63it/s]
Extract:  57%|#####6    | 34/60 [00:07<00:03,  6.96it/s]
Extract:  58%|#####8    | 35/60 [00:07<00:03,  7.50it/s]
Extract:  62%|######1   | 37/60 [00:08<00:03,  6.98it/s]
Extract:  63%|######3   | 38/60 [00:08<00:03,  6.54it/s]
Extract:  67%|######6   | 40/60 [00:08<00:02,  7.31it/s]
Extract:  68%|######8   | 41/60 [00:08<00:02,  7.27it/s]
Extract:  70%|#######   | 42/60 [00:09<00:04,  4.12it/s]
Extract:  72%|#######1  | 43/60 [00:09<00:05,  3.32it/s]
Extract:  75%|#######5  | 45/60 [00:09<00:02,  5.00it/s]
Extract:  77%|#######6  | 46/60 [00:09<00:02,  5.60it/s]
Extract:  78%|#######8  | 47/60 [00:10<00:02,  4.53it/s]
Extract:  82%|########1 | 49/60 [00:10<00:01,  6.26it/s]
Extract:  83%|########3 | 50/60 [00:10<00:02,  4.17it/s]
Extract:  85%|########5 | 51/60 [00:11<00:02,  3.58it/s]
Extract:  87%|########6 | 52/60 [00:11<00:02,  3.17it/s]
Extract:  90%|######### | 54/60 [00:12<00:01,  3.88it/s]
Extract:  92%|#########1| 55/60 [00:12<00:01,  4.05it/s]
Extract:  93%|#########3| 56/60 [00:12<00:00,  4.35it/s]
Extract:  97%|#########6| 58/60 [00:12<00:00,  5.44it/s]
Extract:  98%|#########8| 59/60 [00:12<00:00,  5.23it/s]
Extract: 100%|##########| 60/60 [00:13<00:00,  4.73it/s]
Extract: 100%|##########| 60/60 [00:13<00:00,  4.54it/s]

Extract:   0%|          | 0/60 [00:00<?, ?it/s]
Extract:   3%|3         | 2/60 [00:00<00:03, 17.96it/s]
Extract:   7%|6         | 4/60 [00:00<00:06,  9.17it/s]
Extract:  10%|#         | 6/60 [00:00<00:06,  8.56it/s]
Extract:  12%|#1        | 7/60 [00:00<00:07,  7.01it/s]
Extract:  13%|#3        | 8/60 [00:01<00:10,  5.18it/s]
Extract:  15%|#5        | 9/60 [00:01<00:10,  4.77it/s]
Extract:  17%|#6        | 10/60 [00:01<00:10,  4.73it/s]
Extract:  18%|#8        | 11/60 [00:01<00:10,  4.66it/s]
Extract:  20%|##        | 12/60 [00:02<00:12,  3.73it/s]
Extract:  23%|##3       | 14/60 [00:02<00:11,  4.01it/s]
Extract:  25%|##5       | 15/60 [00:03<00:13,  3.26it/s]
Extract:  27%|##6       | 16/60 [00:03<00:11,  3.67it/s]
Extract:  32%|###1      | 19/60 [00:03<00:06,  6.46it/s]
Extract:  35%|###5      | 21/60 [00:04<00:08,  4.87it/s]
Extract:  37%|###6      | 22/60 [00:04<00:07,  4.83it/s]
Extract:  38%|###8      | 23/60 [00:04<00:08,  4.45it/s]
Extract:  40%|####      | 24/60 [00:04<00:08,  4.48it/s]
Extract:  43%|####3     | 26/60 [00:05<00:05,  6.12it/s]
Extract:  45%|####5     | 27/60 [00:05<00:07,  4.14it/s]
Extract:  47%|####6     | 28/60 [00:05<00:06,  4.80it/s]
Extract:  48%|####8     | 29/60 [00:05<00:05,  5.25it/s]
Extract:  50%|#####     | 30/60 [00:06<00:05,  5.01it/s]
Extract:  52%|#####1    | 31/60 [00:06<00:06,  4.62it/s]
Extract:  55%|#####5    | 33/60 [00:06<00:03,  6.78it/s]
Extract:  58%|#####8    | 35/60 [00:06<00:03,  8.18it/s]
Extract:  62%|######1   | 37/60 [00:06<00:02,  7.87it/s]
Extract:  63%|######3   | 38/60 [00:06<00:02,  7.91it/s]
Extract:  67%|######6   | 40/60 [00:07<00:02,  7.41it/s]
Extract:  68%|######8   | 41/60 [00:07<00:02,  7.56it/s]
Extract:  70%|#######   | 42/60 [00:07<00:04,  4.39it/s]
Extract:  72%|#######1  | 43/60 [00:08<00:05,  3.36it/s]
Extract:  75%|#######5  | 45/60 [00:08<00:03,  4.99it/s]
Extract:  77%|#######6  | 46/60 [00:08<00:02,  5.57it/s]
Extract:  78%|#######8  | 47/60 [00:08<00:02,  5.08it/s]
Extract:  82%|########1 | 49/60 [00:09<00:01,  6.71it/s]
Extract:  83%|########3 | 50/60 [00:09<00:02,  3.70it/s]
Extract:  85%|########5 | 51/60 [00:10<00:02,  3.32it/s]
Extract:  87%|########6 | 52/60 [00:10<00:02,  3.01it/s]
Extract:  90%|######### | 54/60 [00:11<00:01,  3.58it/s]
Extract:  92%|#########1| 55/60 [00:11<00:01,  3.47it/s]
Extract:  93%|#########3| 56/60 [00:11<00:01,  3.92it/s]
Extract:  97%|#########6| 58/60 [00:11<00:00,  4.54it/s]
Extract:  98%|#########8| 59/60 [00:12<00:00,  4.59it/s]
Extract: 100%|##########| 60/60 [00:12<00:00,  3.57it/s]
Extract: 100%|##########| 60/60 [00:12<00:00,  4.80it/s]

Extract:   0%|          | 0/60 [00:00<?, ?it/s]
Extract:   3%|3         | 2/60 [00:00<00:04, 13.72it/s]
Extract:   7%|6         | 4/60 [00:00<00:08,  6.64it/s]
Extract:   8%|8         | 5/60 [00:00<00:08,  6.41it/s]
Extract:  10%|#         | 6/60 [00:00<00:08,  6.60it/s]
Extract:  12%|#1        | 7/60 [00:01<00:10,  5.10it/s]
Extract:  13%|#3        | 8/60 [00:01<00:12,  4.16it/s]
Extract:  15%|#5        | 9/60 [00:01<00:13,  3.89it/s]
Extract:  17%|#6        | 10/60 [00:02<00:13,  3.74it/s]
Extract:  18%|#8        | 11/60 [00:02<00:12,  4.05it/s]
Extract:  20%|##        | 12/60 [00:02<00:14,  3.42it/s]
Extract:  22%|##1       | 13/60 [00:02<00:11,  4.15it/s]
Extract:  23%|##3       | 14/60 [00:03<00:14,  3.18it/s]
Extract:  25%|##5       | 15/60 [00:03<00:17,  2.51it/s]
Extract:  27%|##6       | 16/60 [00:04<00:14,  3.08it/s]
Extract:  32%|###1      | 19/60 [00:04<00:06,  6.00it/s]
Extract:  35%|###5      | 21/60 [00:04<00:08,  4.61it/s]
Extract:  37%|###6      | 22/60 [00:04<00:07,  4.83it/s]
Extract:  38%|###8      | 23/60 [00:05<00:07,  4.72it/s]
Extract:  42%|####1     | 25/60 [00:05<00:05,  6.55it/s]
Extract:  43%|####3     | 26/60 [00:05<00:04,  7.07it/s]
Extract:  45%|####5     | 27/60 [00:05<00:06,  4.98it/s]
Extract:  48%|####8     | 29/60 [00:06<00:04,  6.31it/s]
Extract:  50%|#####     | 30/60 [00:06<00:05,  5.97it/s]
Extract:  52%|#####1    | 31/60 [00:06<00:05,  4.95it/s]
Extract:  55%|#####5    | 33/60 [00:06<00:03,  7.09it/s]
Extract:  58%|#####8    | 35/60 [00:06<00:03,  8.19it/s]
Extract:  62%|######1   | 37/60 [00:07<00:02,  7.76it/s]
Extract:  63%|######3   | 38/60 [00:07<00:02,  7.55it/s]
Extract:  67%|######6   | 40/60 [00:07<00:02,  8.40it/s]
Extract:  68%|######8   | 41/60 [00:07<00:02,  8.18it/s]
Extract:  70%|#######   | 42/60 [00:08<00:03,  4.90it/s]
Extract:  72%|#######1  | 43/60 [00:08<00:04,  3.82it/s]
Extract:  75%|#######5  | 45/60 [00:08<00:02,  5.44it/s]
Extract:  78%|#######8  | 47/60 [00:08<00:02,  6.25it/s]
Extract:  82%|########1 | 49/60 [00:08<00:01,  8.19it/s]
Extract:  85%|########5 | 51/60 [00:09<00:01,  5.26it/s]
Extract:  87%|########6 | 52/60 [00:09<00:01,  4.77it/s]
Extract:  90%|######### | 54/60 [00:10<00:01,  5.20it/s]
Extract:  92%|#########1| 55/60 [00:10<00:01,  4.30it/s]
Extract:  93%|#########3| 56/60 [00:10<00:00,  4.46it/s]
Extract:  97%|#########6| 58/60 [00:11<00:00,  4.81it/s]
Extract:  98%|#########8| 59/60 [00:11<00:00,  4.59it/s]
Extract: 100%|##########| 60/60 [00:11<00:00,  3.87it/s]
Extract: 100%|##########| 60/60 [00:11<00:00,  5.07it/s]

Extract:   0%|          | 0/60 [00:00<?, ?it/s]
Extract:   3%|3         | 2/60 [00:00<00:04, 13.19it/s]
Extract:   7%|6         | 4/60 [00:00<00:09,  5.80it/s]
Extract:   8%|8         | 5/60 [00:00<00:09,  5.74it/s]
Extract:  10%|#         | 6/60 [00:00<00:09,  5.96it/s]
Extract:  12%|#1        | 7/60 [00:01<00:11,  4.78it/s]
Extract:  13%|#3        | 8/60 [00:01<00:13,  3.90it/s]
Extract:  15%|#5        | 9/60 [00:01<00:13,  3.91it/s]
Extract:  17%|#6        | 10/60 [00:02<00:12,  4.04it/s]
Extract:  18%|#8        | 11/60 [00:02<00:12,  4.00it/s]
Extract:  20%|##        | 12/60 [00:02<00:17,  2.76it/s]
Extract:  22%|##1       | 13/60 [00:03<00:13,  3.40it/s]
Extract:  23%|##3       | 14/60 [00:03<00:15,  3.01it/s]
Extract:  25%|##5       | 15/60 [00:04<00:16,  2.68it/s]
Extract:  27%|##6       | 16/60 [00:04<00:13,  3.15it/s]
Extract:  30%|###       | 18/60 [00:04<00:08,  5.08it/s]
Extract:  33%|###3      | 20/60 [00:04<00:05,  6.86it/s]
Extract:  37%|###6      | 22/60 [00:05<00:11,  3.30it/s]
Extract:  38%|###8      | 23/60 [00:05<00:11,  3.25it/s]
Extract:  40%|####      | 24/60 [00:06<00:09,  3.72it/s]
Extract:  43%|####3     | 26/60 [00:06<00:06,  5.04it/s]
Extract:  45%|####5     | 27/60 [00:06<00:09,  3.58it/s]
Extract:  47%|####6     | 28/60 [00:06<00:07,  4.22it/s]
Extract:  48%|####8     | 29/60 [00:07<00:07,  4.11it/s]
Extract:  50%|#####     | 30/60 [00:07<00:06,  4.42it/s]
Extract:  52%|#####1    | 31/60 [00:07<00:06,  4.20it/s]
Extract:  55%|#####5    | 33/60 [00:07<00:04,  6.43it/s]
Extract:  58%|#####8    | 35/60 [00:07<00:03,  7.87it/s]
Extract:  62%|######1   | 37/60 [00:08<00:03,  7.13it/s]
Extract:  63%|######3   | 38/60 [00:08<00:03,  7.14it/s]
Extract:  67%|######6   | 40/60 [00:08<00:02,  7.97it/s]
Extract:  68%|######8   | 41/60 [00:08<00:02,  8.14it/s]
Extract:  70%|#######   | 42/60 [00:09<00:04,  4.13it/s]
Extract:  72%|#######1  | 43/60 [00:09<00:05,  3.29it/s]
Extract:  75%|#######5  | 45/60 [00:09<00:02,  5.02it/s]
Extract:  78%|#######8  | 47/60 [00:10<00:02,  5.52it/s]
Extract:  82%|########1 | 49/60 [00:10<00:01,  6.85it/s]
Extract:  83%|########3 | 50/60 [00:10<00:02,  4.63it/s]
Extract:  85%|########5 | 51/60 [00:11<00:02,  3.56it/s]
Extract:  87%|########6 | 52/60 [00:11<00:02,  3.45it/s]
Extract:  90%|######### | 54/60 [00:11<00:01,  4.35it/s]
Extract:  92%|#########1| 55/60 [00:12<00:01,  4.20it/s]
Extract:  93%|#########3| 56/60 [00:12<00:00,  4.72it/s]
Extract:  97%|#########6| 58/60 [00:12<00:00,  5.34it/s]
Extract:  98%|#########8| 59/60 [00:12<00:00,  5.11it/s]
Extract: 100%|##########| 60/60 [00:13<00:00,  3.60it/s]
Extract: 100%|##########| 60/60 [00:13<00:00,  4.46it/s]

Extract:   0%|          | 0/60 [00:00<?, ?it/s]
Extract:   3%|3         | 2/60 [00:00<00:04, 14.19it/s]
Extract:   7%|6         | 4/60 [00:00<00:08,  6.68it/s]
Extract:   8%|8         | 5/60 [00:00<00:10,  5.40it/s]
Extract:  10%|#         | 6/60 [00:01<00:09,  5.45it/s]
Extract:  12%|#1        | 7/60 [00:01<00:11,  4.45it/s]
Extract:  13%|#3        | 8/60 [00:01<00:13,  3.75it/s]
Extract:  15%|#5        | 9/60 [00:02<00:14,  3.54it/s]
Extract:  17%|#6        | 10/60 [00:02<00:13,  3.84it/s]
Extract:  18%|#8        | 11/60 [00:02<00:12,  3.96it/s]
Extract:  20%|##        | 12/60 [00:03<00:17,  2.74it/s]
Extract:  22%|##1       | 13/60 [00:03<00:15,  3.11it/s]
Extract:  23%|##3       | 14/60 [00:03<00:19,  2.41it/s]
Extract:  25%|##5       | 15/60 [00:05<00:29,  1.55it/s]
Extract:  27%|##6       | 16/60 [00:05<00:22,  1.94it/s]
Extract:  30%|###       | 18/60 [00:05<00:12,  3.28it/s]
Extract:  33%|###3      | 20/60 [00:05<00:08,  4.66it/s]
Extract:  35%|###5      | 21/60 [00:06<00:12,  3.03it/s]
Extract:  37%|###6      | 22/60 [00:06<00:11,  3.29it/s]
Extract:  38%|###8      | 23/60 [00:06<00:11,  3.33it/s]
Extract:  40%|####      | 24/60 [00:07<00:09,  3.83it/s]
Extract:  43%|####3     | 26/60 [00:07<00:06,  5.49it/s]
Extract:  45%|####5     | 27/60 [00:07<00:09,  3.51it/s]
Extract:  47%|####6     | 28/60 [00:07<00:07,  4.14it/s]
Extract:  48%|####8     | 29/60 [00:08<00:07,  4.14it/s]
Extract:  50%|#####     | 30/60 [00:08<00:07,  4.25it/s]
Extract:  52%|#####1    | 31/60 [00:08<00:07,  3.83it/s]
Extract:  53%|#####3    | 32/60 [00:08<00:06,  4.52it/s]
Extract:  57%|#####6    | 34/60 [00:08<00:03,  6.64it/s]
Extract:  58%|#####8    | 35/60 [00:09<00:03,  6.61it/s]
Extract:  62%|######1   | 37/60 [00:09<00:03,  6.26it/s]
Extract:  63%|######3   | 38/60 [00:09<00:03,  6.18it/s]
Extract:  67%|######6   | 40/60 [00:09<00:02,  7.06it/s]
Extract:  68%|######8   | 41/60 [00:09<00:02,  6.94it/s]
Extract:  70%|#######   | 42/60 [00:10<00:05,  3.39it/s]
Extract:  72%|#######1  | 43/60 [00:11<00:05,  2.93it/s]
Extract:  77%|#######6  | 46/60 [00:11<00:02,  5.04it/s]
Extract:  78%|#######8  | 47/60 [00:11<00:02,  5.00it/s]
Extract:  82%|########1 | 49/60 [00:11<00:01,  6.62it/s]
Extract:  83%|########3 | 50/60 [00:12<00:02,  4.62it/s]
Extract:  85%|########5 | 51/60 [00:12<00:02,  3.35it/s]
Extract:  87%|########6 | 52/60 [00:13<00:02,  2.98it/s]
Extract:  90%|######### | 54/60 [00:13<00:01,  3.77it/s]
Extract:  92%|#########1| 55/60 [00:13<00:01,  3.70it/s]
Extract:  93%|#########3| 56/60 [00:14<00:00,  4.25it/s]
Extract:  97%|#########6| 58/60 [00:14<00:00,  4.89it/s]
Extract:  98%|#########8| 59/60 [00:14<00:00,  4.81it/s]
Extract: 100%|##########| 60/60 [00:15<00:00,  3.46it/s]
Extract: 100%|##########| 60/60 [00:15<00:00,  3.98it/s]

Extract:   0%|          | 0/60 [00:00<?, ?it/s]
Extract:   3%|3         | 2/60 [00:00<00:04, 11.71it/s]
Extract:   7%|6         | 4/60 [00:00<00:09,  5.98it/s]
Extract:   8%|8         | 5/60 [00:00<00:09,  5.77it/s]
Extract:  10%|#         | 6/60 [00:00<00:09,  5.77it/s]
Extract:  12%|#1        | 7/60 [00:01<00:12,  4.32it/s]
Extract:  13%|#3        | 8/60 [00:01<00:14,  3.63it/s]
Extract:  15%|#5        | 9/60 [00:02<00:14,  3.61it/s]
Extract:  17%|#6        | 10/60 [00:02<00:13,  3.73it/s]
Extract:  18%|#8        | 11/60 [00:02<00:12,  3.84it/s]
Extract:  20%|##        | 12/60 [00:03<00:19,  2.52it/s]
Extract:  22%|##1       | 13/60 [00:03<00:17,  2.76it/s]
Extract:  23%|##3       | 14/60 [00:03<00:18,  2.49it/s]
Extract:  25%|##5       | 15/60 [00:04<00:19,  2.32it/s]
Extract:  27%|##6       | 16/60 [00:04<00:15,  2.84it/s]
Extract:  32%|###1      | 19/60 [00:04<00:07,  5.55it/s]
Extract:  35%|###5      | 21/60 [00:05<00:09,  4.15it/s]
Extract:  37%|###6      | 22/60 [00:05<00:08,  4.23it/s]
Extract:  38%|###8      | 23/60 [00:06<00:09,  3.89it/s]
Extract:  40%|####      | 24/60 [00:06<00:08,  4.26it/s]
Extract:  43%|####3     | 26/60 [00:06<00:05,  5.68it/s]
Extract:  45%|####5     | 27/60 [00:06<00:08,  3.69it/s]
Extract:  47%|####6     | 28/60 [00:07<00:07,  4.35it/s]
Extract:  48%|####8     | 29/60 [00:07<00:06,  4.84it/s]
Extract:  50%|#####     | 30/60 [00:07<00:06,  4.70it/s]
Extract:  52%|#####1    | 31/60 [00:07<00:07,  3.77it/s]
Extract:  53%|#####3    | 32/60 [00:07<00:06,  4.52it/s]
Extract:  57%|#####6    | 34/60 [00:08<00:03,  6.72it/s]
Extract:  58%|#####8    | 35/60 [00:08<00:03,  7.04it/s]
Extract:  62%|######1   | 37/60 [00:08<00:03,  6.42it/s]
Extract:  63%|######3   | 38/60 [00:08<00:03,  6.46it/s]
Extract:  67%|######6   | 40/60 [00:08<00:02,  7.44it/s]
Extract:  68%|######8   | 41/60 [00:09<00:02,  7.44it/s]
Extract:  70%|#######   | 42/60 [00:09<00:04,  4.25it/s]
Extract:  72%|#######1  | 43/60 [00:10<00:05,  3.33it/s]
Extract:  75%|#######5  | 45/60 [00:10<00:03,  4.43it/s]
Extract:  77%|#######6  | 46/60 [00:10<00:02,  5.07it/s]
Extract:  78%|#######8  | 47/60 [00:10<00:02,  4.78it/s]
Extract:  82%|########1 | 49/60 [00:10<00:01,  6.54it/s]
Extract:  83%|########3 | 50/60 [00:11<00:02,  4.34it/s]
Extract:  85%|########5 | 51/60 [00:11<00:02,  3.75it/s]
Extract:  87%|########6 | 52/60 [00:12<00:02,  3.34it/s]
Extract:  90%|######### | 54/60 [00:12<00:01,  3.55it/s]
Extract:  92%|#########1| 55/60 [00:12<00:01,  3.47it/s]
Extract:  93%|#########3| 56/60 [00:13<00:01,  3.92it/s]
Extract:  97%|#########6| 58/60 [00:13<00:00,  4.55it/s]
Extract:  98%|#########8| 59/60 [00:13<00:00,  4.69it/s]
Extract: 100%|##########| 60/60 [00:13<00:00,  3.97it/s]
Extract: 100%|##########| 60/60 [00:13<00:00,  4.29it/s]

Extract:   0%|          | 0/60 [00:00<?, ?it/s]
Extract:   3%|3         | 2/60 [00:00<00:03, 17.04it/s]
Extract:   7%|6         | 4/60 [00:00<00:05, 10.62it/s]
Extract:  10%|#         | 6/60 [00:00<00:06,  8.97it/s]
Extract:  12%|#1        | 7/60 [00:00<00:07,  7.00it/s]
Extract:  13%|#3        | 8/60 [00:01<00:09,  5.63it/s]
Extract:  15%|#5        | 9/60 [00:01<00:10,  5.10it/s]
Extract:  17%|#6        | 10/60 [00:01<00:09,  5.22it/s]
Extract:  18%|#8        | 11/60 [00:01<00:08,  5.50it/s]
Extract:  20%|##        | 12/60 [00:02<00:11,  4.36it/s]
Extract:  22%|##1       | 13/60 [00:02<00:09,  5.08it/s]
Extract:  23%|##3       | 14/60 [00:02<00:10,  4.58it/s]
Extract:  25%|##5       | 15/60 [00:02<00:11,  3.85it/s]
Extract:  28%|##8       | 17/60 [00:02<00:07,  5.82it/s]
Extract:  33%|###3      | 20/60 [00:03<00:04,  8.51it/s]
Extract:  37%|###6      | 22/60 [00:03<00:07,  4.80it/s]
Extract:  38%|###8      | 23/60 [00:04<00:08,  4.61it/s]
Extract:  43%|####3     | 26/60 [00:04<00:04,  6.84it/s]
Extract:  45%|####5     | 27/60 [00:04<00:06,  4.77it/s]
Extract:  47%|####6     | 28/60 [00:05<00:06,  5.05it/s]
Extract:  48%|####8     | 29/60 [00:05<00:05,  5.47it/s]
Extract:  50%|#####     | 30/60 [00:05<00:05,  5.43it/s]
Extract:  52%|#####1    | 31/60 [00:05<00:05,  5.15it/s]
Extract:  55%|#####5    | 33/60 [00:05<00:03,  7.37it/s]
Extract:  58%|#####8    | 35/60 [00:05<00:02,  8.74it/s]
Extract:  62%|######1   | 37/60 [00:06<00:02,  8.83it/s]
Extract:  65%|######5   | 39/60 [00:06<00:02,  9.35it/s]
Extract:  68%|######8   | 41/60 [00:06<00:02,  8.98it/s]
Extract:  70%|#######   | 42/60 [00:06<00:02,  6.07it/s]
Extract:  72%|#######1  | 43/60 [00:07<00:03,  4.79it/s]
Extract:  75%|#######5  | 45/60 [00:07<00:02,  6.36it/s]
Extract:  78%|#######8  | 47/60 [00:07<00:01,  6.71it/s]
Extract:  82%|########1 | 49/60 [00:07<00:01,  8.31it/s]
Extract:  85%|########5 | 51/60 [00:08<00:01,  4.52it/s]
Extract:  87%|########6 | 52/60 [00:09<00:01,  4.05it/s]
Extract:  90%|######### | 54/60 [00:09<00:01,  4.41it/s]
Extract:  92%|#########1| 55/60 [00:09<00:01,  4.19it/s]
Extract:  93%|#########3| 56/60 [00:09<00:00,  4.66it/s]
Extract:  97%|#########6| 58/60 [00:10<00:00,  4.73it/s]
Extract:  98%|#########8| 59/60 [00:10<00:00,  4.54it/s]
Extract: 100%|##########| 60/60 [00:10<00:00,  3.54it/s]
Extract: 100%|##########| 60/60 [00:10<00:00,  5.47it/s]

Extract:   0%|          | 0/60 [00:00<?, ?it/s]
Extract:   2%|1         | 1/60 [00:00<00:06,  9.01it/s]
Extract:   3%|3         | 2/60 [00:00<00:06,  8.52it/s]
Extract:   5%|5         | 3/60 [00:00<00:08,  6.42it/s]
Extract:   7%|6         | 4/60 [00:00<00:12,  4.44it/s]
Extract:   8%|8         | 5/60 [00:00<00:12,  4.47it/s]
Extract:  10%|#         | 6/60 [00:01<00:11,  4.67it/s]
Extract:  12%|#1        | 7/60 [00:01<00:14,  3.61it/s]
Extract:  13%|#3        | 8/60 [00:02<00:18,  2.83it/s]
Extract:  15%|#5        | 9/60 [00:02<00:18,  2.78it/s]
Extract:  17%|#6        | 10/60 [00:02<00:17,  2.84it/s]
Extract:  18%|#8        | 11/60 [00:03<00:17,  2.82it/s]
Extract:  20%|##        | 12/60 [00:03<00:23,  2.02it/s]
Extract:  22%|##1       | 13/60 [00:04<00:18,  2.52it/s]
Extract:  23%|##3       | 14/60 [00:04<00:22,  2.09it/s]
Extract:  25%|##5       | 15/60 [00:05<00:23,  1.90it/s]
Extract:  27%|##6       | 16/60 [00:05<00:18,  2.32it/s]
Extract:  30%|###       | 18/60 [00:05<00:11,  3.80it/s]
Extract:  33%|###3      | 20/60 [00:05<00:07,  5.22it/s]
Extract:  35%|###5      | 21/60 [00:06<00:11,  3.44it/s]
Extract:  37%|###6      | 22/60 [00:06<00:11,  3.44it/s]
Extract:  38%|###8      | 23/60 [00:07<00:12,  2.98it/s]
Extract:  40%|####      | 24/60 [00:07<00:10,  3.39it/s]
Extract:  43%|####3     | 26/60 [00:07<00:07,  4.59it/s]
Extract:  45%|####5     | 27/60 [00:08<00:11,  2.95it/s]
Extract:  47%|####6     | 28/60 [00:08<00:09,  3.52it/s]
Extract:  48%|####8     | 29/60 [00:08<00:08,  3.87it/s]
Extract:  50%|#####     | 30/60 [00:09<00:08,  3.36it/s]
Extract:  52%|#####1    | 31/60 [00:09<00:09,  2.99it/s]
Extract:  53%|#####3    | 32/60 [00:09<00:07,  3.51it/s]
Extract:  57%|#####6    | 34/60 [00:10<00:05,  4.34it/s]
Extract:  58%|#####8    | 35/60 [00:10<00:05,  4.90it/s]
Extract:  60%|######    | 36/60 [00:10<00:04,  5.53it/s]
Extract:  62%|######1   | 37/60 [00:10<00:04,  4.79it/s]
Extract:  63%|######3   | 38/60 [00:10<00:04,  5.15it/s]
Extract:  67%|######6   | 40/60 [00:11<00:03,  6.23it/s]
Extract:  68%|######8   | 41/60 [00:11<00:03,  6.15it/s]
Extract:  70%|#######   | 42/60 [00:12<00:06,  2.85it/s]
Extract:  72%|#######1  | 43/60 [00:12<00:07,  2.41it/s]
Extract:  75%|#######5  | 45/60 [00:12<00:04,  3.39it/s]
Extract:  77%|#######6  | 46/60 [00:13<00:03,  3.98it/s]
Extract:  78%|#######8  | 47/60 [00:13<00:03,  4.11it/s]
Extract:  82%|########1 | 49/60 [00:13<00:01,  5.84it/s]
Extract:  83%|########3 | 50/60 [00:13<00:02,  3.96it/s]
Extract:  85%|########5 | 51/60 [00:14<00:02,  3.43it/s]
Extract:  87%|########6 | 52/60 [00:14<00:02,  2.91it/s]
Extract:  90%|######### | 54/60 [00:15<00:01,  3.16it/s]
Extract:  92%|#########1| 55/60 [00:15<00:01,  3.19it/s]
Extract:  93%|#########3| 56/60 [00:15<00:01,  3.60it/s]
Extract:  97%|#########6| 58/60 [00:16<00:00,  3.95it/s]
Extract:  98%|#########8| 59/60 [00:16<00:00,  3.72it/s]
Extract: 100%|##########| 60/60 [00:17<00:00,  2.98it/s]
Extract: 100%|##########| 60/60 [00:17<00:00,  3.48it/s]

Extract:   0%|          | 0/60 [00:00<?, ?it/s]
Extract:   3%|3         | 2/60 [00:00<00:03, 15.66it/s]
Extract:   7%|6         | 4/60 [00:00<00:06,  8.72it/s]
Extract:  10%|#         | 6/60 [00:00<00:07,  7.58it/s]
Extract:  12%|#1        | 7/60 [00:00<00:08,  6.09it/s]
Extract:  13%|#3        | 8/60 [00:01<00:10,  4.88it/s]
Extract:  15%|#5        | 9/60 [00:01<00:11,  4.47it/s]
Extract:  17%|#6        | 10/60 [00:01<00:10,  4.85it/s]
Extract:  18%|#8        | 11/60 [00:01<00:10,  4.85it/s]
Extract:  20%|##        | 12/60 [00:02<00:13,  3.52it/s]
Extract:  22%|##1       | 13/60 [00:02<00:11,  4.20it/s]
Extract:  23%|##3       | 14/60 [00:02<00:12,  3.76it/s]
Extract:  25%|##5       | 15/60 [00:03<00:13,  3.42it/s]
Extract:  27%|##6       | 16/60 [00:03<00:10,  4.10it/s]
Extract:  32%|###1      | 19/60 [00:03<00:05,  7.75it/s]
Extract:  35%|###5      | 21/60 [00:03<00:05,  6.79it/s]
Extract:  37%|###6      | 22/60 [00:03<00:05,  6.84it/s]
Extract:  38%|###8      | 23/60 [00:04<00:05,  6.23it/s]
Extract:  40%|####      | 24/60 [00:04<00:05,  6.04it/s]
Extract:  43%|####3     | 26/60 [00:04<00:04,  7.61it/s]
Extract:  45%|####5     | 27/60 [00:05<00:07,  4.14it/s]
Extract:  47%|####6     | 28/60 [00:05<00:06,  4.81it/s]
Extract:  48%|####8     | 29/60 [00:05<00:05,  5.35it/s]
Extract:  50%|#####     | 30/60 [00:05<00:05,  5.45it/s]
Extract:  52%|#####1    | 31/60 [00:05<00:05,  5.03it/s]
Extract:  55%|#####5    | 33/60 [00:05<00:03,  7.45it/s]
Extract:  58%|#####8    | 35/60 [00:06<00:02,  8.90it/s]
Extract:  62%|######1   | 37/60 [00:06<00:02,  8.83it/s]
Extract:  65%|######5   | 39/60 [00:06<00:02,  9.87it/s]
Extract:  68%|######8   | 41/60 [00:06<00:02,  8.96it/s]
Extract:  70%|#######   | 42/60 [00:07<00:03,  5.49it/s]
Extract:  72%|#######1  | 43/60 [00:07<00:03,  4.28it/s]
Extract:  77%|#######6  | 46/60 [00:07<00:02,  6.65it/s]
Extract:  78%|#######8  | 47/60 [00:08<00:02,  6.31it/s]
Extract:  82%|########1 | 49/60 [00:08<00:01,  7.91it/s]
Extract:  85%|########5 | 51/60 [00:08<00:01,  4.81it/s]
Extract:  87%|########6 | 52/60 [00:09<00:01,  4.32it/s]
Extract:  88%|########8 | 53/60 [00:09<00:01,  4.80it/s]
Extract:  90%|######### | 54/60 [00:09<00:01,  4.41it/s]
Extract:  92%|#########1| 55/60 [00:09<00:01,  4.23it/s]
Extract:  93%|#########3| 56/60 [00:10<00:00,  4.95it/s]
Extract:  97%|#########6| 58/60 [00:10<00:00,  5.59it/s]
Extract:  98%|#########8| 59/60 [00:10<00:00,  5.40it/s]
Extract: 100%|##########| 60/60 [00:10<00:00,  4.28it/s]
Extract: 100%|##########| 60/60 [00:10<00:00,  5.51it/s]

Extract:   0%|          | 0/60 [00:00<?, ?it/s]
Extract:   3%|3         | 2/60 [00:00<00:04, 14.12it/s]
Extract:   7%|6         | 4/60 [00:00<00:07,  7.91it/s]
Extract:   8%|8         | 5/60 [00:00<00:07,  7.47it/s]
Extract:  10%|#         | 6/60 [00:00<00:08,  6.03it/s]
Extract:  12%|#1        | 7/60 [00:01<00:11,  4.52it/s]
Extract:  13%|#3        | 8/60 [00:01<00:14,  3.65it/s]
Extract:  15%|#5        | 9/60 [00:01<00:14,  3.44it/s]
Extract:  17%|#6        | 10/60 [00:02<00:14,  3.55it/s]
Extract:  18%|#8        | 11/60 [00:02<00:13,  3.72it/s]
Extract:  20%|##        | 12/60 [00:02<00:15,  3.00it/s]
Extract:  22%|##1       | 13/60 [00:03<00:13,  3.41it/s]
Extract:  23%|##3       | 14/60 [00:03<00:18,  2.48it/s]
Extract:  25%|##5       | 15/60 [00:04<00:19,  2.29it/s]
Extract:  27%|##6       | 16/60 [00:04<00:15,  2.82it/s]
Extract:  32%|###1      | 19/60 [00:04<00:07,  5.51it/s]
Extract:  35%|###5      | 21/60 [00:05<00:08,  4.61it/s]
Extract:  37%|###6      | 22/60 [00:05<00:08,  4.54it/s]
Extract:  38%|###8      | 23/60 [00:05<00:08,  4.27it/s]
Extract:  40%|####      | 24/60 [00:05<00:08,  4.13it/s]
Extract:  43%|####3     | 26/60 [00:06<00:05,  5.73it/s]
Extract:  45%|####5     | 27/60 [00:06<00:08,  3.71it/s]
Extract:  48%|####8     | 29/60 [00:06<00:06,  4.81it/s]
Extract:  50%|#####     | 30/60 [00:07<00:06,  4.90it/s]
Extract:  52%|#####1    | 31/60 [00:07<00:06,  4.64it/s]
Extract:  53%|#####3    | 32/60 [00:07<00:05,  5.30it/s]
Extract:  57%|#####6    | 34/60 [00:07<00:03,  7.53it/s]
Extract:  60%|######    | 36/60 [00:07<00:02,  8.95it/s]
Extract:  63%|######3   | 38/60 [00:08<00:02,  7.43it/s]
Extract:  67%|######6   | 40/60 [00:08<00:02,  8.21it/s]
Extract:  68%|######8   | 41/60 [00:08<00:02,  7.87it/s]
Extract:  70%|#######   | 42/60 [00:09<00:04,  4.08it/s]
Extract:  72%|#######1  | 43/60 [00:09<00:05,  3.33it/s]
Extract:  75%|#######5  | 45/60 [00:09<00:03,  4.96it/s]
Extract:  78%|#######8  | 47/60 [00:10<00:02,  5.43it/s]
Extract:  82%|########1 | 49/60 [00:10<00:01,  6.94it/s]
Extract:  85%|########5 | 51/60 [00:11<00:02,  3.84it/s]
Extract:  87%|########6 | 52/60 [00:11<00:02,  3.37it/s]
Extract:  90%|######### | 54/60 [00:12<00:01,  3.75it/s]
Extract:  92%|#########1| 55/60 [00:12<00:01,  3.54it/s]
Extract:  93%|#########3| 56/60 [00:12<00:01,  3.98it/s]
Extract:  97%|#########6| 58/60 [00:12<00:00,  4.66it/s]
Extract:  98%|#########8| 59/60 [00:13<00:00,  4.73it/s]
Extract: 100%|##########| 60/60 [00:13<00:00,  3.50it/s]
Extract: 100%|##########| 60/60 [00:13<00:00,  4.43it/s]

Extract:   0%|          | 0/60 [00:00<?, ?it/s]
Extract:   3%|3         | 2/60 [00:00<00:03, 18.34it/s]
Extract:   7%|6         | 4/60 [00:00<00:05, 10.56it/s]
Extract:  10%|#         | 6/60 [00:00<00:05, 10.00it/s]
Extract:  13%|#3        | 8/60 [00:01<00:08,  6.07it/s]
Extract:  15%|#5        | 9/60 [00:01<00:09,  5.48it/s]
Extract:  17%|#6        | 10/60 [00:01<00:09,  5.41it/s]
Extract:  18%|#8        | 11/60 [00:01<00:08,  5.57it/s]
Extract:  20%|##        | 12/60 [00:02<00:11,  4.08it/s]
Extract:  22%|##1       | 13/60 [00:02<00:09,  4.83it/s]
Extract:  23%|##3       | 14/60 [00:02<00:10,  4.50it/s]
Extract:  25%|##5       | 15/60 [00:02<00:12,  3.68it/s]
Extract:  27%|##6       | 16/60 [00:03<00:10,  4.08it/s]
Extract:  32%|###1      | 19/60 [00:03<00:06,  6.22it/s]
Extract:  35%|###5      | 21/60 [00:03<00:07,  4.99it/s]
Extract:  37%|###6      | 22/60 [00:04<00:08,  4.73it/s]
Extract:  38%|###8      | 23/60 [00:04<00:09,  3.93it/s]
Extract:  40%|####      | 24/60 [00:04<00:08,  4.39it/s]
Extract:  43%|####3     | 26/60 [00:04<00:05,  6.01it/s]
Extract:  45%|####5     | 27/60 [00:05<00:08,  4.00it/s]
Extract:  48%|####8     | 29/60 [00:05<00:06,  5.09it/s]
Extract:  50%|#####     | 30/60 [00:05<00:05,  5.18it/s]
Extract:  52%|#####1    | 31/60 [00:06<00:05,  4.86it/s]
Extract:  53%|#####3    | 32/60 [00:06<00:05,  5.55it/s]
Extract:  57%|#####6    | 34/60 [00:06<00:03,  7.95it/s]
Extract:  60%|######    | 36/60 [00:06<00:02,  8.84it/s]
Extract:  63%|######3   | 38/60 [00:06<00:02,  7.38it/s]
Extract:  67%|######6   | 40/60 [00:06<00:02,  8.15it/s]
Extract:  68%|######8   | 41/60 [00:07<00:02,  7.99it/s]
Extract:  70%|#######   | 42/60 [00:07<00:03,  4.51it/s]
Extract:  72%|#######1  | 43/60 [00:08<00:04,  3.63it/s]
Extract:  75%|#######5  | 45/60 [00:08<00:02,  5.38it/s]
Extract:  78%|#######8  | 47/60 [00:08<00:02,  5.83it/s]
Extract:  82%|########1 | 49/60 [00:08<00:01,  7.30it/s]
Extract:  85%|########5 | 51/60 [00:09<00:02,  4.29it/s]
Extract:  87%|########6 | 52/60 [00:10<00:02,  3.61it/s]
Extract:  90%|######### | 54/60 [00:10<00:01,  4.02it/s]
Extract:  92%|#########1| 55/60 [00:10<00:01,  3.90it/s]
Extract:  93%|#########3| 56/60 [00:10<00:00,  4.36it/s]
Extract:  97%|#########6| 58/60 [00:11<00:00,  4.67it/s]
Extract:  98%|#########8| 59/60 [00:11<00:00,  4.34it/s]
Extract: 100%|##########| 60/60 [00:11<00:00,  3.67it/s]
Extract: 100%|##########| 60/60 [00:11<00:00,  5.04it/s]

Extract:   0%|          | 0/60 [00:00<?, ?it/s]
Extract:   3%|3         | 2/60 [00:00<00:04, 13.62it/s]
Extract:   7%|6         | 4/60 [00:00<00:09,  6.08it/s]
Extract:   8%|8         | 5/60 [00:00<00:09,  6.00it/s]
Extract:  10%|#         | 6/60 [00:00<00:09,  5.93it/s]
Extract:  12%|#1        | 7/60 [00:01<00:10,  4.92it/s]
Extract:  13%|#3        | 8/60 [00:01<00:12,  4.09it/s]
Extract:  15%|#5        | 9/60 [00:01<00:12,  3.94it/s]
Extract:  17%|#6        | 10/60 [00:02<00:12,  4.10it/s]
Extract:  18%|#8        | 11/60 [00:02<00:11,  4.20it/s]
Extract:  20%|##        | 12/60 [00:02<00:14,  3.24it/s]
Extract:  22%|##1       | 13/60 [00:02<00:12,  3.87it/s]
Extract:  23%|##3       | 14/60 [00:03<00:15,  2.88it/s]
Extract:  25%|##5       | 15/60 [00:03<00:18,  2.49it/s]
Extract:  27%|##6       | 16/60 [00:04<00:14,  3.03it/s]
Extract:  32%|###1      | 19/60 [00:04<00:07,  5.85it/s]
Extract:  35%|###5      | 21/60 [00:04<00:08,  4.69it/s]
Extract:  37%|###6      | 22/60 [00:05<00:08,  4.67it/s]
Extract:  38%|###8      | 23/60 [00:05<00:08,  4.35it/s]
Extract:  40%|####      | 24/60 [00:05<00:07,  4.74it/s]
Extract:  43%|####3     | 26/60 [00:05<00:05,  6.38it/s]
Extract:  45%|####5     | 27/60 [00:06<00:08,  3.84it/s]
Extract:  47%|####6     | 28/60 [00:06<00:07,  4.51it/s]
Extract:  48%|####8     | 29/60 [00:06<00:06,  5.14it/s]
Extract:  50%|#####     | 30/60 [00:06<00:05,  5.26it/s]
Extract:  52%|#####1    | 31/60 [00:06<00:05,  5.04it/s]
Extract:  55%|#####5    | 33/60 [00:07<00:03,  7.52it/s]
Extract:  58%|#####8    | 35/60 [00:07<00:02,  8.90it/s]
Extract:  62%|######1   | 37/60 [00:07<00:02,  8.34it/s]
Extract:  63%|######3   | 38/60 [00:07<00:02,  8.29it/s]
Extract:  67%|######6   | 40/60 [00:07<00:02,  9.14it/s]
Extract:  68%|######8   | 41/60 [00:07<00:02,  8.41it/s]
Extract:  70%|#######   | 42/60 [00:08<00:04,  4.46it/s]
Extract:  72%|#######1  | 43/60 [00:08<00:04,  3.72it/s]
Extract:  77%|#######6  | 46/60 [00:09<00:02,  6.45it/s]
Extract:  80%|########  | 48/60 [00:09<00:01,  7.48it/s]
Extract:  83%|########3 | 50/60 [00:09<00:01,  6.05it/s]
Extract:  85%|########5 | 51/60 [00:09<00:01,  5.32it/s]
Extract:  87%|########6 | 52/60 [00:10<00:01,  4.79it/s]
Extract:  90%|######### | 54/60 [00:10<00:01,  5.55it/s]
Extract:  92%|#########1| 55/60 [00:10<00:00,  5.48it/s]
Extract:  93%|#########3| 56/60 [00:10<00:00,  5.82it/s]
Extract:  97%|#########6| 58/60 [00:11<00:00,  6.24it/s]
Extract:  98%|#########8| 59/60 [00:11<00:00,  6.13it/s]
Extract: 100%|##########| 60/60 [00:11<00:00,  4.35it/s]
Extract: 100%|##########| 60/60 [00:11<00:00,  5.11it/s]

Extract:   0%|          | 0/60 [00:00<?, ?it/s]
Extract:   3%|3         | 2/60 [00:00<00:04, 13.23it/s]
Extract:   7%|6         | 4/60 [00:00<00:08,  6.33it/s]
Extract:   8%|8         | 5/60 [00:00<00:08,  6.43it/s]
Extract:  10%|#         | 6/60 [00:00<00:08,  6.59it/s]
Extract:  12%|#1        | 7/60 [00:01<00:09,  5.32it/s]
Extract:  13%|#3        | 8/60 [00:01<00:12,  4.20it/s]
Extract:  15%|#5        | 9/60 [00:01<00:13,  3.92it/s]
Extract:  17%|#6        | 10/60 [00:02<00:12,  4.10it/s]
Extract:  18%|#8        | 11/60 [00:02<00:11,  4.21it/s]
Extract:  20%|##        | 12/60 [00:02<00:13,  3.46it/s]
Extract:  22%|##1       | 13/60 [00:02<00:12,  3.65it/s]
Extract:  23%|##3       | 14/60 [00:03<00:19,  2.40it/s]
Extract:  25%|##5       | 15/60 [00:04<00:19,  2.26it/s]
Extract:  27%|##6       | 16/60 [00:04<00:16,  2.74it/s]
Extract:  32%|###1      | 19/60 [00:04<00:07,  5.59it/s]
Extract:  35%|###5      | 21/60 [00:04<00:07,  4.93it/s]
Extract:  37%|###6      | 22/60 [00:05<00:07,  4.88it/s]
Extract:  38%|###8      | 23/60 [00:05<00:08,  4.56it/s]
Extract:  40%|####      | 24/60 [00:05<00:07,  4.51it/s]
Extract:  43%|####3     | 26/60 [00:05<00:05,  6.19it/s]
Extract:  45%|####5     | 27/60 [00:06<00:08,  3.95it/s]
Extract:  47%|####6     | 28/60 [00:06<00:07,  4.55it/s]
Extract:  48%|####8     | 29/60 [00:06<00:06,  5.00it/s]
Extract:  50%|#####     | 30/60 [00:06<00:06,  4.91it/s]
Extract:  52%|#####1    | 31/60 [00:07<00:06,  4.52it/s]
Extract:  55%|#####5    | 33/60 [00:07<00:04,  6.75it/s]
Extract:  58%|#####8    | 35/60 [00:07<00:03,  7.83it/s]
Extract:  62%|######1   | 37/60 [00:07<00:03,  7.44it/s]
Extract:  63%|######3   | 38/60 [00:07<00:02,  7.39it/s]
Extract:  67%|######6   | 40/60 [00:08<00:02,  8.05it/s]
Extract:  68%|######8   | 41/60 [00:08<00:02,  6.87it/s]
Extract:  70%|#######   | 42/60 [00:08<00:04,  4.30it/s]
Extract:  72%|#######1  | 43/60 [00:09<00:04,  3.40it/s]
Extract:  75%|#######5  | 45/60 [00:09<00:02,  5.04it/s]
Extract:  77%|#######6  | 46/60 [00:09<00:02,  5.66it/s]
Extract:  78%|#######8  | 47/60 [00:09<00:02,  5.35it/s]
Extract:  82%|########1 | 49/60 [00:09<00:01,  7.20it/s]
Extract:  83%|########3 | 50/60 [00:10<00:02,  4.60it/s]
Extract:  85%|########5 | 51/60 [00:10<00:02,  3.56it/s]
Extract:  87%|########6 | 52/60 [00:11<00:02,  3.22it/s]
Extract:  90%|######### | 54/60 [00:11<00:01,  3.79it/s]
Extract:  92%|#########1| 55/60 [00:11<00:01,  3.69it/s]
Extract:  93%|#########3| 56/60 [00:12<00:00,  4.23it/s]
Extract:  97%|#########6| 58/60 [00:12<00:00,  4.80it/s]
Extract:  98%|#########8| 59/60 [00:12<00:00,  4.57it/s]
Extract: 100%|##########| 60/60 [00:13<00:00,  3.70it/s]
Extract: 100%|##########| 60/60 [00:13<00:00,  4.59it/s]

Extract:   0%|          | 0/60 [00:00<?, ?it/s]
Extract:   3%|3         | 2/60 [00:00<00:04, 13.13it/s]
Extract:   7%|6         | 4/60 [00:00<00:07,  7.50it/s]
Extract:   8%|8         | 5/60 [00:00<00:07,  7.36it/s]
Extract:  10%|#         | 6/60 [00:00<00:07,  7.54it/s]
Extract:  12%|#1        | 7/60 [00:01<00:09,  5.69it/s]
Extract:  13%|#3        | 8/60 [00:01<00:11,  4.44it/s]
Extract:  15%|#5        | 9/60 [00:01<00:14,  3.63it/s]
Extract:  17%|#6        | 10/60 [00:02<00:13,  3.76it/s]
Extract:  18%|#8        | 11/60 [00:02<00:12,  3.91it/s]
Extract:  20%|##        | 12/60 [00:02<00:14,  3.29it/s]
Extract:  22%|##1       | 13/60 [00:02<00:11,  3.98it/s]
Extract:  23%|##3       | 14/60 [00:03<00:14,  3.25it/s]
Extract:  25%|##5       | 15/60 [00:03<00:19,  2.32it/s]
Extract:  27%|##6       | 16/60 [00:04<00:15,  2.82it/s]
Extract:  32%|###1      | 19/60 [00:04<00:07,  5.55it/s]
Extract:  35%|###5      | 21/60 [00:04<00:08,  4.53it/s]
Extract:  37%|###6      | 22/60 [00:05<00:08,  4.57it/s]
Extract:  38%|###8      | 23/60 [00:05<00:08,  4.40it/s]
Extract:  40%|####      | 24/60 [00:05<00:07,  4.69it/s]
Extract:  43%|####3     | 26/60 [00:05<00:05,  6.21it/s]
Extract:  45%|####5     | 27/60 [00:06<00:08,  3.68it/s]
Extract:  47%|####6     | 28/60 [00:06<00:07,  4.34it/s]
Extract:  48%|####8     | 29/60 [00:06<00:06,  4.77it/s]
Extract:  50%|#####     | 30/60 [00:06<00:06,  4.80it/s]
Extract:  52%|#####1    | 31/60 [00:07<00:06,  4.55it/s]
Extract:  53%|#####3    | 32/60 [00:07<00:05,  5.34it/s]
Extract:  57%|#####6    | 34/60 [00:07<00:03,  7.85it/s]
Extract:  60%|######    | 36/60 [00:07<00:02,  8.87it/s]
Extract:  63%|######3   | 38/60 [00:07<00:03,  7.03it/s]
Extract:  67%|######6   | 40/60 [00:08<00:02,  7.71it/s]
Extract:  68%|######8   | 41/60 [00:08<00:02,  7.55it/s]
Extract:  70%|#######   | 42/60 [00:08<00:04,  4.14it/s]
Extract:  72%|#######1  | 43/60 [00:09<00:04,  3.81it/s]
Extract:  77%|#######6  | 46/60 [00:09<00:02,  6.45it/s]
Extract:  78%|#######8  | 47/60 [00:09<00:02,  6.30it/s]
Extract:  82%|########1 | 49/60 [00:09<00:01,  8.06it/s]
Extract:  85%|########5 | 51/60 [00:10<00:01,  4.58it/s]
Extract:  87%|########6 | 52/60 [00:10<00:01,  4.22it/s]
Extract:  90%|######### | 54/60 [00:11<00:01,  4.51it/s]
Extract:  92%|#########1| 55/60 [00:11<00:01,  4.51it/s]
Extract:  93%|#########3| 56/60 [00:11<00:00,  5.12it/s]
Extract:  97%|#########6| 58/60 [00:11<00:00,  5.62it/s]
Extract:  98%|#########8| 59/60 [00:11<00:00,  5.27it/s]
Extract: 100%|##########| 60/60 [00:12<00:00,  3.91it/s]
Extract: 100%|##########| 60/60 [00:12<00:00,  4.83it/s]

Extract:   0%|          | 0/60 [00:00<?, ?it/s]
Extract:   3%|3         | 2/60 [00:00<00:03, 14.73it/s]
Extract:   7%|6         | 4/60 [00:00<00:06,  8.35it/s]
Extract:   8%|8         | 5/60 [00:00<00:07,  7.67it/s]
Extract:  10%|#         | 6/60 [00:00<00:07,  6.87it/s]
Extract:  12%|#1        | 7/60 [00:01<00:10,  5.26it/s]
Extract:  13%|#3        | 8/60 [00:01<00:12,  4.25it/s]
Extract:  15%|#5        | 9/60 [00:01<00:12,  4.04it/s]
Extract:  17%|#6        | 10/60 [00:01<00:12,  4.07it/s]
Extract:  18%|#8        | 11/60 [00:02<00:11,  4.34it/s]
Extract:  20%|##        | 12/60 [00:02<00:12,  3.76it/s]
Extract:  22%|##1       | 13/60 [00:02<00:10,  4.58it/s]
Extract:  23%|##3       | 14/60 [00:02<00:12,  3.70it/s]
Extract:  25%|##5       | 15/60 [00:03<00:15,  2.83it/s]
Extract:  27%|##6       | 16/60 [00:03<00:12,  3.43it/s]
Extract:  32%|###1      | 19/60 [00:03<00:06,  6.42it/s]
Extract:  35%|###5      | 21/60 [00:04<00:07,  4.96it/s]
Extract:  37%|###6      | 22/60 [00:04<00:07,  4.89it/s]
Extract:  38%|###8      | 23/60 [00:04<00:07,  4.72it/s]
Extract:  42%|####1     | 25/60 [00:04<00:05,  6.59it/s]
Extract:  43%|####3     | 26/60 [00:05<00:05,  6.58it/s]
Extract:  45%|####5     | 27/60 [00:05<00:06,  5.08it/s]
Extract:  48%|####8     | 29/60 [00:05<00:04,  6.67it/s]
Extract:  50%|#####     | 30/60 [00:05<00:04,  6.70it/s]
Extract:  52%|#####1    | 31/60 [00:05<00:04,  6.13it/s]
Extract:  55%|#####5    | 33/60 [00:06<00:03,  8.31it/s]
Extract:  58%|#####8    | 35/60 [00:06<00:02,  9.69it/s]
Extract:  62%|######1   | 37/60 [00:06<00:02,  9.83it/s]
Extract:  65%|######5   | 39/60 [00:06<00:01, 11.01it/s]
Extract:  68%|######8   | 41/60 [00:06<00:01, 10.09it/s]
Extract:  72%|#######1  | 43/60 [00:07<00:03,  4.77it/s]
Extract:  77%|#######6  | 46/60 [00:07<00:02,  6.81it/s]
Extract:  80%|########  | 48/60 [00:08<00:01,  7.80it/s]
Extract:  83%|########3 | 50/60 [00:08<00:01,  6.78it/s]
Extract:  85%|########5 | 51/60 [00:08<00:01,  6.20it/s]
Extract:  87%|########6 | 52/60 [00:08<00:01,  5.23it/s]
Extract:  90%|######### | 54/60 [00:09<00:01,  5.58it/s]
Extract:  92%|#########1| 55/60 [00:09<00:00,  5.21it/s]
Extract:  95%|#########5| 57/60 [00:09<00:00,  6.80it/s]
Extract:  97%|#########6| 58/60 [00:09<00:00,  6.30it/s]
Extract:  98%|#########8| 59/60 [00:10<00:00,  6.08it/s]
Extract: 100%|##########| 60/60 [00:10<00:00,  4.72it/s]
Extract: 100%|##########| 60/60 [00:10<00:00,  5.76it/s]

Extract:   0%|          | 0/60 [00:00<?, ?it/s]
Extract:   3%|3         | 2/60 [00:00<00:04, 12.76it/s]
Extract:   7%|6         | 4/60 [00:00<00:09,  5.63it/s]
Extract:   8%|8         | 5/60 [00:00<00:10,  5.38it/s]
Extract:  10%|#         | 6/60 [00:01<00:09,  5.49it/s]
Extract:  12%|#1        | 7/60 [00:01<00:11,  4.47it/s]
Extract:  13%|#3        | 8/60 [00:01<00:14,  3.70it/s]
Extract:  15%|#5        | 9/60 [00:02<00:14,  3.56it/s]
Extract:  17%|#6        | 10/60 [00:02<00:13,  3.71it/s]
Extract:  18%|#8        | 11/60 [00:02<00:13,  3.74it/s]
Extract:  20%|##        | 12/60 [00:03<00:17,  2.80it/s]
Extract:  22%|##1       | 13/60 [00:03<00:14,  3.21it/s]
Extract:  23%|##3       | 14/60 [00:03<00:16,  2.84it/s]
Extract:  25%|##5       | 15/60 [00:04<00:17,  2.55it/s]
Extract:  27%|##6       | 16/60 [00:04<00:14,  3.06it/s]
Extract:  32%|###1      | 19/60 [00:04<00:07,  5.81it/s]
Extract:  35%|###5      | 21/60 [00:05<00:09,  4.22it/s]
Extract:  37%|###6      | 22/60 [00:05<00:09,  4.14it/s]
Extract:  38%|###8      | 23/60 [00:05<00:09,  3.81it/s]
Extract:  40%|####      | 24/60 [00:06<00:08,  4.22it/s]
Extract:  43%|####3     | 26/60 [00:06<00:06,  5.64it/s]
Extract:  45%|####5     | 27/60 [00:06<00:09,  3.66it/s]
Extract:  47%|####6     | 28/60 [00:06<00:07,  4.32it/s]
Extract:  48%|####8     | 29/60 [00:07<00:06,  4.74it/s]
Extract:  50%|#####     | 30/60 [00:07<00:06,  4.54it/s]
Extract:  52%|#####1    | 31/60 [00:07<00:07,  3.84it/s]
Extract:  53%|#####3    | 32/60 [00:07<00:06,  4.61it/s]
Extract:  57%|#####6    | 34/60 [00:07<00:03,  6.97it/s]
Extract:  60%|######    | 36/60 [00:08<00:03,  7.94it/s]
Extract:  63%|######3   | 38/60 [00:08<00:03,  6.16it/s]
Extract:  67%|######6   | 40/60 [00:08<00:02,  6.96it/s]
Extract:  68%|######8   | 41/60 [00:08<00:02,  6.89it/s]
Extract:  70%|#######   | 42/60 [00:09<00:04,  4.25it/s]
Extract:  72%|#######1  | 43/60 [00:09<00:05,  3.37it/s]
Extract:  75%|#######5  | 45/60 [00:10<00:03,  4.45it/s]
Extract:  78%|#######8  | 47/60 [00:10<00:02,  4.61it/s]
Extract:  82%|########1 | 49/60 [00:10<00:01,  5.98it/s]
Extract:  83%|########3 | 50/60 [00:11<00:02,  4.37it/s]
Extract:  85%|########5 | 51/60 [00:11<00:02,  4.14it/s]
Extract:  87%|########6 | 52/60 [00:11<00:02,  3.86it/s]
Extract:  90%|######### | 54/60 [00:12<00:01,  4.40it/s]
Extract:  92%|#########1| 55/60 [00:12<00:01,  3.69it/s]
Extract:  93%|#########3| 56/60 [00:12<00:00,  4.16it/s]
Extract:  97%|#########6| 58/60 [00:13<00:00,  4.75it/s]
Extract:  98%|#########8| 59/60 [00:13<00:00,  4.60it/s]
Extract: 100%|##########| 60/60 [00:13<00:00,  3.69it/s]
Extract: 100%|##########| 60/60 [00:13<00:00,  4.35it/s]

Extract:   0%|          | 0/60 [00:00<?, ?it/s]
Extract:   3%|3         | 2/60 [00:00<00:04, 14.33it/s]
Extract:   7%|6         | 4/60 [00:00<00:07,  7.98it/s]
Extract:   8%|8         | 5/60 [00:00<00:06,  7.98it/s]
Extract:  10%|#         | 6/60 [00:00<00:06,  8.01it/s]
Extract:  12%|#1        | 7/60 [00:01<00:09,  5.59it/s]
Extract:  13%|#3        | 8/60 [00:01<00:13,  3.85it/s]
Extract:  15%|#5        | 9/60 [00:01<00:13,  3.81it/s]
Extract:  17%|#6        | 10/60 [00:01<00:12,  3.94it/s]
Extract:  18%|#8        | 11/60 [00:02<00:11,  4.13it/s]
Extract:  20%|##        | 12/60 [00:02<00:13,  3.53it/s]
Extract:  23%|##3       | 14/60 [00:02<00:11,  4.10it/s]
Extract:  25%|##5       | 15/60 [00:03<00:14,  3.11it/s]
Extract:  27%|##6       | 16/60 [00:03<00:12,  3.65it/s]
Extract:  28%|##8       | 17/60 [00:03<00:09,  4.33it/s]
Extract:  33%|###3      | 20/60 [00:03<00:04,  8.02it/s]
Extract:  37%|###6      | 22/60 [00:04<00:07,  5.40it/s]
Extract:  40%|####      | 24/60 [00:04<00:06,  5.60it/s]
Extract:  43%|####3     | 26/60 [00:04<00:04,  7.26it/s]
Extract:  47%|####6     | 28/60 [00:05<00:05,  5.77it/s]
Extract:  48%|####8     | 29/60 [00:05<00:05,  6.03it/s]
Extract:  50%|#####     | 30/60 [00:05<00:05,  5.99it/s]
Extract:  52%|#####1    | 31/60 [00:06<00:05,  5.08it/s]
Extract:  55%|#####5    | 33/60 [00:06<00:03,  7.13it/s]
Extract:  58%|#####8    | 35/60 [00:06<00:02,  8.40it/s]
Extract:  62%|######1   | 37/60 [00:06<00:02,  8.04it/s]
Extract:  63%|######3   | 38/60 [00:06<00:02,  7.99it/s]
Extract:  67%|######6   | 40/60 [00:06<00:02,  8.83it/s]
Extract:  68%|######8   | 41/60 [00:06<00:02,  8.77it/s]
Extract:  70%|#######   | 42/60 [00:07<00:03,  5.20it/s]
Extract:  72%|#######1  | 43/60 [00:07<00:04,  4.06it/s]
Extract:  75%|#######5  | 45/60 [00:07<00:02,  6.03it/s]
Extract:  78%|#######8  | 47/60 [00:08<00:02,  6.30it/s]
Extract:  82%|########1 | 49/60 [00:08<00:01,  7.86it/s]
Extract:  85%|########5 | 51/60 [00:09<00:02,  4.42it/s]
Extract:  87%|########6 | 52/60 [00:09<00:01,  4.06it/s]
Extract:  90%|######### | 54/60 [00:09<00:01,  4.53it/s]
Extract:  92%|#########1| 55/60 [00:10<00:01,  4.40it/s]
Extract:  93%|#########3| 56/60 [00:10<00:00,  4.91it/s]
Extract:  97%|#########6| 58/60 [00:10<00:00,  5.51it/s]
Extract:  98%|#########8| 59/60 [00:10<00:00,  5.19it/s]
Extract: 100%|##########| 60/60 [00:11<00:00,  3.94it/s]
Extract: 100%|##########| 60/60 [00:11<00:00,  5.32it/s]

Extract:   0%|          | 0/60 [00:00<?, ?it/s]
Extract:   3%|3         | 2/60 [00:00<00:04, 12.59it/s]
Extract:   7%|6         | 4/60 [00:00<00:08,  6.37it/s]
Extract:   8%|8         | 5/60 [00:00<00:10,  5.45it/s]
Extract:  10%|#         | 6/60 [00:01<00:09,  5.46it/s]
Extract:  12%|#1        | 7/60 [00:01<00:11,  4.48it/s]
Extract:  13%|#3        | 8/60 [00:01<00:14,  3.60it/s]
Extract:  15%|#5        | 9/60 [00:02<00:16,  3.18it/s]
Extract:  17%|#6        | 10/60 [00:02<00:14,  3.48it/s]
Extract:  18%|#8        | 11/60 [00:02<00:13,  3.64it/s]
Extract:  20%|##        | 12/60 [00:03<00:17,  2.69it/s]
Extract:  22%|##1       | 13/60 [00:03<00:15,  2.95it/s]
Extract:  23%|##3       | 14/60 [00:03<00:17,  2.60it/s]
Extract:  25%|##5       | 15/60 [00:04<00:21,  2.12it/s]
Extract:  27%|##6       | 16/60 [00:04<00:18,  2.41it/s]
Extract:  32%|###1      | 19/60 [00:05<00:08,  4.75it/s]
Extract:  35%|###5      | 21/60 [00:05<00:09,  3.91it/s]
Extract:  37%|###6      | 22/60 [00:05<00:09,  4.07it/s]
Extract:  38%|###8      | 23/60 [00:06<00:09,  3.89it/s]
Extract:  40%|####      | 24/60 [00:06<00:08,  4.38it/s]
Extract:  43%|####3     | 26/60 [00:06<00:05,  6.09it/s]
Extract:  45%|####5     | 27/60 [00:07<00:09,  3.39it/s]
Extract:  48%|####8     | 29/60 [00:07<00:07,  4.39it/s]
Extract:  50%|#####     | 30/60 [00:07<00:07,  3.98it/s]
Extract:  52%|#####1    | 31/60 [00:08<00:08,  3.56it/s]
Extract:  53%|#####3    | 32/60 [00:08<00:06,  4.18it/s]
Extract:  57%|#####6    | 34/60 [00:08<00:04,  6.07it/s]
Extract:  58%|#####8    | 35/60 [00:08<00:03,  6.57it/s]
Extract:  62%|######1   | 37/60 [00:08<00:03,  6.72it/s]
Extract:  63%|######3   | 38/60 [00:08<00:03,  6.93it/s]
Extract:  67%|######6   | 40/60 [00:09<00:02,  8.15it/s]
Extract:  68%|######8   | 41/60 [00:09<00:02,  8.03it/s]
Extract:  70%|#######   | 42/60 [00:09<00:04,  4.38it/s]
Extract:  72%|#######1  | 43/60 [00:10<00:04,  3.82it/s]
Extract:  77%|#######6  | 46/60 [00:10<00:02,  6.61it/s]
Extract:  78%|#######8  | 47/60 [00:10<00:02,  6.15it/s]
Extract:  82%|########1 | 49/60 [00:10<00:01,  7.72it/s]
Extract:  85%|########5 | 51/60 [00:11<00:01,  4.78it/s]
Extract:  87%|########6 | 52/60 [00:11<00:01,  4.22it/s]
Extract:  90%|######### | 54/60 [00:12<00:01,  4.86it/s]
Extract:  92%|#########1| 55/60 [00:12<00:01,  4.81it/s]
Extract:  95%|#########5| 57/60 [00:12<00:00,  6.43it/s]
Extract:  97%|#########6| 58/60 [00:12<00:00,  5.79it/s]
Extract:  98%|#########8| 59/60 [00:12<00:00,  5.75it/s]
Extract: 100%|##########| 60/60 [00:13<00:00,  4.29it/s]
Extract: 100%|##########| 60/60 [00:13<00:00,  4.52it/s]

Extract:   0%|          | 0/60 [00:00<?, ?it/s]
Extract:   3%|3         | 2/60 [00:00<00:04, 12.09it/s]
Extract:   7%|6         | 4/60 [00:00<00:08,  6.50it/s]
Extract:   8%|8         | 5/60 [00:00<00:08,  6.25it/s]
Extract:  10%|#         | 6/60 [00:00<00:08,  6.28it/s]
Extract:  12%|#1        | 7/60 [00:01<00:10,  4.99it/s]
Extract:  13%|#3        | 8/60 [00:01<00:12,  4.05it/s]
Extract:  15%|#5        | 9/60 [00:01<00:13,  3.87it/s]
Extract:  17%|#6        | 10/60 [00:02<00:12,  4.14it/s]
Extract:  18%|#8        | 11/60 [00:02<00:11,  4.31it/s]
Extract:  20%|##        | 12/60 [00:02<00:15,  3.12it/s]
Extract:  22%|##1       | 13/60 [00:02<00:12,  3.89it/s]
Extract:  23%|##3       | 14/60 [00:03<00:18,  2.51it/s]
Extract:  25%|##5       | 15/60 [00:04<00:19,  2.28it/s]
Extract:  27%|##6       | 16/60 [00:04<00:15,  2.80it/s]
Extract:  32%|###1      | 19/60 [00:04<00:07,  5.43it/s]
Extract:  35%|###5      | 21/60 [00:05<00:09,  3.93it/s]
Extract:  37%|###6      | 22/60 [00:05<00:09,  3.98it/s]
Extract:  38%|###8      | 23/60 [00:05<00:09,  3.76it/s]
Extract:  40%|####      | 24/60 [00:05<00:08,  4.13it/s]
Extract:  43%|####3     | 26/60 [00:06<00:06,  5.57it/s]
Extract:  45%|####5     | 27/60 [00:06<00:08,  3.67it/s]
Extract:  47%|####6     | 28/60 [00:06<00:07,  4.31it/s]
Extract:  48%|####8     | 29/60 [00:06<00:06,  4.78it/s]
Extract:  50%|#####     | 30/60 [00:07<00:07,  3.94it/s]
Extract:  52%|#####1    | 31/60 [00:07<00:07,  3.70it/s]
Extract:  53%|#####3    | 32/60 [00:07<00:06,  4.48it/s]
Extract:  58%|#####8    | 35/60 [00:07<00:03,  7.36it/s]
Extract:  62%|######1   | 37/60 [00:08<00:03,  7.06it/s]
Extract:  63%|######3   | 38/60 [00:08<00:03,  7.18it/s]
Extract:  67%|######6   | 40/60 [00:08<00:02,  7.98it/s]
Extract:  68%|######8   | 41/60 [00:08<00:02,  7.83it/s]
Extract:  70%|#######   | 42/60 [00:09<00:04,  4.49it/s]
Extract:  72%|#######1  | 43/60 [00:09<00:05,  3.11it/s]
Extract:  75%|#######5  | 45/60 [00:10<00:03,  4.69it/s]
Extract:  77%|#######6  | 46/60 [00:10<00:02,  5.30it/s]
Extract:  78%|#######8  | 47/60 [00:10<00:02,  5.08it/s]
Extract:  82%|########1 | 49/60 [00:10<00:01,  7.04it/s]
Extract:  85%|########5 | 51/60 [00:11<00:02,  4.05it/s]
Extract:  87%|########6 | 52/60 [00:11<00:02,  3.29it/s]
Extract:  90%|######### | 54/60 [00:12<00:01,  3.67it/s]
Extract:  92%|#########1| 55/60 [00:12<00:01,  3.61it/s]
Extract:  93%|#########3| 56/60 [00:12<00:00,  4.14it/s]
Extract:  97%|#########6| 58/60 [00:13<00:00,  4.55it/s]
Extract:  98%|#########8| 59/60 [00:13<00:00,  4.26it/s]
Extract: 100%|##########| 60/60 [00:13<00:00,  3.50it/s]
Extract: 100%|##########| 60/60 [00:13<00:00,  4.34it/s]

Extract:   0%|          | 0/60 [00:00<?, ?it/s]
Extract:   3%|3         | 2/60 [00:00<00:04, 13.11it/s]
Extract:   7%|6         | 4/60 [00:00<00:07,  7.41it/s]
Extract:   8%|8         | 5/60 [00:00<00:07,  7.46it/s]
Extract:  10%|#         | 6/60 [00:00<00:07,  7.28it/s]
Extract:  12%|#1        | 7/60 [00:01<00:08,  6.17it/s]
Extract:  13%|#3        | 8/60 [00:01<00:10,  4.84it/s]
Extract:  15%|#5        | 9/60 [00:01<00:11,  4.52it/s]
Extract:  17%|#6        | 10/60 [00:01<00:11,  4.39it/s]
Extract:  18%|#8        | 11/60 [00:01<00:10,  4.83it/s]
Extract:  20%|##        | 12/60 [00:02<00:11,  4.29it/s]
Extract:  22%|##1       | 13/60 [00:02<00:09,  5.15it/s]
Extract:  23%|##3       | 14/60 [00:02<00:10,  4.33it/s]
Extract:  25%|##5       | 15/60 [00:03<00:14,  3.02it/s]
Extract:  27%|##6       | 16/60 [00:03<00:12,  3.58it/s]
Extract:  32%|###1      | 19/60 [00:03<00:06,  6.70it/s]
Extract:  35%|###5      | 21/60 [00:04<00:07,  5.37it/s]
Extract:  37%|###6      | 22/60 [00:04<00:06,  5.65it/s]
Extract:  38%|###8      | 23/60 [00:04<00:07,  5.23it/s]
Extract:  40%|####      | 24/60 [00:04<00:06,  5.77it/s]
Extract:  43%|####3     | 26/60 [00:04<00:04,  8.03it/s]
Extract:  47%|####6     | 28/60 [00:05<00:05,  5.38it/s]
Extract:  48%|####8     | 29/60 [00:05<00:05,  5.64it/s]
Extract:  50%|#####     | 30/60 [00:05<00:06,  4.95it/s]
Extract:  52%|#####1    | 31/60 [00:05<00:06,  4.83it/s]
Extract:  53%|#####3    | 32/60 [00:06<00:05,  5.37it/s]
Extract:  57%|#####6    | 34/60 [00:06<00:03,  7.01it/s]
Extract:  60%|######    | 36/60 [00:06<00:02,  8.53it/s]
Extract:  62%|######1   | 37/60 [00:06<00:03,  7.51it/s]
Extract:  63%|######3   | 38/60 [00:06<00:02,  7.36it/s]
Extract:  67%|######6   | 40/60 [00:06<00:02,  8.35it/s]
Extract:  68%|######8   | 41/60 [00:06<00:02,  8.58it/s]
Extract:  70%|#######   | 42/60 [00:07<00:03,  4.82it/s]
Extract:  72%|#######1  | 43/60 [00:07<00:04,  3.54it/s]
Extract:  75%|#######5  | 45/60 [00:08<00:02,  5.41it/s]
Extract:  78%|#######8  | 47/60 [00:08<00:02,  5.81it/s]
Extract:  82%|########1 | 49/60 [00:08<00:01,  7.37it/s]
Extract:  85%|########5 | 51/60 [00:09<00:02,  4.44it/s]
Extract:  87%|########6 | 52/60 [00:09<00:02,  3.87it/s]
Extract:  90%|######### | 54/60 [00:10<00:01,  3.93it/s]
Extract:  92%|#########1| 55/60 [00:10<00:01,  3.75it/s]
Extract:  93%|#########3| 56/60 [00:10<00:00,  4.23it/s]
Extract:  97%|#########6| 58/60 [00:11<00:00,  4.66it/s]
Extract:  98%|#########8| 59/60 [00:11<00:00,  4.38it/s]
Extract: 100%|##########| 60/60 [00:11<00:00,  3.57it/s]
Extract: 100%|##########| 60/60 [00:11<00:00,  5.11it/s]
