STDOUT

[RUN] baseline

[RUN] higher_quality_wave

[RUN] pullback_conservative

[RUN] faster_rotation

[RUN] tighter_quality

[RUN] auto_006

[RUN] auto_007

[RUN] auto_008

[RUN] auto_009

[RUN] auto_010

[RUN] auto_011

[RUN] auto_012

[RUN] auto_013

[RUN] auto_014

[RUN] auto_015

[RUN] auto_016

[RUN] auto_017

[RUN] auto_018

[RUN] auto_019

[RUN] auto_020

[RUN] auto_021

[RUN] auto_022

[RUN] auto_023

[RUN] auto_024

[RUN] auto_025

[RUN] auto_026

[RUN] auto_027

[RUN] auto_028

[RUN] auto_029

[RUN] auto_030

[DONE]
Summary: output\p3_edge_research\overnight\batch_027\summary.csv
Details: output\p3_edge_research\overnight\batch_027\details.json


STDERR

Extract:   0%|          | 0/60 [00:00<?, ?it/s]
Extract:   2%|1         | 1/60 [00:00<00:16,  3.58it/s]
Extract:   3%|3         | 2/60 [00:00<00:10,  5.40it/s]
Extract:   5%|5         | 3/60 [00:00<00:11,  4.97it/s]
Extract:   7%|6         | 4/60 [00:00<00:12,  4.41it/s]
Extract:   8%|8         | 5/60 [00:01<00:10,  5.05it/s]
Extract:  10%|#         | 6/60 [00:01<00:10,  5.35it/s]
Extract:  12%|#1        | 7/60 [00:01<00:13,  3.96it/s]
Extract:  13%|#3        | 8/60 [00:01<00:15,  3.35it/s]
Extract:  15%|#5        | 9/60 [00:02<00:16,  3.18it/s]
Extract:  17%|#6        | 10/60 [00:02<00:15,  3.13it/s]
Extract:  18%|#8        | 11/60 [00:02<00:15,  3.21it/s]
Extract:  20%|##        | 12/60 [00:03<00:21,  2.26it/s]
Extract:  22%|##1       | 13/60 [00:03<00:17,  2.76it/s]
Extract:  23%|##3       | 14/60 [00:04<00:18,  2.52it/s]
Extract:  25%|##5       | 15/60 [00:04<00:20,  2.22it/s]
Extract:  27%|##6       | 16/60 [00:05<00:16,  2.72it/s]
Extract:  30%|###       | 18/60 [00:05<00:09,  4.45it/s]
Extract:  33%|###3      | 20/60 [00:05<00:06,  5.97it/s]
Extract:  35%|###5      | 21/60 [00:06<00:10,  3.71it/s]
Extract:  37%|###6      | 22/60 [00:06<00:10,  3.50it/s]
Extract:  38%|###8      | 23/60 [00:06<00:11,  3.36it/s]
Extract:  40%|####      | 24/60 [00:06<00:09,  3.74it/s]
Extract:  43%|####3     | 26/60 [00:07<00:06,  5.37it/s]
Extract:  45%|####5     | 27/60 [00:07<00:10,  3.13it/s]
Extract:  47%|####6     | 28/60 [00:07<00:08,  3.58it/s]
Extract:  48%|####8     | 29/60 [00:08<00:08,  3.87it/s]
Extract:  50%|#####     | 30/60 [00:08<00:07,  3.87it/s]
Extract:  52%|#####1    | 31/60 [00:08<00:08,  3.38it/s]
Extract:  53%|#####3    | 32/60 [00:08<00:07,  3.90it/s]
Extract:  57%|#####6    | 34/60 [00:09<00:04,  5.76it/s]
Extract:  58%|#####8    | 35/60 [00:09<00:04,  5.40it/s]
Extract:  62%|######1   | 37/60 [00:09<00:04,  5.49it/s]
Extract:  63%|######3   | 38/60 [00:09<00:03,  5.56it/s]
Extract:  67%|######6   | 40/60 [00:10<00:03,  6.57it/s]
Extract:  68%|######8   | 41/60 [00:10<00:02,  6.70it/s]
Extract:  70%|#######   | 42/60 [00:10<00:04,  3.78it/s]
Extract:  72%|#######1  | 43/60 [00:11<00:05,  2.90it/s]
Extract:  75%|#######5  | 45/60 [00:11<00:03,  4.42it/s]
Extract:  77%|#######6  | 46/60 [00:11<00:02,  4.84it/s]
Extract:  78%|#######8  | 47/60 [00:11<00:02,  4.52it/s]
Extract:  82%|########1 | 49/60 [00:12<00:02,  5.47it/s]
Extract:  83%|########3 | 50/60 [00:12<00:03,  3.24it/s]
Extract:  85%|########5 | 51/60 [00:13<00:03,  2.76it/s]
Extract:  87%|########6 | 52/60 [00:14<00:03,  2.42it/s]
Extract:  90%|######### | 54/60 [00:14<00:01,  3.08it/s]
Extract:  92%|#########1| 55/60 [00:14<00:01,  2.90it/s]
Extract:  93%|#########3| 56/60 [00:14<00:01,  3.36it/s]
Extract:  95%|#########5| 57/60 [00:15<00:00,  3.87it/s]
Extract:  97%|#########6| 58/60 [00:15<00:00,  3.89it/s]
Extract:  98%|#########8| 59/60 [00:15<00:00,  3.97it/s]
Extract: 100%|##########| 60/60 [00:16<00:00,  3.36it/s]
Extract: 100%|##########| 60/60 [00:16<00:00,  3.74it/s]

Extract:   0%|          | 0/60 [00:00<?, ?it/s]
Extract:   3%|3         | 2/60 [00:00<00:04, 11.67it/s]
Extract:   7%|6         | 4/60 [00:00<00:11,  4.85it/s]
Extract:   8%|8         | 5/60 [00:00<00:11,  4.90it/s]
Extract:  10%|#         | 6/60 [00:01<00:10,  5.07it/s]
Extract:  12%|#1        | 7/60 [00:01<00:16,  3.30it/s]
Extract:  13%|#3        | 8/60 [00:02<00:16,  3.24it/s]
Extract:  15%|#5        | 9/60 [00:02<00:15,  3.35it/s]
Extract:  17%|#6        | 10/60 [00:02<00:14,  3.56it/s]
Extract:  18%|#8        | 11/60 [00:02<00:13,  3.75it/s]
Extract:  20%|##        | 12/60 [00:03<00:15,  3.03it/s]
Extract:  22%|##1       | 13/60 [00:03<00:14,  3.26it/s]
Extract:  23%|##3       | 14/60 [00:04<00:17,  2.56it/s]
Extract:  25%|##5       | 15/60 [00:04<00:24,  1.87it/s]
Extract:  27%|##6       | 16/60 [00:05<00:19,  2.30it/s]
Extract:  30%|###       | 18/60 [00:05<00:11,  3.79it/s]
Extract:  32%|###1      | 19/60 [00:05<00:09,  4.21it/s]
Extract:  33%|###3      | 20/60 [00:05<00:08,  4.85it/s]
Extract:  35%|###5      | 21/60 [00:06<00:12,  3.02it/s]
Extract:  37%|###6      | 22/60 [00:06<00:13,  2.90it/s]
Extract:  38%|###8      | 23/60 [00:06<00:13,  2.77it/s]
Extract:  40%|####      | 24/60 [00:07<00:11,  3.21it/s]
Extract:  43%|####3     | 26/60 [00:07<00:07,  4.46it/s]
Extract:  45%|####5     | 27/60 [00:08<00:12,  2.60it/s]
Extract:  47%|####6     | 28/60 [00:08<00:10,  3.09it/s]
Extract:  48%|####8     | 29/60 [00:08<00:09,  3.41it/s]
Extract:  50%|#####     | 30/60 [00:08<00:08,  3.38it/s]
Extract:  52%|#####1    | 31/60 [00:09<00:09,  3.17it/s]
Extract:  53%|#####3    | 32/60 [00:09<00:07,  3.62it/s]
Extract:  57%|#####6    | 34/60 [00:09<00:04,  5.47it/s]
Extract:  58%|#####8    | 35/60 [00:09<00:04,  6.09it/s]
Extract:  62%|######1   | 37/60 [00:10<00:03,  6.09it/s]
Extract:  63%|######3   | 38/60 [00:10<00:03,  5.97it/s]
Extract:  67%|######6   | 40/60 [00:10<00:02,  6.88it/s]
Extract:  68%|######8   | 41/60 [00:10<00:02,  7.01it/s]
Extract:  70%|#######   | 42/60 [00:11<00:05,  3.57it/s]
Extract:  72%|#######1  | 43/60 [00:11<00:05,  2.87it/s]
Extract:  75%|#######5  | 45/60 [00:12<00:03,  4.22it/s]
Extract:  77%|#######6  | 46/60 [00:12<00:02,  4.76it/s]
Extract:  78%|#######8  | 47/60 [00:12<00:02,  4.43it/s]
Extract:  82%|########1 | 49/60 [00:12<00:01,  6.09it/s]
Extract:  83%|########3 | 50/60 [00:13<00:02,  3.57it/s]
Extract:  85%|########5 | 51/60 [00:13<00:02,  3.02it/s]
Extract:  87%|########6 | 52/60 [00:14<00:02,  2.67it/s]
Extract:  90%|######### | 54/60 [00:14<00:02,  2.93it/s]
Extract:  92%|#########1| 55/60 [00:15<00:01,  2.80it/s]
Extract:  93%|#########3| 56/60 [00:15<00:01,  3.09it/s]
Extract:  95%|#########5| 57/60 [00:15<00:00,  3.77it/s]
Extract:  97%|#########6| 58/60 [00:15<00:00,  3.29it/s]
Extract:  98%|#########8| 59/60 [00:16<00:00,  3.27it/s]
Extract: 100%|##########| 60/60 [00:16<00:00,  2.55it/s]
Extract: 100%|##########| 60/60 [00:16<00:00,  3.55it/s]

Extract:   0%|          | 0/60 [00:00<?, ?it/s]
Extract:   3%|3         | 2/60 [00:00<00:06,  8.52it/s]
Extract:   5%|5         | 3/60 [00:00<00:10,  5.50it/s]
Extract:   7%|6         | 4/60 [00:00<00:14,  3.89it/s]
Extract:   8%|8         | 5/60 [00:01<00:19,  2.83it/s]
Extract:  10%|#         | 6/60 [00:01<00:16,  3.29it/s]
Extract:  12%|#1        | 7/60 [00:02<00:17,  3.07it/s]
Extract:  13%|#3        | 8/60 [00:02<00:19,  2.70it/s]
Extract:  15%|#5        | 9/60 [00:02<00:18,  2.75it/s]
Extract:  17%|#6        | 10/60 [00:03<00:18,  2.66it/s]
Extract:  18%|#8        | 11/60 [00:03<00:20,  2.45it/s]
Extract:  20%|##        | 12/60 [00:04<00:22,  2.10it/s]
Extract:  22%|##1       | 13/60 [00:04<00:18,  2.61it/s]
Extract:  23%|##3       | 14/60 [00:04<00:18,  2.49it/s]
Extract:  25%|##5       | 15/60 [00:05<00:20,  2.23it/s]
Extract:  27%|##6       | 16/60 [00:05<00:16,  2.66it/s]
Extract:  30%|###       | 18/60 [00:05<00:09,  4.42it/s]
Extract:  33%|###3      | 20/60 [00:05<00:06,  6.00it/s]
Extract:  35%|###5      | 21/60 [00:06<00:10,  3.82it/s]
Extract:  37%|###6      | 22/60 [00:06<00:11,  3.40it/s]
Extract:  38%|###8      | 23/60 [00:07<00:11,  3.35it/s]
Extract:  40%|####      | 24/60 [00:07<00:09,  3.91it/s]
Extract:  43%|####3     | 26/60 [00:07<00:06,  5.38it/s]
Extract:  45%|####5     | 27/60 [00:08<00:09,  3.38it/s]
Extract:  47%|####6     | 28/60 [00:08<00:07,  4.02it/s]
Extract:  48%|####8     | 29/60 [00:08<00:07,  4.37it/s]
Extract:  50%|#####     | 30/60 [00:08<00:07,  4.26it/s]
Extract:  52%|#####1    | 31/60 [00:09<00:06,  4.19it/s]
Extract:  53%|#####3    | 32/60 [00:09<00:05,  4.78it/s]
Extract:  57%|#####6    | 34/60 [00:09<00:03,  6.79it/s]
Extract:  58%|#####8    | 35/60 [00:09<00:03,  7.20it/s]
Extract:  60%|######    | 36/60 [00:09<00:03,  6.68it/s]
Extract:  62%|######1   | 37/60 [00:09<00:04,  5.28it/s]
Extract:  63%|######3   | 38/60 [00:10<00:04,  5.27it/s]
Extract:  67%|######6   | 40/60 [00:10<00:03,  6.60it/s]
Extract:  68%|######8   | 41/60 [00:10<00:02,  6.80it/s]
Extract:  70%|#######   | 42/60 [00:11<00:04,  3.63it/s]
Extract:  72%|#######1  | 43/60 [00:11<00:06,  2.81it/s]
Extract:  75%|#######5  | 45/60 [00:11<00:03,  4.35it/s]
Extract:  77%|#######6  | 46/60 [00:11<00:02,  4.73it/s]
Extract:  78%|#######8  | 47/60 [00:12<00:03,  4.27it/s]
Extract:  82%|########1 | 49/60 [00:12<00:01,  5.59it/s]
Extract:  83%|########3 | 50/60 [00:13<00:02,  3.55it/s]
Extract:  85%|########5 | 51/60 [00:13<00:02,  3.07it/s]
Extract:  87%|########6 | 52/60 [00:13<00:02,  2.77it/s]
Extract:  90%|######### | 54/60 [00:14<00:01,  3.24it/s]
Extract:  92%|#########1| 55/60 [00:14<00:01,  3.07it/s]
Extract:  93%|#########3| 56/60 [00:15<00:01,  3.37it/s]
Extract:  97%|#########6| 58/60 [00:15<00:00,  3.66it/s]
Extract:  98%|#########8| 59/60 [00:15<00:00,  3.76it/s]
Extract: 100%|##########| 60/60 [00:16<00:00,  3.12it/s]
Extract: 100%|##########| 60/60 [00:16<00:00,  3.69it/s]

Extract:   0%|          | 0/60 [00:00<?, ?it/s]
Extract:   2%|1         | 1/60 [00:00<00:08,  7.06it/s]
Extract:   3%|3         | 2/60 [00:00<00:10,  5.39it/s]
Extract:   5%|5         | 3/60 [00:00<00:15,  3.61it/s]
Extract:   7%|6         | 4/60 [00:01<00:19,  2.94it/s]
Extract:   8%|8         | 5/60 [00:01<00:16,  3.32it/s]
Extract:  10%|#         | 6/60 [00:01<00:15,  3.43it/s]
Extract:  12%|#1        | 7/60 [00:02<00:19,  2.67it/s]
Extract:  13%|#3        | 8/60 [00:02<00:23,  2.26it/s]
Extract:  15%|#5        | 9/60 [00:03<00:22,  2.25it/s]
Extract:  17%|#6        | 10/60 [00:03<00:21,  2.27it/s]
Extract:  18%|#8        | 11/60 [00:04<00:20,  2.42it/s]
Extract:  20%|##        | 12/60 [00:04<00:21,  2.19it/s]
Extract:  22%|##1       | 13/60 [00:04<00:17,  2.68it/s]
Extract:  23%|##3       | 14/60 [00:05<00:23,  1.95it/s]
Extract:  25%|##5       | 15/60 [00:06<00:25,  1.77it/s]
Extract:  27%|##6       | 16/60 [00:06<00:20,  2.10it/s]
Extract:  30%|###       | 18/60 [00:06<00:11,  3.50it/s]
Extract:  33%|###3      | 20/60 [00:06<00:08,  4.88it/s]
Extract:  35%|###5      | 21/60 [00:07<00:12,  3.13it/s]
Extract:  37%|###6      | 22/60 [00:07<00:12,  3.10it/s]
Extract:  38%|###8      | 23/60 [00:08<00:13,  2.69it/s]
Extract:  40%|####      | 24/60 [00:08<00:13,  2.61it/s]
Extract:  43%|####3     | 26/60 [00:09<00:09,  3.58it/s]
Extract:  45%|####5     | 27/60 [00:09<00:13,  2.47it/s]
Extract:  47%|####6     | 28/60 [00:10<00:11,  2.90it/s]
Extract:  48%|####8     | 29/60 [00:10<00:09,  3.20it/s]
Extract:  50%|#####     | 30/60 [00:10<00:09,  3.04it/s]
Extract:  52%|#####1    | 31/60 [00:11<00:09,  2.90it/s]
Extract:  53%|#####3    | 32/60 [00:11<00:08,  3.29it/s]
Extract:  57%|#####6    | 34/60 [00:11<00:05,  5.06it/s]
Extract:  58%|#####8    | 35/60 [00:11<00:04,  5.58it/s]
Extract:  60%|######    | 36/60 [00:11<00:03,  6.17it/s]
Extract:  62%|######1   | 37/60 [00:11<00:04,  5.01it/s]
Extract:  63%|######3   | 38/60 [00:12<00:05,  4.13it/s]
Extract:  65%|######5   | 39/60 [00:12<00:04,  4.86it/s]
Extract:  67%|######6   | 40/60 [00:12<00:04,  4.59it/s]
Extract:  68%|######8   | 41/60 [00:12<00:03,  4.93it/s]
Extract:  70%|#######   | 42/60 [00:13<00:06,  2.75it/s]
Extract:  72%|#######1  | 43/60 [00:14<00:08,  2.08it/s]
Extract:  75%|#######5  | 45/60 [00:14<00:04,  3.29it/s]
Extract:  77%|#######6  | 46/60 [00:14<00:04,  3.42it/s]
Extract:  78%|#######8  | 47/60 [00:15<00:04,  3.21it/s]
Extract:  82%|########1 | 49/60 [00:15<00:02,  4.44it/s]
Extract:  83%|########3 | 50/60 [00:16<00:03,  2.75it/s]
Extract:  85%|########5 | 51/60 [00:16<00:03,  2.31it/s]
Extract:  87%|########6 | 52/60 [00:17<00:03,  2.13it/s]
Extract:  90%|######### | 54/60 [00:17<00:02,  2.75it/s]
Extract:  92%|#########1| 55/60 [00:18<00:01,  2.69it/s]
Extract:  93%|#########3| 56/60 [00:18<00:01,  3.20it/s]
Extract:  97%|#########6| 58/60 [00:18<00:00,  3.41it/s]
Extract:  98%|#########8| 59/60 [00:19<00:00,  3.36it/s]
Extract: 100%|##########| 60/60 [00:19<00:00,  3.00it/s]
Extract: 100%|##########| 60/60 [00:19<00:00,  3.05it/s]

Extract:   0%|          | 0/60 [00:00<?, ?it/s]
Extract:   3%|3         | 2/60 [00:00<00:05,  9.79it/s]
Extract:   5%|5         | 3/60 [00:00<00:07,  7.38it/s]
Extract:   7%|6         | 4/60 [00:00<00:12,  4.46it/s]
Extract:   8%|8         | 5/60 [00:00<00:11,  4.68it/s]
Extract:  10%|#         | 6/60 [00:01<00:11,  4.72it/s]
Extract:  12%|#1        | 7/60 [00:01<00:16,  3.27it/s]
Extract:  13%|#3        | 8/60 [00:02<00:18,  2.82it/s]
Extract:  15%|#5        | 9/60 [00:02<00:19,  2.65it/s]
Extract:  17%|#6        | 10/60 [00:03<00:20,  2.47it/s]
Extract:  18%|#8        | 11/60 [00:03<00:22,  2.18it/s]
Extract:  20%|##        | 12/60 [00:04<00:33,  1.44it/s]
Extract:  22%|##1       | 13/60 [00:05<00:27,  1.72it/s]
Extract:  23%|##3       | 14/60 [00:06<00:32,  1.42it/s]
Extract:  25%|##5       | 15/60 [00:07<00:34,  1.29it/s]
Extract:  27%|##6       | 16/60 [00:07<00:26,  1.64it/s]
Extract:  30%|###       | 18/60 [00:07<00:14,  2.80it/s]
Extract:  33%|###3      | 20/60 [00:07<00:10,  3.91it/s]
Extract:  35%|###5      | 21/60 [00:08<00:13,  2.94it/s]
Extract:  37%|###6      | 22/60 [00:08<00:12,  3.12it/s]
Extract:  38%|###8      | 23/60 [00:08<00:12,  2.86it/s]
Extract:  40%|####      | 24/60 [00:09<00:11,  3.22it/s]
Extract:  43%|####3     | 26/60 [00:09<00:07,  4.45it/s]
Extract:  45%|####5     | 27/60 [00:10<00:12,  2.63it/s]
Extract:  47%|####6     | 28/60 [00:10<00:10,  3.13it/s]
Extract:  48%|####8     | 29/60 [00:10<00:08,  3.52it/s]
Extract:  50%|#####     | 30/60 [00:10<00:08,  3.64it/s]
Extract:  52%|#####1    | 31/60 [00:11<00:08,  3.39it/s]
Extract:  53%|#####3    | 32/60 [00:11<00:07,  3.82it/s]
Extract:  57%|#####6    | 34/60 [00:11<00:04,  5.30it/s]
Extract:  58%|#####8    | 35/60 [00:11<00:05,  4.97it/s]
Extract:  60%|######    | 36/60 [00:11<00:04,  5.19it/s]
Extract:  62%|######1   | 37/60 [00:12<00:05,  4.21it/s]
Extract:  63%|######3   | 38/60 [00:12<00:05,  4.28it/s]
Extract:  67%|######6   | 40/60 [00:12<00:04,  4.97it/s]
Extract:  68%|######8   | 41/60 [00:13<00:03,  4.95it/s]
Extract:  70%|#######   | 42/60 [00:13<00:06,  2.64it/s]
Extract:  72%|#######1  | 43/60 [00:14<00:09,  1.87it/s]
Extract:  75%|#######5  | 45/60 [00:15<00:05,  2.94it/s]
Extract:  77%|#######6  | 46/60 [00:15<00:04,  3.28it/s]
Extract:  78%|#######8  | 47/60 [00:15<00:04,  3.08it/s]
Extract:  82%|########1 | 49/60 [00:15<00:02,  4.20it/s]
Extract:  83%|########3 | 50/60 [00:16<00:03,  2.56it/s]
Extract:  85%|########5 | 51/60 [00:17<00:04,  2.17it/s]
Extract:  87%|########6 | 52/60 [00:18<00:04,  1.92it/s]
Extract:  88%|########8 | 53/60 [00:18<00:02,  2.38it/s]
Extract:  90%|######### | 54/60 [00:18<00:02,  2.14it/s]
Extract:  92%|#########1| 55/60 [00:19<00:02,  1.94it/s]
Extract:  93%|#########3| 56/60 [00:20<00:02,  1.55it/s]
Extract:  97%|#########6| 58/60 [00:21<00:00,  2.03it/s]
Extract:  98%|#########8| 59/60 [00:21<00:00,  2.22it/s]
Extract: 100%|##########| 60/60 [00:22<00:00,  2.00it/s]
Extract: 100%|##########| 60/60 [00:22<00:00,  2.71it/s]

Extract:   0%|          | 0/60 [00:00<?, ?it/s]
Extract:   3%|3         | 2/60 [00:00<00:05, 11.50it/s]
Extract:   7%|6         | 4/60 [00:00<00:10,  5.26it/s]
Extract:   8%|8         | 5/60 [00:00<00:10,  5.30it/s]
Extract:  10%|#         | 6/60 [00:01<00:10,  5.30it/s]
Extract:  12%|#1        | 7/60 [00:01<00:14,  3.73it/s]
Extract:  13%|#3        | 8/60 [00:01<00:16,  3.18it/s]
Extract:  15%|#5        | 9/60 [00:02<00:16,  3.08it/s]
Extract:  17%|#6        | 10/60 [00:02<00:15,  3.27it/s]
Extract:  18%|#8        | 11/60 [00:02<00:15,  3.26it/s]
Extract:  20%|##        | 12/60 [00:03<00:20,  2.31it/s]
Extract:  22%|##1       | 13/60 [00:03<00:16,  2.81it/s]
Extract:  23%|##3       | 14/60 [00:04<00:18,  2.44it/s]
Extract:  25%|##5       | 15/60 [00:05<00:22,  2.02it/s]
Extract:  27%|##6       | 16/60 [00:05<00:17,  2.49it/s]
Extract:  30%|###       | 18/60 [00:05<00:10,  3.89it/s]
Extract:  33%|###3      | 20/60 [00:05<00:07,  5.26it/s]
Extract:  35%|###5      | 21/60 [00:06<00:13,  2.89it/s]
Extract:  37%|###6      | 22/60 [00:06<00:13,  2.89it/s]
Extract:  38%|###8      | 23/60 [00:07<00:14,  2.58it/s]
Extract:  40%|####      | 24/60 [00:07<00:12,  2.86it/s]
Extract:  43%|####3     | 26/60 [00:07<00:08,  4.03it/s]
Extract:  45%|####5     | 27/60 [00:08<00:13,  2.43it/s]
Extract:  47%|####6     | 28/60 [00:08<00:11,  2.87it/s]
Extract:  48%|####8     | 29/60 [00:09<00:09,  3.23it/s]
Extract:  50%|#####     | 30/60 [00:09<00:09,  3.28it/s]
Extract:  52%|#####1    | 31/60 [00:09<00:10,  2.85it/s]
Extract:  53%|#####3    | 32/60 [00:09<00:08,  3.42it/s]
Extract:  57%|#####6    | 34/60 [00:10<00:05,  5.14it/s]
Extract:  58%|#####8    | 35/60 [00:10<00:04,  5.40it/s]
Extract:  60%|######    | 36/60 [00:10<00:03,  6.09it/s]
Extract:  62%|######1   | 37/60 [00:10<00:04,  5.03it/s]
Extract:  63%|######3   | 38/60 [00:10<00:04,  5.09it/s]
Extract:  67%|######6   | 40/60 [00:11<00:03,  5.74it/s]
Extract:  68%|######8   | 41/60 [00:11<00:03,  5.70it/s]
Extract:  70%|#######   | 42/60 [00:12<00:05,  3.30it/s]
Extract:  72%|#######1  | 43/60 [00:12<00:07,  2.37it/s]
Extract:  75%|#######5  | 45/60 [00:12<00:04,  3.72it/s]
Extract:  77%|#######6  | 46/60 [00:13<00:03,  4.32it/s]
Extract:  78%|#######8  | 47/60 [00:13<00:03,  4.14it/s]
Extract:  82%|########1 | 49/60 [00:13<00:01,  5.70it/s]
Extract:  83%|########3 | 50/60 [00:14<00:02,  3.71it/s]
Extract:  85%|########5 | 51/60 [00:14<00:02,  3.26it/s]
Extract:  87%|########6 | 52/60 [00:14<00:02,  2.83it/s]
Extract:  90%|######### | 54/60 [00:15<00:01,  3.06it/s]
Extract:  92%|#########1| 55/60 [00:15<00:01,  2.94it/s]
Extract:  93%|#########3| 56/60 [00:16<00:01,  3.36it/s]
Extract:  97%|#########6| 58/60 [00:16<00:00,  3.87it/s]
Extract:  98%|#########8| 59/60 [00:16<00:00,  3.69it/s]
Extract: 100%|##########| 60/60 [00:17<00:00,  2.97it/s]
Extract: 100%|##########| 60/60 [00:17<00:00,  3.46it/s]

Extract:   0%|          | 0/60 [00:00<?, ?it/s]
Extract:   3%|3         | 2/60 [00:00<00:05, 10.91it/s]
Extract:   7%|6         | 4/60 [00:00<00:10,  5.17it/s]
Extract:   8%|8         | 5/60 [00:00<00:10,  5.00it/s]
Extract:  10%|#         | 6/60 [00:01<00:10,  5.03it/s]
Extract:  12%|#1        | 7/60 [00:01<00:14,  3.70it/s]
Extract:  13%|#3        | 8/60 [00:02<00:16,  3.12it/s]
Extract:  15%|#5        | 9/60 [00:02<00:16,  3.06it/s]
Extract:  17%|#6        | 10/60 [00:02<00:15,  3.26it/s]
Extract:  18%|#8        | 11/60 [00:02<00:14,  3.41it/s]
Extract:  20%|##        | 12/60 [00:03<00:21,  2.23it/s]
Extract:  22%|##1       | 13/60 [00:03<00:17,  2.73it/s]
Extract:  23%|##3       | 14/60 [00:04<00:19,  2.38it/s]
Extract:  25%|##5       | 15/60 [00:05<00:24,  1.87it/s]
Extract:  27%|##6       | 16/60 [00:05<00:19,  2.31it/s]
Extract:  32%|###1      | 19/60 [00:05<00:09,  4.55it/s]
Extract:  35%|###5      | 21/60 [00:06<00:10,  3.81it/s]
Extract:  37%|###6      | 22/60 [00:06<00:09,  3.84it/s]
Extract:  38%|###8      | 23/60 [00:06<00:10,  3.62it/s]
Extract:  40%|####      | 24/60 [00:06<00:09,  3.99it/s]
Extract:  43%|####3     | 26/60 [00:07<00:06,  5.13it/s]
Extract:  45%|####5     | 27/60 [00:07<00:10,  3.14it/s]
Extract:  47%|####6     | 28/60 [00:08<00:08,  3.71it/s]
Extract:  48%|####8     | 29/60 [00:08<00:08,  3.81it/s]
Extract:  50%|#####     | 30/60 [00:08<00:07,  3.95it/s]
Extract:  52%|#####1    | 31/60 [00:08<00:07,  3.70it/s]
Extract:  53%|#####3    | 32/60 [00:08<00:06,  4.41it/s]
Extract:  57%|#####6    | 34/60 [00:09<00:03,  6.70it/s]
Extract:  58%|#####8    | 35/60 [00:09<00:03,  7.09it/s]
Extract:  62%|######1   | 37/60 [00:09<00:03,  6.63it/s]
Extract:  63%|######3   | 38/60 [00:09<00:03,  6.63it/s]
Extract:  67%|######6   | 40/60 [00:09<00:02,  7.41it/s]
Extract:  68%|######8   | 41/60 [00:10<00:02,  7.30it/s]
Extract:  70%|#######   | 42/60 [00:10<00:04,  3.78it/s]
Extract:  72%|#######1  | 43/60 [00:11<00:06,  2.62it/s]
Extract:  75%|#######5  | 45/60 [00:11<00:03,  4.08it/s]
Extract:  77%|#######6  | 46/60 [00:11<00:03,  4.44it/s]
Extract:  78%|#######8  | 47/60 [00:11<00:03,  4.21it/s]
Extract:  82%|########1 | 49/60 [00:12<00:01,  5.85it/s]
Extract:  83%|########3 | 50/60 [00:12<00:02,  3.74it/s]
Extract:  85%|########5 | 51/60 [00:13<00:02,  3.18it/s]
Extract:  87%|########6 | 52/60 [00:13<00:02,  2.80it/s]
Extract:  90%|######### | 54/60 [00:14<00:01,  3.37it/s]
Extract:  92%|#########1| 55/60 [00:14<00:01,  3.11it/s]
Extract:  93%|#########3| 56/60 [00:14<00:01,  3.54it/s]
Extract:  97%|#########6| 58/60 [00:15<00:00,  4.10it/s]
Extract:  98%|#########8| 59/60 [00:15<00:00,  4.04it/s]
Extract: 100%|##########| 60/60 [00:15<00:00,  3.23it/s]
Extract: 100%|##########| 60/60 [00:15<00:00,  3.79it/s]

Extract:   0%|          | 0/60 [00:00<?, ?it/s]
Extract:   3%|3         | 2/60 [00:00<00:05, 10.10it/s]
Extract:   7%|6         | 4/60 [00:00<00:10,  5.13it/s]
Extract:   8%|8         | 5/60 [00:00<00:10,  5.05it/s]
Extract:  10%|#         | 6/60 [00:01<00:13,  4.11it/s]
Extract:  12%|#1        | 7/60 [00:01<00:15,  3.48it/s]
Extract:  13%|#3        | 8/60 [00:02<00:16,  3.06it/s]
Extract:  15%|#5        | 9/60 [00:02<00:17,  2.90it/s]
Extract:  17%|#6        | 10/60 [00:02<00:17,  2.90it/s]
Extract:  18%|#8        | 11/60 [00:03<00:17,  2.73it/s]
Extract:  20%|##        | 12/60 [00:04<00:26,  1.78it/s]
Extract:  22%|##1       | 13/60 [00:04<00:23,  2.00it/s]
Extract:  23%|##3       | 14/60 [00:05<00:25,  1.79it/s]
Extract:  25%|##5       | 15/60 [00:06<00:27,  1.66it/s]
Extract:  27%|##6       | 16/60 [00:06<00:21,  2.05it/s]
Extract:  30%|###       | 18/60 [00:06<00:12,  3.46it/s]
Extract:  33%|###3      | 20/60 [00:06<00:08,  4.81it/s]
Extract:  35%|###5      | 21/60 [00:07<00:12,  3.13it/s]
Extract:  37%|###6      | 22/60 [00:07<00:13,  2.86it/s]
Extract:  38%|###8      | 23/60 [00:08<00:13,  2.77it/s]
Extract:  40%|####      | 24/60 [00:08<00:11,  3.09it/s]
Extract:  43%|####3     | 26/60 [00:08<00:07,  4.30it/s]
Extract:  45%|####5     | 27/60 [00:09<00:12,  2.64it/s]
Extract:  47%|####6     | 28/60 [00:09<00:10,  3.09it/s]
Extract:  48%|####8     | 29/60 [00:09<00:09,  3.30it/s]
Extract:  50%|#####     | 30/60 [00:10<00:09,  3.12it/s]
Extract:  52%|#####1    | 31/60 [00:10<00:10,  2.68it/s]
Extract:  53%|#####3    | 32/60 [00:10<00:08,  3.26it/s]
Extract:  57%|#####6    | 34/60 [00:10<00:05,  5.02it/s]
Extract:  58%|#####8    | 35/60 [00:11<00:04,  5.49it/s]
Extract:  62%|######1   | 37/60 [00:11<00:04,  5.00it/s]
Extract:  63%|######3   | 38/60 [00:11<00:04,  5.19it/s]
Extract:  67%|######6   | 40/60 [00:11<00:03,  5.86it/s]
Extract:  68%|######8   | 41/60 [00:12<00:03,  5.55it/s]
Extract:  70%|#######   | 42/60 [00:12<00:05,  3.01it/s]
Extract:  72%|#######1  | 43/60 [00:13<00:07,  2.33it/s]
Extract:  75%|#######5  | 45/60 [00:13<00:04,  3.45it/s]
Extract:  77%|#######6  | 46/60 [00:14<00:04,  3.47it/s]
Extract:  78%|#######8  | 47/60 [00:14<00:03,  3.32it/s]
Extract:  82%|########1 | 49/60 [00:14<00:02,  4.71it/s]
Extract:  83%|########3 | 50/60 [00:15<00:03,  3.11it/s]
Extract:  85%|########5 | 51/60 [00:15<00:03,  2.67it/s]
Extract:  87%|########6 | 52/60 [00:16<00:03,  2.42it/s]
Extract:  90%|######### | 54/60 [00:17<00:02,  2.59it/s]
Extract:  92%|#########1| 55/60 [00:17<00:02,  2.48it/s]
Extract:  93%|#########3| 56/60 [00:17<00:01,  2.81it/s]
Extract:  97%|#########6| 58/60 [00:18<00:00,  3.28it/s]
Extract:  98%|#########8| 59/60 [00:18<00:00,  3.22it/s]
Extract: 100%|##########| 60/60 [00:19<00:00,  2.73it/s]
Extract: 100%|##########| 60/60 [00:19<00:00,  3.13it/s]

Extract:   0%|          | 0/60 [00:00<?, ?it/s]
Extract:   3%|3         | 2/60 [00:00<00:05, 11.21it/s]
Extract:   7%|6         | 4/60 [00:00<00:11,  4.78it/s]
Extract:   8%|8         | 5/60 [00:00<00:10,  5.00it/s]
Extract:  10%|#         | 6/60 [00:01<00:10,  5.03it/s]
Extract:  12%|#1        | 7/60 [00:01<00:12,  4.22it/s]
Extract:  13%|#3        | 8/60 [00:01<00:15,  3.39it/s]
Extract:  15%|#5        | 9/60 [00:02<00:15,  3.27it/s]
Extract:  17%|#6        | 10/60 [00:02<00:14,  3.35it/s]
Extract:  18%|#8        | 11/60 [00:02<00:14,  3.48it/s]
Extract:  20%|##        | 12/60 [00:03<00:16,  2.84it/s]
Extract:  22%|##1       | 13/60 [00:03<00:15,  3.10it/s]
Extract:  23%|##3       | 14/60 [00:04<00:20,  2.20it/s]
Extract:  25%|##5       | 15/60 [00:05<00:25,  1.79it/s]
Extract:  27%|##6       | 16/60 [00:05<00:20,  2.16it/s]
Extract:  32%|###1      | 19/60 [00:05<00:09,  4.33it/s]
Extract:  35%|###5      | 21/60 [00:06<00:10,  3.67it/s]
Extract:  37%|###6      | 22/60 [00:06<00:10,  3.66it/s]
Extract:  38%|###8      | 23/60 [00:06<00:11,  3.11it/s]
Extract:  40%|####      | 24/60 [00:07<00:10,  3.42it/s]
Extract:  43%|####3     | 26/60 [00:07<00:07,  4.53it/s]
Extract:  45%|####5     | 27/60 [00:08<00:11,  2.85it/s]
Extract:  47%|####6     | 28/60 [00:08<00:09,  3.22it/s]
Extract:  48%|####8     | 29/60 [00:08<00:08,  3.59it/s]
Extract:  50%|#####     | 30/60 [00:08<00:09,  3.14it/s]
Extract:  52%|#####1    | 31/60 [00:09<00:09,  3.04it/s]
Extract:  53%|#####3    | 32/60 [00:09<00:07,  3.66it/s]
Extract:  57%|#####6    | 34/60 [00:09<00:04,  5.51it/s]
Extract:  58%|#####8    | 35/60 [00:09<00:04,  5.53it/s]
Extract:  60%|######    | 36/60 [00:09<00:04,  5.98it/s]
Extract:  62%|######1   | 37/60 [00:10<00:04,  4.89it/s]
Extract:  63%|######3   | 38/60 [00:10<00:04,  5.06it/s]
Extract:  65%|######5   | 39/60 [00:10<00:04,  5.13it/s]
Extract:  67%|######6   | 40/60 [00:10<00:03,  5.31it/s]
Extract:  68%|######8   | 41/60 [00:10<00:03,  5.55it/s]
Extract:  70%|#######   | 42/60 [00:11<00:05,  3.10it/s]
Extract:  72%|#######1  | 43/60 [00:12<00:06,  2.47it/s]
Extract:  75%|#######5  | 45/60 [00:12<00:03,  4.01it/s]
Extract:  78%|#######8  | 47/60 [00:12<00:02,  4.60it/s]
Extract:  82%|########1 | 49/60 [00:12<00:01,  6.01it/s]
Extract:  83%|########3 | 50/60 [00:13<00:02,  4.04it/s]
Extract:  85%|########5 | 51/60 [00:13<00:02,  3.21it/s]
Extract:  87%|########6 | 52/60 [00:14<00:02,  2.82it/s]
Extract:  90%|######### | 54/60 [00:14<00:02,  2.98it/s]
Extract:  92%|#########1| 55/60 [00:15<00:01,  3.00it/s]
Extract:  93%|#########3| 56/60 [00:15<00:01,  3.46it/s]
Extract:  97%|#########6| 58/60 [00:15<00:00,  3.98it/s]
Extract:  98%|#########8| 59/60 [00:16<00:00,  3.92it/s]
Extract: 100%|##########| 60/60 [00:16<00:00,  2.97it/s]
Extract: 100%|##########| 60/60 [00:16<00:00,  3.59it/s]

Extract:   0%|          | 0/60 [00:00<?, ?it/s]
Extract:   3%|3         | 2/60 [00:00<00:04, 11.87it/s]
Extract:   7%|6         | 4/60 [00:00<00:09,  5.93it/s]
Extract:   8%|8         | 5/60 [00:00<00:09,  5.75it/s]
Extract:  10%|#         | 6/60 [00:01<00:10,  5.03it/s]
Extract:  12%|#1        | 7/60 [00:01<00:13,  4.02it/s]
Extract:  13%|#3        | 8/60 [00:01<00:14,  3.53it/s]
Extract:  15%|#5        | 9/60 [00:02<00:16,  3.09it/s]
Extract:  17%|#6        | 10/60 [00:02<00:15,  3.25it/s]
Extract:  18%|#8        | 11/60 [00:02<00:14,  3.43it/s]
Extract:  20%|##        | 12/60 [00:03<00:22,  2.18it/s]
Extract:  22%|##1       | 13/60 [00:03<00:18,  2.54it/s]
Extract:  23%|##3       | 14/60 [00:04<00:18,  2.46it/s]
Extract:  25%|##5       | 15/60 [00:04<00:20,  2.22it/s]
Extract:  27%|##6       | 16/60 [00:05<00:16,  2.70it/s]
Extract:  32%|###1      | 19/60 [00:05<00:07,  5.24it/s]
Extract:  35%|###5      | 21/60 [00:05<00:10,  3.74it/s]
Extract:  37%|###6      | 22/60 [00:06<00:09,  3.81it/s]
Extract:  38%|###8      | 23/60 [00:06<00:10,  3.54it/s]
Extract:  40%|####      | 24/60 [00:06<00:09,  3.75it/s]
Extract:  43%|####3     | 26/60 [00:06<00:06,  5.15it/s]
Extract:  45%|####5     | 27/60 [00:07<00:09,  3.51it/s]
Extract:  47%|####6     | 28/60 [00:07<00:07,  4.11it/s]
Extract:  48%|####8     | 29/60 [00:07<00:06,  4.53it/s]
Extract:  50%|#####     | 30/60 [00:08<00:06,  4.43it/s]
Extract:  52%|#####1    | 31/60 [00:08<00:07,  4.12it/s]
Extract:  53%|#####3    | 32/60 [00:08<00:05,  4.86it/s]
Extract:  57%|#####6    | 34/60 [00:08<00:03,  7.20it/s]
Extract:  58%|#####8    | 35/60 [00:08<00:03,  7.44it/s]
Extract:  60%|######    | 36/60 [00:08<00:03,  7.03it/s]
Extract:  62%|######1   | 37/60 [00:09<00:04,  5.63it/s]
Extract:  63%|######3   | 38/60 [00:09<00:03,  5.61it/s]
Extract:  67%|######6   | 40/60 [00:09<00:02,  6.86it/s]
Extract:  68%|######8   | 41/60 [00:09<00:02,  6.76it/s]
Extract:  70%|#######   | 42/60 [00:10<00:04,  3.78it/s]
Extract:  72%|#######1  | 43/60 [00:10<00:05,  2.97it/s]
Extract:  75%|#######5  | 45/60 [00:10<00:03,  4.59it/s]
Extract:  77%|#######6  | 46/60 [00:11<00:02,  5.20it/s]
Extract:  78%|#######8  | 47/60 [00:11<00:02,  4.91it/s]
Extract:  82%|########1 | 49/60 [00:11<00:01,  6.40it/s]
Extract:  83%|########3 | 50/60 [00:12<00:02,  3.90it/s]
Extract:  85%|########5 | 51/60 [00:12<00:02,  3.26it/s]
Extract:  87%|########6 | 52/60 [00:12<00:02,  2.99it/s]
Extract:  90%|######### | 54/60 [00:13<00:01,  3.39it/s]
Extract:  92%|#########1| 55/60 [00:13<00:01,  3.27it/s]
Extract:  93%|#########3| 56/60 [00:13<00:01,  3.71it/s]
Extract:  97%|#########6| 58/60 [00:14<00:00,  4.31it/s]
Extract:  98%|#########8| 59/60 [00:14<00:00,  4.10it/s]
Extract: 100%|##########| 60/60 [00:15<00:00,  3.12it/s]
Extract: 100%|##########| 60/60 [00:15<00:00,  3.96it/s]

Extract:   0%|          | 0/60 [00:00<?, ?it/s]
Extract:   3%|3         | 2/60 [00:00<00:05, 10.70it/s]
Extract:   7%|6         | 4/60 [00:00<00:11,  4.69it/s]
Extract:   8%|8         | 5/60 [00:00<00:11,  4.82it/s]
Extract:  10%|#         | 6/60 [00:01<00:11,  4.83it/s]
Extract:  12%|#1        | 7/60 [00:01<00:13,  3.93it/s]
Extract:  13%|#3        | 8/60 [00:01<00:15,  3.38it/s]
Extract:  15%|#5        | 9/60 [00:02<00:15,  3.26it/s]
Extract:  17%|#6        | 10/60 [00:02<00:15,  3.25it/s]
Extract:  18%|#8        | 11/60 [00:03<00:17,  2.78it/s]
Extract:  20%|##        | 12/60 [00:04<00:26,  1.79it/s]
Extract:  22%|##1       | 13/60 [00:04<00:21,  2.19it/s]
Extract:  23%|##3       | 14/60 [00:04<00:24,  1.90it/s]
Extract:  25%|##5       | 15/60 [00:05<00:27,  1.65it/s]
Extract:  27%|##6       | 16/60 [00:05<00:21,  2.07it/s]
Extract:  30%|###       | 18/60 [00:06<00:12,  3.49it/s]
Extract:  33%|###3      | 20/60 [00:06<00:08,  4.81it/s]
Extract:  35%|###5      | 21/60 [00:07<00:12,  3.06it/s]
Extract:  37%|###6      | 22/60 [00:07<00:12,  3.10it/s]
Extract:  38%|###8      | 23/60 [00:07<00:13,  2.84it/s]
Extract:  40%|####      | 24/60 [00:07<00:11,  3.20it/s]
Extract:  43%|####3     | 26/60 [00:08<00:07,  4.50it/s]
Extract:  45%|####5     | 27/60 [00:08<00:11,  2.95it/s]
Extract:  47%|####6     | 28/60 [00:09<00:09,  3.45it/s]
Extract:  48%|####8     | 29/60 [00:09<00:08,  3.66it/s]
Extract:  50%|#####     | 30/60 [00:09<00:09,  3.20it/s]
Extract:  52%|#####1    | 31/60 [00:10<00:09,  3.06it/s]
Extract:  53%|#####3    | 32/60 [00:10<00:09,  2.98it/s]
Extract:  57%|#####6    | 34/60 [00:10<00:05,  4.51it/s]
Extract:  58%|#####8    | 35/60 [00:10<00:05,  4.85it/s]
Extract:  60%|######    | 36/60 [00:10<00:04,  5.40it/s]
Extract:  62%|######1   | 37/60 [00:11<00:05,  4.28it/s]
Extract:  63%|######3   | 38/60 [00:11<00:06,  3.35it/s]
Extract:  65%|######5   | 39/60 [00:11<00:05,  3.74it/s]
Extract:  67%|######6   | 40/60 [00:12<00:05,  3.56it/s]
Extract:  68%|######8   | 41/60 [00:12<00:05,  3.51it/s]
Extract:  70%|#######   | 42/60 [00:13<00:08,  2.09it/s]
Extract:  72%|#######1  | 43/60 [00:14<00:08,  1.92it/s]
Extract:  75%|#######5  | 45/60 [00:14<00:04,  3.22it/s]
Extract:  77%|#######6  | 46/60 [00:14<00:03,  3.82it/s]
Extract:  78%|#######8  | 47/60 [00:14<00:03,  3.31it/s]
Extract:  82%|########1 | 49/60 [00:14<00:02,  4.78it/s]
Extract:  83%|########3 | 50/60 [00:15<00:03,  3.09it/s]
Extract:  85%|########5 | 51/60 [00:16<00:03,  2.83it/s]
Extract:  87%|########6 | 52/60 [00:16<00:02,  2.68it/s]
Extract:  90%|######### | 54/60 [00:16<00:01,  3.29it/s]
Extract:  92%|#########1| 55/60 [00:17<00:01,  3.23it/s]
Extract:  93%|#########3| 56/60 [00:17<00:01,  3.63it/s]
Extract:  95%|#########5| 57/60 [00:17<00:00,  3.91it/s]
Extract:  97%|#########6| 58/60 [00:17<00:00,  3.74it/s]
Extract:  98%|#########8| 59/60 [00:18<00:00,  3.68it/s]
Extract: 100%|##########| 60/60 [00:18<00:00,  2.99it/s]
Extract: 100%|##########| 60/60 [00:18<00:00,  3.22it/s]

Extract:   0%|          | 0/60 [00:00<?, ?it/s]
Extract:   2%|1         | 1/60 [00:00<00:06,  9.23it/s]
Extract:   3%|3         | 2/60 [00:00<00:07,  7.74it/s]
Extract:   5%|5         | 3/60 [00:00<00:09,  5.80it/s]
Extract:   7%|6         | 4/60 [00:00<00:15,  3.61it/s]
Extract:   8%|8         | 5/60 [00:01<00:15,  3.67it/s]
Extract:  10%|#         | 6/60 [00:01<00:15,  3.55it/s]
Extract:  12%|#1        | 7/60 [00:01<00:17,  3.03it/s]
Extract:  13%|#3        | 8/60 [00:02<00:18,  2.74it/s]
Extract:  15%|#5        | 9/60 [00:02<00:18,  2.73it/s]
Extract:  17%|#6        | 10/60 [00:03<00:20,  2.49it/s]
Extract:  18%|#8        | 11/60 [00:03<00:23,  2.04it/s]
Extract:  20%|##        | 12/60 [00:04<00:25,  1.86it/s]
Extract:  22%|##1       | 13/60 [00:04<00:20,  2.29it/s]
Extract:  23%|##3       | 14/60 [00:05<00:23,  1.96it/s]
Extract:  25%|##5       | 15/60 [00:06<00:26,  1.72it/s]
Extract:  27%|##6       | 16/60 [00:06<00:20,  2.14it/s]
Extract:  30%|###       | 18/60 [00:06<00:11,  3.56it/s]
Extract:  32%|###1      | 19/60 [00:06<00:09,  4.19it/s]
Extract:  35%|###5      | 21/60 [00:07<00:11,  3.29it/s]
Extract:  37%|###6      | 22/60 [00:07<00:11,  3.34it/s]
Extract:  38%|###8      | 23/60 [00:08<00:12,  3.08it/s]
Extract:  40%|####      | 24/60 [00:08<00:10,  3.49it/s]
Extract:  43%|####3     | 26/60 [00:08<00:08,  4.24it/s]
Extract:  45%|####5     | 27/60 [00:09<00:12,  2.54it/s]
Extract:  47%|####6     | 28/60 [00:09<00:10,  2.96it/s]
Extract:  48%|####8     | 29/60 [00:09<00:08,  3.47it/s]
Extract:  50%|#####     | 30/60 [00:10<00:08,  3.69it/s]
Extract:  52%|#####1    | 31/60 [00:10<00:08,  3.38it/s]
Extract:  53%|#####3    | 32/60 [00:10<00:06,  4.11it/s]
Extract:  57%|#####6    | 34/60 [00:10<00:04,  6.34it/s]
Extract:  60%|######    | 36/60 [00:10<00:03,  7.67it/s]
Extract:  63%|######3   | 38/60 [00:11<00:03,  6.68it/s]
Extract:  67%|######6   | 40/60 [00:11<00:02,  7.46it/s]
Extract:  68%|######8   | 41/60 [00:11<00:03,  6.08it/s]
Extract:  70%|#######   | 42/60 [00:12<00:05,  3.50it/s]
Extract:  72%|#######1  | 43/60 [00:12<00:05,  2.91it/s]
Extract:  75%|#######5  | 45/60 [00:13<00:03,  4.20it/s]
Extract:  78%|#######8  | 47/60 [00:13<00:02,  4.62it/s]
Extract:  82%|########1 | 49/60 [00:13<00:01,  5.83it/s]
Extract:  83%|########3 | 50/60 [00:14<00:02,  4.16it/s]
Extract:  85%|########5 | 51/60 [00:14<00:03,  2.83it/s]
Extract:  87%|########6 | 52/60 [00:15<00:03,  2.38it/s]
Extract:  90%|######### | 54/60 [00:16<00:02,  2.74it/s]
Extract:  92%|#########1| 55/60 [00:16<00:01,  2.70it/s]
Extract:  93%|#########3| 56/60 [00:16<00:01,  3.07it/s]
Extract:  97%|#########6| 58/60 [00:17<00:00,  3.23it/s]
Extract:  98%|#########8| 59/60 [00:17<00:00,  3.08it/s]
Extract: 100%|##########| 60/60 [00:18<00:00,  2.31it/s]
Extract: 100%|##########| 60/60 [00:18<00:00,  3.26it/s]

Extract:   0%|          | 0/60 [00:00<?, ?it/s]
Extract:   2%|1         | 1/60 [00:00<00:07,  8.11it/s]
Extract:   3%|3         | 2/60 [00:00<00:07,  7.59it/s]
Extract:   5%|5         | 3/60 [00:00<00:08,  6.36it/s]
Extract:   7%|6         | 4/60 [00:00<00:12,  4.60it/s]
Extract:   8%|8         | 5/60 [00:01<00:13,  4.04it/s]
Extract:  10%|#         | 6/60 [00:01<00:12,  4.49it/s]
Extract:  12%|#1        | 7/60 [00:01<00:15,  3.49it/s]
Extract:  13%|#3        | 8/60 [00:02<00:19,  2.63it/s]
Extract:  15%|#5        | 9/60 [00:02<00:19,  2.59it/s]
Extract:  17%|#6        | 10/60 [00:03<00:20,  2.45it/s]
Extract:  18%|#8        | 11/60 [00:03<00:22,  2.20it/s]
Extract:  20%|##        | 12/60 [00:04<00:28,  1.66it/s]
Extract:  22%|##1       | 13/60 [00:04<00:22,  2.05it/s]
Extract:  23%|##3       | 14/60 [00:05<00:25,  1.83it/s]
Extract:  25%|##5       | 15/60 [00:06<00:27,  1.64it/s]
Extract:  27%|##6       | 16/60 [00:06<00:22,  1.94it/s]
Extract:  30%|###       | 18/60 [00:06<00:12,  3.27it/s]
Extract:  33%|###3      | 20/60 [00:07<00:10,  3.88it/s]
Extract:  35%|###5      | 21/60 [00:07<00:14,  2.60it/s]
Extract:  37%|###6      | 22/60 [00:08<00:13,  2.73it/s]
Extract:  38%|###8      | 23/60 [00:08<00:13,  2.72it/s]
Extract:  40%|####      | 24/60 [00:08<00:11,  3.09it/s]
Extract:  43%|####3     | 26/60 [00:09<00:08,  4.21it/s]
Extract:  45%|####5     | 27/60 [00:10<00:14,  2.30it/s]
Extract:  47%|####6     | 28/60 [00:10<00:13,  2.44it/s]
Extract:  48%|####8     | 29/60 [00:10<00:11,  2.69it/s]
Extract:  50%|#####     | 30/60 [00:10<00:10,  2.83it/s]
Extract:  52%|#####1    | 31/60 [00:11<00:10,  2.72it/s]
Extract:  53%|#####3    | 32/60 [00:11<00:08,  3.27it/s]
Extract:  57%|#####6    | 34/60 [00:11<00:05,  4.91it/s]
Extract:  58%|#####8    | 35/60 [00:11<00:04,  5.19it/s]
Extract:  60%|######    | 36/60 [00:11<00:04,  5.87it/s]
Extract:  62%|######1   | 37/60 [00:12<00:04,  4.85it/s]
Extract:  63%|######3   | 38/60 [00:12<00:04,  4.78it/s]
Extract:  67%|######6   | 40/60 [00:12<00:03,  5.33it/s]
Extract:  68%|######8   | 41/60 [00:12<00:03,  5.31it/s]
Extract:  70%|#######   | 42/60 [00:13<00:06,  2.59it/s]
Extract:  72%|#######1  | 43/60 [00:14<00:08,  2.11it/s]
Extract:  75%|#######5  | 45/60 [00:14<00:04,  3.35it/s]
Extract:  77%|#######6  | 46/60 [00:14<00:03,  3.87it/s]
Extract:  78%|#######8  | 47/60 [00:15<00:03,  3.60it/s]
Extract:  82%|########1 | 49/60 [00:15<00:02,  4.74it/s]
Extract:  83%|########3 | 50/60 [00:16<00:03,  3.01it/s]
Extract:  85%|########5 | 51/60 [00:16<00:03,  2.45it/s]
Extract:  87%|########6 | 52/60 [00:17<00:04,  1.97it/s]
Extract:  90%|######### | 54/60 [00:18<00:02,  2.30it/s]
Extract:  92%|#########1| 55/60 [00:18<00:02,  2.30it/s]
Extract:  93%|#########3| 56/60 [00:19<00:01,  2.64it/s]
Extract:  95%|#########5| 57/60 [00:19<00:00,  3.22it/s]
Extract:  97%|#########6| 58/60 [00:19<00:00,  2.99it/s]
Extract:  98%|#########8| 59/60 [00:19<00:00,  2.79it/s]
Extract: 100%|##########| 60/60 [00:20<00:00,  1.95it/s]
Extract: 100%|##########| 60/60 [00:20<00:00,  2.88it/s]

Extract:   0%|          | 0/60 [00:00<?, ?it/s]
Extract:   3%|3         | 2/60 [00:00<00:05, 11.23it/s]
Extract:   7%|6         | 4/60 [00:00<00:11,  5.04it/s]
Extract:   8%|8         | 5/60 [00:01<00:15,  3.52it/s]
Extract:  10%|#         | 6/60 [00:01<00:13,  3.91it/s]
Extract:  12%|#1        | 7/60 [00:01<00:16,  3.26it/s]
Extract:  13%|#3        | 8/60 [00:02<00:18,  2.75it/s]
Extract:  15%|#5        | 9/60 [00:02<00:19,  2.62it/s]
Extract:  17%|#6        | 10/60 [00:03<00:22,  2.19it/s]
Extract:  18%|#8        | 11/60 [00:03<00:21,  2.26it/s]
Extract:  20%|##        | 12/60 [00:04<00:23,  2.05it/s]
Extract:  22%|##1       | 13/60 [00:04<00:18,  2.55it/s]
Extract:  23%|##3       | 14/60 [00:05<00:19,  2.32it/s]
Extract:  25%|##5       | 15/60 [00:05<00:23,  1.94it/s]
Extract:  27%|##6       | 16/60 [00:06<00:18,  2.33it/s]
Extract:  30%|###       | 18/60 [00:06<00:10,  3.86it/s]
Extract:  33%|###3      | 20/60 [00:06<00:07,  5.25it/s]
Extract:  35%|###5      | 21/60 [00:06<00:11,  3.34it/s]
Extract:  37%|###6      | 22/60 [00:07<00:11,  3.29it/s]
Extract:  38%|###8      | 23/60 [00:07<00:12,  3.08it/s]
Extract:  40%|####      | 24/60 [00:07<00:10,  3.48it/s]
Extract:  43%|####3     | 26/60 [00:08<00:06,  4.86it/s]
Extract:  45%|####5     | 27/60 [00:08<00:11,  2.83it/s]
Extract:  47%|####6     | 28/60 [00:09<00:09,  3.35it/s]
Extract:  48%|####8     | 29/60 [00:09<00:08,  3.72it/s]
Extract:  50%|#####     | 30/60 [00:09<00:08,  3.72it/s]
Extract:  52%|#####1    | 31/60 [00:09<00:08,  3.45it/s]
Extract:  53%|#####3    | 32/60 [00:09<00:06,  4.18it/s]
Extract:  57%|#####6    | 34/60 [00:10<00:04,  6.24it/s]
Extract:  58%|#####8    | 35/60 [00:10<00:03,  6.63it/s]
Extract:  62%|######1   | 37/60 [00:10<00:03,  5.97it/s]
Extract:  63%|######3   | 38/60 [00:10<00:03,  5.59it/s]
Extract:  67%|######6   | 40/60 [00:11<00:03,  5.42it/s]
Extract:  68%|######8   | 41/60 [00:11<00:03,  5.51it/s]
Extract:  70%|#######   | 42/60 [00:12<00:05,  3.04it/s]
Extract:  72%|#######1  | 43/60 [00:12<00:07,  2.38it/s]
Extract:  73%|#######3  | 44/60 [00:13<00:05,  2.84it/s]
Extract:  75%|#######5  | 45/60 [00:13<00:04,  3.06it/s]
Extract:  77%|#######6  | 46/60 [00:13<00:05,  2.73it/s]
Extract:  78%|#######8  | 47/60 [00:14<00:04,  2.74it/s]
Extract:  82%|########1 | 49/60 [00:14<00:02,  4.00it/s]
Extract:  83%|########3 | 50/60 [00:15<00:03,  2.59it/s]
Extract:  85%|########5 | 51/60 [00:15<00:03,  2.38it/s]
Extract:  87%|########6 | 52/60 [00:16<00:03,  2.12it/s]
Extract:  90%|######### | 54/60 [00:16<00:02,  2.56it/s]
Extract:  92%|#########1| 55/60 [00:17<00:01,  2.50it/s]
Extract:  93%|#########3| 56/60 [00:17<00:01,  2.74it/s]
Extract:  97%|#########6| 58/60 [00:18<00:00,  2.61it/s]
Extract:  98%|#########8| 59/60 [00:18<00:00,  2.51it/s]
Extract: 100%|##########| 60/60 [00:19<00:00,  2.12it/s]
Extract: 100%|##########| 60/60 [00:19<00:00,  3.08it/s]

Extract:   0%|          | 0/60 [00:00<?, ?it/s]
Extract:   3%|3         | 2/60 [00:00<00:04, 11.72it/s]
Extract:   7%|6         | 4/60 [00:00<00:10,  5.48it/s]
Extract:   8%|8         | 5/60 [00:00<00:10,  5.48it/s]
Extract:  10%|#         | 6/60 [00:01<00:10,  5.07it/s]
Extract:  12%|#1        | 7/60 [00:01<00:13,  3.97it/s]
Extract:  13%|#3        | 8/60 [00:01<00:16,  3.16it/s]
Extract:  15%|#5        | 9/60 [00:02<00:16,  3.01it/s]
Extract:  17%|#6        | 10/60 [00:02<00:15,  3.13it/s]
Extract:  18%|#8        | 11/60 [00:02<00:15,  3.20it/s]
Extract:  20%|##        | 12/60 [00:04<00:27,  1.74it/s]
Extract:  22%|##1       | 13/60 [00:04<00:22,  2.13it/s]
Extract:  23%|##3       | 14/60 [00:04<00:24,  1.90it/s]
Extract:  25%|##5       | 15/60 [00:05<00:25,  1.76it/s]
Extract:  27%|##6       | 16/60 [00:05<00:20,  2.12it/s]
Extract:  30%|###       | 18/60 [00:06<00:11,  3.51it/s]
Extract:  33%|###3      | 20/60 [00:06<00:08,  4.89it/s]
Extract:  35%|###5      | 21/60 [00:06<00:12,  3.02it/s]
Extract:  37%|###6      | 22/60 [00:07<00:12,  3.12it/s]
Extract:  38%|###8      | 23/60 [00:07<00:13,  2.80it/s]
Extract:  40%|####      | 24/60 [00:07<00:11,  3.06it/s]
Extract:  43%|####3     | 26/60 [00:08<00:07,  4.27it/s]
Extract:  45%|####5     | 27/60 [00:08<00:11,  2.81it/s]
Extract:  47%|####6     | 28/60 [00:09<00:09,  3.34it/s]
Extract:  48%|####8     | 29/60 [00:09<00:08,  3.77it/s]
Extract:  50%|#####     | 30/60 [00:09<00:08,  3.75it/s]
Extract:  52%|#####1    | 31/60 [00:09<00:08,  3.43it/s]
Extract:  53%|#####3    | 32/60 [00:09<00:06,  4.02it/s]
Extract:  57%|#####6    | 34/60 [00:10<00:04,  5.97it/s]
Extract:  58%|#####8    | 35/60 [00:10<00:03,  6.42it/s]
Extract:  62%|######1   | 37/60 [00:10<00:04,  5.73it/s]
Extract:  63%|######3   | 38/60 [00:10<00:03,  5.80it/s]
Extract:  67%|######6   | 40/60 [00:11<00:03,  5.71it/s]
Extract:  68%|######8   | 41/60 [00:11<00:03,  5.63it/s]
Extract:  70%|#######   | 42/60 [00:12<00:05,  3.38it/s]
Extract:  72%|#######1  | 43/60 [00:12<00:06,  2.50it/s]
Extract:  75%|#######5  | 45/60 [00:12<00:03,  3.79it/s]
Extract:  77%|#######6  | 46/60 [00:13<00:03,  4.31it/s]
Extract:  78%|#######8  | 47/60 [00:13<00:03,  3.91it/s]
Extract:  82%|########1 | 49/60 [00:13<00:02,  5.28it/s]
Extract:  83%|########3 | 50/60 [00:14<00:02,  3.49it/s]
Extract:  85%|########5 | 51/60 [00:14<00:03,  2.71it/s]
Extract:  87%|########6 | 52/60 [00:15<00:03,  2.51it/s]
Extract:  90%|######### | 54/60 [00:15<00:02,  2.99it/s]
Extract:  92%|#########1| 55/60 [00:16<00:01,  2.95it/s]
Extract:  93%|#########3| 56/60 [00:16<00:01,  3.28it/s]
Extract:  97%|#########6| 58/60 [00:16<00:00,  3.72it/s]
Extract:  98%|#########8| 59/60 [00:17<00:00,  3.61it/s]
Extract: 100%|##########| 60/60 [00:17<00:00,  3.07it/s]
Extract: 100%|##########| 60/60 [00:17<00:00,  3.42it/s]

Extract:   0%|          | 0/60 [00:00<?, ?it/s]
Extract:   3%|3         | 2/60 [00:00<00:06,  9.41it/s]
Extract:   5%|5         | 3/60 [00:00<00:08,  6.39it/s]
Extract:   7%|6         | 4/60 [00:00<00:12,  4.60it/s]
Extract:   8%|8         | 5/60 [00:01<00:12,  4.31it/s]
Extract:  10%|#         | 6/60 [00:01<00:13,  3.98it/s]
Extract:  12%|#1        | 7/60 [00:01<00:15,  3.33it/s]
Extract:  13%|#3        | 8/60 [00:02<00:17,  2.89it/s]
Extract:  15%|#5        | 9/60 [00:02<00:18,  2.76it/s]
Extract:  17%|#6        | 10/60 [00:02<00:17,  2.92it/s]
Extract:  18%|#8        | 11/60 [00:03<00:19,  2.57it/s]
Extract:  20%|##        | 12/60 [00:04<00:27,  1.76it/s]
Extract:  22%|##1       | 13/60 [00:04<00:21,  2.20it/s]
Extract:  23%|##3       | 14/60 [00:05<00:22,  2.08it/s]
Extract:  25%|##5       | 15/60 [00:05<00:23,  1.90it/s]
Extract:  27%|##6       | 16/60 [00:05<00:19,  2.30it/s]
Extract:  30%|###       | 18/60 [00:06<00:11,  3.78it/s]
Extract:  33%|###3      | 20/60 [00:06<00:07,  5.18it/s]
Extract:  35%|###5      | 21/60 [00:06<00:11,  3.50it/s]
Extract:  37%|###6      | 22/60 [00:07<00:10,  3.46it/s]
Extract:  38%|###8      | 23/60 [00:07<00:12,  2.95it/s]
Extract:  40%|####      | 24/60 [00:07<00:11,  3.23it/s]
Extract:  43%|####3     | 26/60 [00:08<00:07,  4.44it/s]
Extract:  45%|####5     | 27/60 [00:08<00:12,  2.70it/s]
Extract:  47%|####6     | 28/60 [00:09<00:09,  3.24it/s]
Extract:  48%|####8     | 29/60 [00:09<00:08,  3.65it/s]
Extract:  50%|#####     | 30/60 [00:09<00:08,  3.69it/s]
Extract:  52%|#####1    | 31/60 [00:09<00:08,  3.44it/s]
Extract:  53%|#####3    | 32/60 [00:09<00:06,  4.14it/s]
Extract:  57%|#####6    | 34/60 [00:10<00:04,  6.14it/s]
Extract:  58%|#####8    | 35/60 [00:10<00:03,  6.45it/s]
Extract:  62%|######1   | 37/60 [00:10<00:03,  5.76it/s]
Extract:  63%|######3   | 38/60 [00:10<00:04,  4.86it/s]
Extract:  67%|######6   | 40/60 [00:11<00:03,  5.57it/s]
Extract:  68%|######8   | 41/60 [00:11<00:03,  5.64it/s]
Extract:  70%|#######   | 42/60 [00:12<00:05,  3.42it/s]
Extract:  72%|#######1  | 43/60 [00:12<00:06,  2.54it/s]
Extract:  75%|#######5  | 45/60 [00:12<00:03,  3.85it/s]
Extract:  77%|#######6  | 46/60 [00:13<00:03,  4.31it/s]
Extract:  78%|#######8  | 47/60 [00:13<00:03,  4.04it/s]
Extract:  82%|########1 | 49/60 [00:13<00:02,  5.18it/s]
Extract:  83%|########3 | 50/60 [00:14<00:02,  3.48it/s]
Extract:  85%|########5 | 51/60 [00:14<00:03,  2.71it/s]
Extract:  87%|########6 | 52/60 [00:15<00:03,  2.53it/s]
Extract:  90%|######### | 54/60 [00:15<00:01,  3.01it/s]
Extract:  92%|#########1| 55/60 [00:16<00:01,  2.93it/s]
Extract:  93%|#########3| 56/60 [00:16<00:01,  3.32it/s]
Extract:  97%|#########6| 58/60 [00:16<00:00,  3.87it/s]
Extract:  98%|#########8| 59/60 [00:17<00:00,  3.59it/s]
Extract: 100%|##########| 60/60 [00:17<00:00,  3.02it/s]
Extract: 100%|##########| 60/60 [00:17<00:00,  3.43it/s]

Extract:   0%|          | 0/60 [00:00<?, ?it/s]
Extract:   3%|3         | 2/60 [00:00<00:05, 10.81it/s]
Extract:   7%|6         | 4/60 [00:00<00:10,  5.27it/s]
Extract:   8%|8         | 5/60 [00:00<00:11,  4.84it/s]
Extract:  10%|#         | 6/60 [00:01<00:10,  4.99it/s]
Extract:  12%|#1        | 7/60 [00:01<00:13,  4.06it/s]
Extract:  13%|#3        | 8/60 [00:01<00:14,  3.48it/s]
Extract:  15%|#5        | 9/60 [00:02<00:15,  3.21it/s]
Extract:  17%|#6        | 10/60 [00:02<00:15,  3.14it/s]
Extract:  18%|#8        | 11/60 [00:02<00:16,  2.95it/s]
Extract:  20%|##        | 12/60 [00:03<00:22,  2.09it/s]
Extract:  22%|##1       | 13/60 [00:03<00:18,  2.55it/s]
Extract:  23%|##3       | 14/60 [00:04<00:19,  2.35it/s]
Extract:  25%|##5       | 15/60 [00:05<00:22,  2.03it/s]
Extract:  27%|##6       | 16/60 [00:05<00:18,  2.42it/s]
Extract:  30%|###       | 18/60 [00:05<00:10,  3.99it/s]
Extract:  33%|###3      | 20/60 [00:05<00:07,  5.55it/s]
Extract:  35%|###5      | 21/60 [00:06<00:12,  3.14it/s]
Extract:  37%|###6      | 22/60 [00:06<00:12,  3.01it/s]
Extract:  38%|###8      | 23/60 [00:07<00:12,  2.96it/s]
Extract:  40%|####      | 24/60 [00:07<00:10,  3.40it/s]
Extract:  43%|####3     | 26/60 [00:07<00:07,  4.76it/s]
Extract:  45%|####5     | 27/60 [00:08<00:10,  3.18it/s]
Extract:  47%|####6     | 28/60 [00:08<00:08,  3.80it/s]
Extract:  48%|####8     | 29/60 [00:08<00:07,  4.15it/s]
Extract:  50%|#####     | 30/60 [00:08<00:07,  4.14it/s]
Extract:  52%|#####1    | 31/60 [00:09<00:08,  3.42it/s]
Extract:  53%|#####3    | 32/60 [00:09<00:06,  4.12it/s]
Extract:  57%|#####6    | 34/60 [00:09<00:04,  6.20it/s]
Extract:  58%|#####8    | 35/60 [00:09<00:03,  6.52it/s]
Extract:  60%|######    | 36/60 [00:09<00:03,  7.12it/s]
Extract:  62%|######1   | 37/60 [00:09<00:04,  5.40it/s]
Extract:  63%|######3   | 38/60 [00:10<00:04,  5.34it/s]
Extract:  67%|######6   | 40/60 [00:10<00:03,  6.13it/s]
Extract:  68%|######8   | 41/60 [00:10<00:03,  5.91it/s]
Extract:  70%|#######   | 42/60 [00:11<00:05,  3.39it/s]
Extract:  72%|#######1  | 43/60 [00:11<00:06,  2.66it/s]
Extract:  75%|#######5  | 45/60 [00:11<00:03,  4.08it/s]
Extract:  77%|#######6  | 46/60 [00:12<00:03,  4.15it/s]
Extract:  78%|#######8  | 47/60 [00:12<00:03,  4.20it/s]
Extract:  82%|########1 | 49/60 [00:12<00:01,  5.96it/s]
Extract:  83%|########3 | 50/60 [00:13<00:02,  3.98it/s]
Extract:  85%|########5 | 51/60 [00:13<00:02,  3.50it/s]
Extract:  87%|########6 | 52/60 [00:13<00:02,  3.39it/s]
Extract:  90%|######### | 54/60 [00:14<00:01,  4.07it/s]
Extract:  92%|#########1| 55/60 [00:14<00:01,  3.67it/s]
Extract:  93%|#########3| 56/60 [00:14<00:01,  3.99it/s]
Extract:  95%|#########5| 57/60 [00:14<00:00,  4.65it/s]
Extract:  97%|#########6| 58/60 [00:15<00:00,  4.57it/s]
Extract:  98%|#########8| 59/60 [00:15<00:00,  4.38it/s]
Extract: 100%|##########| 60/60 [00:15<00:00,  3.06it/s]
Extract: 100%|##########| 60/60 [00:15<00:00,  3.78it/s]

Extract:   0%|          | 0/60 [00:00<?, ?it/s]
Extract:   3%|3         | 2/60 [00:00<00:03, 14.64it/s]
Extract:   7%|6         | 4/60 [00:00<00:08,  6.70it/s]
Extract:   8%|8         | 5/60 [00:00<00:08,  6.44it/s]
Extract:  10%|#         | 6/60 [00:00<00:08,  6.28it/s]
Extract:  12%|#1        | 7/60 [00:01<00:11,  4.50it/s]
Extract:  13%|#3        | 8/60 [00:01<00:15,  3.42it/s]
Extract:  15%|#5        | 9/60 [00:02<00:15,  3.37it/s]
Extract:  17%|#6        | 10/60 [00:02<00:14,  3.53it/s]
Extract:  18%|#8        | 11/60 [00:02<00:12,  3.86it/s]
Extract:  20%|##        | 12/60 [00:02<00:14,  3.23it/s]
Extract:  22%|##1       | 13/60 [00:03<00:12,  3.72it/s]
Extract:  23%|##3       | 14/60 [00:03<00:17,  2.63it/s]
Extract:  25%|##5       | 15/60 [00:04<00:20,  2.16it/s]
Extract:  27%|##6       | 16/60 [00:04<00:16,  2.60it/s]
Extract:  30%|###       | 18/60 [00:04<00:09,  4.28it/s]
Extract:  33%|###3      | 20/60 [00:04<00:06,  5.87it/s]
Extract:  35%|###5      | 21/60 [00:05<00:10,  3.70it/s]
Extract:  37%|###6      | 22/60 [00:05<00:10,  3.67it/s]
Extract:  38%|###8      | 23/60 [00:06<00:11,  3.36it/s]
Extract:  40%|####      | 24/60 [00:06<00:09,  3.68it/s]
Extract:  43%|####3     | 26/60 [00:06<00:06,  5.09it/s]
Extract:  45%|####5     | 27/60 [00:07<00:11,  2.89it/s]
Extract:  47%|####6     | 28/60 [00:07<00:09,  3.42it/s]
Extract:  48%|####8     | 29/60 [00:07<00:08,  3.81it/s]
Extract:  50%|#####     | 30/60 [00:07<00:07,  3.79it/s]
Extract:  52%|#####1    | 31/60 [00:08<00:08,  3.62it/s]
Extract:  53%|#####3    | 32/60 [00:08<00:06,  4.21it/s]
Extract:  57%|#####6    | 34/60 [00:08<00:04,  6.18it/s]
Extract:  58%|#####8    | 35/60 [00:08<00:03,  6.68it/s]
Extract:  62%|######1   | 37/60 [00:09<00:03,  6.00it/s]
Extract:  63%|######3   | 38/60 [00:09<00:03,  5.82it/s]
Extract:  67%|######6   | 40/60 [00:09<00:03,  6.14it/s]
Extract:  68%|######8   | 41/60 [00:09<00:03,  5.97it/s]
Extract:  70%|#######   | 42/60 [00:10<00:05,  3.12it/s]
Extract:  72%|#######1  | 43/60 [00:11<00:06,  2.50it/s]
Extract:  75%|#######5  | 45/60 [00:11<00:03,  3.77it/s]
Extract:  77%|#######6  | 46/60 [00:11<00:03,  4.28it/s]
Extract:  78%|#######8  | 47/60 [00:11<00:03,  4.13it/s]
Extract:  82%|########1 | 49/60 [00:11<00:01,  5.63it/s]
Extract:  83%|########3 | 50/60 [00:12<00:02,  3.54it/s]
Extract:  85%|########5 | 51/60 [00:13<00:03,  2.73it/s]
Extract:  87%|########6 | 52/60 [00:13<00:03,  2.49it/s]
Extract:  90%|######### | 54/60 [00:14<00:01,  3.04it/s]
Extract:  92%|#########1| 55/60 [00:14<00:01,  3.04it/s]
Extract:  93%|#########3| 56/60 [00:14<00:01,  3.50it/s]
Extract:  97%|#########6| 58/60 [00:14<00:00,  4.05it/s]
Extract:  98%|#########8| 59/60 [00:15<00:00,  3.87it/s]
Extract: 100%|##########| 60/60 [00:15<00:00,  2.85it/s]
Extract: 100%|##########| 60/60 [00:15<00:00,  3.78it/s]

Extract:   0%|          | 0/60 [00:00<?, ?it/s]
Extract:   3%|3         | 2/60 [00:00<00:05, 10.08it/s]
Extract:   7%|6         | 4/60 [00:00<00:11,  4.95it/s]
Extract:   8%|8         | 5/60 [00:00<00:11,  4.67it/s]
Extract:  10%|#         | 6/60 [00:01<00:11,  4.79it/s]
Extract:  12%|#1        | 7/60 [00:01<00:13,  4.05it/s]
Extract:  13%|#3        | 8/60 [00:01<00:15,  3.29it/s]
Extract:  15%|#5        | 9/60 [00:02<00:15,  3.34it/s]
Extract:  17%|#6        | 10/60 [00:02<00:14,  3.34it/s]
Extract:  18%|#8        | 11/60 [00:02<00:14,  3.46it/s]
Extract:  20%|##        | 12/60 [00:03<00:22,  2.11it/s]
Extract:  22%|##1       | 13/60 [00:03<00:18,  2.60it/s]
Extract:  23%|##3       | 14/60 [00:04<00:20,  2.19it/s]
Extract:  25%|##5       | 15/60 [00:05<00:24,  1.84it/s]
Extract:  27%|##6       | 16/60 [00:05<00:19,  2.25it/s]
Extract:  30%|###       | 18/60 [00:05<00:11,  3.75it/s]
Extract:  33%|###3      | 20/60 [00:05<00:07,  5.16it/s]
Extract:  35%|###5      | 21/60 [00:06<00:11,  3.29it/s]
Extract:  37%|###6      | 22/60 [00:06<00:11,  3.27it/s]
Extract:  38%|###8      | 23/60 [00:07<00:12,  2.91it/s]
Extract:  40%|####      | 24/60 [00:07<00:11,  3.18it/s]
Extract:  43%|####3     | 26/60 [00:07<00:08,  3.92it/s]
Extract:  45%|####5     | 27/60 [00:08<00:13,  2.43it/s]
Extract:  47%|####6     | 28/60 [00:08<00:11,  2.83it/s]
Extract:  48%|####8     | 29/60 [00:09<00:09,  3.13it/s]
Extract:  50%|#####     | 30/60 [00:09<00:09,  3.16it/s]
Extract:  52%|#####1    | 31/60 [00:09<00:09,  3.01it/s]
Extract:  53%|#####3    | 32/60 [00:09<00:07,  3.63it/s]
Extract:  57%|#####6    | 34/60 [00:10<00:04,  5.46it/s]
Extract:  58%|#####8    | 35/60 [00:10<00:04,  6.10it/s]
Extract:  62%|######1   | 37/60 [00:10<00:04,  5.62it/s]
Extract:  63%|######3   | 38/60 [00:10<00:04,  4.61it/s]
Extract:  67%|######6   | 40/60 [00:11<00:03,  5.29it/s]
Extract:  68%|######8   | 41/60 [00:11<00:03,  5.43it/s]
Extract:  70%|#######   | 42/60 [00:12<00:05,  3.11it/s]
Extract:  72%|#######1  | 43/60 [00:13<00:07,  2.19it/s]
Extract:  75%|#######5  | 45/60 [00:13<00:04,  3.32it/s]
Extract:  77%|#######6  | 46/60 [00:13<00:03,  3.80it/s]
Extract:  78%|#######8  | 47/60 [00:13<00:03,  3.31it/s]
Extract:  82%|########1 | 49/60 [00:14<00:02,  3.85it/s]
Extract:  83%|########3 | 50/60 [00:14<00:03,  2.71it/s]
Extract:  85%|########5 | 51/60 [00:15<00:03,  2.39it/s]
Extract:  87%|########6 | 52/60 [00:16<00:03,  2.15it/s]
Extract:  90%|######### | 54/60 [00:16<00:02,  2.59it/s]
Extract:  92%|#########1| 55/60 [00:17<00:02,  2.25it/s]
Extract:  93%|#########3| 56/60 [00:17<00:01,  2.61it/s]
Extract:  97%|#########6| 58/60 [00:17<00:00,  3.14it/s]
Extract:  98%|#########8| 59/60 [00:18<00:00,  3.08it/s]
Extract: 100%|##########| 60/60 [00:18<00:00,  2.56it/s]
Extract: 100%|##########| 60/60 [00:18<00:00,  3.19it/s]

Extract:   0%|          | 0/60 [00:00<?, ?it/s]
Extract:   3%|3         | 2/60 [00:00<00:05, 10.16it/s]
Extract:   7%|6         | 4/60 [00:00<00:12,  4.47it/s]
Extract:   8%|8         | 5/60 [00:01<00:12,  4.49it/s]
Extract:  10%|#         | 6/60 [00:01<00:13,  4.13it/s]
Extract:  12%|#1        | 7/60 [00:01<00:15,  3.44it/s]
Extract:  13%|#3        | 8/60 [00:02<00:17,  3.02it/s]
Extract:  15%|#5        | 9/60 [00:02<00:19,  2.57it/s]
Extract:  17%|#6        | 10/60 [00:02<00:17,  2.79it/s]
Extract:  18%|#8        | 11/60 [00:03<00:18,  2.70it/s]
Extract:  20%|##        | 12/60 [00:04<00:23,  2.06it/s]
Extract:  22%|##1       | 13/60 [00:04<00:19,  2.44it/s]
Extract:  23%|##3       | 14/60 [00:05<00:22,  2.07it/s]
Extract:  25%|##5       | 15/60 [00:05<00:26,  1.71it/s]
Extract:  27%|##6       | 16/60 [00:06<00:20,  2.13it/s]
Extract:  30%|###       | 18/60 [00:06<00:11,  3.52it/s]
Extract:  33%|###3      | 20/60 [00:06<00:08,  4.92it/s]
Extract:  35%|###5      | 21/60 [00:07<00:12,  3.25it/s]
Extract:  37%|###6      | 22/60 [00:07<00:11,  3.39it/s]
Extract:  38%|###8      | 23/60 [00:07<00:11,  3.26it/s]
Extract:  40%|####      | 24/60 [00:07<00:09,  3.67it/s]
Extract:  43%|####3     | 26/60 [00:07<00:06,  5.15it/s]
Extract:  45%|####5     | 27/60 [00:08<00:12,  2.70it/s]
Extract:  47%|####6     | 28/60 [00:09<00:09,  3.22it/s]
Extract:  48%|####8     | 29/60 [00:09<00:08,  3.59it/s]
Extract:  50%|#####     | 30/60 [00:09<00:08,  3.65it/s]
Extract:  52%|#####1    | 31/60 [00:09<00:08,  3.38it/s]
Extract:  53%|#####3    | 32/60 [00:09<00:06,  4.13it/s]
Extract:  57%|#####6    | 34/60 [00:10<00:04,  6.17it/s]
Extract:  58%|#####8    | 35/60 [00:10<00:03,  6.59it/s]
Extract:  62%|######1   | 37/60 [00:10<00:03,  6.03it/s]
Extract:  63%|######3   | 38/60 [00:10<00:03,  5.76it/s]
Extract:  67%|######6   | 40/60 [00:11<00:03,  6.30it/s]
Extract:  68%|######8   | 41/60 [00:11<00:03,  6.11it/s]
Extract:  70%|#######   | 42/60 [00:11<00:05,  3.51it/s]
Extract:  72%|#######1  | 43/60 [00:12<00:06,  2.60it/s]
Extract:  75%|#######5  | 45/60 [00:12<00:03,  3.83it/s]
Extract:  77%|#######6  | 46/60 [00:12<00:03,  4.31it/s]
Extract:  78%|#######8  | 47/60 [00:13<00:03,  4.09it/s]
Extract:  82%|########1 | 49/60 [00:13<00:02,  5.42it/s]
Extract:  83%|########3 | 50/60 [00:14<00:02,  3.45it/s]
Extract:  85%|########5 | 51/60 [00:14<00:03,  2.72it/s]
Extract:  87%|########6 | 52/60 [00:15<00:03,  2.46it/s]
Extract:  90%|######### | 54/60 [00:15<00:02,  2.90it/s]
Extract:  92%|#########1| 55/60 [00:16<00:01,  2.66it/s]
Extract:  93%|#########3| 56/60 [00:16<00:01,  3.08it/s]
Extract:  97%|#########6| 58/60 [00:16<00:00,  3.53it/s]
Extract:  98%|#########8| 59/60 [00:17<00:00,  3.51it/s]
Extract: 100%|##########| 60/60 [00:17<00:00,  2.83it/s]
Extract: 100%|##########| 60/60 [00:17<00:00,  3.41it/s]

Extract:   0%|          | 0/60 [00:00<?, ?it/s]
Extract:   3%|3         | 2/60 [00:00<00:07,  7.88it/s]
Extract:   5%|5         | 3/60 [00:00<00:09,  5.85it/s]
Extract:   7%|6         | 4/60 [00:00<00:14,  3.93it/s]
Extract:   8%|8         | 5/60 [00:01<00:14,  3.71it/s]
Extract:  10%|#         | 6/60 [00:01<00:14,  3.82it/s]
Extract:  12%|#1        | 7/60 [00:01<00:15,  3.32it/s]
Extract:  13%|#3        | 8/60 [00:02<00:21,  2.38it/s]
Extract:  15%|#5        | 9/60 [00:02<00:20,  2.49it/s]
Extract:  17%|#6        | 10/60 [00:03<00:19,  2.60it/s]
Extract:  18%|#8        | 11/60 [00:03<00:20,  2.40it/s]
Extract:  20%|##        | 12/60 [00:04<00:23,  2.01it/s]
Extract:  22%|##1       | 13/60 [00:04<00:19,  2.47it/s]
Extract:  23%|##3       | 14/60 [00:05<00:20,  2.26it/s]
Extract:  25%|##5       | 15/60 [00:05<00:24,  1.82it/s]
Extract:  27%|##6       | 16/60 [00:06<00:21,  2.09it/s]
Extract:  28%|##8       | 17/60 [00:06<00:15,  2.72it/s]
Extract:  32%|###1      | 19/60 [00:06<00:09,  4.31it/s]
Extract:  33%|###3      | 20/60 [00:06<00:08,  4.84it/s]
Extract:  35%|###5      | 21/60 [00:07<00:14,  2.74it/s]
Extract:  37%|###6      | 22/60 [00:07<00:12,  3.01it/s]
Extract:  38%|###8      | 23/60 [00:08<00:12,  2.94it/s]
Extract:  40%|####      | 24/60 [00:08<00:11,  3.18it/s]
Extract:  43%|####3     | 26/60 [00:08<00:08,  3.94it/s]
Extract:  45%|####5     | 27/60 [00:09<00:13,  2.46it/s]
Extract:  47%|####6     | 28/60 [00:09<00:12,  2.66it/s]
Extract:  48%|####8     | 29/60 [00:09<00:10,  3.03it/s]
Extract:  50%|#####     | 30/60 [00:10<00:09,  3.03it/s]
Extract:  52%|#####1    | 31/60 [00:10<00:10,  2.89it/s]
Extract:  53%|#####3    | 32/60 [00:10<00:08,  3.36it/s]
Extract:  57%|#####6    | 34/60 [00:11<00:06,  4.18it/s]
Extract:  58%|#####8    | 35/60 [00:11<00:05,  4.47it/s]
Extract:  60%|######    | 36/60 [00:11<00:04,  5.22it/s]
Extract:  62%|######1   | 37/60 [00:11<00:05,  4.04it/s]
Extract:  63%|######3   | 38/60 [00:12<00:05,  4.13it/s]
Extract:  67%|######6   | 40/60 [00:12<00:04,  4.90it/s]
Extract:  68%|######8   | 41/60 [00:12<00:03,  5.01it/s]
Extract:  70%|#######   | 42/60 [00:13<00:07,  2.51it/s]
Extract:  72%|#######1  | 43/60 [00:14<00:08,  2.08it/s]
Extract:  75%|#######5  | 45/60 [00:14<00:04,  3.26it/s]
Extract:  77%|#######6  | 46/60 [00:14<00:03,  3.72it/s]
Extract:  78%|#######8  | 47/60 [00:14<00:03,  3.52it/s]
Extract:  82%|########1 | 49/60 [00:15<00:02,  4.72it/s]
Extract:  83%|########3 | 50/60 [00:16<00:04,  2.36it/s]
Extract:  85%|########5 | 51/60 [00:16<00:04,  2.03it/s]
Extract:  87%|########6 | 52/60 [00:17<00:04,  1.81it/s]
Extract:  90%|######### | 54/60 [00:18<00:02,  2.23it/s]
Extract:  92%|#########1| 55/60 [00:18<00:02,  2.25it/s]
Extract:  93%|#########3| 56/60 [00:18<00:01,  2.67it/s]
Extract:  97%|#########6| 58/60 [00:19<00:00,  2.70it/s]
Extract:  98%|#########8| 59/60 [00:20<00:00,  2.61it/s]
Extract: 100%|##########| 60/60 [00:20<00:00,  2.08it/s]
Extract: 100%|##########| 60/60 [00:20<00:00,  2.88it/s]

Extract:   0%|          | 0/60 [00:00<?, ?it/s]
Extract:   3%|3         | 2/60 [00:00<00:05,  9.89it/s]
Extract:   5%|5         | 3/60 [00:00<00:09,  6.31it/s]
Extract:   7%|6         | 4/60 [00:00<00:14,  3.97it/s]
Extract:   8%|8         | 5/60 [00:01<00:13,  4.08it/s]
Extract:  10%|#         | 6/60 [00:01<00:12,  4.19it/s]
Extract:  12%|#1        | 7/60 [00:01<00:15,  3.32it/s]
Extract:  13%|#3        | 8/60 [00:02<00:17,  3.01it/s]
Extract:  15%|#5        | 9/60 [00:02<00:20,  2.43it/s]
Extract:  17%|#6        | 10/60 [00:03<00:21,  2.35it/s]
Extract:  18%|#8        | 11/60 [00:03<00:24,  2.01it/s]
Extract:  20%|##        | 12/60 [00:04<00:27,  1.73it/s]
Extract:  22%|##1       | 13/60 [00:04<00:21,  2.17it/s]
Extract:  23%|##3       | 14/60 [00:05<00:21,  2.11it/s]
Extract:  25%|##5       | 15/60 [00:05<00:23,  1.90it/s]
Extract:  27%|##6       | 16/60 [00:06<00:20,  2.14it/s]
Extract:  30%|###       | 18/60 [00:06<00:11,  3.59it/s]
Extract:  33%|###3      | 20/60 [00:06<00:07,  5.17it/s]
Extract:  35%|###5      | 21/60 [00:07<00:11,  3.32it/s]
Extract:  37%|###6      | 22/60 [00:07<00:12,  3.15it/s]
Extract:  38%|###8      | 23/60 [00:07<00:12,  2.92it/s]
Extract:  40%|####      | 24/60 [00:08<00:10,  3.34it/s]
Extract:  43%|####3     | 26/60 [00:08<00:06,  4.88it/s]
Extract:  45%|####5     | 27/60 [00:09<00:12,  2.56it/s]
Extract:  47%|####6     | 28/60 [00:09<00:10,  3.09it/s]
Extract:  48%|####8     | 29/60 [00:09<00:08,  3.50it/s]
Extract:  50%|#####     | 30/60 [00:09<00:08,  3.56it/s]
Extract:  52%|#####1    | 31/60 [00:10<00:08,  3.37it/s]
Extract:  53%|#####3    | 32/60 [00:10<00:07,  3.95it/s]
Extract:  57%|#####6    | 34/60 [00:10<00:04,  5.84it/s]
Extract:  58%|#####8    | 35/60 [00:10<00:04,  6.02it/s]
Extract:  60%|######    | 36/60 [00:10<00:03,  6.69it/s]
Extract:  62%|######1   | 37/60 [00:11<00:04,  4.86it/s]
Extract:  63%|######3   | 38/60 [00:11<00:04,  4.88it/s]
Extract:  67%|######6   | 40/60 [00:11<00:03,  5.67it/s]
Extract:  68%|######8   | 41/60 [00:11<00:03,  5.53it/s]
Extract:  70%|#######   | 42/60 [00:12<00:06,  2.78it/s]
Extract:  72%|#######1  | 43/60 [00:13<00:07,  2.31it/s]
Extract:  75%|#######5  | 45/60 [00:13<00:04,  3.47it/s]
Extract:  77%|#######6  | 46/60 [00:13<00:03,  3.82it/s]
Extract:  78%|#######8  | 47/60 [00:14<00:03,  3.52it/s]
Extract:  82%|########1 | 49/60 [00:14<00:02,  4.65it/s]
Extract:  83%|########3 | 50/60 [00:14<00:03,  3.22it/s]
Extract:  85%|########5 | 51/60 [00:15<00:03,  2.71it/s]
Extract:  87%|########6 | 52/60 [00:16<00:03,  2.28it/s]
Extract:  90%|######### | 54/60 [00:16<00:02,  2.78it/s]
Extract:  92%|#########1| 55/60 [00:16<00:01,  2.81it/s]
Extract:  93%|#########3| 56/60 [00:17<00:01,  3.19it/s]
Extract:  97%|#########6| 58/60 [00:17<00:00,  3.57it/s]
Extract:  98%|#########8| 59/60 [00:17<00:00,  3.44it/s]
Extract: 100%|##########| 60/60 [00:18<00:00,  2.93it/s]
Extract: 100%|##########| 60/60 [00:18<00:00,  3.26it/s]

Extract:   0%|          | 0/60 [00:00<?, ?it/s]
Extract:   3%|3         | 2/60 [00:00<00:05, 11.58it/s]
Extract:   7%|6         | 4/60 [00:00<00:10,  5.25it/s]
Extract:   8%|8         | 5/60 [00:00<00:11,  4.69it/s]
Extract:  10%|#         | 6/60 [00:01<00:11,  4.81it/s]
Extract:  12%|#1        | 7/60 [00:01<00:13,  3.90it/s]
Extract:  13%|#3        | 8/60 [00:01<00:15,  3.46it/s]
Extract:  15%|#5        | 9/60 [00:02<00:15,  3.36it/s]
Extract:  17%|#6        | 10/60 [00:02<00:13,  3.58it/s]
Extract:  18%|#8        | 11/60 [00:02<00:14,  3.38it/s]
Extract:  20%|##        | 12/60 [00:03<00:17,  2.73it/s]
Extract:  22%|##1       | 13/60 [00:03<00:14,  3.35it/s]
Extract:  23%|##3       | 14/60 [00:04<00:18,  2.46it/s]
Extract:  25%|##5       | 15/60 [00:04<00:23,  1.88it/s]
Extract:  27%|##6       | 16/60 [00:05<00:20,  2.15it/s]
Extract:  28%|##8       | 17/60 [00:05<00:15,  2.76it/s]
Extract:  30%|###       | 18/60 [00:05<00:13,  3.11it/s]
Extract:  33%|###3      | 20/60 [00:05<00:08,  4.59it/s]
Extract:  35%|###5      | 21/60 [00:06<00:12,  3.03it/s]
Extract:  37%|###6      | 22/60 [00:06<00:12,  2.93it/s]
Extract:  38%|###8      | 23/60 [00:07<00:12,  3.08it/s]
Extract:  40%|####      | 24/60 [00:07<00:10,  3.58it/s]
Extract:  43%|####3     | 26/60 [00:07<00:06,  4.98it/s]
Extract:  45%|####5     | 27/60 [00:08<00:10,  3.23it/s]
Extract:  47%|####6     | 28/60 [00:08<00:08,  3.82it/s]
Extract:  48%|####8     | 29/60 [00:08<00:07,  4.23it/s]
Extract:  50%|#####     | 30/60 [00:08<00:07,  3.96it/s]
Extract:  52%|#####1    | 31/60 [00:08<00:07,  3.86it/s]
Extract:  55%|#####5    | 33/60 [00:09<00:04,  5.81it/s]
Extract:  58%|#####8    | 35/60 [00:09<00:03,  6.81it/s]
Extract:  62%|######1   | 37/60 [00:09<00:03,  6.00it/s]
Extract:  63%|######3   | 38/60 [00:09<00:03,  5.81it/s]
Extract:  67%|######6   | 40/60 [00:10<00:03,  6.33it/s]
Extract:  68%|######8   | 41/60 [00:10<00:03,  6.22it/s]
Extract:  70%|#######   | 42/60 [00:10<00:04,  3.80it/s]
Extract:  72%|#######1  | 43/60 [00:11<00:05,  3.10it/s]
Extract:  75%|#######5  | 45/60 [00:11<00:03,  4.56it/s]
Extract:  77%|#######6  | 46/60 [00:11<00:02,  5.04it/s]
Extract:  78%|#######8  | 47/60 [00:12<00:02,  4.64it/s]
Extract:  82%|########1 | 49/60 [00:12<00:01,  6.45it/s]
Extract:  83%|########3 | 50/60 [00:12<00:02,  3.66it/s]
Extract:  85%|########5 | 51/60 [00:13<00:02,  3.17it/s]
Extract:  87%|########6 | 52/60 [00:13<00:02,  2.79it/s]
Extract:  90%|######### | 54/60 [00:14<00:01,  3.17it/s]
Extract:  92%|#########1| 55/60 [00:14<00:01,  3.13it/s]
Extract:  93%|#########3| 56/60 [00:14<00:01,  3.53it/s]
Extract:  97%|#########6| 58/60 [00:15<00:00,  3.99it/s]
Extract:  98%|#########8| 59/60 [00:15<00:00,  3.74it/s]
Extract: 100%|##########| 60/60 [00:16<00:00,  2.61it/s]
Extract: 100%|##########| 60/60 [00:16<00:00,  3.69it/s]

Extract:   0%|          | 0/60 [00:00<?, ?it/s]
Extract:   3%|3         | 2/60 [00:00<00:05,  9.70it/s]
Extract:   5%|5         | 3/60 [00:00<00:07,  7.17it/s]
Extract:   7%|6         | 4/60 [00:00<00:12,  4.37it/s]
Extract:   8%|8         | 5/60 [00:01<00:12,  4.31it/s]
Extract:  10%|#         | 6/60 [00:01<00:11,  4.70it/s]
Extract:  12%|#1        | 7/60 [00:01<00:12,  4.10it/s]
Extract:  13%|#3        | 8/60 [00:02<00:17,  2.99it/s]
Extract:  15%|#5        | 9/60 [00:02<00:17,  2.99it/s]
Extract:  17%|#6        | 10/60 [00:02<00:16,  3.08it/s]
Extract:  18%|#8        | 11/60 [00:03<00:16,  3.00it/s]
Extract:  20%|##        | 12/60 [00:03<00:21,  2.21it/s]
Extract:  22%|##1       | 13/60 [00:03<00:17,  2.69it/s]
Extract:  23%|##3       | 14/60 [00:04<00:19,  2.34it/s]
Extract:  25%|##5       | 15/60 [00:05<00:24,  1.86it/s]
Extract:  27%|##6       | 16/60 [00:05<00:19,  2.23it/s]
Extract:  28%|##8       | 17/60 [00:05<00:14,  2.91it/s]
Extract:  32%|###1      | 19/60 [00:05<00:08,  4.67it/s]
Extract:  33%|###3      | 20/60 [00:05<00:07,  5.24it/s]
Extract:  35%|###5      | 21/60 [00:06<00:13,  2.99it/s]
Extract:  37%|###6      | 22/60 [00:06<00:12,  2.96it/s]
Extract:  38%|###8      | 23/60 [00:07<00:14,  2.61it/s]
Extract:  40%|####      | 24/60 [00:07<00:11,  3.06it/s]
Extract:  43%|####3     | 26/60 [00:07<00:08,  3.88it/s]
Extract:  45%|####5     | 27/60 [00:08<00:12,  2.68it/s]
Extract:  47%|####6     | 28/60 [00:08<00:09,  3.22it/s]
Extract:  48%|####8     | 29/60 [00:09<00:08,  3.62it/s]
Extract:  50%|#####     | 30/60 [00:09<00:08,  3.68it/s]
Extract:  52%|#####1    | 31/60 [00:09<00:08,  3.42it/s]
Extract:  53%|#####3    | 32/60 [00:09<00:06,  4.03it/s]
Extract:  57%|#####6    | 34/60 [00:09<00:04,  5.83it/s]
Extract:  58%|#####8    | 35/60 [00:10<00:03,  6.45it/s]
Extract:  62%|######1   | 37/60 [00:10<00:03,  5.96it/s]
Extract:  63%|######3   | 38/60 [00:10<00:04,  5.11it/s]
Extract:  67%|######6   | 40/60 [00:10<00:03,  6.02it/s]
Extract:  68%|######8   | 41/60 [00:11<00:03,  6.13it/s]
Extract:  70%|#######   | 42/60 [00:11<00:05,  3.57it/s]
Extract:  72%|#######1  | 43/60 [00:12<00:06,  2.78it/s]
Extract:  75%|#######5  | 45/60 [00:12<00:03,  4.14it/s]
Extract:  77%|#######6  | 46/60 [00:12<00:02,  4.78it/s]
Extract:  78%|#######8  | 47/60 [00:12<00:03,  4.14it/s]
Extract:  82%|########1 | 49/60 [00:13<00:02,  5.48it/s]
Extract:  83%|########3 | 50/60 [00:13<00:03,  3.32it/s]
Extract:  85%|########5 | 51/60 [00:14<00:03,  2.91it/s]
Extract:  87%|########6 | 52/60 [00:14<00:03,  2.63it/s]
Extract:  90%|######### | 54/60 [00:15<00:02,  2.93it/s]
Extract:  92%|#########1| 55/60 [00:15<00:01,  2.77it/s]
Extract:  93%|#########3| 56/60 [00:16<00:01,  2.89it/s]
Extract:  97%|#########6| 58/60 [00:16<00:00,  3.23it/s]
Extract:  98%|#########8| 59/60 [00:16<00:00,  3.17it/s]
Extract: 100%|##########| 60/60 [00:17<00:00,  2.52it/s]
Extract: 100%|##########| 60/60 [00:17<00:00,  3.41it/s]

Extract:   0%|          | 0/60 [00:00<?, ?it/s]
Extract:   3%|3         | 2/60 [00:00<00:05, 10.89it/s]
Extract:   7%|6         | 4/60 [00:00<00:09,  5.83it/s]
Extract:   8%|8         | 5/60 [00:00<00:11,  4.89it/s]
Extract:  10%|#         | 6/60 [00:01<00:10,  5.06it/s]
Extract:  12%|#1        | 7/60 [00:01<00:11,  4.47it/s]
Extract:  13%|#3        | 8/60 [00:01<00:14,  3.59it/s]
Extract:  15%|#5        | 9/60 [00:02<00:13,  3.72it/s]
Extract:  17%|#6        | 10/60 [00:02<00:13,  3.72it/s]
Extract:  18%|#8        | 11/60 [00:02<00:12,  3.89it/s]
Extract:  20%|##        | 12/60 [00:03<00:16,  2.92it/s]
Extract:  22%|##1       | 13/60 [00:03<00:13,  3.45it/s]
Extract:  23%|##3       | 14/60 [00:03<00:18,  2.46it/s]
Extract:  25%|##5       | 15/60 [00:04<00:20,  2.23it/s]
Extract:  27%|##6       | 16/60 [00:04<00:15,  2.76it/s]
Extract:  32%|###1      | 19/60 [00:04<00:07,  5.37it/s]
Extract:  35%|###5      | 21/60 [00:05<00:07,  4.91it/s]
Extract:  37%|###6      | 22/60 [00:05<00:07,  4.92it/s]
Extract:  38%|###8      | 23/60 [00:05<00:08,  4.26it/s]
Extract:  40%|####      | 24/60 [00:05<00:07,  4.67it/s]
Extract:  43%|####3     | 26/60 [00:06<00:05,  6.41it/s]
Extract:  45%|####5     | 27/60 [00:06<00:07,  4.19it/s]
Extract:  48%|####8     | 29/60 [00:06<00:06,  5.14it/s]
Extract:  50%|#####     | 30/60 [00:07<00:05,  5.05it/s]
Extract:  52%|#####1    | 31/60 [00:07<00:05,  4.91it/s]
Extract:  55%|#####5    | 33/60 [00:07<00:03,  6.91it/s]
Extract:  58%|#####8    | 35/60 [00:07<00:03,  8.05it/s]
Extract:  62%|######1   | 37/60 [00:07<00:02,  8.19it/s]
Extract:  63%|######3   | 38/60 [00:07<00:02,  8.15it/s]
Extract:  67%|######6   | 40/60 [00:08<00:02,  7.13it/s]
Extract:  68%|######8   | 41/60 [00:08<00:02,  6.97it/s]
Extract:  70%|#######   | 42/60 [00:09<00:04,  4.17it/s]
Extract:  72%|#######1  | 43/60 [00:09<00:05,  3.33it/s]
Extract:  75%|#######5  | 45/60 [00:09<00:03,  4.94it/s]
Extract:  78%|#######8  | 47/60 [00:09<00:02,  5.21it/s]
Extract:  82%|########1 | 49/60 [00:10<00:01,  6.70it/s]
Extract:  83%|########3 | 50/60 [00:10<00:02,  4.70it/s]
Extract:  85%|########5 | 51/60 [00:11<00:02,  3.41it/s]
Extract:  87%|########6 | 52/60 [00:11<00:02,  3.18it/s]
Extract:  90%|######### | 54/60 [00:11<00:01,  3.69it/s]
Extract:  92%|#########1| 55/60 [00:12<00:01,  3.56it/s]
Extract:  93%|#########3| 56/60 [00:12<00:00,  4.00it/s]
Extract:  97%|#########6| 58/60 [00:12<00:00,  4.62it/s]
Extract:  98%|#########8| 59/60 [00:12<00:00,  4.61it/s]
Extract: 100%|##########| 60/60 [00:13<00:00,  3.69it/s]
Extract: 100%|##########| 60/60 [00:13<00:00,  4.47it/s]

Extract:   0%|          | 0/60 [00:00<?, ?it/s]
Extract:   2%|1         | 1/60 [00:00<00:06,  9.17it/s]
Extract:   3%|3         | 2/60 [00:00<00:08,  6.76it/s]
Extract:   5%|5         | 3/60 [00:00<00:11,  5.10it/s]
Extract:   7%|6         | 4/60 [00:00<00:15,  3.55it/s]
Extract:   8%|8         | 5/60 [00:01<00:14,  3.80it/s]
Extract:  10%|#         | 6/60 [00:01<00:12,  4.17it/s]
Extract:  12%|#1        | 7/60 [00:01<00:17,  2.95it/s]
Extract:  13%|#3        | 8/60 [00:02<00:23,  2.24it/s]
Extract:  15%|#5        | 9/60 [00:03<00:22,  2.23it/s]
Extract:  17%|#6        | 10/60 [00:03<00:23,  2.12it/s]
Extract:  18%|#8        | 11/60 [00:03<00:21,  2.31it/s]
Extract:  20%|##        | 12/60 [00:04<00:24,  1.99it/s]
Extract:  22%|##1       | 13/60 [00:04<00:19,  2.38it/s]
Extract:  23%|##3       | 14/60 [00:05<00:22,  2.01it/s]
Extract:  25%|##5       | 15/60 [00:06<00:28,  1.59it/s]
Extract:  27%|##6       | 16/60 [00:06<00:22,  1.94it/s]
Extract:  30%|###       | 18/60 [00:06<00:12,  3.26it/s]
Extract:  33%|###3      | 20/60 [00:06<00:08,  4.59it/s]
Extract:  35%|###5      | 21/60 [00:07<00:14,  2.74it/s]
Extract:  37%|###6      | 22/60 [00:08<00:13,  2.77it/s]
Extract:  38%|###8      | 23/60 [00:08<00:15,  2.34it/s]
Extract:  40%|####      | 24/60 [00:09<00:13,  2.66it/s]
Extract:  43%|####3     | 26/60 [00:09<00:08,  4.05it/s]
Extract:  45%|####5     | 27/60 [00:10<00:14,  2.29it/s]
Extract:  47%|####6     | 28/60 [00:10<00:11,  2.71it/s]
Extract:  48%|####8     | 29/60 [00:10<00:10,  3.09it/s]
Extract:  50%|#####     | 30/60 [00:10<00:09,  3.05it/s]
Extract:  52%|#####1    | 31/60 [00:11<00:09,  2.92it/s]
Extract:  53%|#####3    | 32/60 [00:11<00:07,  3.56it/s]
Extract:  57%|#####6    | 34/60 [00:11<00:04,  5.58it/s]
Extract:  58%|#####8    | 35/60 [00:11<00:04,  6.09it/s]
Extract:  62%|######1   | 37/60 [00:12<00:04,  5.38it/s]
Extract:  63%|######3   | 38/60 [00:12<00:04,  5.33it/s]
Extract:  67%|######6   | 40/60 [00:12<00:04,  4.92it/s]
Extract:  68%|######8   | 41/60 [00:12<00:03,  4.97it/s]
Extract:  70%|#######   | 42/60 [00:13<00:05,  3.11it/s]
Extract:  72%|#######1  | 43/60 [00:14<00:06,  2.56it/s]
Extract:  75%|#######5  | 45/60 [00:14<00:03,  3.93it/s]
Extract:  77%|#######6  | 46/60 [00:14<00:03,  4.43it/s]
Extract:  78%|#######8  | 47/60 [00:14<00:03,  3.70it/s]
Extract:  82%|########1 | 49/60 [00:15<00:02,  5.01it/s]
Extract:  83%|########3 | 50/60 [00:16<00:03,  2.68it/s]
Extract:  85%|########5 | 51/60 [00:16<00:03,  2.33it/s]
Extract:  87%|########6 | 52/60 [00:17<00:03,  2.16it/s]
Extract:  90%|######### | 54/60 [00:17<00:02,  2.63it/s]
Extract:  92%|#########1| 55/60 [00:18<00:01,  2.60it/s]
Extract:  93%|#########3| 56/60 [00:18<00:01,  3.01it/s]
Extract:  97%|#########6| 58/60 [00:19<00:00,  3.05it/s]
Extract:  98%|#########8| 59/60 [00:19<00:00,  3.00it/s]
Extract: 100%|##########| 60/60 [00:19<00:00,  2.53it/s]
Extract: 100%|##########| 60/60 [00:19<00:00,  3.01it/s]

Extract:   0%|          | 0/60 [00:00<?, ?it/s]
Extract:   3%|3         | 2/60 [00:00<00:04, 11.69it/s]
Extract:   7%|6         | 4/60 [00:00<00:08,  6.28it/s]
Extract:   8%|8         | 5/60 [00:00<00:09,  5.84it/s]
Extract:  10%|#         | 6/60 [00:00<00:09,  5.73it/s]
Extract:  12%|#1        | 7/60 [00:01<00:11,  4.44it/s]
Extract:  13%|#3        | 8/60 [00:01<00:13,  3.88it/s]
Extract:  15%|#5        | 9/60 [00:01<00:14,  3.63it/s]
Extract:  17%|#6        | 10/60 [00:02<00:13,  3.67it/s]
Extract:  18%|#8        | 11/60 [00:02<00:12,  3.87it/s]
Extract:  20%|##        | 12/60 [00:02<00:14,  3.25it/s]
Extract:  22%|##1       | 13/60 [00:03<00:13,  3.57it/s]
Extract:  23%|##3       | 14/60 [00:03<00:18,  2.48it/s]
Extract:  25%|##5       | 15/60 [00:04<00:20,  2.22it/s]
Extract:  27%|##6       | 16/60 [00:04<00:17,  2.50it/s]
Extract:  30%|###       | 18/60 [00:04<00:10,  4.05it/s]
Extract:  33%|###3      | 20/60 [00:04<00:07,  5.45it/s]
Extract:  35%|###5      | 21/60 [00:05<00:12,  3.20it/s]
Extract:  37%|###6      | 22/60 [00:05<00:11,  3.38it/s]
Extract:  38%|###8      | 23/60 [00:06<00:11,  3.32it/s]
Extract:  40%|####      | 24/60 [00:06<00:09,  3.82it/s]
Extract:  43%|####3     | 26/60 [00:06<00:06,  5.41it/s]
Extract:  45%|####5     | 27/60 [00:07<00:09,  3.48it/s]
Extract:  47%|####6     | 28/60 [00:07<00:07,  4.04it/s]
Extract:  48%|####8     | 29/60 [00:07<00:06,  4.47it/s]
Extract:  50%|#####     | 30/60 [00:07<00:06,  4.53it/s]
Extract:  52%|#####1    | 31/60 [00:08<00:06,  4.16it/s]
Extract:  53%|#####3    | 32/60 [00:08<00:06,  4.41it/s]
Extract:  57%|#####6    | 34/60 [00:08<00:03,  6.65it/s]
Extract:  58%|#####8    | 35/60 [00:08<00:03,  7.12it/s]
Extract:  62%|######1   | 37/60 [00:08<00:03,  7.07it/s]
Extract:  63%|######3   | 38/60 [00:08<00:03,  6.83it/s]
Extract:  67%|######6   | 40/60 [00:09<00:02,  7.57it/s]
Extract:  68%|######8   | 41/60 [00:09<00:02,  6.79it/s]
Extract:  70%|#######   | 42/60 [00:09<00:04,  3.81it/s]
Extract:  72%|#######1  | 43/60 [00:10<00:05,  3.01it/s]
Extract:  73%|#######3  | 44/60 [00:10<00:04,  3.53it/s]
Extract:  75%|#######5  | 45/60 [00:10<00:03,  4.23it/s]
Extract:  78%|#######8  | 47/60 [00:11<00:02,  4.99it/s]
Extract:  82%|########1 | 49/60 [00:11<00:01,  6.71it/s]
Extract:  83%|########3 | 50/60 [00:11<00:02,  4.15it/s]
Extract:  85%|########5 | 51/60 [00:12<00:02,  3.53it/s]
Extract:  87%|########6 | 52/60 [00:12<00:02,  3.01it/s]
Extract:  90%|######### | 54/60 [00:13<00:01,  3.54it/s]
Extract:  92%|#########1| 55/60 [00:13<00:01,  3.31it/s]
Extract:  93%|#########3| 56/60 [00:13<00:01,  3.75it/s]
Extract:  97%|#########6| 58/60 [00:14<00:00,  4.15it/s]
Extract:  98%|#########8| 59/60 [00:14<00:00,  3.97it/s]
Extract: 100%|##########| 60/60 [00:14<00:00,  3.02it/s]
Extract: 100%|##########| 60/60 [00:14<00:00,  4.04it/s]

Extract:   0%|          | 0/60 [00:00<?, ?it/s]
Extract:   3%|3         | 2/60 [00:00<00:03, 14.86it/s]
Extract:   7%|6         | 4/60 [00:00<00:07,  7.35it/s]
Extract:   8%|8         | 5/60 [00:00<00:07,  7.12it/s]
Extract:  10%|#         | 6/60 [00:00<00:07,  7.22it/s]
Extract:  12%|#1        | 7/60 [00:01<00:09,  5.57it/s]
Extract:  13%|#3        | 8/60 [00:01<00:11,  4.63it/s]
Extract:  15%|#5        | 9/60 [00:01<00:11,  4.62it/s]
Extract:  17%|#6        | 10/60 [00:01<00:09,  5.11it/s]
Extract:  18%|#8        | 11/60 [00:01<00:09,  5.00it/s]
Extract:  20%|##        | 12/60 [00:02<00:14,  3.27it/s]
Extract:  22%|##1       | 13/60 [00:02<00:12,  3.87it/s]
Extract:  23%|##3       | 14/60 [00:03<00:15,  2.92it/s]
Extract:  25%|##5       | 15/60 [00:03<00:17,  2.55it/s]
Extract:  27%|##6       | 16/60 [00:03<00:14,  3.11it/s]
Extract:  32%|###1      | 19/60 [00:03<00:06,  6.00it/s]
Extract:  35%|###5      | 21/60 [00:04<00:08,  4.74it/s]
Extract:  37%|###6      | 22/60 [00:04<00:08,  4.57it/s]
Extract:  38%|###8      | 23/60 [00:05<00:09,  3.99it/s]
Extract:  40%|####      | 24/60 [00:05<00:08,  4.47it/s]
Extract:  43%|####3     | 26/60 [00:05<00:05,  6.14it/s]
Extract:  45%|####5     | 27/60 [00:05<00:07,  4.23it/s]
Extract:  47%|####6     | 28/60 [00:06<00:06,  4.88it/s]
Extract:  48%|####8     | 29/60 [00:06<00:05,  5.31it/s]
Extract:  50%|#####     | 30/60 [00:06<00:05,  5.14it/s]
Extract:  52%|#####1    | 31/60 [00:06<00:06,  4.81it/s]
Extract:  53%|#####3    | 32/60 [00:06<00:04,  5.64it/s]
Extract:  57%|#####6    | 34/60 [00:06<00:03,  8.28it/s]
Extract:  60%|######    | 36/60 [00:07<00:02,  9.35it/s]
Extract:  63%|######3   | 38/60 [00:07<00:03,  6.69it/s]
Extract:  65%|######5   | 39/60 [00:07<00:02,  7.09it/s]
Extract:  67%|######6   | 40/60 [00:07<00:02,  6.99it/s]
Extract:  68%|######8   | 41/60 [00:07<00:02,  6.46it/s]
Extract:  70%|#######   | 42/60 [00:08<00:05,  3.42it/s]
Extract:  72%|#######1  | 43/60 [00:09<00:05,  2.85it/s]
Extract:  75%|#######5  | 45/60 [00:09<00:03,  4.26it/s]
Extract:  77%|#######6  | 46/60 [00:09<00:02,  4.76it/s]
Extract:  78%|#######8  | 47/60 [00:09<00:02,  4.71it/s]
Extract:  82%|########1 | 49/60 [00:09<00:01,  6.45it/s]
Extract:  83%|########3 | 50/60 [00:10<00:02,  4.42it/s]
Extract:  85%|########5 | 51/60 [00:10<00:02,  3.76it/s]
Extract:  87%|########6 | 52/60 [00:11<00:02,  3.14it/s]
Extract:  90%|######### | 54/60 [00:11<00:01,  3.78it/s]
Extract:  92%|#########1| 55/60 [00:11<00:01,  3.75it/s]
Extract:  93%|#########3| 56/60 [00:11<00:00,  4.14it/s]
Extract:  97%|#########6| 58/60 [00:12<00:00,  4.81it/s]
Extract:  98%|#########8| 59/60 [00:12<00:00,  4.63it/s]
Extract: 100%|##########| 60/60 [00:12<00:00,  3.81it/s]
Extract: 100%|##########| 60/60 [00:12<00:00,  4.65it/s]

Extract:   0%|          | 0/60 [00:00<?, ?it/s]
Extract:   3%|3         | 2/60 [00:00<00:05, 11.14it/s]
Extract:   7%|6         | 4/60 [00:00<00:09,  6.18it/s]
Extract:   8%|8         | 5/60 [00:00<00:10,  5.28it/s]
Extract:  10%|#         | 6/60 [00:00<00:09,  5.74it/s]
Extract:  12%|#1        | 7/60 [00:01<00:12,  4.39it/s]
Extract:  13%|#3        | 8/60 [00:01<00:15,  3.30it/s]
Extract:  15%|#5        | 9/60 [00:02<00:16,  3.11it/s]
Extract:  17%|#6        | 10/60 [00:02<00:14,  3.35it/s]
Extract:  18%|#8        | 11/60 [00:02<00:14,  3.48it/s]
Extract:  20%|##        | 12/60 [00:03<00:18,  2.56it/s]
Extract:  22%|##1       | 13/60 [00:03<00:17,  2.68it/s]
Extract:  23%|##3       | 14/60 [00:04<00:18,  2.49it/s]
Extract:  25%|##5       | 15/60 [00:05<00:24,  1.82it/s]
Extract:  27%|##6       | 16/60 [00:05<00:19,  2.28it/s]
Extract:  32%|###1      | 19/60 [00:05<00:09,  4.46it/s]
Extract:  35%|###5      | 21/60 [00:06<00:10,  3.78it/s]
Extract:  37%|###6      | 22/60 [00:06<00:11,  3.39it/s]
Extract:  38%|###8      | 23/60 [00:06<00:11,  3.26it/s]
Extract:  40%|####      | 24/60 [00:07<00:10,  3.59it/s]
Extract:  43%|####3     | 26/60 [00:07<00:07,  4.61it/s]
Extract:  45%|####5     | 27/60 [00:08<00:13,  2.51it/s]
Extract:  47%|####6     | 28/60 [00:08<00:10,  2.95it/s]
Extract:  48%|####8     | 29/60 [00:08<00:09,  3.20it/s]
Extract:  50%|#####     | 30/60 [00:09<00:10,  2.92it/s]
Extract:  52%|#####1    | 31/60 [00:09<00:09,  2.96it/s]
Extract:  53%|#####3    | 32/60 [00:09<00:08,  3.23it/s]
Extract:  57%|#####6    | 34/60 [00:09<00:05,  5.08it/s]
Extract:  58%|#####8    | 35/60 [00:09<00:04,  5.63it/s]
Extract:  62%|######1   | 37/60 [00:10<00:03,  5.82it/s]
Extract:  63%|######3   | 38/60 [00:10<00:03,  5.93it/s]
Extract:  67%|######6   | 40/60 [00:10<00:02,  6.78it/s]
Extract:  68%|######8   | 41/60 [00:10<00:02,  6.71it/s]
Extract:  70%|#######   | 42/60 [00:11<00:04,  3.90it/s]
Extract:  72%|#######1  | 43/60 [00:11<00:05,  3.04it/s]
Extract:  73%|#######3  | 44/60 [00:12<00:04,  3.46it/s]
Extract:  77%|#######6  | 46/60 [00:12<00:02,  4.85it/s]
Extract:  78%|#######8  | 47/60 [00:12<00:02,  4.37it/s]
Extract:  82%|########1 | 49/60 [00:12<00:01,  6.00it/s]
Extract:  83%|########3 | 50/60 [00:13<00:02,  3.90it/s]
Extract:  85%|########5 | 51/60 [00:13<00:02,  3.38it/s]
Extract:  87%|########6 | 52/60 [00:14<00:02,  2.88it/s]
Extract:  90%|######### | 54/60 [00:14<00:01,  3.20it/s]
Extract:  92%|#########1| 55/60 [00:15<00:01,  3.19it/s]
Extract:  93%|#########3| 56/60 [00:15<00:01,  3.68it/s]
Extract:  97%|#########6| 58/60 [00:15<00:00,  4.16it/s]
Extract:  98%|#########8| 59/60 [00:15<00:00,  4.05it/s]
Extract: 100%|##########| 60/60 [00:16<00:00,  3.29it/s]
Extract: 100%|##########| 60/60 [00:16<00:00,  3.67it/s]

Extract:   0%|          | 0/60 [00:00<?, ?it/s]
Extract:   3%|3         | 2/60 [00:00<00:04, 13.16it/s]
Extract:   7%|6         | 4/60 [00:00<00:06,  9.04it/s]
Extract:   8%|8         | 5/60 [00:00<00:06,  8.86it/s]
Extract:  10%|#         | 6/60 [00:00<00:06,  8.70it/s]
Extract:  12%|#1        | 7/60 [00:00<00:09,  5.80it/s]
Extract:  13%|#3        | 8/60 [00:01<00:11,  4.66it/s]
Extract:  15%|#5        | 9/60 [00:01<00:11,  4.56it/s]
Extract:  17%|#6        | 10/60 [00:01<00:10,  4.76it/s]
Extract:  18%|#8        | 11/60 [00:01<00:09,  5.19it/s]
Extract:  20%|##        | 12/60 [00:02<00:10,  4.51it/s]
Extract:  23%|##3       | 14/60 [00:02<00:10,  4.45it/s]
Extract:  25%|##5       | 15/60 [00:02<00:10,  4.13it/s]
Extract:  27%|##6       | 16/60 [00:03<00:09,  4.57it/s]
Extract:  32%|###1      | 19/60 [00:03<00:05,  7.38it/s]
Extract:  33%|###3      | 20/60 [00:03<00:05,  7.44it/s]
Extract:  35%|###5      | 21/60 [00:03<00:08,  4.64it/s]
Extract:  37%|###6      | 22/60 [00:04<00:08,  4.62it/s]
Extract:  38%|###8      | 23/60 [00:04<00:08,  4.21it/s]
Extract:  40%|####      | 24/60 [00:04<00:08,  4.46it/s]
Extract:  43%|####3     | 26/60 [00:04<00:05,  6.27it/s]
Extract:  45%|####5     | 27/60 [00:05<00:07,  4.25it/s]
Extract:  48%|####8     | 29/60 [00:05<00:05,  5.60it/s]
Extract:  50%|#####     | 30/60 [00:05<00:05,  5.87it/s]
Extract:  52%|#####1    | 31/60 [00:05<00:05,  5.52it/s]
Extract:  57%|#####6    | 34/60 [00:05<00:03,  8.52it/s]
Extract:  60%|######    | 36/60 [00:06<00:02,  9.90it/s]
Extract:  63%|######3   | 38/60 [00:06<00:02,  8.31it/s]
Extract:  67%|######6   | 40/60 [00:06<00:02,  9.50it/s]
Extract:  70%|#######   | 42/60 [00:07<00:03,  4.65it/s]
Extract:  72%|#######1  | 43/60 [00:08<00:05,  3.26it/s]
Extract:  75%|#######5  | 45/60 [00:08<00:03,  4.33it/s]
Extract:  77%|#######6  | 46/60 [00:08<00:02,  4.73it/s]
Extract:  78%|#######8  | 47/60 [00:08<00:02,  4.41it/s]
Extract:  82%|########1 | 49/60 [00:08<00:01,  5.89it/s]
Extract:  83%|########3 | 50/60 [00:09<00:02,  3.99it/s]
Extract:  85%|########5 | 51/60 [00:09<00:02,  3.37it/s]
Extract:  87%|########6 | 52/60 [00:10<00:02,  3.12it/s]
Extract:  90%|######### | 54/60 [00:10<00:01,  3.64it/s]
Extract:  92%|#########1| 55/60 [00:11<00:01,  3.21it/s]
Extract:  93%|#########3| 56/60 [00:11<00:01,  3.75it/s]
Extract:  97%|#########6| 58/60 [00:11<00:00,  4.71it/s]
Extract:  98%|#########8| 59/60 [00:11<00:00,  4.71it/s]
Extract: 100%|##########| 60/60 [00:12<00:00,  4.28it/s]
Extract: 100%|##########| 60/60 [00:12<00:00,  4.98it/s]
